=== abl_cscale1 final in-run evals
{'iter': 119, 'vs_dev1_net_0200': 0.623, 'ci_dev1_net_0200': [0.581, 0.668], 'vs_v2b_net_0150': 0.508, 'ci_v2b_net_0150': [0.464, 0.55], 'eg_wdl_acc': 0.7453, 'eg_brier': 0.3476, 'eg_regret_raw': 0.0807, 'eg_optimal_raw': 0.932, 'eg_acc3_search': 0.7087, 'eg_regret_search': 0.0087, 'eg_optimal_search': 0.9917}
{'iter': 129, 'vs_dev1_net_0200': 0.632, 'ci_dev1_net_0200': [0.586, 0.671], 'vs_v2b_net_0150': 0.531, 'ci_v2b_net_0150': [0.491, 0.576], 'eg_wdl_acc': 0.739, 'eg_brier': 0.353, 'eg_regret_raw': 0.081, 'eg_optimal_raw': 0.932, 'eg_acc3_search': 0.703, 'eg_regret_search': 0.0107, 'eg_optimal_search': 0.9893}
{'iter': 139, 'vs_dev1_net_0200': 0.635, 'ci_dev1_net_0200': [0.595, 0.678], 'vs_v2b_net_0150': 0.509, 'ci_v2b_net_0150': [0.465, 0.553], 'eg_wdl_acc': 0.736, 'eg_brier': 0.3581, 'eg_regret_raw': 0.076, 'eg_optimal_raw': 0.9357, 'eg_acc3_search': 0.703, 'eg_regret_search': 0.0113, 'eg_optimal_search': 0.989}
{'iter': 149, 'vs_dev1_net_0200': 0.654, 'ci_dev1_net_0200': [0.61, 0.696], 'vs_v2b_net_0150': 0.539, 'ci_v2b_net_0150': [0.493, 0.586], 'eg_wdl_acc': 0.7463, 'eg_brier': 0.3503, 'eg_regret_raw': 0.0767, 'eg_optimal_raw': 0.9363, 'eg_acc3_search': 0.7037, 'eg_regret_search': 0.01, 'eg_optimal_search': 0.9903}
wall-clock (h): 2.33
=== paired matches
paired suite openings_v1 (516 openings, 1032 games): A=runs/abl_cscale1/net_0150.pt@64 vs B=runs/v2b/net_0150.pt@64  [58s]
  suite    pairs  score   95% CI (pairs)    Elo  95% CI          as X   as O   | X share  draws |  pairs won/split/lost
  empty        1   75.0%       n/a        n/a                 100.0%  50.0%    75.0%   50.0%      1 /   0 /   0
  orbits      15   61.7%  [ 51.7,  73.3]    +83 [ +12, +176]   66.7%  56.7%    55.0%   10.0%      5 /   9 /   1
  natural    250   53.6%  [ 49.4,  57.9]    +25 [  -4,  +55]   58.0%  49.2%    54.4%   10.4%     89 /  95 /  66
  random     250   57.4%  [ 53.3,  61.5]    +52 [ +23,  +81]   65.8%  49.0%    58.4%   12.4%    100 /  95 /  55
  all        516   55.7%  [ 52.9,  58.5]    +40 [ +20,  +60]   62.1%  49.3%    56.4%   11.4%    195 / 199 / 122
  end reasons: line 74.7%  count 13.9%  equal 11.4%  |  mean length 49.0
wrote runs/abl_cscale1/paired_vs_v2b_64.json
paired suite openings_v1 (516 openings, 1032 games): A=runs/abl_cscale1/net_0150.pt@64 vs B=runs/dev1/net_0200.pt@64  [57s]
  suite    pairs  score   95% CI (pairs)    Elo  95% CI          as X   as O   | X share  draws |  pairs won/split/lost
  empty        1  100.0%       n/a        n/a                 100.0% 100.0%    50.0%    0.0%      1 /   0 /   0
  orbits      15   81.7%  [ 70.0,  93.3]   +260 [+147, +458]   86.7%  76.7%    55.0%   16.7%     12 /   2 /   1
  natural    250   62.8%  [ 58.9,  66.6]    +91 [ +63, +120]   70.6%  55.0%    57.8%   12.0%    114 /  97 /  39
  random     250   70.9%  [ 67.2,  74.5]   +155 [+125, +186]   80.0%  61.8%    59.1%   13.0%    145 /  78 /  27
  all        516   67.3%  [ 64.7,  69.9]   +126 [+105, +146]   75.7%  59.0%    58.3%   12.6%    272 / 177 /  67
  end reasons: line 72.7%  count 14.7%  equal 12.6%  |  mean length 49.2
wrote runs/abl_cscale1/paired_vs_dev1_64.json
=== endgame set
suites/endgame_v1.npz: 3000 positions, 2870 source games, W/D/L 0.333/0.333/0.333; free-move positions 0.441

runs/abl_cscale1/net_0150.pt on endgame_v1  [23s]
evaluator                                       WDL acc %    Brier  logloss            3-way %  |err|             regret          optimal %
raw net (value head + policy argmax)     74.6 [73.0,76.2]    0.350    0.592   72.2 [70.5,73.8]  0.348 0.077 [0.066,0.088]   93.6 [92.8,94.5]
raw net, symmetry-averaged WDL           75.1 [73.5,76.6]    0.337    0.566   73.4 [71.7,75.1]  0.340                                      
search 32 sims                                                                67.2 [65.5,68.8]  0.366 0.017 [0.012,0.023]   98.4 [98.0,98.9]
search 64 sims                                                                70.4 [68.7,72.0]  0.331 0.010 [0.007,0.014]   99.0 [98.7,99.4]
search 256 sims                                                               70.1 [68.4,71.7]  0.333 0.002 [0.001,0.004]   99.8 [99.6,99.9]

WDL accuracy % by stratum: raw net (value head + policy argmax) | raw net, symmetry-averaged WDL
  empties 6-9      (n= 750):  87.7   88.3
  empties 10-12    (n= 750):  76.4   77.7
  empties 13-14    (n= 750):  70.1   70.9
  empties 15-16    (n= 750):  64.3   63.5
  mover wins       (n=1000):  85.6   85.6
  draw             (n=1000):  49.9   50.7
  mover loses      (n=1000):  88.4   89.0
  X to move        (n=1500):  74.1   74.7
  O to move        (n=1500):  75.2   75.5
  free move        (n=1324):  77.6   78.5
  sent to a board  (n=1676):  72.3   72.4

action regret by stratum: raw net (value head + policy argmax) | search 256 sims
  empties 6-9      (n= 750): 0.036  0.000
  empties 10-12    (n= 750): 0.069  0.005
  empties 13-14    (n= 750): 0.088  0.001
  empties 15-16    (n= 750): 0.113  0.003
  mover wins       (n=1000): 0.099  0.000
  draw             (n=1000): 0.131  0.007
  mover loses      (n=1000): 0.000  0.000
  X to move        (n=1500): 0.071  0.005
  O to move        (n=1500): 0.082  0.000
  free move        (n=1324): 0.112  0.002
  sent to a board  (n=1676): 0.049  0.002

optimal-move % by stratum: raw net (value head + policy argmax) | search 256 sims
  empties 6-9      (n= 750):  96.8  100.0
  empties 10-12    (n= 750):  93.7   99.5
  empties 13-14    (n= 750):  93.1   99.9
  empties 15-16    (n= 750):  90.9   99.7
  mover wins       (n=1000):  94.0  100.0
  draw             (n=1000):  86.9   99.3
  mover loses      (n=1000): 100.0  100.0
  X to move        (n=1500):  94.1   99.5
  O to move        (n=1500):  93.2  100.0
  free move        (n=1324):  90.7   99.8
  sent to a board  (n=1676):  95.9   99.8
