=== wide128_c1_s96 final in-run evals (checkpoint: runs/wide128_c1_s96/net_0020.pt)
{'iter': 9, 'vs_dev1_net_0200': 0.191, 'ci_dev1_net_0200': [0.159, 0.225], 'vs_v2b_net_0150': 0.103, 'ci_v2b_net_0150': [0.08, 0.128], 'vs_wide128_c1_net_0150': 0.075, 'ci_wide128_c1_net_0150': [0.053, 0.096], 'eg_wdl_acc': 0.5777, 'eg_brier': 0.5371, 'eg_regret_raw': 0.2193, 'eg_optimal_raw': 0.831, 'eg_acc3_search': 0.67, 'eg_regret_search': 0.0453, 'eg_optimal_search': 0.96}
{'iter': 19, 'vs_dev1_net_0200': 0.293, 'ci_dev1_net_0200': [0.258, 0.33], 'vs_v2b_net_0150': 0.221, 'ci_v2b_net_0150': [0.188, 0.257], 'vs_wide128_c1_net_0150': 0.169, 'ci_wide128_c1_net_0150': [0.138, 0.203], 'eg_wdl_acc': 0.6207, 'eg_brier': 0.4972, 'eg_regret_raw': 0.155, 'eg_optimal_raw': 0.8787, 'eg_acc3_search': 0.702, 'eg_regret_search': 0.033, 'eg_optimal_search': 0.971}
wall-clock (h): 0.66
=== paired matches
paired suite openings_v1 (516 openings, 1032 games): A=runs/wide128_c1_s96/net_0020.pt@64 vs B=runs/v2b/net_0150.pt@64  [52s]
  suite    pairs  score   95% CI (pairs)    Elo  95% CI          as X   as O   | X share  draws |  pairs won/split/lost
  empty        1    0.0%       n/a        n/a                   0.0%   0.0%    50.0%    0.0%      0 /   0 /   1
  orbits      15   25.0%  [ 13.3,  36.7]   -191 [-325,  -95]   43.3%   6.7%    68.3%   10.0%      0 /   6 /   9
  natural    250   20.6%  [ 17.3,  24.0]   -234 [-272, -200]   22.8%  18.4%    52.2%    8.0%     17 /  60 / 173
  random     250   20.0%  [ 16.9,  23.1]   -241 [-277, -209]   26.2%  13.8%    56.2%   10.0%     13 /  59 / 178
  all        516   20.4%  [ 18.1,  22.7]   -237 [-262, -213]   25.0%  15.8%    54.6%    9.0%     30 / 125 / 361
  end reasons: line 79.3%  count 11.7%  equal 9.0%  |  mean length 48.5
wrote runs/wide128_c1_s96/paired_vs_v2b_64.json
paired suite openings_v1 (516 openings, 1032 games): A=runs/wide128_c1_s96/net_0020.pt@64 vs B=runs/wide128_c1/net_0150.pt@64  [61s]
  suite    pairs  score   95% CI (pairs)    Elo  95% CI          as X   as O   | X share  draws |  pairs won/split/lost
  empty        1   50.0%       n/a        n/a                 100.0%   0.0%   100.0%    0.0%      0 /   1 /   0
  orbits      15   16.7%  [  6.7,  28.3]   -280 [-458, -161]   30.0%   3.3%    63.3%    6.7%      0 /   4 /  11
  natural    250   16.8%  [ 13.9,  19.7]   -278 [-317, -244]   23.0%  10.6%    56.2%    6.8%      8 /  58 / 184
  random     250   15.9%  [ 13.1,  18.8]   -289 [-329, -254]   21.4%  10.4%    55.5%    6.2%      5 /  59 / 186
  all        516   16.4%  [ 14.4,  18.4]   -283 [-309, -259]   22.6%  10.3%    56.2%    6.5%     13 / 122 / 381
  end reasons: line 78.9%  count 14.6%  equal 6.5%  |  mean length 47.9
wrote runs/wide128_c1_s96/paired_vs_wide128c1_64.json
paired suite openings_v1 (516 openings, 1032 games): A=runs/wide128_c1_s96/net_0020.pt@64 vs B=runs/dev1/net_0200.pt@64  [52s]
  suite    pairs  score   95% CI (pairs)    Elo  95% CI          as X   as O   | X share  draws |  pairs won/split/lost
  empty        1   50.0%       n/a        n/a                 100.0%   0.0%   100.0%    0.0%      0 /   1 /   0
  orbits      15   33.3%  [ 18.3,  50.0]   -120 [-260,   +0]   50.0%  16.7%    66.7%   20.0%      3 /   3 /   9
  natural    250   27.7%  [ 24.1,  31.1]   -167 [-199, -138]   35.2%  20.2%    57.5%   10.6%     24 /  78 / 148
  random     250   33.8%  [ 30.0,  37.7]   -117 [-147,  -87]   40.0%  27.6%    56.2%    8.8%     33 /  96 / 121
  all        516   30.9%  [ 28.2,  33.5]   -140 [-162, -119]   38.1%  23.6%    57.2%   10.0%     60 / 178 / 278
  end reasons: line 78.7%  count 11.3%  equal 10.0%  |  mean length 48.6
wrote runs/wide128_c1_s96/paired_vs_dev1_64.json
=== endgame set
suites/endgame_v1.npz: 3000 positions, 2870 source games, W/D/L 0.333/0.333/0.333; free-move positions 0.441

runs/wide128_c1_s96/net_0020.pt on endgame_v1  [23s]
evaluator                                       WDL acc %    Brier  logloss            3-way %  |err|             regret          optimal %
raw net (value head + policy argmax)     62.1 [60.4,63.8]    0.497    0.831   60.4 [58.7,62.2]  0.492 0.155 [0.140,0.171]   87.9 [86.7,89.1]
raw net, symmetry-averaged WDL           63.9 [62.2,65.6]    0.474    0.786   62.0 [60.3,63.7]  0.481                                      
search 32 sims                                                                67.4 [65.7,69.1]  0.398 0.046 [0.038,0.055]   96.0 [95.3,96.7]
search 64 sims                                                                70.2 [68.6,71.9]  0.361 0.033 [0.026,0.040]   97.1 [96.5,97.7]
search 256 sims                                                               69.9 [68.3,71.6]  0.348 0.022 [0.017,0.028]   98.0 [97.4,98.5]

WDL accuracy % by stratum: raw net (value head + policy argmax) | raw net, symmetry-averaged WDL
  empties 6-9      (n= 750):  70.5   72.3
  empties 10-12    (n= 750):  64.0   65.3
  empties 13-14    (n= 750):  59.1   61.1
  empties 15-16    (n= 750):  54.7   56.8
  mover wins       (n=1000):  64.5   66.5
  draw             (n=1000):  31.5   33.7
  mover loses      (n=1000):  90.2   91.4
  X to move        (n=1500):  64.9   67.2
  O to move        (n=1500):  59.2   60.5
  free move        (n=1324):  63.1   65.5
  sent to a board  (n=1676):  61.3   62.6

action regret by stratum: raw net (value head + policy argmax) | search 256 sims
  empties 6-9      (n= 750): 0.124  0.004
  empties 10-12    (n= 750): 0.164  0.021
  empties 13-14    (n= 750): 0.144  0.031
  empties 15-16    (n= 750): 0.188  0.032
  mover wins       (n=1000): 0.241  0.014
  draw             (n=1000): 0.224  0.052
  mover loses      (n=1000): 0.000  0.000
  X to move        (n=1500): 0.134  0.019
  O to move        (n=1500): 0.176  0.025
  free move        (n=1324): 0.232  0.032
  sent to a board  (n=1676): 0.094  0.014

optimal-move % by stratum: raw net (value head + policy argmax) | search 256 sims
  empties 6-9      (n= 750):  89.9   99.6
  empties 10-12    (n= 750):  86.7   98.0
  empties 13-14    (n= 750):  88.7   97.2
  empties 15-16    (n= 750):  86.3   97.1
  mover wins       (n=1000):  86.0   99.1
  draw             (n=1000):  77.6   94.8
  mover loses      (n=1000): 100.0  100.0
  X to move        (n=1500):  89.1   98.1
  O to move        (n=1500):  86.7   97.8
  free move        (n=1324):  82.2   97.1
  sent to a board  (n=1676):  92.4   98.6
