v2b @4096: done (77s)
v2b @16384: done (353s)
v2b_s1 @4096: done (438s)
v2b_s1 @16384: done (727s)

Principal variations after each first move at 16384 sims (O's reply first) and the root action-value gap (Q best - Q second):
  [ 0] v2b: [5, 50, 48, 30, 34, 70, 68, 47, 20, 25] gap -0.000  |  v2b_s1: [5, 50, 52, 70, 66, 30, 34, 69, 60, 59] gap +0.000
  [ 1] v2b: [12, 34, 70, 66, 28, 9, 3, 35, 80, 77] gap +0.014  |  v2b_s1: [14, 50, 52, 66, 34, 63, 3, 28, 12, 29] gap -0.001
  [ 2] v2b: [20, 18, 7, 70, 64, 12, 30, 28, 14, 50] gap +0.002  |  v2b_s1: [20, 18, 7, 70, 66, 30, 34, 69, 60, 55] gap -0.002
  [ 4] v2b: [40, 36, 5, 50, 46, 10, 14, 48, 30, 28] gap +0.017  |  v2b_s1: [40, 36, 5, 50, 46, 10, 12, 30, 28, 16] gap +0.045
  [ 5] v2b: [46, 12, 30, 28, 14, 45, 7, 70, 64, 15] gap +0.002  |  v2b_s1: [45, 8, 80, 77, 46, 10, 12, 30, 34, 70] gap -0.001
  [ 8] v2b: [72, 5, 50, 46, 10, 12, 30, 34, 70, 71] gap +0.018  |  v2b_s1: [80, 72, 5, 50, 46, 10, 12, 30, 34, 70] gap -0.012
  [ 9] v2b: [0, 1, 14, 50, 48, 30, 32, 47, 20, 21] gap +0.001  |  v2b_s1: [0, 1, 14, 50, 48, 30, 34, 70, 68, 47] gap +0.015
  [10] v2b: [14, 50, 46, 16, 70, 68, 52, 71, 80, 73] gap +0.000  |  v2b_s1: [12, 30, 34, 70, 68, 50, 46, 9, 0, 5] gap +0.000
  [12] v2b: [30, 28, 10, 9, 0, 7, 70, 66, 32, 50] gap +0.019  |  v2b_s1: [28, 14, 50, 46, 13, 40, 39, 34, 70, 66] gap +0.004
  [13] v2b: [40, 37, 12, 30, 34, 70, 66, 33, 60, 61] gap +0.079  |  v2b_s1: [40, 37, 12, 30, 34, 70, 66, 33, 60, 61] gap +0.092
  [15] v2b: [60, 55, 14, 50, 48, 30, 32, 47, 20, 19] gap +0.027  |  v2b_s1: [60, 55, 10, 16, 70, 66, 30, 34, 71, 80] gap +0.043
  [16] v2b: [70, 66, 30, 28, 10, 17, 80, 75, 32, 50] gap +0.009  |  v2b_s1: [70, 66, 30, 28, 12, 27, 0, 1, 14, 50] gap +0.000
  [36] v2b: [4, 37, 10, 9, 7, 70, 66, 30, 34, 69] gap +0.039  |  v2b_s1: [4, 37, 10, 9, 5, 50, 46, 12, 30, 34] gap +0.072
  [37] v2b: [10, 13, 36, 0, 5, 50, 52, 70, 68, 48] gap -0.017  |  v2b_s1: [10, 13, 40, 36, 0, 5, 50, 52, 70, 68] gap -0.008
  [40] v2b: [37, 10, 12, 30, 28, 16, 70, 66, 27, 0] gap +0.000  |  v2b_s1: [41, 50, 46, 10, 12, 30, 28, 9, 0, 5] gap -0.000

First-move orbits: deep-search value for X after the move, by net @ budget (rank in brackets)
orbit  v2b@4096   v2b@16384  v2b_s1@4096   v2b_s1@16384    mean rank
  [40]  +0.347( 1) +0.354( 1) +0.342( 1) +0.353( 1)     1.0
  [ 0]  +0.233( 3) +0.237( 3) +0.234( 2) +0.234( 2)     2.5
  [36]  +0.266( 2) +0.257( 2) +0.216( 3) +0.211( 3)     2.5
  [37]  +0.198( 4) +0.205( 4) +0.212( 4) +0.209( 4)     4.0
  [ 8]  +0.158( 5) +0.156( 5) +0.155( 6) +0.154( 6)     5.5
  [10]  +0.144( 8) +0.140( 8) +0.160( 5) +0.159( 5)     6.5
  [ 5]  +0.158( 6) +0.151( 6) +0.142( 8) +0.142( 8)     7.0
  [ 2]  +0.148( 7) +0.146( 7) +0.151( 7) +0.147( 7)     7.0
  [ 4]  +0.135( 9) +0.125( 9) +0.122( 9) +0.123( 9)     9.0
  [ 1]  +0.123(10) +0.107(10) +0.120(10) +0.111(10)    10.0
  [12]  +0.105(11) +0.101(11) +0.115(11) +0.108(11)    11.0
  [16]  +0.078(12) +0.076(12) +0.088(12) +0.087(12)    12.0
  [15]  +0.072(13) +0.072(13) +0.087(13) +0.059(14)    13.2
  [ 9]  +0.058(14) +0.054(14) +0.076(14) +0.062(13)    13.8
  [13]  -0.051(15) -0.039(15) -0.033(15) -0.023(15)    15.0

Kendall tau between columns (first-move ranking):
                 v2b@4k   v2b@16k   v2b_@4k  v2b_@16k
  v2b@4k           1.00      1.00      0.90      0.89
  v2b@16k          1.00      1.00      0.90      0.89
  v2b_@4k          0.90      0.90      1.00      0.98
  v2b_@16k         0.89      0.89      0.98      1.00

best first move per column: [40, 40, 40, 40]  (stable: True)

Replies: best reply class (X's value after it, lower = better for O) per first move and column;
agreement = share of columns choosing the same best reply as the strongest net at the largest budget
  after [ 0] (5 reply classes): v2b@4k: 1(+0.23)  v2b@16k: 5(+0.21)  v2b_@4k: 1(+0.23)  v2b_@16k: 1(+0.22)   agreement 0.75
  after [ 1] (9 reply classes): v2b@4k:12(+0.10)  v2b@16k:12(+0.10)  v2b_@4k:14(+0.10)  v2b_@16k:12(+0.10)   agreement 0.75
  after [ 2] (9 reply classes): v2b@4k:18(+0.15)  v2b@16k:18(+0.14)  v2b_@4k:18(+0.14)  v2b_@16k:18(+0.14)   agreement 1.00
  after [ 4] (6 reply classes): v2b@4k:36(+0.11)  v2b@16k:36(+0.12)  v2b_@4k:40(+0.12)  v2b_@16k:40(+0.12)   agreement 0.50
  after [ 5] (9 reply classes): v2b@4k:46(+0.14)  v2b@16k:46(+0.14)  v2b_@4k:45(+0.13)  v2b_@16k:46(+0.13)   agreement 0.75
  after [ 8] (6 reply classes): v2b@4k:72(+0.15)  v2b@16k:72(+0.14)  v2b_@4k:72(+0.15)  v2b_@16k:72(+0.14)   agreement 1.00
  after [ 9] (9 reply classes): v2b@4k: 0(+0.06)  v2b@16k: 0(+0.05)  v2b_@4k: 5(+0.07)  v2b_@16k: 0(+0.06)   agreement 0.75
  after [10] (5 reply classes): v2b@4k:12(+0.14)  v2b@16k:12(+0.13)  v2b_@4k:16(+0.15)  v2b_@16k:16(+0.14)   agreement 0.50
  after [12] (9 reply classes): v2b@4k:30(+0.10)  v2b@16k:30(+0.10)  v2b_@4k:28(+0.11)  v2b_@16k:28(+0.10)   agreement 0.50
  after [13] (6 reply classes): v2b@4k:40(-0.05)  v2b@16k:40(-0.04)  v2b_@4k:40(-0.03)  v2b_@16k:40(-0.02)   agreement 1.00
  after [15] (9 reply classes): v2b@4k:60(+0.07)  v2b@16k:60(+0.07)  v2b_@4k:60(+0.09)  v2b_@16k:60(+0.06)   agreement 1.00
  after [16] (6 reply classes): v2b@4k:70(+0.08)  v2b@16k:70(+0.07)  v2b_@4k:66(+0.09)  v2b_@16k:70(+0.08)   agreement 0.75
  after [36] (6 reply classes): v2b@4k: 4(+0.25)  v2b@16k: 4(+0.25)  v2b_@4k: 4(+0.21)  v2b_@16k: 4(+0.21)   agreement 1.00
  after [37] (6 reply classes): v2b@4k:12(+0.20)  v2b@16k:12(+0.20)  v2b_@4k:12(+0.21)  v2b_@16k:12(+0.21)   agreement 1.00
  after [40] (2 reply classes): v2b@4k:37(+0.35)  v2b@16k:37(+0.36)  v2b_@4k:37(+0.36)  v2b_@16k:36(+0.36)   agreement 0.25
mean best-reply agreement with v2b_s1@16384: 0.77
wrote runs/atlas_pv.json  [727s]
