plan5 Phase B (3090 chain) started Thu Sep  3 00:54:18 EDT 2026
plan5 Phase B (3060 chain) started Thu Sep  3 00:54:18 EDT 2026
=== 2026-09-03 00:54:18 .venv/Scripts/python.exe tools/probe.py build --corpus runs/deep8_c1_300 --last 20 --net runs/deep10_c1_300/net_0300.pt --out runs/probe_data_deep8late.npz --device cuda:0
=== 2026-09-03 00:54:18 .venv/Scripts/python.exe tools/timeline.py runs/deep10_c1_300 --corpus runs/deep8_c1_300 --last 20 --device cuda:1
    -> runs/plan5_B1_timeline_deep10.out (0)
=== 2026-09-03 00:54:57 .venv/Scripts/python.exe tools/timeline.py runs/deep8_c1_300 --corpus runs/deep10_c1_300 --last 20 --device cuda:1
    -> runs/plan5_B1_timeline_deep8.out (0)
=== 2026-09-03 00:57:35 .venv/Scripts/python.exe tools/probe_value.py runs/deep10_c1_300/net_0300.pt --buffer runs/deep8_c1_300/latest_full.pt --device cuda:1
    -> runs/plan5_B4_probe_value_deep10.out (0)
=== 2026-09-03 00:59:20 .venv/Scripts/python.exe tools/surprise.py runs/deep10_c1_300/net_0300.pt --buffer runs/deep8_c1_300/latest_full.pt --sims 256 --n 8192 --top 30 --device cuda:1
    -> runs/plan5_B2_build_deep8late.out (0)
=== 2026-09-03 00:59:26 .venv/Scripts/python.exe tools/probe.py build --corpus runs/deep10_c1_300 --last 20 --net runs/deep8_c1_300/net_0300.pt --out runs/probe_data_deep10late.npz --device cuda:0
    -> runs/plan5_B4_surprise_deep10.out (0)
plan5 B4 done Thu Sep  3 01:00:30 EDT 2026
    -> runs/plan5_B2_build_deep10late.out (0)
=== 2026-09-03 01:04:01 .venv/Scripts/python.exe tools/probe.py fit --data runs/probe_data_deep8late.npz --run runs/deep10_c1_300 --control --device cuda:0
=== 2026-09-03 01:04:53 .venv/Scripts/python.exe tools/value_decomp.py runs/deep10_c1_300 --data runs/probe_data_deep8late.npz --n 20000 --sims 256 --device cuda:1
    -> runs/plan5_B2_fit_deep10.out (0)
=== 2026-09-03 02:05:26 .venv/Scripts/python.exe tools/probe.py fit --data runs/probe_data_deep10late.npz --run runs/deep8_c1_300 --control --only 10,20,40,60,80,100,120,140,160,180,200,220,240,260,280,300 --device cuda:0
    -> runs/plan5_B3_value_deep10.out (0)
=== 2026-09-03 02:06:44 .venv/Scripts/python.exe tools/value_decomp.py runs/deep8_c1_300 --data runs/probe_data_deep10late.npz --n 20000 --sims 256 --only 20,60,100,140,180,200,220,240,260,280,300 --device cuda:1
    -> runs/plan5_B3_value_deep8.out (0)
plan5 Phase B (3060 chain) done Thu Sep  3 02:37:10 EDT 2026
    -> runs/plan5_B2_fit_deep8.out (0)
=== 2026-09-03 03:00:49 .venv/Scripts/python.exe tools/probe.py fit --data runs/probe_data_deep8late.npz --run runs/deep10_c1_300 --control --hidden 256 --only 20,100,200,220,280,300 --device cuda:0
    -> runs/plan5_B2_fit_deep10_mlp.out (0)
plan5 Phase B (3090 chain) done Thu Sep  3 03:27:33 EDT 2026
