runs/deep10_c1_300_s1/probes.json: 30 checkpoints + control x 12 layers; 50000 train / 10000 test positions; probe hidden=0

concept                kind        base ctrl@best  final   gain best layer learned by  gain by layer at the final checkpoint
free_move              binary     0.893     0.984  0.998 +0.014    block09         40  +0.00 +0.01 +0.01 +0.01 +0.01 +0.01 +0.01 +0.01 +0.01 +0.01 +0.01 +0.01
target_board           class:10   0.107     0.995  0.999 +0.003    block01          -  +0.00 +0.00 +0.00 +0.00 +0.00 +0.00 +0.00 +0.00 +0.00 +0.00 +0.00 +0.00
threats_for            reg        0.000     0.682  0.834 +0.153    block06        110  +0.00 +0.02 +0.03 +0.05 +0.09 +0.14 +0.15 +0.15 +0.15 +0.15 +0.14 +0.13
threats_against        reg        0.000     0.706  0.853 +0.147    block06        140  +0.00 +0.02 +0.02 +0.04 +0.09 +0.11 +0.14 +0.15 +0.14 +0.14 +0.13 +0.11
threat_for_any         binary     0.861     0.912  0.968 +0.056    block09        100  +0.00 +0.01 +0.01 +0.01 +0.02 +0.02 +0.03 +0.04 +0.05 +0.05 +0.06 +0.05
dead_count             reg        0.000     0.016  0.488 +0.472    block06        200  +0.00 +0.09 +0.08 +0.13 +0.27 +0.42 +0.46 +0.47 +0.45 +0.42 +0.40 +0.39
local_win_now          binary     0.731     0.862  0.993 +0.131    block05         40  +0.00 +0.03 +0.04 +0.07 +0.12 +0.12 +0.13 +0.13 +0.13 +0.13 +0.13 +0.12
local_threat_against   binary     0.710     0.928  0.984 +0.056    block07         80  +0.00 +0.01 +0.02 +0.03 +0.05 +0.05 +0.05 +0.05 +0.06 +0.05 +0.05 +0.05
macro_win_now          binary     0.983     0.925  0.965 +0.040    block10        120  +0.00 +0.01 +0.01 +0.00 +0.01 +0.02 +0.01 +0.00 -0.01 +0.01 +0.04 +0.04
count_margin           reg        0.000     1.000  1.000 +0.000      input          -  +0.00 -0.00 -0.00 -0.01 -0.01 -0.01 -0.01 -0.01 -0.02 -0.02 -0.02 -0.02
open_count             reg        0.000     0.994  0.995 +0.001       stem          -  +0.00 +0.00 -0.00 -0.00 -0.00 -0.00 -0.00 -0.01 -0.01 -0.01 -0.01 -0.01
empties                reg        0.000     0.994  0.994 +0.001       stem          -  +0.00 +0.00 -0.00 -0.00 -0.00 -0.00 -0.00 -0.00 -0.00 -0.00 -0.00 -0.00
status_4               class:4    0.817     0.995  0.995 +0.000      input          -  +0.00 -0.00 -0.00 +0.00 -0.00 -0.00 -0.00 -0.00 -0.00 -0.00 -0.00 -0.00
final_own_4            class:3    0.448     0.608  0.617 +0.009    block06          -  +0.00 -0.00 -0.00 +0.00 +0.00 -0.00 -0.00 +0.01 +0.00 -0.00 +0.01 +0.00
z                      class:3    0.438     0.599  0.649 +0.050    block10        180  +0.00 +0.01 +0.01 +0.00 +0.01 +0.02 +0.02 +0.04 +0.04 +0.04 +0.05 +0.05
best_move_now          class:81   0.029     0.556  0.699 +0.144    block10        180  +0.00 +0.01 +0.03 +0.05 +0.06 +0.08 +0.09 +0.10 +0.11 +0.13 +0.14 +0.14
best_move_ply2         class:81   0.039     0.340  0.383 +0.043    block09        180  +0.00 +0.00 +0.02 +0.04 +0.03 +0.03 +0.03 +0.03 +0.04 +0.04 +0.04 +0.04
exact_value            class:3    0.434     0.645  0.891 +0.246    block10        180  +0.00 +0.02 +0.06 +0.05 +0.05 +0.10 +0.14 +0.17 +0.19 +0.22 +0.23 +0.25
wrote runs/deep10_c1_300_s1/probes.png
