100854 games from 20 files
X wins 63.0%  O wins 23.9%  draws 13.1%
ended by line 72.8%  by count 14.1%  equal count 13.1%
length: mean 51.9  median 52  p10 46  p90 58  max 72

first move by symmetry orbit: games, X score (win=1, draw=0.5)
  [40]                                     n= 83964  X score 72.0%
  [5, 7, 21, 25, 55, 59, 73, 75]           n=  1866  X score 61.1%
  [15, 17, 29, 35, 45, 51, 63, 65]         n=  1744  X score 54.6%
  [12, 14, 28, 34, 46, 52, 66, 68]         n=  1680  X score 55.9%
  [2, 6, 18, 26, 54, 62, 74, 78]           n=  1640  X score 58.4%
  [1, 3, 19, 23, 57, 61, 77, 79]           n=  1591  X score 57.1%
  [9, 11, 27, 33, 47, 53, 69, 71]          n=  1584  X score 50.8%
  [36, 38, 42, 44]                         n=   913  X score 65.6%
  [4, 22, 58, 76]                          n=   907  X score 58.0%
  [13, 31, 49, 67]                         n=   880  X score 52.3%
  [8, 24, 56, 72]                          n=   864  X score 60.1%
  [10, 30, 50, 70]                         n=   835  X score 59.9%
  [37, 39, 41, 43]                         n=   814  X score 63.1%
  [16, 32, 48, 64]                         n=   814  X score 57.3%
  [0, 20, 60, 80]                          n=   758  X score 61.7%

mean root value from X's perspective by ply (X wins | O wins | draws):
  ply  0: +0.28 | +0.28 | +0.28   (games alive 100854)
  ply  6: +0.36 | +0.32 | +0.32   (games alive 100854)
  ply 12: +0.34 | +0.30 | +0.30   (games alive 100854)
  ply 18: +0.32 | +0.27 | +0.27   (games alive 100854)
  ply 24: +0.29 | +0.22 | +0.23   (games alive 100854)
  ply 30: +0.27 | +0.10 | +0.15   (games alive 100854)
  ply 36: +0.29 | -0.20 | +0.02   (games alive 100827)
  ply 42: +0.38 | -0.62 | -0.14   (games alive 99062)
  ply 48: +0.54 | -0.87 | -0.20   (games alive 77325)
  ply 54: +0.68 | -0.97 | -0.17   (games alive 30598)
  ply 60: +0.74 | -0.99 | -0.16   (games alive 4681)
  ply 66: +0.76 | -1.00 | -0.12   (games alive 189)

free moves per game (replayed 20000): mean 4.42; games with >=1 free move 97.1%
  O had more free moves   : n=  7434  X score 43.4%
  equal                   : n=  3603  X score 72.4%
  X had more free moves   : n=  8963  X score 86.7%
closed boards at game end: mean 7.66
