100923 games from 20 files
X wins 61.1%  O wins 25.8%  draws 13.0%
ended by line 73.6%  by count 13.4%  equal count 13.0%
length: mean 51.9  median 52  p10 46  p90 58  max 75

first move by symmetry orbit: games, X score (win=1, draw=0.5)
  [40]                                     n= 83760  X score 69.7%
  [5, 7, 21, 25, 55, 59, 73, 75]           n=  1823  X score 62.6%
  [15, 17, 29, 35, 45, 51, 63, 65]         n=  1800  X score 54.4%
  [12, 14, 28, 34, 46, 52, 66, 68]         n=  1678  X score 54.9%
  [2, 6, 18, 26, 54, 62, 74, 78]           n=  1657  X score 59.2%
  [1, 3, 19, 23, 57, 61, 77, 79]           n=  1647  X score 55.6%
  [9, 11, 27, 33, 47, 53, 69, 71]          n=  1632  X score 50.6%
  [36, 38, 42, 44]                         n=   934  X score 67.5%
  [4, 22, 58, 76]                          n=   920  X score 58.3%
  [0, 20, 60, 80]                          n=   876  X score 64.7%
  [13, 31, 49, 67]                         n=   870  X score 52.5%
  [8, 24, 56, 72]                          n=   862  X score 59.3%
  [10, 30, 50, 70]                         n=   841  X score 56.9%
  [16, 32, 48, 64]                         n=   824  X score 55.6%
  [37, 39, 41, 43]                         n=   799  X score 63.0%

mean root value from X's perspective by ply (X wins | O wins | draws):
  ply  0: +0.28 | +0.28 | +0.28   (games alive 100923)
  ply  6: +0.35 | +0.32 | +0.32   (games alive 100923)
  ply 12: +0.35 | +0.30 | +0.30   (games alive 100923)
  ply 18: +0.33 | +0.28 | +0.28   (games alive 100923)
  ply 24: +0.30 | +0.23 | +0.23   (games alive 100923)
  ply 30: +0.26 | +0.11 | +0.15   (games alive 100923)
  ply 36: +0.28 | -0.17 | +0.02   (games alive 100901)
  ply 42: +0.36 | -0.60 | -0.15   (games alive 98900)
  ply 48: +0.54 | -0.87 | -0.20   (games alive 77428)
  ply 54: +0.68 | -0.95 | -0.18   (games alive 30583)
  ply 60: +0.75 | -0.99 | -0.13   (games alive 4533)
  ply 66: +0.76 | -1.00 | -0.03   (games alive 185)
  ply 72: +1.00 |   n/a |   n/a   (games alive 1)

free moves per game (replayed 20000): mean 4.45; games with >=1 free move 97.1%
  O had more free moves   : n=  7447  X score 43.7%
  equal                   : n=  3864  X score 72.0%
  X had more free moves   : n=  8689  X score 86.1%
closed boards at game end: mean 7.65
