runs/probe_data_deep8late.npz: 60000 positions (50000 train / 10000 test), 47 labels; 31 nets x 12 layers; probe hidden=0
  net_0000 input    free_move 0.971  threats_for 0.573  count_margin 1.000  final_own_4 0.603  best_move_ply2 0.195  exact_value 0.614  (20s)
  net_0000 stem     free_move 0.984  threats_for 0.663  count_margin 0.996  final_own_4 0.614  best_move_ply2 0.329  exact_value 0.634  (40s)
  net_0000 block01  free_move 0.984  threats_for 0.670  count_margin 0.995  final_own_4 0.612  best_move_ply2 0.333  exact_value 0.615  (61s)
  net_0000 block02  free_move 0.984  threats_for 0.677  count_margin 0.994  final_own_4 0.612  best_move_ply2 0.329  exact_value 0.631  (82s)
  net_0000 block03  free_move 0.984  threats_for 0.677  count_margin 0.995  final_own_4 0.614  best_move_ply2 0.332  exact_value 0.634  (102s)
  net_0000 block04  free_move 0.984  threats_for 0.682  count_margin 0.994  final_own_4 0.616  best_move_ply2 0.338  exact_value 0.621  (122s)
  net_0000 block05  free_move 0.985  threats_for 0.682  count_margin 0.992  final_own_4 0.614  best_move_ply2 0.337  exact_value 0.641  (142s)
  net_0000 block06  free_move 0.985  threats_for 0.682  count_margin 0.992  final_own_4 0.608  best_move_ply2 0.338  exact_value 0.643  (163s)
  net_0000 block07  free_move 0.984  threats_for 0.682  count_margin 0.992  final_own_4 0.611  best_move_ply2 0.336  exact_value 0.644  (183s)
  net_0000 block08  free_move 0.983  threats_for 0.685  count_margin 0.991  final_own_4 0.612  best_move_ply2 0.338  exact_value 0.636  (204s)
  net_0000 block09  free_move 0.984  threats_for 0.684  count_margin 0.991  final_own_4 0.609  best_move_ply2 0.340  exact_value 0.647  (224s)
  net_0000 block10  free_move 0.984  threats_for 0.681  count_margin 0.990  final_own_4 0.609  best_move_ply2 0.340  exact_value 0.645  (244s)
  net_0010 input    free_move 0.971  threats_for 0.573  count_margin 1.000  final_own_4 0.603  best_move_ply2 0.195  exact_value 0.614  (259s)
  net_0010 stem     free_move 0.986  threats_for 0.687  count_margin 0.996  final_own_4 0.609  best_move_ply2 0.335  exact_value 0.648  (279s)
  net_0010 block01  free_move 0.987  threats_for 0.694  count_margin 0.993  final_own_4 0.611  best_move_ply2 0.347  exact_value 0.664  (299s)
  net_0010 block02  free_move 0.987  threats_for 0.705  count_margin 0.991  final_own_4 0.614  best_move_ply2 0.346  exact_value 0.667  (319s)
  net_0010 block03  free_move 0.988  threats_for 0.714  count_margin 0.989  final_own_4 0.610  best_move_ply2 0.349  exact_value 0.672  (339s)
  net_0010 block04  free_move 0.990  threats_for 0.722  count_margin 0.988  final_own_4 0.609  best_move_ply2 0.347  exact_value 0.686  (360s)
  net_0010 block05  free_move 0.991  threats_for 0.728  count_margin 0.985  final_own_4 0.612  best_move_ply2 0.344  exact_value 0.680  (379s)
  net_0010 block06  free_move 0.992  threats_for 0.732  count_margin 0.984  final_own_4 0.613  best_move_ply2 0.340  exact_value 0.700  (400s)
  net_0010 block07  free_move 0.992  threats_for 0.739  count_margin 0.982  final_own_4 0.613  best_move_ply2 0.337  exact_value 0.687  (420s)
  net_0010 block08  free_move 0.993  threats_for 0.743  count_margin 0.984  final_own_4 0.611  best_move_ply2 0.334  exact_value 0.689  (440s)
  net_0010 block09  free_move 0.993  threats_for 0.747  count_margin 0.981  final_own_4 0.613  best_move_ply2 0.334  exact_value 0.710  (460s)
  net_0010 block10  free_move 0.993  threats_for 0.750  count_margin 0.979  final_own_4 0.612  best_move_ply2 0.330  exact_value 0.699  (481s)
  net_0020 input    free_move 0.971  threats_for 0.573  count_margin 1.000  final_own_4 0.603  best_move_ply2 0.195  exact_value 0.614  (496s)
  net_0020 stem     free_move 0.987  threats_for 0.688  count_margin 0.996  final_own_4 0.608  best_move_ply2 0.333  exact_value 0.640  (516s)
  net_0020 block01  free_move 0.988  threats_for 0.690  count_margin 0.992  final_own_4 0.614  best_move_ply2 0.349  exact_value 0.667  (536s)
  net_0020 block02  free_move 0.988  threats_for 0.705  count_margin 0.990  final_own_4 0.613  best_move_ply2 0.351  exact_value 0.671  (556s)
  net_0020 block03  free_move 0.990  threats_for 0.731  count_margin 0.989  final_own_4 0.608  best_move_ply2 0.348  exact_value 0.682  (577s)
  net_0020 block04  free_move 0.993  threats_for 0.744  count_margin 0.984  final_own_4 0.610  best_move_ply2 0.346  exact_value 0.693  (597s)
  net_0020 block05  free_move 0.994  threats_for 0.755  count_margin 0.984  final_own_4 0.609  best_move_ply2 0.346  exact_value 0.710  (617s)
  net_0020 block06  free_move 0.993  threats_for 0.761  count_margin 0.981  final_own_4 0.617  best_move_ply2 0.345  exact_value 0.725  (637s)
  net_0020 block07  free_move 0.995  threats_for 0.767  count_margin 0.979  final_own_4 0.616  best_move_ply2 0.342  exact_value 0.737  (658s)
  net_0020 block08  free_move 0.995  threats_for 0.771  count_margin 0.980  final_own_4 0.617  best_move_ply2 0.340  exact_value 0.745  (678s)
  net_0020 block09  free_move 0.996  threats_for 0.776  count_margin 0.980  final_own_4 0.620  best_move_ply2 0.340  exact_value 0.753  (697s)
  net_0020 block10  free_move 0.996  threats_for 0.773  count_margin 0.977  final_own_4 0.619  best_move_ply2 0.333  exact_value 0.751  (718s)
  net_0030 input    free_move 0.971  threats_for 0.573  count_margin 1.000  final_own_4 0.603  best_move_ply2 0.195  exact_value 0.614  (732s)
  net_0030 stem     free_move 0.987  threats_for 0.690  count_margin 0.996  final_own_4 0.609  best_move_ply2 0.334  exact_value 0.643  (752s)
  net_0030 block01  free_move 0.988  threats_for 0.690  count_margin 0.992  final_own_4 0.613  best_move_ply2 0.350  exact_value 0.662  (772s)
  net_0030 block02  free_move 0.989  threats_for 0.715  count_margin 0.990  final_own_4 0.610  best_move_ply2 0.352  exact_value 0.677  (792s)
  net_0030 block03  free_move 0.991  threats_for 0.738  count_margin 0.987  final_own_4 0.605  best_move_ply2 0.354  exact_value 0.694  (812s)
  net_0030 block04  free_move 0.995  threats_for 0.759  count_margin 0.986  final_own_4 0.612  best_move_ply2 0.353  exact_value 0.702  (833s)
  net_0030 block05  free_move 0.996  threats_for 0.780  count_margin 0.985  final_own_4 0.612  best_move_ply2 0.349  exact_value 0.741  (853s)
  net_0030 block06  free_move 0.996  threats_for 0.783  count_margin 0.983  final_own_4 0.614  best_move_ply2 0.349  exact_value 0.760  (873s)
  net_0030 block07  free_move 0.996  threats_for 0.793  count_margin 0.980  final_own_4 0.617  best_move_ply2 0.349  exact_value 0.761  (893s)
  net_0030 block08  free_move 0.996  threats_for 0.801  count_margin 0.980  final_own_4 0.615  best_move_ply2 0.347  exact_value 0.768  (914s)
  net_0030 block09  free_move 0.996  threats_for 0.807  count_margin 0.981  final_own_4 0.619  best_move_ply2 0.347  exact_value 0.777  (934s)
  net_0030 block10  free_move 0.996  threats_for 0.807  count_margin 0.979  final_own_4 0.622  best_move_ply2 0.342  exact_value 0.772  (955s)
  net_0040 input    free_move 0.971  threats_for 0.573  count_margin 1.000  final_own_4 0.603  best_move_ply2 0.195  exact_value 0.614  (969s)
  net_0040 stem     free_move 0.988  threats_for 0.692  count_margin 0.996  final_own_4 0.610  best_move_ply2 0.330  exact_value 0.646  (989s)
  net_0040 block01  free_move 0.988  threats_for 0.692  count_margin 0.992  final_own_4 0.612  best_move_ply2 0.345  exact_value 0.665  (1009s)
  net_0040 block02  free_move 0.990  threats_for 0.718  count_margin 0.989  final_own_4 0.610  best_move_ply2 0.354  exact_value 0.686  (1030s)
  net_0040 block03  free_move 0.993  threats_for 0.740  count_margin 0.987  final_own_4 0.612  best_move_ply2 0.353  exact_value 0.687  (1049s)
  net_0040 block04  free_move 0.995  threats_for 0.763  count_margin 0.985  final_own_4 0.610  best_move_ply2 0.350  exact_value 0.706  (1070s)
  net_0040 block05  free_move 0.996  threats_for 0.787  count_margin 0.984  final_own_4 0.616  best_move_ply2 0.351  exact_value 0.739  (1090s)
  net_0040 block06  free_move 0.996  threats_for 0.796  count_margin 0.984  final_own_4 0.615  best_move_ply2 0.351  exact_value 0.755  (1110s)
  net_0040 block07  free_move 0.997  threats_for 0.805  count_margin 0.979  final_own_4 0.614  best_move_ply2 0.350  exact_value 0.770  (1130s)
  net_0040 block08  free_move 0.997  threats_for 0.812  count_margin 0.978  final_own_4 0.612  best_move_ply2 0.353  exact_value 0.785  (1151s)
  net_0040 block09  free_move 0.997  threats_for 0.814  count_margin 0.980  final_own_4 0.613  best_move_ply2 0.353  exact_value 0.784  (1171s)
  net_0040 block10  free_move 0.997  threats_for 0.813  count_margin 0.979  final_own_4 0.613  best_move_ply2 0.352  exact_value 0.783  (1192s)
  net_0050 input    free_move 0.971  threats_for 0.573  count_margin 1.000  final_own_4 0.603  best_move_ply2 0.195  exact_value 0.614  (1207s)
  net_0050 stem     free_move 0.987  threats_for 0.690  count_margin 0.996  final_own_4 0.612  best_move_ply2 0.334  exact_value 0.657  (1227s)
  net_0050 block01  free_move 0.989  threats_for 0.692  count_margin 0.992  final_own_4 0.615  best_move_ply2 0.347  exact_value 0.669  (1247s)
  net_0050 block02  free_move 0.991  threats_for 0.718  count_margin 0.990  final_own_4 0.614  best_move_ply2 0.357  exact_value 0.656  (1267s)
  net_0050 block03  free_move 0.993  threats_for 0.746  count_margin 0.988  final_own_4 0.609  best_move_ply2 0.354  exact_value 0.682  (1287s)
  net_0050 block04  free_move 0.995  threats_for 0.773  count_margin 0.983  final_own_4 0.611  best_move_ply2 0.352  exact_value 0.709  (1308s)
  net_0050 block05  free_move 0.996  threats_for 0.797  count_margin 0.982  final_own_4 0.612  best_move_ply2 0.352  exact_value 0.762  (1328s)
  net_0050 block06  free_move 0.995  threats_for 0.804  count_margin 0.983  final_own_4 0.610  best_move_ply2 0.350  exact_value 0.773  (1348s)
  net_0050 block07  free_move 0.996  threats_for 0.816  count_margin 0.982  final_own_4 0.616  best_move_ply2 0.354  exact_value 0.786  (1369s)
  net_0050 block08  free_move 0.995  threats_for 0.822  count_margin 0.981  final_own_4 0.613  best_move_ply2 0.354  exact_value 0.799  (1389s)
  net_0050 block09  free_move 0.996  threats_for 0.821  count_margin 0.981  final_own_4 0.615  best_move_ply2 0.353  exact_value 0.803  (1409s)
  net_0050 block10  free_move 0.996  threats_for 0.819  count_margin 0.981  final_own_4 0.612  best_move_ply2 0.354  exact_value 0.800  (1429s)
  net_0060 input    free_move 0.971  threats_for 0.573  count_margin 1.000  final_own_4 0.603  best_move_ply2 0.195  exact_value 0.614  (1444s)
  net_0060 stem     free_move 0.988  threats_for 0.689  count_margin 0.996  final_own_4 0.612  best_move_ply2 0.333  exact_value 0.640  (1464s)
  net_0060 block01  free_move 0.989  threats_for 0.692  count_margin 0.993  final_own_4 0.611  best_move_ply2 0.351  exact_value 0.656  (1484s)
  net_0060 block02  free_move 0.991  threats_for 0.720  count_margin 0.990  final_own_4 0.609  best_move_ply2 0.358  exact_value 0.662  (1504s)
  net_0060 block03  free_move 0.993  threats_for 0.752  count_margin 0.990  final_own_4 0.610  best_move_ply2 0.355  exact_value 0.690  (1524s)
  net_0060 block04  free_move 0.995  threats_for 0.775  count_margin 0.985  final_own_4 0.612  best_move_ply2 0.355  exact_value 0.725  (1545s)
  net_0060 block05  free_move 0.996  threats_for 0.800  count_margin 0.983  final_own_4 0.610  best_move_ply2 0.353  exact_value 0.757  (1565s)
  net_0060 block06  free_move 0.997  threats_for 0.802  count_margin 0.981  final_own_4 0.611  best_move_ply2 0.352  exact_value 0.787  (1586s)
  net_0060 block07  free_move 0.996  threats_for 0.814  count_margin 0.979  final_own_4 0.613  best_move_ply2 0.353  exact_value 0.797  (1606s)
  net_0060 block08  free_move 0.996  threats_for 0.814  count_margin 0.979  final_own_4 0.616  best_move_ply2 0.355  exact_value 0.813  (1626s)
  net_0060 block09  free_move 0.997  threats_for 0.814  count_margin 0.981  final_own_4 0.612  best_move_ply2 0.357  exact_value 0.818  (1646s)
  net_0060 block10  free_move 0.996  threats_for 0.810  count_margin 0.979  final_own_4 0.616  best_move_ply2 0.352  exact_value 0.817  (1667s)
  net_0070 input    free_move 0.971  threats_for 0.573  count_margin 1.000  final_own_4 0.603  best_move_ply2 0.195  exact_value 0.614  (1681s)
  net_0070 stem     free_move 0.989  threats_for 0.690  count_margin 0.996  final_own_4 0.609  best_move_ply2 0.333  exact_value 0.655  (1702s)
  net_0070 block01  free_move 0.990  threats_for 0.687  count_margin 0.992  final_own_4 0.609  best_move_ply2 0.350  exact_value 0.662  (1721s)
  net_0070 block02  free_move 0.992  threats_for 0.719  count_margin 0.992  final_own_4 0.617  best_move_ply2 0.356  exact_value 0.664  (1742s)
  net_0070 block03  free_move 0.994  threats_for 0.748  count_margin 0.986  final_own_4 0.610  best_move_ply2 0.354  exact_value 0.680  (1761s)
  net_0070 block04  free_move 0.995  threats_for 0.784  count_margin 0.985  final_own_4 0.613  best_move_ply2 0.354  exact_value 0.722  (1781s)
  net_0070 block05  free_move 0.997  threats_for 0.802  count_margin 0.983  final_own_4 0.615  best_move_ply2 0.355  exact_value 0.762  (1801s)
  net_0070 block06  free_move 0.998  threats_for 0.810  count_margin 0.982  final_own_4 0.617  best_move_ply2 0.351  exact_value 0.777  (1822s)
  net_0070 block07  free_move 0.997  threats_for 0.820  count_margin 0.978  final_own_4 0.616  best_move_ply2 0.357  exact_value 0.804  (1842s)
  net_0070 block08  free_move 0.997  threats_for 0.814  count_margin 0.977  final_own_4 0.620  best_move_ply2 0.356  exact_value 0.818  (1862s)
  net_0070 block09  free_move 0.997  threats_for 0.815  count_margin 0.980  final_own_4 0.620  best_move_ply2 0.357  exact_value 0.829  (1882s)
  net_0070 block10  free_move 0.997  threats_for 0.810  count_margin 0.979  final_own_4 0.617  best_move_ply2 0.356  exact_value 0.833  (1902s)
  net_0080 input    free_move 0.971  threats_for 0.573  count_margin 1.000  final_own_4 0.603  best_move_ply2 0.195  exact_value 0.614  (1917s)
  net_0080 stem     free_move 0.989  threats_for 0.690  count_margin 0.996  final_own_4 0.610  best_move_ply2 0.334  exact_value 0.647  (1938s)
  net_0080 block01  free_move 0.990  threats_for 0.686  count_margin 0.993  final_own_4 0.611  best_move_ply2 0.351  exact_value 0.678  (1958s)
  net_0080 block02  free_move 0.992  threats_for 0.715  count_margin 0.990  final_own_4 0.611  best_move_ply2 0.359  exact_value 0.686  (1978s)
  net_0080 block03  free_move 0.994  threats_for 0.747  count_margin 0.986  final_own_4 0.610  best_move_ply2 0.356  exact_value 0.684  (1998s)
  net_0080 block04  free_move 0.995  threats_for 0.782  count_margin 0.984  final_own_4 0.612  best_move_ply2 0.356  exact_value 0.722  (2018s)
  net_0080 block05  free_move 0.997  threats_for 0.793  count_margin 0.982  final_own_4 0.616  best_move_ply2 0.355  exact_value 0.758  (2038s)
  net_0080 block06  free_move 0.997  threats_for 0.801  count_margin 0.980  final_own_4 0.617  best_move_ply2 0.352  exact_value 0.777  (2058s)
  net_0080 block07  free_move 0.998  threats_for 0.812  count_margin 0.977  final_own_4 0.618  best_move_ply2 0.358  exact_value 0.805  (2078s)
  net_0080 block08  free_move 0.998  threats_for 0.810  count_margin 0.975  final_own_4 0.618  best_move_ply2 0.359  exact_value 0.804  (2099s)
  net_0080 block09  free_move 0.998  threats_for 0.811  count_margin 0.977  final_own_4 0.614  best_move_ply2 0.360  exact_value 0.806  (2119s)
  net_0080 block10  free_move 0.997  threats_for 0.808  count_margin 0.975  final_own_4 0.615  best_move_ply2 0.357  exact_value 0.821  (2140s)
  net_0090 input    free_move 0.971  threats_for 0.573  count_margin 1.000  final_own_4 0.603  best_move_ply2 0.195  exact_value 0.614  (2155s)
  net_0090 stem     free_move 0.989  threats_for 0.691  count_margin 0.996  final_own_4 0.609  best_move_ply2 0.331  exact_value 0.654  (2175s)
  net_0090 block01  free_move 0.991  threats_for 0.690  count_margin 0.993  final_own_4 0.609  best_move_ply2 0.352  exact_value 0.670  (2195s)
  net_0090 block02  free_move 0.994  threats_for 0.721  count_margin 0.990  final_own_4 0.609  best_move_ply2 0.360  exact_value 0.672  (2215s)
  net_0090 block03  free_move 0.995  threats_for 0.751  count_margin 0.987  final_own_4 0.612  best_move_ply2 0.359  exact_value 0.692  (2235s)
  net_0090 block04  free_move 0.996  threats_for 0.791  count_margin 0.984  final_own_4 0.611  best_move_ply2 0.358  exact_value 0.713  (2256s)
  net_0090 block05  free_move 0.997  threats_for 0.810  count_margin 0.984  final_own_4 0.612  best_move_ply2 0.360  exact_value 0.759  (2275s)
  net_0090 block06  free_move 0.998  threats_for 0.815  count_margin 0.982  final_own_4 0.611  best_move_ply2 0.357  exact_value 0.777  (2296s)
  net_0090 block07  free_move 0.998  threats_for 0.826  count_margin 0.979  final_own_4 0.614  best_move_ply2 0.363  exact_value 0.812  (2316s)
  net_0090 block08  free_move 0.998  threats_for 0.824  count_margin 0.976  final_own_4 0.615  best_move_ply2 0.358  exact_value 0.826  (2336s)
  net_0090 block09  free_move 0.997  threats_for 0.824  count_margin 0.979  final_own_4 0.613  best_move_ply2 0.360  exact_value 0.835  (2356s)
  net_0090 block10  free_move 0.998  threats_for 0.819  count_margin 0.977  final_own_4 0.615  best_move_ply2 0.357  exact_value 0.842  (2376s)
  net_0100 input    free_move 0.971  threats_for 0.573  count_margin 1.000  final_own_4 0.603  best_move_ply2 0.195  exact_value 0.614  (2391s)
  net_0100 stem     free_move 0.989  threats_for 0.687  count_margin 0.996  final_own_4 0.612  best_move_ply2 0.331  exact_value 0.651  (2411s)
  net_0100 block01  free_move 0.991  threats_for 0.690  count_margin 0.993  final_own_4 0.609  best_move_ply2 0.349  exact_value 0.664  (2432s)
  net_0100 block02  free_move 0.993  threats_for 0.723  count_margin 0.991  final_own_4 0.605  best_move_ply2 0.362  exact_value 0.680  (2451s)
  net_0100 block03  free_move 0.994  threats_for 0.752  count_margin 0.987  final_own_4 0.611  best_move_ply2 0.361  exact_value 0.683  (2471s)
  net_0100 block04  free_move 0.995  threats_for 0.794  count_margin 0.984  final_own_4 0.607  best_move_ply2 0.361  exact_value 0.720  (2492s)
  net_0100 block05  free_move 0.997  threats_for 0.812  count_margin 0.985  final_own_4 0.616  best_move_ply2 0.361  exact_value 0.771  (2512s)
  net_0100 block06  free_move 0.997  threats_for 0.818  count_margin 0.983  final_own_4 0.611  best_move_ply2 0.362  exact_value 0.785  (2532s)
  net_0100 block07  free_move 0.997  threats_for 0.830  count_margin 0.980  final_own_4 0.615  best_move_ply2 0.362  exact_value 0.810  (2552s)
  net_0100 block08  free_move 0.996  threats_for 0.827  count_margin 0.977  final_own_4 0.611  best_move_ply2 0.365  exact_value 0.823  (2572s)
  net_0100 block09  free_move 0.996  threats_for 0.826  count_margin 0.979  final_own_4 0.613  best_move_ply2 0.363  exact_value 0.830  (2592s)
  net_0100 block10  free_move 0.996  threats_for 0.820  count_margin 0.978  final_own_4 0.610  best_move_ply2 0.360  exact_value 0.835  (2613s)
  net_0110 input    free_move 0.971  threats_for 0.573  count_margin 1.000  final_own_4 0.603  best_move_ply2 0.195  exact_value 0.614  (2628s)
  net_0110 stem     free_move 0.990  threats_for 0.689  count_margin 0.996  final_own_4 0.610  best_move_ply2 0.333  exact_value 0.659  (2648s)
  net_0110 block01  free_move 0.991  threats_for 0.691  count_margin 0.993  final_own_4 0.606  best_move_ply2 0.355  exact_value 0.677  (2668s)
  net_0110 block02  free_move 0.994  threats_for 0.722  count_margin 0.990  final_own_4 0.608  best_move_ply2 0.364  exact_value 0.670  (2688s)
  net_0110 block03  free_move 0.995  threats_for 0.761  count_margin 0.988  final_own_4 0.616  best_move_ply2 0.362  exact_value 0.690  (2708s)
  net_0110 block04  free_move 0.996  threats_for 0.803  count_margin 0.984  final_own_4 0.615  best_move_ply2 0.361  exact_value 0.715  (2728s)
  net_0110 block05  free_move 0.997  threats_for 0.817  count_margin 0.984  final_own_4 0.615  best_move_ply2 0.365  exact_value 0.783  (2748s)
  net_0110 block06  free_move 0.997  threats_for 0.824  count_margin 0.983  final_own_4 0.615  best_move_ply2 0.364  exact_value 0.800  (2768s)
  net_0110 block07  free_move 0.997  threats_for 0.830  count_margin 0.979  final_own_4 0.620  best_move_ply2 0.366  exact_value 0.819  (2789s)
  net_0110 block08  free_move 0.997  threats_for 0.827  count_margin 0.976  final_own_4 0.615  best_move_ply2 0.365  exact_value 0.828  (2808s)
  net_0110 block09  free_move 0.996  threats_for 0.820  count_margin 0.977  final_own_4 0.615  best_move_ply2 0.365  exact_value 0.847  (2828s)
  net_0110 block10  free_move 0.997  threats_for 0.812  count_margin 0.976  final_own_4 0.615  best_move_ply2 0.363  exact_value 0.863  (2849s)
  net_0120 input    free_move 0.971  threats_for 0.573  count_margin 1.000  final_own_4 0.603  best_move_ply2 0.195  exact_value 0.614  (2864s)
  net_0120 stem     free_move 0.989  threats_for 0.691  count_margin 0.996  final_own_4 0.613  best_move_ply2 0.334  exact_value 0.663  (2884s)
  net_0120 block01  free_move 0.992  threats_for 0.693  count_margin 0.993  final_own_4 0.609  best_move_ply2 0.356  exact_value 0.655  (2904s)
  net_0120 block02  free_move 0.994  threats_for 0.723  count_margin 0.990  final_own_4 0.613  best_move_ply2 0.364  exact_value 0.668  (2924s)
  net_0120 block03  free_move 0.995  threats_for 0.756  count_margin 0.987  final_own_4 0.610  best_move_ply2 0.364  exact_value 0.686  (2945s)
  net_0120 block04  free_move 0.996  threats_for 0.804  count_margin 0.984  final_own_4 0.613  best_move_ply2 0.362  exact_value 0.710  (2965s)
  net_0120 block05  free_move 0.997  threats_for 0.823  count_margin 0.984  final_own_4 0.615  best_move_ply2 0.365  exact_value 0.770  (2985s)
  net_0120 block06  free_move 0.997  threats_for 0.828  count_margin 0.985  final_own_4 0.620  best_move_ply2 0.365  exact_value 0.803  (3005s)
  net_0120 block07  free_move 0.996  threats_for 0.839  count_margin 0.977  final_own_4 0.614  best_move_ply2 0.365  exact_value 0.824  (3025s)
  net_0120 block08  free_move 0.997  threats_for 0.836  count_margin 0.976  final_own_4 0.616  best_move_ply2 0.366  exact_value 0.838  (3045s)
  net_0120 block09  free_move 0.996  threats_for 0.831  count_margin 0.975  final_own_4 0.616  best_move_ply2 0.367  exact_value 0.846  (3065s)
  net_0120 block10  free_move 0.996  threats_for 0.824  count_margin 0.975  final_own_4 0.614  best_move_ply2 0.360  exact_value 0.847  (3085s)
  net_0130 input    free_move 0.971  threats_for 0.573  count_margin 1.000  final_own_4 0.603  best_move_ply2 0.195  exact_value 0.614  (3101s)
  net_0130 stem     free_move 0.990  threats_for 0.692  count_margin 0.996  final_own_4 0.613  best_move_ply2 0.334  exact_value 0.657  (3121s)
  net_0130 block01  free_move 0.991  threats_for 0.691  count_margin 0.993  final_own_4 0.606  best_move_ply2 0.353  exact_value 0.664  (3142s)
  net_0130 block02  free_move 0.994  threats_for 0.724  count_margin 0.990  final_own_4 0.607  best_move_ply2 0.364  exact_value 0.692  (3162s)
  net_0130 block03  free_move 0.995  threats_for 0.754  count_margin 0.987  final_own_4 0.614  best_move_ply2 0.362  exact_value 0.695  (3182s)
  net_0130 block04  free_move 0.996  threats_for 0.794  count_margin 0.984  final_own_4 0.615  best_move_ply2 0.367  exact_value 0.723  (3202s)
  net_0130 block05  free_move 0.997  threats_for 0.816  count_margin 0.984  final_own_4 0.614  best_move_ply2 0.368  exact_value 0.765  (3222s)
  net_0130 block06  free_move 0.997  threats_for 0.821  count_margin 0.982  final_own_4 0.618  best_move_ply2 0.366  exact_value 0.796  (3242s)
  net_0130 block07  free_move 0.998  threats_for 0.827  count_margin 0.977  final_own_4 0.621  best_move_ply2 0.368  exact_value 0.825  (3262s)
  net_0130 block08  free_move 0.997  threats_for 0.826  count_margin 0.976  final_own_4 0.614  best_move_ply2 0.368  exact_value 0.825  (3282s)
  net_0130 block09  free_move 0.997  threats_for 0.818  count_margin 0.978  final_own_4 0.615  best_move_ply2 0.369  exact_value 0.846  (3302s)
  net_0130 block10  free_move 0.997  threats_for 0.806  count_margin 0.974  final_own_4 0.615  best_move_ply2 0.365  exact_value 0.842  (3323s)
  net_0140 input    free_move 0.971  threats_for 0.573  count_margin 1.000  final_own_4 0.603  best_move_ply2 0.195  exact_value 0.614  (3338s)
  net_0140 stem     free_move 0.990  threats_for 0.690  count_margin 0.996  final_own_4 0.613  best_move_ply2 0.333  exact_value 0.651  (3359s)
  net_0140 block01  free_move 0.991  threats_for 0.695  count_margin 0.993  final_own_4 0.607  best_move_ply2 0.353  exact_value 0.671  (3379s)
  net_0140 block02  free_move 0.993  threats_for 0.722  count_margin 0.990  final_own_4 0.610  best_move_ply2 0.365  exact_value 0.672  (3399s)
  net_0140 block03  free_move 0.995  threats_for 0.758  count_margin 0.988  final_own_4 0.614  best_move_ply2 0.364  exact_value 0.697  (3419s)
  net_0140 block04  free_move 0.996  threats_for 0.805  count_margin 0.985  final_own_4 0.615  best_move_ply2 0.363  exact_value 0.739  (3439s)
  net_0140 block05  free_move 0.996  threats_for 0.826  count_margin 0.985  final_own_4 0.616  best_move_ply2 0.368  exact_value 0.777  (3459s)
  net_0140 block06  free_move 0.997  threats_for 0.832  count_margin 0.984  final_own_4 0.615  best_move_ply2 0.367  exact_value 0.808  (3479s)
  net_0140 block07  free_move 0.998  threats_for 0.838  count_margin 0.978  final_own_4 0.619  best_move_ply2 0.366  exact_value 0.819  (3500s)
  net_0140 block08  free_move 0.997  threats_for 0.834  count_margin 0.976  final_own_4 0.618  best_move_ply2 0.367  exact_value 0.836  (3520s)
  net_0140 block09  free_move 0.997  threats_for 0.828  count_margin 0.977  final_own_4 0.615  best_move_ply2 0.369  exact_value 0.847  (3540s)
  net_0140 block10  free_move 0.997  threats_for 0.817  count_margin 0.975  final_own_4 0.613  best_move_ply2 0.360  exact_value 0.846  (3560s)
  net_0150 input    free_move 0.971  threats_for 0.573  count_margin 1.000  final_own_4 0.603  best_move_ply2 0.195  exact_value 0.614  (3575s)
  net_0150 stem     free_move 0.990  threats_for 0.691  count_margin 0.996  final_own_4 0.611  best_move_ply2 0.334  exact_value 0.658  (3595s)
  net_0150 block01  free_move 0.992  threats_for 0.696  count_margin 0.993  final_own_4 0.605  best_move_ply2 0.354  exact_value 0.667  (3615s)
  net_0150 block02  free_move 0.994  threats_for 0.724  count_margin 0.991  final_own_4 0.608  best_move_ply2 0.367  exact_value 0.684  (3635s)
  net_0150 block03  free_move 0.995  threats_for 0.755  count_margin 0.990  final_own_4 0.614  best_move_ply2 0.362  exact_value 0.700  (3655s)
  net_0150 block04  free_move 0.995  threats_for 0.806  count_margin 0.986  final_own_4 0.613  best_move_ply2 0.360  exact_value 0.711  (3675s)
  net_0150 block05  free_move 0.996  threats_for 0.822  count_margin 0.985  final_own_4 0.614  best_move_ply2 0.368  exact_value 0.774  (3695s)
  net_0150 block06  free_move 0.997  threats_for 0.833  count_margin 0.983  final_own_4 0.614  best_move_ply2 0.366  exact_value 0.809  (3715s)
  net_0150 block07  free_move 0.997  threats_for 0.844  count_margin 0.977  final_own_4 0.613  best_move_ply2 0.369  exact_value 0.836  (3736s)
  net_0150 block08  free_move 0.997  threats_for 0.838  count_margin 0.976  final_own_4 0.615  best_move_ply2 0.372  exact_value 0.833  (3756s)
  net_0150 block09  free_move 0.996  threats_for 0.830  count_margin 0.976  final_own_4 0.613  best_move_ply2 0.372  exact_value 0.842  (3777s)
  net_0150 block10  free_move 0.996  threats_for 0.819  count_margin 0.977  final_own_4 0.614  best_move_ply2 0.368  exact_value 0.851  (3797s)
  net_0160 input    free_move 0.971  threats_for 0.573  count_margin 1.000  final_own_4 0.603  best_move_ply2 0.195  exact_value 0.614  (3812s)
  net_0160 stem     free_move 0.991  threats_for 0.693  count_margin 0.996  final_own_4 0.613  best_move_ply2 0.333  exact_value 0.654  (3832s)
  net_0160 block01  free_move 0.992  threats_for 0.693  count_margin 0.993  final_own_4 0.609  best_move_ply2 0.355  exact_value 0.661  (3852s)
  net_0160 block02  free_move 0.994  threats_for 0.725  count_margin 0.988  final_own_4 0.611  best_move_ply2 0.366  exact_value 0.674  (3872s)
  net_0160 block03  free_move 0.995  threats_for 0.762  count_margin 0.987  final_own_4 0.613  best_move_ply2 0.363  exact_value 0.702  (3893s)
  net_0160 block04  free_move 0.995  threats_for 0.798  count_margin 0.982  final_own_4 0.610  best_move_ply2 0.362  exact_value 0.730  (3912s)
  net_0160 block05  free_move 0.996  threats_for 0.819  count_margin 0.986  final_own_4 0.612  best_move_ply2 0.366  exact_value 0.774  (3932s)
  net_0160 block06  free_move 0.997  threats_for 0.827  count_margin 0.980  final_own_4 0.611  best_move_ply2 0.367  exact_value 0.804  (3952s)
  net_0160 block07  free_move 0.997  threats_for 0.833  count_margin 0.978  final_own_4 0.610  best_move_ply2 0.368  exact_value 0.826  (3973s)
  net_0160 block08  free_move 0.996  threats_for 0.832  count_margin 0.976  final_own_4 0.608  best_move_ply2 0.375  exact_value 0.832  (3993s)
  net_0160 block09  free_move 0.996  threats_for 0.823  count_margin 0.976  final_own_4 0.608  best_move_ply2 0.377  exact_value 0.848  (4013s)
  net_0160 block10  free_move 0.997  threats_for 0.815  count_margin 0.975  final_own_4 0.612  best_move_ply2 0.373  exact_value 0.852  (4033s)
  net_0170 input    free_move 0.971  threats_for 0.573  count_margin 1.000  final_own_4 0.603  best_move_ply2 0.195  exact_value 0.614  (4048s)
  net_0170 stem     free_move 0.990  threats_for 0.691  count_margin 0.996  final_own_4 0.613  best_move_ply2 0.335  exact_value 0.656  (4068s)
  net_0170 block01  free_move 0.992  threats_for 0.689  count_margin 0.993  final_own_4 0.611  best_move_ply2 0.356  exact_value 0.673  (4089s)
  net_0170 block02  free_move 0.995  threats_for 0.730  count_margin 0.989  final_own_4 0.613  best_move_ply2 0.361  exact_value 0.678  (4108s)
  net_0170 block03  free_move 0.996  threats_for 0.759  count_margin 0.988  final_own_4 0.614  best_move_ply2 0.363  exact_value 0.694  (4129s)
  net_0170 block04  free_move 0.996  threats_for 0.805  count_margin 0.982  final_own_4 0.616  best_move_ply2 0.365  exact_value 0.728  (4148s)
  net_0170 block05  free_move 0.997  threats_for 0.825  count_margin 0.983  final_own_4 0.614  best_move_ply2 0.369  exact_value 0.772  (4169s)
  net_0170 block06  free_move 0.998  threats_for 0.824  count_margin 0.981  final_own_4 0.614  best_move_ply2 0.369  exact_value 0.804  (4188s)
  net_0170 block07  free_move 0.998  threats_for 0.829  count_margin 0.978  final_own_4 0.612  best_move_ply2 0.372  exact_value 0.824  (4209s)
  net_0170 block08  free_move 0.997  threats_for 0.827  count_margin 0.976  final_own_4 0.612  best_move_ply2 0.375  exact_value 0.835  (4229s)
  net_0170 block09  free_move 0.997  threats_for 0.817  count_margin 0.976  final_own_4 0.607  best_move_ply2 0.377  exact_value 0.846  (4249s)
  net_0170 block10  free_move 0.997  threats_for 0.810  count_margin 0.973  final_own_4 0.609  best_move_ply2 0.372  exact_value 0.857  (4269s)
  net_0180 input    free_move 0.971  threats_for 0.573  count_margin 1.000  final_own_4 0.603  best_move_ply2 0.195  exact_value 0.614  (4284s)
  net_0180 stem     free_move 0.991  threats_for 0.690  count_margin 0.996  final_own_4 0.611  best_move_ply2 0.336  exact_value 0.657  (4304s)
  net_0180 block01  free_move 0.992  threats_for 0.693  count_margin 0.992  final_own_4 0.604  best_move_ply2 0.353  exact_value 0.683  (4325s)
  net_0180 block02  free_move 0.994  threats_for 0.725  count_margin 0.989  final_own_4 0.608  best_move_ply2 0.364  exact_value 0.681  (4345s)
  net_0180 block03  free_move 0.996  threats_for 0.763  count_margin 0.988  final_own_4 0.609  best_move_ply2 0.366  exact_value 0.702  (4365s)
  net_0180 block04  free_move 0.996  threats_for 0.809  count_margin 0.983  final_own_4 0.611  best_move_ply2 0.365  exact_value 0.729  (4385s)
  net_0180 block05  free_move 0.997  threats_for 0.826  count_margin 0.984  final_own_4 0.611  best_move_ply2 0.369  exact_value 0.788  (4406s)
  net_0180 block06  free_move 0.997  threats_for 0.828  count_margin 0.981  final_own_4 0.609  best_move_ply2 0.369  exact_value 0.815  (4425s)
  net_0180 block07  free_move 0.998  threats_for 0.832  count_margin 0.976  final_own_4 0.611  best_move_ply2 0.372  exact_value 0.824  (4446s)
  net_0180 block08  free_move 0.996  threats_for 0.832  count_margin 0.976  final_own_4 0.616  best_move_ply2 0.374  exact_value 0.845  (4466s)
  net_0180 block09  free_move 0.996  threats_for 0.821  count_margin 0.975  final_own_4 0.615  best_move_ply2 0.379  exact_value 0.864  (4486s)
  net_0180 block10  free_move 0.996  threats_for 0.813  count_margin 0.974  final_own_4 0.615  best_move_ply2 0.374  exact_value 0.870  (4506s)
  net_0190 input    free_move 0.971  threats_for 0.573  count_margin 1.000  final_own_4 0.603  best_move_ply2 0.195  exact_value 0.614  (4522s)
  net_0190 stem     free_move 0.990  threats_for 0.688  count_margin 0.996  final_own_4 0.613  best_move_ply2 0.334  exact_value 0.664  (4542s)
  net_0190 block01  free_move 0.993  threats_for 0.696  count_margin 0.992  final_own_4 0.608  best_move_ply2 0.355  exact_value 0.663  (4562s)
  net_0190 block02  free_move 0.994  threats_for 0.723  count_margin 0.989  final_own_4 0.609  best_move_ply2 0.364  exact_value 0.671  (4582s)
  net_0190 block03  free_move 0.995  threats_for 0.761  count_margin 0.988  final_own_4 0.614  best_move_ply2 0.366  exact_value 0.701  (4603s)
  net_0190 block04  free_move 0.995  threats_for 0.813  count_margin 0.983  final_own_4 0.614  best_move_ply2 0.366  exact_value 0.729  (4622s)
  net_0190 block05  free_move 0.997  threats_for 0.831  count_margin 0.984  final_own_4 0.610  best_move_ply2 0.367  exact_value 0.780  (4643s)
  net_0190 block06  free_move 0.997  threats_for 0.832  count_margin 0.981  final_own_4 0.614  best_move_ply2 0.369  exact_value 0.810  (4662s)
  net_0190 block07  free_move 0.997  threats_for 0.833  count_margin 0.973  final_own_4 0.609  best_move_ply2 0.375  exact_value 0.827  (4682s)
  net_0190 block08  free_move 0.996  threats_for 0.833  count_margin 0.973  final_own_4 0.614  best_move_ply2 0.378  exact_value 0.832  (4702s)
  net_0190 block09  free_move 0.996  threats_for 0.824  count_margin 0.973  final_own_4 0.608  best_move_ply2 0.378  exact_value 0.851  (4723s)
  net_0190 block10  free_move 0.997  threats_for 0.815  count_margin 0.972  final_own_4 0.612  best_move_ply2 0.374  exact_value 0.874  (4742s)
  net_0200 input    free_move 0.971  threats_for 0.573  count_margin 1.000  final_own_4 0.603  best_move_ply2 0.195  exact_value 0.614  (4758s)
  net_0200 stem     free_move 0.991  threats_for 0.688  count_margin 0.996  final_own_4 0.613  best_move_ply2 0.333  exact_value 0.650  (4778s)
  net_0200 block01  free_move 0.993  threats_for 0.695  count_margin 0.992  final_own_4 0.609  best_move_ply2 0.355  exact_value 0.679  (4799s)
  net_0200 block02  free_move 0.995  threats_for 0.726  count_margin 0.989  final_own_4 0.611  best_move_ply2 0.366  exact_value 0.671  (4819s)
  net_0200 block03  free_move 0.996  threats_for 0.769  count_margin 0.989  final_own_4 0.608  best_move_ply2 0.364  exact_value 0.690  (4839s)
  net_0200 block04  free_move 0.996  threats_for 0.811  count_margin 0.984  final_own_4 0.614  best_move_ply2 0.367  exact_value 0.726  (4859s)
  net_0200 block05  free_move 0.997  threats_for 0.829  count_margin 0.985  final_own_4 0.613  best_move_ply2 0.371  exact_value 0.792  (4879s)
  net_0200 block06  free_move 0.998  threats_for 0.833  count_margin 0.984  final_own_4 0.616  best_move_ply2 0.371  exact_value 0.817  (4899s)
  net_0200 block07  free_move 0.997  threats_for 0.839  count_margin 0.978  final_own_4 0.610  best_move_ply2 0.373  exact_value 0.829  (4919s)
  net_0200 block08  free_move 0.995  threats_for 0.837  count_margin 0.976  final_own_4 0.612  best_move_ply2 0.376  exact_value 0.843  (4939s)
  net_0200 block09  free_move 0.997  threats_for 0.828  count_margin 0.976  final_own_4 0.611  best_move_ply2 0.377  exact_value 0.860  (4959s)
  net_0200 block10  free_move 0.997  threats_for 0.816  count_margin 0.972  final_own_4 0.614  best_move_ply2 0.369  exact_value 0.865  (4979s)
  net_0210 input    free_move 0.971  threats_for 0.573  count_margin 1.000  final_own_4 0.603  best_move_ply2 0.195  exact_value 0.614  (4994s)
  net_0210 stem     free_move 0.990  threats_for 0.689  count_margin 0.996  final_own_4 0.612  best_move_ply2 0.333  exact_value 0.655  (5015s)
  net_0210 block01  free_move 0.992  threats_for 0.695  count_margin 0.992  final_own_4 0.610  best_move_ply2 0.357  exact_value 0.682  (5035s)
  net_0210 block02  free_move 0.995  threats_for 0.726  count_margin 0.989  final_own_4 0.608  best_move_ply2 0.365  exact_value 0.677  (5055s)
  net_0210 block03  free_move 0.996  threats_for 0.770  count_margin 0.990  final_own_4 0.609  best_move_ply2 0.363  exact_value 0.702  (5075s)
  net_0210 block04  free_move 0.996  threats_for 0.811  count_margin 0.984  final_own_4 0.610  best_move_ply2 0.368  exact_value 0.720  (5095s)
  net_0210 block05  free_move 0.997  threats_for 0.830  count_margin 0.984  final_own_4 0.614  best_move_ply2 0.368  exact_value 0.786  (5115s)
  net_0210 block06  free_move 0.998  threats_for 0.836  count_margin 0.982  final_own_4 0.615  best_move_ply2 0.371  exact_value 0.826  (5135s)
  net_0210 block07  free_move 0.997  threats_for 0.837  count_margin 0.975  final_own_4 0.610  best_move_ply2 0.375  exact_value 0.828  (5156s)
  net_0210 block08  free_move 0.997  threats_for 0.834  count_margin 0.973  final_own_4 0.612  best_move_ply2 0.377  exact_value 0.852  (5176s)
  net_0210 block09  free_move 0.997  threats_for 0.828  count_margin 0.973  final_own_4 0.607  best_move_ply2 0.376  exact_value 0.873  (5196s)
  net_0210 block10  free_move 0.998  threats_for 0.817  count_margin 0.973  final_own_4 0.611  best_move_ply2 0.373  exact_value 0.886  (5216s)
  net_0220 input    free_move 0.971  threats_for 0.573  count_margin 1.000  final_own_4 0.603  best_move_ply2 0.195  exact_value 0.614  (5231s)
  net_0220 stem     free_move 0.991  threats_for 0.689  count_margin 0.996  final_own_4 0.612  best_move_ply2 0.333  exact_value 0.656  (5251s)
  net_0220 block01  free_move 0.992  threats_for 0.696  count_margin 0.992  final_own_4 0.609  best_move_ply2 0.356  exact_value 0.679  (5272s)
  net_0220 block02  free_move 0.995  threats_for 0.725  count_margin 0.989  final_own_4 0.609  best_move_ply2 0.366  exact_value 0.671  (5292s)
  net_0220 block03  free_move 0.996  threats_for 0.770  count_margin 0.990  final_own_4 0.610  best_move_ply2 0.365  exact_value 0.696  (5312s)
  net_0220 block04  free_move 0.996  threats_for 0.817  count_margin 0.984  final_own_4 0.614  best_move_ply2 0.367  exact_value 0.721  (5332s)
  net_0220 block05  free_move 0.997  threats_for 0.834  count_margin 0.985  final_own_4 0.611  best_move_ply2 0.368  exact_value 0.781  (5352s)
  net_0220 block06  free_move 0.997  threats_for 0.836  count_margin 0.982  final_own_4 0.612  best_move_ply2 0.371  exact_value 0.818  (5372s)
  net_0220 block07  free_move 0.997  threats_for 0.837  count_margin 0.976  final_own_4 0.609  best_move_ply2 0.373  exact_value 0.827  (5393s)
  net_0220 block08  free_move 0.997  threats_for 0.837  count_margin 0.974  final_own_4 0.612  best_move_ply2 0.378  exact_value 0.845  (5412s)
  net_0220 block09  free_move 0.997  threats_for 0.829  count_margin 0.974  final_own_4 0.610  best_move_ply2 0.379  exact_value 0.877  (5433s)
  net_0220 block10  free_move 0.998  threats_for 0.818  count_margin 0.973  final_own_4 0.612  best_move_ply2 0.373  exact_value 0.885  (5452s)
  net_0230 input    free_move 0.971  threats_for 0.573  count_margin 1.000  final_own_4 0.603  best_move_ply2 0.195  exact_value 0.614  (5468s)
  net_0230 stem     free_move 0.990  threats_for 0.689  count_margin 0.996  final_own_4 0.613  best_move_ply2 0.333  exact_value 0.655  (5488s)
  net_0230 block01  free_move 0.992  threats_for 0.693  count_margin 0.992  final_own_4 0.609  best_move_ply2 0.357  exact_value 0.670  (5508s)
  net_0230 block02  free_move 0.994  threats_for 0.726  count_margin 0.989  final_own_4 0.613  best_move_ply2 0.364  exact_value 0.679  (5529s)
  net_0230 block03  free_move 0.996  threats_for 0.772  count_margin 0.989  final_own_4 0.610  best_move_ply2 0.360  exact_value 0.701  (5549s)
  net_0230 block04  free_move 0.997  threats_for 0.821  count_margin 0.984  final_own_4 0.618  best_move_ply2 0.365  exact_value 0.715  (5570s)
  net_0230 block05  free_move 0.997  threats_for 0.835  count_margin 0.984  final_own_4 0.615  best_move_ply2 0.368  exact_value 0.776  (5590s)
  net_0230 block06  free_move 0.998  threats_for 0.838  count_margin 0.982  final_own_4 0.617  best_move_ply2 0.370  exact_value 0.819  (5611s)
  net_0230 block07  free_move 0.997  threats_for 0.837  count_margin 0.975  final_own_4 0.609  best_move_ply2 0.374  exact_value 0.828  (5632s)
  net_0230 block08  free_move 0.997  threats_for 0.835  count_margin 0.973  final_own_4 0.611  best_move_ply2 0.381  exact_value 0.847  (5653s)
  net_0230 block09  free_move 0.996  threats_for 0.827  count_margin 0.974  final_own_4 0.614  best_move_ply2 0.382  exact_value 0.878  (5673s)
  net_0230 block10  free_move 0.997  threats_for 0.817  count_margin 0.973  final_own_4 0.611  best_move_ply2 0.373  exact_value 0.885  (5694s)
  net_0240 input    free_move 0.971  threats_for 0.573  count_margin 1.000  final_own_4 0.603  best_move_ply2 0.195  exact_value 0.614  (5709s)
  net_0240 stem     free_move 0.990  threats_for 0.688  count_margin 0.996  final_own_4 0.613  best_move_ply2 0.332  exact_value 0.653  (5730s)
  net_0240 block01  free_move 0.992  threats_for 0.692  count_margin 0.991  final_own_4 0.608  best_move_ply2 0.355  exact_value 0.681  (5751s)
  net_0240 block02  free_move 0.994  threats_for 0.725  count_margin 0.989  final_own_4 0.612  best_move_ply2 0.368  exact_value 0.682  (5772s)
  net_0240 block03  free_move 0.996  threats_for 0.771  count_margin 0.991  final_own_4 0.612  best_move_ply2 0.363  exact_value 0.693  (5792s)
  net_0240 block04  free_move 0.996  threats_for 0.818  count_margin 0.985  final_own_4 0.618  best_move_ply2 0.365  exact_value 0.719  (5813s)
  net_0240 block05  free_move 0.998  threats_for 0.832  count_margin 0.983  final_own_4 0.616  best_move_ply2 0.371  exact_value 0.777  (5833s)
  net_0240 block06  free_move 0.998  threats_for 0.834  count_margin 0.982  final_own_4 0.615  best_move_ply2 0.371  exact_value 0.823  (5854s)
  net_0240 block07  free_move 0.997  threats_for 0.834  count_margin 0.975  final_own_4 0.608  best_move_ply2 0.375  exact_value 0.832  (5875s)
  net_0240 block08  free_move 0.997  threats_for 0.831  count_margin 0.973  final_own_4 0.611  best_move_ply2 0.378  exact_value 0.854  (5895s)
  net_0240 block09  free_move 0.996  threats_for 0.824  count_margin 0.973  final_own_4 0.612  best_move_ply2 0.381  exact_value 0.878  (5916s)
  net_0240 block10  free_move 0.997  threats_for 0.811  count_margin 0.972  final_own_4 0.610  best_move_ply2 0.374  exact_value 0.888  (5937s)
  net_0250 input    free_move 0.971  threats_for 0.573  count_margin 1.000  final_own_4 0.603  best_move_ply2 0.195  exact_value 0.614  (5952s)
  net_0250 stem     free_move 0.991  threats_for 0.688  count_margin 0.996  final_own_4 0.614  best_move_ply2 0.333  exact_value 0.651  (5973s)
  net_0250 block01  free_move 0.992  threats_for 0.696  count_margin 0.991  final_own_4 0.606  best_move_ply2 0.355  exact_value 0.675  (5993s)
  net_0250 block02  free_move 0.994  threats_for 0.730  count_margin 0.989  final_own_4 0.612  best_move_ply2 0.365  exact_value 0.677  (6014s)
  net_0250 block03  free_move 0.996  threats_for 0.772  count_margin 0.989  final_own_4 0.609  best_move_ply2 0.362  exact_value 0.693  (6035s)
  net_0250 block04  free_move 0.996  threats_for 0.823  count_margin 0.985  final_own_4 0.614  best_move_ply2 0.366  exact_value 0.718  (6055s)
  net_0250 block05  free_move 0.998  threats_for 0.836  count_margin 0.984  final_own_4 0.611  best_move_ply2 0.370  exact_value 0.769  (6075s)
  net_0250 block06  free_move 0.997  threats_for 0.839  count_margin 0.982  final_own_4 0.619  best_move_ply2 0.371  exact_value 0.824  (6096s)
  net_0250 block07  free_move 0.997  threats_for 0.839  count_margin 0.976  final_own_4 0.610  best_move_ply2 0.372  exact_value 0.830  (6116s)
  net_0250 block08  free_move 0.996  threats_for 0.835  count_margin 0.974  final_own_4 0.614  best_move_ply2 0.379  exact_value 0.851  (6137s)
  net_0250 block09  free_move 0.996  threats_for 0.828  count_margin 0.973  final_own_4 0.612  best_move_ply2 0.380  exact_value 0.874  (6158s)
  net_0250 block10  free_move 0.997  threats_for 0.815  count_margin 0.973  final_own_4 0.612  best_move_ply2 0.374  exact_value 0.888  (6178s)
  net_0260 input    free_move 0.971  threats_for 0.573  count_margin 1.000  final_own_4 0.603  best_move_ply2 0.195  exact_value 0.614  (6194s)
  net_0260 stem     free_move 0.991  threats_for 0.688  count_margin 0.996  final_own_4 0.613  best_move_ply2 0.332  exact_value 0.652  (6214s)
  net_0260 block01  free_move 0.992  threats_for 0.698  count_margin 0.991  final_own_4 0.606  best_move_ply2 0.353  exact_value 0.666  (6235s)
  net_0260 block02  free_move 0.994  threats_for 0.728  count_margin 0.989  final_own_4 0.611  best_move_ply2 0.366  exact_value 0.674  (6256s)
  net_0260 block03  free_move 0.996  threats_for 0.772  count_margin 0.988  final_own_4 0.614  best_move_ply2 0.363  exact_value 0.694  (6276s)
  net_0260 block04  free_move 0.997  threats_for 0.823  count_margin 0.985  final_own_4 0.615  best_move_ply2 0.366  exact_value 0.729  (6297s)
  net_0260 block05  free_move 0.998  threats_for 0.837  count_margin 0.983  final_own_4 0.610  best_move_ply2 0.370  exact_value 0.780  (6317s)
  net_0260 block06  free_move 0.997  threats_for 0.837  count_margin 0.982  final_own_4 0.611  best_move_ply2 0.370  exact_value 0.813  (6338s)
  net_0260 block07  free_move 0.997  threats_for 0.840  count_margin 0.975  final_own_4 0.610  best_move_ply2 0.372  exact_value 0.826  (6358s)
  net_0260 block08  free_move 0.997  threats_for 0.837  count_margin 0.973  final_own_4 0.611  best_move_ply2 0.378  exact_value 0.857  (6379s)
  net_0260 block09  free_move 0.997  threats_for 0.829  count_margin 0.971  final_own_4 0.614  best_move_ply2 0.380  exact_value 0.870  (6400s)
  net_0260 block10  free_move 0.998  threats_for 0.816  count_margin 0.971  final_own_4 0.610  best_move_ply2 0.373  exact_value 0.881  (6420s)
  net_0270 input    free_move 0.971  threats_for 0.573  count_margin 1.000  final_own_4 0.603  best_move_ply2 0.195  exact_value 0.614  (6436s)
  net_0270 stem     free_move 0.990  threats_for 0.688  count_margin 0.996  final_own_4 0.612  best_move_ply2 0.332  exact_value 0.652  (6456s)
  net_0270 block01  free_move 0.993  threats_for 0.697  count_margin 0.992  final_own_4 0.608  best_move_ply2 0.355  exact_value 0.679  (6477s)
  net_0270 block02  free_move 0.994  threats_for 0.731  count_margin 0.988  final_own_4 0.611  best_move_ply2 0.363  exact_value 0.679  (6497s)
  net_0270 block03  free_move 0.996  threats_for 0.773  count_margin 0.988  final_own_4 0.613  best_move_ply2 0.359  exact_value 0.698  (6518s)
  net_0270 block04  free_move 0.997  threats_for 0.823  count_margin 0.985  final_own_4 0.617  best_move_ply2 0.366  exact_value 0.723  (6538s)
  net_0270 block05  free_move 0.998  threats_for 0.839  count_margin 0.984  final_own_4 0.613  best_move_ply2 0.370  exact_value 0.778  (6559s)
  net_0270 block06  free_move 0.998  threats_for 0.837  count_margin 0.982  final_own_4 0.613  best_move_ply2 0.371  exact_value 0.815  (6579s)
  net_0270 block07  free_move 0.996  threats_for 0.840  count_margin 0.976  final_own_4 0.609  best_move_ply2 0.373  exact_value 0.828  (6600s)
  net_0270 block08  free_move 0.996  threats_for 0.837  count_margin 0.974  final_own_4 0.610  best_move_ply2 0.381  exact_value 0.851  (6621s)
  net_0270 block09  free_move 0.997  threats_for 0.830  count_margin 0.974  final_own_4 0.614  best_move_ply2 0.383  exact_value 0.873  (6641s)
  net_0270 block10  free_move 0.997  threats_for 0.817  count_margin 0.972  final_own_4 0.612  best_move_ply2 0.374  exact_value 0.886  (6662s)
  net_0280 input    free_move 0.971  threats_for 0.573  count_margin 1.000  final_own_4 0.603  best_move_ply2 0.195  exact_value 0.614  (6677s)
  net_0280 stem     free_move 0.990  threats_for 0.687  count_margin 0.996  final_own_4 0.613  best_move_ply2 0.331  exact_value 0.648  (6698s)
  net_0280 block01  free_move 0.992  threats_for 0.698  count_margin 0.992  final_own_4 0.608  best_move_ply2 0.355  exact_value 0.677  (6719s)
  net_0280 block02  free_move 0.995  threats_for 0.730  count_margin 0.989  final_own_4 0.612  best_move_ply2 0.364  exact_value 0.681  (6739s)
  net_0280 block03  free_move 0.996  threats_for 0.769  count_margin 0.988  final_own_4 0.614  best_move_ply2 0.361  exact_value 0.687  (6760s)
  net_0280 block04  free_move 0.996  threats_for 0.819  count_margin 0.984  final_own_4 0.615  best_move_ply2 0.368  exact_value 0.728  (6780s)
  net_0280 block05  free_move 0.998  threats_for 0.835  count_margin 0.983  final_own_4 0.614  best_move_ply2 0.369  exact_value 0.781  (6801s)
  net_0280 block06  free_move 0.998  threats_for 0.833  count_margin 0.982  final_own_4 0.614  best_move_ply2 0.372  exact_value 0.820  (6821s)
  net_0280 block07  free_move 0.997  threats_for 0.834  count_margin 0.975  final_own_4 0.611  best_move_ply2 0.375  exact_value 0.838  (6842s)
  net_0280 block08  free_move 0.997  threats_for 0.832  count_margin 0.972  final_own_4 0.609  best_move_ply2 0.380  exact_value 0.858  (6862s)
  net_0280 block09  free_move 0.998  threats_for 0.822  count_margin 0.972  final_own_4 0.615  best_move_ply2 0.384  exact_value 0.879  (6883s)
  net_0280 block10  free_move 0.997  threats_for 0.809  count_margin 0.972  final_own_4 0.614  best_move_ply2 0.375  exact_value 0.886  (6904s)
  net_0290 input    free_move 0.971  threats_for 0.573  count_margin 1.000  final_own_4 0.603  best_move_ply2 0.195  exact_value 0.614  (6919s)
  net_0290 stem     free_move 0.991  threats_for 0.687  count_margin 0.996  final_own_4 0.613  best_move_ply2 0.331  exact_value 0.649  (6940s)
  net_0290 block01  free_move 0.992  threats_for 0.697  count_margin 0.992  final_own_4 0.606  best_move_ply2 0.354  exact_value 0.674  (6960s)
  net_0290 block02  free_move 0.995  threats_for 0.731  count_margin 0.989  final_own_4 0.613  best_move_ply2 0.364  exact_value 0.682  (6981s)
  net_0290 block03  free_move 0.996  threats_for 0.770  count_margin 0.988  final_own_4 0.615  best_move_ply2 0.361  exact_value 0.681  (7001s)
  net_0290 block04  free_move 0.997  threats_for 0.819  count_margin 0.984  final_own_4 0.617  best_move_ply2 0.369  exact_value 0.724  (7022s)
  net_0290 block05  free_move 0.998  threats_for 0.835  count_margin 0.983  final_own_4 0.613  best_move_ply2 0.369  exact_value 0.782  (7042s)
  net_0290 block06  free_move 0.998  threats_for 0.835  count_margin 0.982  final_own_4 0.615  best_move_ply2 0.371  exact_value 0.821  (7063s)
  net_0290 block07  free_move 0.997  threats_for 0.836  count_margin 0.975  final_own_4 0.613  best_move_ply2 0.375  exact_value 0.834  (7083s)
  net_0290 block08  free_move 0.997  threats_for 0.833  count_margin 0.972  final_own_4 0.610  best_move_ply2 0.379  exact_value 0.855  (7104s)
  net_0290 block09  free_move 0.997  threats_for 0.824  count_margin 0.971  final_own_4 0.615  best_move_ply2 0.381  exact_value 0.873  (7124s)
  net_0290 block10  free_move 0.997  threats_for 0.811  count_margin 0.971  final_own_4 0.611  best_move_ply2 0.375  exact_value 0.892  (7145s)
  net_0300 input    free_move 0.971  threats_for 0.573  count_margin 1.000  final_own_4 0.603  best_move_ply2 0.195  exact_value 0.614  (7161s)
  net_0300 stem     free_move 0.991  threats_for 0.687  count_margin 0.996  final_own_4 0.613  best_move_ply2 0.331  exact_value 0.651  (7181s)
  net_0300 block01  free_move 0.993  threats_for 0.697  count_margin 0.991  final_own_4 0.607  best_move_ply2 0.354  exact_value 0.673  (7202s)
  net_0300 block02  free_move 0.994  threats_for 0.732  count_margin 0.989  final_own_4 0.613  best_move_ply2 0.364  exact_value 0.678  (7222s)
  net_0300 block03  free_move 0.996  threats_for 0.770  count_margin 0.988  final_own_4 0.614  best_move_ply2 0.361  exact_value 0.686  (7243s)
  net_0300 block04  free_move 0.997  threats_for 0.819  count_margin 0.984  final_own_4 0.616  best_move_ply2 0.368  exact_value 0.722  (7263s)
  net_0300 block05  free_move 0.998  threats_for 0.834  count_margin 0.983  final_own_4 0.613  best_move_ply2 0.371  exact_value 0.783  (7283s)
  net_0300 block06  free_move 0.998  threats_for 0.834  count_margin 0.982  final_own_4 0.617  best_move_ply2 0.371  exact_value 0.817  (7304s)
  net_0300 block07  free_move 0.997  threats_for 0.835  count_margin 0.975  final_own_4 0.613  best_move_ply2 0.374  exact_value 0.831  (7324s)
  net_0300 block08  free_move 0.996  threats_for 0.833  count_margin 0.972  final_own_4 0.609  best_move_ply2 0.379  exact_value 0.854  (7345s)
  net_0300 block09  free_move 0.998  threats_for 0.822  count_margin 0.971  final_own_4 0.617  best_move_ply2 0.383  exact_value 0.875  (7366s)
  net_0300 block10  free_move 0.998  threats_for 0.810  count_margin 0.971  final_own_4 0.613  best_move_ply2 0.376  exact_value 0.891  (7386s)
wrote runs/deep10_c1_300_s1\probes.json  [7387s]
