106208 games from 20 files
X wins 60.1%  O wins 28.6%  draws 11.4%
ended by line 74.0%  by count 14.6%  equal count 11.4%
length: mean 49.4  median 49  p10 43  p90 55  max 72

first move by symmetry orbit: games, X score (win=1, draw=0.5)
  [40]                                     n=100512  X score 66.2%
  [5, 7, 21, 25, 55, 59, 73, 75]           n=   711  X score 61.3%
  [1, 3, 19, 23, 57, 61, 77, 79]           n=   673  X score 58.4%
  [37, 39, 41, 43]                         n=   658  X score 57.2%
  [36, 38, 42, 44]                         n=   575  X score 63.8%
  [0, 20, 60, 80]                          n=   505  X score 60.7%
  [2, 6, 18, 26, 54, 62, 74, 78]           n=   443  X score 55.9%
  [4, 22, 58, 76]                          n=   398  X score 54.1%
  [8, 24, 56, 72]                          n=   359  X score 58.4%
  [12, 14, 28, 34, 46, 52, 66, 68]         n=   324  X score 53.9%
  [15, 17, 29, 35, 45, 51, 63, 65]         n=   315  X score 55.4%
  [9, 11, 27, 33, 47, 53, 69, 71]          n=   282  X score 53.2%
  [10, 30, 50, 70]                         n=   181  X score 57.7%
  [16, 32, 48, 64]                         n=   143  X score 52.4%
  [13, 31, 49, 67]                         n=   129  X score 53.1%

mean root value from X's perspective by ply (X wins | O wins | draws):
  ply  0: +0.12 | +0.12 | +0.12   (games alive 106208)
  ply  6: +0.27 | +0.27 | +0.27   (games alive 106208)
  ply 12: +0.29 | +0.28 | +0.29   (games alive 106208)
  ply 18: +0.28 | +0.27 | +0.27   (games alive 106208)
  ply 24: +0.26 | +0.24 | +0.25   (games alive 106208)
  ply 30: +0.23 | +0.16 | +0.18   (games alive 106208)
  ply 36: +0.23 | -0.08 | +0.05   (games alive 106165)
  ply 42: +0.32 | -0.55 | -0.14   (games alive 100557)
  ply 48: +0.51 | -0.84 | -0.18   (games alive 61005)
  ply 54: +0.67 | -0.94 | -0.15   (games alive 14227)
  ply 60: +0.77 | -0.98 | -0.14   (games alive 983)
  ply 66: +0.86 | -0.99 | -0.00   (games alive 15)

free moves per game (replayed 20000): mean 4.13; games with >=1 free move 96.2%
  O had more free moves   : n=  7407  X score 43.8%
  equal                   : n=  4751  X score 69.2%
  X had more free moves   : n=  7842  X score 83.8%
closed boards at game end: mean 7.66
