runs/deep10_c1_300_lr150: 30 checkpoints; 20000 held-out positions from 20 files of runs/deep8_c1_300; endgame set endgame_v1 (3000)
  net_0010: vs deep10_c1_300_net_0300  0.6 vs deep8_c1_300_net_0300  0.7 vs v2b_net_0150  3.0 | endgame WDL 45.8 draws 3.1 regret 0.214 | first move [40] top1 0.75 H 2.23b | H by ply 2.77 2.70 2.36 2.03 1.78 | D4 JS 0.061b vstd 0.082  (11s)
  net_0020: vs deep10_c1_300_net_0300  8.8 vs deep8_c1_300_net_0300  8.3 vs v2b_net_0150 27.2 | endgame WDL 62.7 draws 23.0 regret 0.141 | first move [40] top1 0.96 H 0.49b | H by ply 2.43 2.54 2.11 1.73 1.58 | D4 JS 0.057b vstd 0.089  (13s)
  net_0030: vs deep10_c1_300_net_0300 12.0 vs deep8_c1_300_net_0300 11.3 vs v2b_net_0150 33.9 | endgame WDL 65.1 draws 29.1 regret 0.115 | first move [40] top1 0.96 H 0.41b | H by ply 2.26 2.37 1.99 1.63 1.49 | D4 JS 0.053b vstd 0.076  (15s)
  net_0040: vs deep10_c1_300_net_0300 12.2 vs deep8_c1_300_net_0300 13.4 vs v2b_net_0150 36.7 | endgame WDL 68.8 draws 43.0 regret 0.095 | first move [40] top1 0.96 H 0.37b | H by ply 1.85 2.01 1.81 1.51 1.41 | D4 JS 0.058b vstd 0.071  (17s)
  net_0050: vs deep10_c1_300_net_0300 18.4 vs deep8_c1_300_net_0300 13.8 vs v2b_net_0150 42.1 | endgame WDL 69.7 draws 40.1 regret 0.091 | first move [40] top1 0.89 H 1.05b | H by ply 1.77 1.85 1.71 1.49 1.43 | D4 JS 0.052b vstd 0.072  (19s)
  net_0060: vs deep10_c1_300_net_0300 19.3 vs deep8_c1_300_net_0300 18.8 vs v2b_net_0150 46.1 | endgame WDL 72.1 draws 44.8 regret 0.088 | first move [40] top1 0.94 H 0.62b | H by ply 1.64 1.71 1.67 1.57 1.53 | D4 JS 0.054b vstd 0.068  (20s)
  net_0070: vs deep10_c1_300_net_0300 18.5 vs deep8_c1_300_net_0300 22.8 vs v2b_net_0150 47.3 | endgame WDL 72.9 draws 49.6 regret 0.081 | first move [40] top1 0.91 H 0.89b | H by ply 2.03 1.90 1.70 1.58 1.48 | D4 JS 0.058b vstd 0.073  (22s)
  net_0080: vs deep10_c1_300_net_0300 21.3 vs deep8_c1_300_net_0300 22.6 vs v2b_net_0150 53.8 | endgame WDL 71.3 draws 46.3 regret 0.094 | first move [40] top1 0.80 H 1.78b | H by ply 2.25 1.99 1.77 1.65 1.52 | D4 JS 0.051b vstd 0.073  (24s)
  net_0090: vs deep10_c1_300_net_0300 23.3 vs deep8_c1_300_net_0300 30.8 vs v2b_net_0150 55.3 | endgame WDL 73.0 draws 47.4 regret 0.079 | first move [40] top1 0.97 H 0.31b | H by ply 1.59 1.75 1.68 1.58 1.45 | D4 JS 0.047b vstd 0.068  (26s)
  net_0100: vs deep10_c1_300_net_0300 24.2 vs deep8_c1_300_net_0300 26.6 vs v2b_net_0150 59.7 | endgame WDL 73.3 draws 45.4 regret 0.083 | first move [40] top1 0.97 H 0.35b | H by ply 1.91 1.85 1.76 1.70 1.56 | D4 JS 0.053b vstd 0.069  (27s)
  net_0110: vs deep10_c1_300_net_0300 19.8 vs deep8_c1_300_net_0300 29.9 vs v2b_net_0150 58.1 | endgame WDL 74.0 draws 52.5 regret 0.065 | first move [40] top1 0.95 H 0.52b | H by ply 1.88 1.91 1.79 1.66 1.52 | D4 JS 0.057b vstd 0.069  (29s)
  net_0120: vs deep10_c1_300_net_0300 27.3 vs deep8_c1_300_net_0300 28.4 vs v2b_net_0150 59.4 | endgame WDL 77.2 draws 58.3 regret 0.074 | first move [40] top1 0.96 H 0.45b | H by ply 1.97 1.86 1.71 1.63 1.51 | D4 JS 0.057b vstd 0.071  (31s)
  net_0130: vs deep10_c1_300_net_0300 28.8 vs deep8_c1_300_net_0300 28.5 vs v2b_net_0150 59.1 | endgame WDL 76.0 draws 51.2 regret 0.069 | first move [40] top1 0.96 H 0.45b | H by ply 1.97 1.79 1.66 1.56 1.39 | D4 JS 0.063b vstd 0.075  (33s)
  net_0140: vs deep10_c1_300_net_0300 30.4 vs deep8_c1_300_net_0300 31.9 vs v2b_net_0150 67.2 | endgame WDL 76.1 draws 49.6 regret 0.062 | first move [40] top1 0.96 H 0.47b | H by ply 1.94 1.86 1.77 1.65 1.47 | D4 JS 0.049b vstd 0.069  (34s)
  net_0150: vs deep10_c1_300_net_0300 32.8 vs deep8_c1_300_net_0300 32.9 vs v2b_net_0150 63.9 | endgame WDL 78.4 draws 59.0 regret 0.067 | first move [40] top1 0.92 H 0.82b | H by ply 1.76 1.77 1.70 1.59 1.45 | D4 JS 0.053b vstd 0.071  (36s)
  net_0160: vs deep10_c1_300_net_0300 37.4 vs deep8_c1_300_net_0300 41.7 vs v2b_net_0150 72.9 | endgame WDL 80.3 draws 59.6 regret 0.057 | first move [40] top1 0.97 H 0.35b | H by ply 1.48 1.58 1.63 1.58 1.44 | D4 JS 0.030b vstd 0.057  (38s)
  net_0170: vs deep10_c1_300_net_0300 40.3 vs deep8_c1_300_net_0300 44.2 vs v2b_net_0150 71.3 | endgame WDL 82.0 draws 64.6 regret 0.058 | first move [40] top1 0.97 H 0.35b | H by ply 1.40 1.45 1.59 1.58 1.43 | D4 JS 0.030b vstd 0.056  (40s)
  net_0180: vs deep10_c1_300_net_0300 38.1 vs deep8_c1_300_net_0300 40.0 vs v2b_net_0150 74.4 | endgame WDL 81.7 draws 63.2 regret 0.057 | first move [40] top1 0.97 H 0.35b | H by ply 1.35 1.42 1.61 1.59 1.44 | D4 JS 0.031b vstd 0.055  (41s)
  net_0190: vs deep10_c1_300_net_0300 42.8 vs deep8_c1_300_net_0300 45.8 vs v2b_net_0150 69.1 | endgame WDL 82.1 draws 64.3 regret 0.050 | first move [40] top1 0.98 H 0.28b | H by ply 1.28 1.40 1.59 1.59 1.45 | D4 JS 0.029b vstd 0.056  (43s)
  net_0200: vs deep10_c1_300_net_0300 41.3 vs deep8_c1_300_net_0300 47.8 vs v2b_net_0150 74.2 | endgame WDL 81.3 draws 62.2 regret 0.057 | first move [40] top1 0.98 H 0.23b | H by ply 1.31 1.40 1.58 1.60 1.46 | D4 JS 0.030b vstd 0.057  (45s)
  net_0210: vs deep10_c1_300_net_0300 44.8 vs deep8_c1_300_net_0300 45.6 vs v2b_net_0150 73.1 | endgame WDL 82.7 draws 65.9 regret 0.054 | first move [40] top1 0.97 H 0.34b | H by ply 1.40 1.44 1.58 1.57 1.43 | D4 JS 0.031b vstd 0.055  (47s)
  net_0220: vs deep10_c1_300_net_0300 42.0 vs deep8_c1_300_net_0300 44.1 vs v2b_net_0150 74.7 | endgame WDL 83.3 draws 66.6 regret 0.050 | first move [40] top1 0.98 H 0.22b | H by ply 1.34 1.40 1.57 1.57 1.43 | D4 JS 0.031b vstd 0.057  (48s)
  net_0230: vs deep10_c1_300_net_0300 40.7 vs deep8_c1_300_net_0300 48.7 vs v2b_net_0150 74.2 | endgame WDL 82.8 draws 65.0 regret 0.054 | first move [40] top1 0.98 H 0.23b | H by ply 1.29 1.43 1.58 1.59 1.45 | D4 JS 0.032b vstd 0.056  (50s)
  net_0240: vs deep10_c1_300_net_0300 47.7 vs deep8_c1_300_net_0300 48.6 vs v2b_net_0150 76.6 | endgame WDL 83.3 draws 68.1 regret 0.051 | first move [40] top1 0.97 H 0.31b | H by ply 1.21 1.40 1.60 1.58 1.42 | D4 JS 0.031b vstd 0.056  (52s)
  net_0250: vs deep10_c1_300_net_0300 35.6 vs deep8_c1_300_net_0300 47.2 vs v2b_net_0150 70.8 | endgame WDL 82.2 draws 64.1 regret 0.051 | first move [40] top1 0.97 H 0.35b | H by ply 1.42 1.42 1.57 1.58 1.44 | D4 JS 0.032b vstd 0.057  (54s)
  net_0260: vs deep10_c1_300_net_0300 43.2 vs deep8_c1_300_net_0300 43.8 vs v2b_net_0150 78.5 | endgame WDL 83.6 draws 67.8 regret 0.050 | first move [40] top1 0.98 H 0.28b | H by ply 1.26 1.34 1.56 1.58 1.42 | D4 JS 0.027b vstd 0.053  (55s)
  net_0270: vs deep10_c1_300_net_0300 46.1 vs deep8_c1_300_net_0300 48.4 vs v2b_net_0150 77.7 | endgame WDL 83.3 draws 66.6 regret 0.051 | first move [40] top1 0.98 H 0.25b | H by ply 1.25 1.33 1.56 1.58 1.43 | D4 JS 0.027b vstd 0.053  (57s)
  net_0280: vs deep10_c1_300_net_0300 44.4 vs deep8_c1_300_net_0300 49.5 vs v2b_net_0150 76.2 | endgame WDL 83.5 draws 66.9 regret 0.052 | first move [40] top1 0.98 H 0.22b | H by ply 1.29 1.36 1.56 1.58 1.43 | D4 JS 0.027b vstd 0.053  (59s)
  net_0290: vs deep10_c1_300_net_0300 43.2 vs deep8_c1_300_net_0300 51.6 vs v2b_net_0150 76.7 | endgame WDL 83.5 draws 66.6 regret 0.051 | first move [40] top1 0.98 H 0.26b | H by ply 1.23 1.33 1.56 1.57 1.42 | D4 JS 0.027b vstd 0.053  (61s)
  net_0300: vs deep10_c1_300_net_0300 47.6 vs deep8_c1_300_net_0300 48.8 vs v2b_net_0150 74.0 | endgame WDL 83.3 draws 66.2 regret 0.051 | first move [40] top1 0.98 H 0.25b | H by ply 1.22 1.30 1.55 1.57 1.43 | D4 JS 0.027b vstd 0.052  (62s)
wrote runs/deep10_c1_300_lr150\timeline.json  [62s]
wrote runs/deep10_c1_300_lr150\timeline.png
