Reply orbits (PLAN6 E2): gap = X's value after the second-best distinct reply orbit minus after the best; range = worst reply orbit minus best. A first move is 'flat' when gap <= 0.03.

v2b@1024: gap <= 0.03 in 13 / 15 first moves; range median 0.087, min 0.011, max 0.157
  first  orbits  best reply (X value)   second   gap     range
  [ 0]    5      1 (+0.227)             5   +0.009  0.087
  [ 1]    9     14 (+0.114)            12   +0.001  0.108
  [ 2]    9     20 (+0.147)            18   +0.000  0.069
  [ 4]    6     36 (+0.128)            40   +0.017  0.076
  [ 5]    9     45 (+0.145)            46   +0.005  0.122
  [ 8]    6     80 (+0.148)            72   +0.004  0.094
  [ 9]    9      0 (+0.051)             7   +0.009  0.076
  [10]    5     12 (+0.147)            16   +0.000  0.137
  [12]    9     30 (+0.101)            34   +0.017  0.132
  [13]    6     40 (-0.055)            37   +0.075  0.134
  [15]    9     60 (+0.066)            59   +0.035  0.085
  [16]    6     70 (+0.078)            66   +0.002  0.157
  [36]    6      4 (+0.247)             5   +0.028  0.048
  [37]    6     12 (+0.191)            10   +0.010  0.082
  [40]    2     37 (+0.346)            36   +0.011  0.011

v2b@4096: gap <= 0.03 in 13 / 15 first moves; range median 0.086, min 0.012, max 0.151
  first  orbits  best reply (X value)   second   gap     range
  [ 0]    5      1 (+0.234)             5   +0.002  0.086
  [ 1]    9     12 (+0.104)            14   +0.005  0.106
  [ 2]    9     18 (+0.146)            20   +0.002  0.070
  [ 4]    6     36 (+0.114)            40   +0.021  0.083
  [ 5]    9     46 (+0.144)            45   +0.004  0.128
  [ 8]    6     72 (+0.147)            80   +0.013  0.093
  [ 9]    9      0 (+0.057)             5   +0.005  0.073
  [10]    5     12 (+0.135)            16   +0.017  0.149
  [12]    9     30 (+0.099)            28   +0.009  0.132
  [13]    6     40 (-0.051)            37   +0.057  0.105
  [15]    9     60 (+0.071)            55   +0.022  0.071
  [16]    6     70 (+0.079)            66   +0.014  0.151
  [36]    6      4 (+0.250)             8   +0.036  0.056
  [37]    6     12 (+0.196)            10   +0.012  0.077
  [40]    2     37 (+0.352)            36   +0.012  0.012

v2b@16384: gap <= 0.03 in 14 / 15 first moves; range median 0.083, min 0.006, max 0.150
  first  orbits  best reply (X value)   second   gap     range
  [ 0]    5      5 (+0.207)             1   +0.023  0.116
  [ 1]    9     12 (+0.099)            14   +0.014  0.101
  [ 2]    9     18 (+0.144)            20   +0.004  0.057
  [ 4]    6     36 (+0.117)            40   +0.008  0.061
  [ 5]    9     46 (+0.141)            52   +0.012  0.139
  [ 8]    6     72 (+0.142)            80   +0.025  0.098
  [ 9]    9      0 (+0.052)             5   +0.003  0.074
  [10]    5     12 (+0.134)            16   +0.012  0.143
  [12]    9     30 (+0.098)            28   +0.007  0.135
  [13]    6     40 (-0.039)            39   +0.071  0.083
  [15]    9     60 (+0.071)            55   +0.005  0.070
  [16]    6     70 (+0.075)            66   +0.019  0.150
  [36]    6      4 (+0.247)             0   +0.011  0.047
  [37]    6     12 (+0.195)            10   +0.026  0.072
  [40]    2     37 (+0.359)            36   +0.006  0.006

deep8_c1_300@1024: gap <= 0.03 in 13 / 15 first moves; range median 0.112, min 0.016, max 0.198
  first  orbits  best reply (X value)   second   gap     range
  [ 0]    5      1 (+0.278)             2   +0.009  0.117
  [ 1]    9     10 (+0.135)            14   +0.006  0.169
  [ 2]    9     20 (+0.146)            21   +0.021  0.086
  [ 4]    6     40 (+0.211)            36   +0.034  0.077
  [ 5]    9     45 (+0.197)            50   +0.009  0.167
  [ 8]    6     80 (+0.188)            73   +0.000  0.088
  [ 9]    9      5 (+0.051)             0   +0.010  0.083
  [10]    5     12 (+0.204)            16   +0.000  0.152
  [12]    9     30 (+0.108)            28   +0.029  0.186
  [13]    6     40 (-0.002)            37   +0.061  0.126
  [15]    9     60 (+0.102)            55   +0.017  0.112
  [16]    6     66 (+0.110)            70   +0.003  0.198
  [36]    6      4 (+0.311)             5   +0.023  0.087
  [37]    6     10 (+0.294)            12   +0.003  0.067
  [40]    2     37 (+0.445)            36   +0.016  0.016

deep8_c1_300@4096: gap <= 0.03 in 12 / 15 first moves; range median 0.108, min 0.016, max 0.198
  first  orbits  best reply (X value)   second   gap     range
  [ 0]    5      1 (+0.289)             5   +0.004  0.108
  [ 1]    9     10 (+0.135)            14   +0.007  0.165
  [ 2]    9     20 (+0.155)            25   +0.021  0.082
  [ 4]    6     40 (+0.204)            36   +0.033  0.094
  [ 5]    9     45 (+0.205)            50   +0.007  0.159
  [ 8]    6     73 (+0.196)            80   +0.004  0.088
  [ 9]    9      5 (+0.055)             0   +0.005  0.086
  [10]    5     16 (+0.204)            12   +0.002  0.156
  [12]    9     30 (+0.116)            28   +0.018  0.184
  [13]    6     40 (-0.018)            37   +0.065  0.134
  [15]    9     60 (+0.095)            55   +0.022  0.114
  [16]    6     70 (+0.108)            66   +0.015  0.198
  [36]    6      4 (+0.310)             5   +0.039  0.094
  [37]    6     10 (+0.288)            12   +0.021  0.076
  [40]    2     37 (+0.450)            36   +0.016  0.016

deep8_c1_300@16384: gap <= 0.03 in 10 / 15 first moves; range median 0.118, min 0.017, max 0.204
  first  orbits  best reply (X value)   second   gap     range
  [ 0]    5      1 (+0.281)             2   +0.016  0.118
  [ 1]    9     10 (+0.133)            14   +0.003  0.146
  [ 2]    9     20 (+0.165)            25   +0.006  0.075
  [ 4]    6     40 (+0.178)            36   +0.048  0.126
  [ 5]    9     45 (+0.211)            50   +0.000  0.150
  [ 8]    6     73 (+0.194)            80   +0.004  0.106
  [ 9]    9      0 (+0.065)             7   +0.000  0.087
  [10]    5     16 (+0.184)            12   +0.015  0.177
  [12]    9     30 (+0.118)            34   +0.023  0.186
  [13]    6     40 (-0.017)            37   +0.075  0.122
  [15]    9     55 (+0.114)            60   +0.002  0.109
  [16]    6     70 (+0.097)            66   +0.031  0.204
  [36]    6      4 (+0.312)             5   +0.046  0.079
  [37]    6     10 (+0.288)            12   +0.035  0.078
  [40]    2     37 (+0.453)            36   +0.017  0.017

deep10_c1_300@1024: gap <= 0.03 in 14 / 15 first moves; range median 0.114, min 0.016, max 0.192
  first  orbits  best reply (X value)   second   gap     range
  [ 0]    5      2 (+0.275)             1   +0.001  0.096
  [ 1]    9     10 (+0.127)            14   +0.000  0.136
  [ 2]    9     21 (+0.177)            20   +0.005  0.063
  [ 4]    6     40 (+0.197)            36   +0.023  0.103
  [ 5]    9     45 (+0.185)            50   +0.020  0.150
  [ 8]    6     73 (+0.186)            80   +0.009  0.083
  [ 9]    9      5 (+0.032)             7   +0.018  0.114
  [10]    5     16 (+0.190)            12   +0.012  0.150
  [12]    9     30 (+0.116)            28   +0.002  0.149
  [13]    6     40 (-0.020)            42   +0.078  0.172
  [15]    9     55 (+0.082)            60   +0.008  0.125
  [16]    6     66 (+0.092)            70   +0.004  0.192
  [36]    6      4 (+0.328)             5   +0.003  0.063
  [37]    6     10 (+0.262)            12   +0.007  0.066
  [40]    2     37 (+0.443)            36   +0.016  0.016

deep10_c1_300@4096: gap <= 0.03 in 14 / 15 first moves; range median 0.103, min 0.017, max 0.190
  first  orbits  best reply (X value)   second   gap     range
  [ 0]    5      2 (+0.279)             1   +0.005  0.091
  [ 1]    9     10 (+0.127)            14   +0.001  0.118
  [ 2]    9     21 (+0.177)            20   +0.003  0.065
  [ 4]    6     40 (+0.192)            36   +0.025  0.103
  [ 5]    9     45 (+0.185)            50   +0.022  0.152
  [ 8]    6     73 (+0.192)            72   +0.014  0.087
  [ 9]    9      5 (+0.037)             7   +0.015  0.100
  [10]    5     16 (+0.184)            12   +0.019  0.164
  [12]    9     28 (+0.114)            30   +0.004  0.155
  [13]    6     40 (-0.025)            42   +0.078  0.170
  [15]    9     60 (+0.080)            55   +0.002  0.112
  [16]    6     70 (+0.097)            66   +0.001  0.190
  [36]    6      4 (+0.328)             5   +0.011  0.062
  [37]    6     10 (+0.264)            12   +0.018  0.064
  [40]    2     37 (+0.444)            36   +0.017  0.017

deep10_c1_300@16384: gap <= 0.03 in 12 / 15 first moves; range median 0.112, min 0.020, max 0.191
  first  orbits  best reply (X value)   second   gap     range
  [ 0]    5      1 (+0.277)             2   +0.007  0.093
  [ 1]    9     10 (+0.130)            14   +0.003  0.126
  [ 2]    9     21 (+0.178)            24   +0.003  0.069
  [ 4]    6     40 (+0.162)            36   +0.053  0.112
  [ 5]    9     45 (+0.195)            50   +0.013  0.149
  [ 8]    6     73 (+0.199)            80   +0.003  0.091
  [ 9]    9      5 (+0.040)             7   +0.009  0.097
  [10]    5     16 (+0.183)             9   +0.019  0.169
  [12]    9     28 (+0.113)            30   +0.011  0.165
  [13]    6     40 (-0.047)            42   +0.102  0.183
  [15]    9     55 (+0.081)            60   +0.004  0.119
  [16]    6     70 (+0.100)            66   +0.006  0.191
  [36]    6      4 (+0.330)             5   +0.018  0.066
  [37]    6     10 (+0.255)            12   +0.037  0.069
  [40]    2     37 (+0.444)            36   +0.020  0.020

