v2b @1024: done (19s)
v2b @4096: done (64s)
v2b @16384: done (221s)
deep8_c1_300 @1024: done (245s)
deep8_c1_300 @4096: done (316s)
deep8_c1_300 @16384: done (580s)
deep10_c1_300 @1024: done (607s)
deep10_c1_300 @4096: done (690s)
deep10_c1_300 @16384: done (992s)

Principal variations after each first move at 16384 sims (O's reply first) and the root action-value gap (Q best - Q second):
  [ 0] v2b: [5, 50, 48, 30, 34, 70, 68, 47, 20, 25] gap -0.000  |  deep8_c1_300: [1, 10, 16, 70, 69, 60, 57, 30, 32, 50] gap -0.000  |  deep10_c1_300: [6, 60, 57, 30, 32, 50, 53, 80, 79, 70] gap -0.000
  [ 1] v2b: [12, 34, 70, 66, 28, 9, 3, 35, 80, 77] gap +0.014  |  deep8_c1_300: [10, 16, 70, 63, 7, 69, 60, 57, 30, 32] gap +0.011  |  deep10_c1_300: [10, 16, 70, 63, 7, 69, 60, 57, 30, 32] gap +0.001
  [ 2] v2b: [20, 18, 7, 70, 64, 12, 30, 28, 14, 50] gap +0.002  |  deep8_c1_300: [20, 18, 5, 50, 48, 30, 33, 60, 62, 80] gap +0.010  |  deep10_c1_300: [20, 18, 5, 50, 48, 30, 33, 60, 62, 80] gap -0.005
  [ 4] v2b: [40, 36, 5, 50, 46, 10, 14, 48, 30, 28] gap +0.017  |  deep8_c1_300: [40, 36, 5, 50, 46, 10, 14, 47, 20, 19] gap +0.047  |  deep10_c1_300: [40, 36, 5, 50, 46, 10, 16, 70, 68, 47] gap +0.057
  [ 5] v2b: [46, 12, 30, 28, 14, 45, 7, 70, 64, 15] gap +0.002  |  deep8_c1_300: [50, 46, 10, 9, 7, 70, 68, 47, 20, 25] gap -0.005  |  deep10_c1_300: [45, 8, 73, 14, 51, 60, 62, 75, 34, 70] gap +0.015
  [ 8] v2b: [72, 5, 50, 46, 10, 12, 30, 34, 70, 71] gap +0.018  |  deep8_c1_300: [80, 72, 5, 50, 48, 30, 33, 60, 61, 70] gap -0.004  |  deep10_c1_300: [73, 17, 72, 5, 52, 70, 66, 30, 32, 46] gap +0.000
  [ 9] v2b: [0, 1, 14, 50, 48, 30, 32, 47, 20, 21] gap +0.001  |  deep8_c1_300: [5, 46, 12, 30, 27, 7, 70, 68, 50, 47] gap +0.007  |  deep10_c1_300: [5, 45, 8, 73, 14, 51, 60, 62, 75, 34] gap +0.026
  [10] v2b: [12, 30, 28, 16, 70, 66, 34, 69, 60, 55] gap +0.000  |  deep8_c1_300: [16, 70, 69, 60, 57, 30, 32, 50, 47, 20] gap +0.010  |  deep10_c1_300: [16, 70, 69, 60, 57, 30, 32, 50, 47, 20] gap +0.016
  [12] v2b: [30, 28, 10, 9, 0, 7, 70, 66, 32, 50] gap +0.019  |  deep8_c1_300: [30, 28, 10, 9, 0, 2, 20, 21, 32, 50] gap +0.018  |  deep10_c1_300: [28, 14, 50, 52, 66, 34, 68, 46, 13, 40] gap +0.006
  [13] v2b: [40, 37, 12, 30, 34, 70, 66, 33, 60, 61] gap +0.079  |  deep8_c1_300: [40, 37, 12, 30, 28, 15, 60, 61, 70, 68] gap +0.079  |  deep10_c1_300: [40, 37, 10, 9, 0, 6, 60, 57, 30, 32] gap +0.116
  [15] v2b: [60, 55, 14, 50, 48, 30, 32, 47, 20, 19] gap +0.027  |  deep8_c1_300: [60, 55, 10, 16, 70, 71, 80, 74, 20, 23] gap +0.000  |  deep10_c1_300: [55, 17, 80, 78, 56, 21, 30, 32, 50, 52] gap -0.001
  [16] v2b: [70, 66, 30, 28, 10, 17, 80, 75, 32, 50] gap +0.009  |  deep8_c1_300: [70, 64, 15, 60, 61, 65, 20, 23, 50, 48] gap +0.014  |  deep10_c1_300: [70, 64, 15, 60, 57, 30, 32, 50, 52, 63] gap -0.002
  [36] v2b: [4, 37, 10, 9, 7, 70, 66, 30, 34, 69] gap +0.039  |  deep8_c1_300: [4, 42, 60, 56, 20, 25, 70, 66, 30, 34] gap +0.025  |  deep10_c1_300: [4, 38, 20, 23, 50, 52, 70, 66, 30, 28] gap +0.008
  [37] v2b: [10, 13, 36, 0, 5, 50, 52, 70, 68, 48] gap -0.017  |  deep8_c1_300: [10, 16, 70, 67, 36, 0, 8, 80, 77, 50] gap +0.010  |  deep10_c1_300: [10, 13, 36, 0, 1, 12, 30, 32, 50, 47] gap +0.013
  [40] v2b: [37, 10, 12, 30, 28, 16, 70, 66, 27, 0] gap +0.000  |  deep8_c1_300: [37, 10, 16, 70, 69, 60, 57, 30, 32, 50] gap +0.000  |  deep10_c1_300: [37, 10, 16, 70, 69, 60, 57, 30, 32, 50] gap -0.000

First-move orbits: deep-search value for X after the move, by net @ budget (rank in brackets)
orbit  v2b@1024   v2b@4096   v2b@16384  deep8_c1_300@1024   deep8_c1_300@4096   deep8_c1_300@16384  deep10_c1_300@1024   deep10_c1_300@4096   deep10_c1_300@16384    mean rank
  [40]  +0.341( 1) +0.347( 1) +0.354( 1) +0.453( 1) +0.456( 1) +0.455( 1) +0.446( 1) +0.448( 1) +0.447( 1)     1.0
  [36]  +0.270( 2) +0.266( 2) +0.257( 2) +0.329( 2) +0.324( 2) +0.320( 2) +0.334( 2) +0.337( 2) +0.336( 2)     2.0
  [ 0]  +0.229( 3) +0.233( 3) +0.237( 3) +0.277( 4) +0.282( 4) +0.291( 3) +0.267( 3) +0.275( 3) +0.282( 3)     3.2
  [37]  +0.196( 4) +0.198( 4) +0.205( 4) +0.290( 3) +0.294( 3) +0.290( 4) +0.260( 4) +0.265( 4) +0.258( 4)     3.8
  [ 5]  +0.160( 5) +0.158( 6) +0.151( 6) +0.203( 6) +0.207( 5) +0.212( 5) +0.194( 6) +0.193( 5) +0.197( 5)     5.4
  [ 8]  +0.149( 8) +0.158( 5) +0.155( 5) +0.182( 8) +0.191( 8) +0.199( 6) +0.187( 8) +0.192( 7) +0.196( 6)     6.8
  [10]  +0.150( 6) +0.144( 8) +0.140( 8) +0.203( 7) +0.205( 7) +0.198( 7) +0.190( 7) +0.191( 8) +0.188( 7)     7.2
  [ 4]  +0.146( 9) +0.135( 9) +0.125( 9) +0.211( 5) +0.205( 6) +0.179( 8) +0.197( 5) +0.192( 6) +0.162( 9)     7.3
  [ 2]  +0.149( 7) +0.148( 7) +0.147( 7) +0.150( 9) +0.157( 9) +0.165( 9) +0.180( 9) +0.183( 9) +0.183( 8)     8.2
  [ 1]  +0.128(10) +0.123(10) +0.107(10) +0.139(10) +0.138(10) +0.134(10) +0.128(10) +0.128(10) +0.128(10)    10.0
  [12]  +0.107(11) +0.105(11) +0.101(11) +0.116(11) +0.122(11) +0.118(11) +0.118(11) +0.118(11) +0.113(11)    11.0
  [16]  +0.078(12) +0.079(12) +0.076(12) +0.109(12) +0.110(12) +0.103(13) +0.093(12) +0.095(12) +0.099(12)    12.1
  [15]  +0.068(13) +0.072(13) +0.072(13) +0.105(13) +0.102(13) +0.118(12) +0.086(13) +0.085(13) +0.083(13)    12.9
  [ 9]  +0.054(14) +0.058(14) +0.054(14) +0.056(14) +0.059(14) +0.064(14) +0.038(14) +0.043(14) +0.046(14)    14.0
  [13]  -0.055(15) -0.051(15) -0.039(15) -0.001(15) -0.018(15) -0.017(15) -0.020(15) -0.025(15) -0.047(15)    15.0

Kendall tau between columns (first-move ranking):
                 v2b@1k    v2b@4k   v2b@16k deep8_@1k deep8_@4k deep8_@16k deep10@1k deep10@4k deep10@16k
  v2b@1k           1.00      0.92      0.92      0.89      0.90      0.92      0.90      0.90      0.96
  v2b@4k           0.92      1.00      1.00      0.85      0.87      0.92      0.87      0.90      0.96
  v2b@16k          0.92      1.00      1.00      0.85      0.87      0.92      0.87      0.90      0.96
  deep8_@1k        0.89      0.85      0.85      1.00      0.98      0.89      0.98      0.94      0.89
  deep8_@4k        0.90      0.87      0.87      0.98      1.00      0.90      0.96      0.96      0.90
  deep8_@16k       0.92      0.92      0.92      0.89      0.90      1.00      0.90      0.94      0.96
  deep10@1k        0.90      0.87      0.87      0.98      0.96      0.90      1.00      0.96      0.90
  deep10@4k        0.90      0.90      0.90      0.94      0.96      0.94      0.96      1.00      0.94
  deep10@16k       0.96      0.96      0.96      0.89      0.90      0.96      0.90      0.94      1.00

best first move per column: [40, 40, 40, 40, 40, 40, 40, 40, 40]  (stable: True)

Replies: best reply class (X's value after it, lower = better for O) per first move and column;
agreement = share of columns choosing the same best reply as the strongest net at the largest budget
  after [ 0] (5 reply classes): v2b@1k: 1(+0.23)  v2b@4k: 1(+0.23)  v2b@16k: 5(+0.21)  deep8_@1k: 1(+0.28)  deep8_@4k: 1(+0.29)  deep8_@16k: 1(+0.28)  deep10@1k: 2(+0.27)  deep10@4k: 2(+0.28)  deep10@16k: 1(+0.28)   agreement 0.67
  after [ 1] (9 reply classes): v2b@1k:14(+0.11)  v2b@4k:12(+0.10)  v2b@16k:12(+0.10)  deep8_@1k:10(+0.13)  deep8_@4k:10(+0.13)  deep8_@16k:10(+0.13)  deep10@1k:10(+0.13)  deep10@4k:10(+0.13)  deep10@16k:10(+0.13)   agreement 0.67
  after [ 2] (9 reply classes): v2b@1k:20(+0.15)  v2b@4k:18(+0.15)  v2b@16k:18(+0.14)  deep8_@1k:20(+0.15)  deep8_@4k:20(+0.16)  deep8_@16k:20(+0.17)  deep10@1k:21(+0.18)  deep10@4k:21(+0.18)  deep10@16k:21(+0.18)   agreement 0.33
  after [ 4] (6 reply classes): v2b@1k:36(+0.13)  v2b@4k:36(+0.11)  v2b@16k:36(+0.12)  deep8_@1k:40(+0.21)  deep8_@4k:40(+0.20)  deep8_@16k:40(+0.18)  deep10@1k:40(+0.20)  deep10@4k:40(+0.19)  deep10@16k:40(+0.16)   agreement 0.67
  after [ 5] (9 reply classes): v2b@1k:45(+0.14)  v2b@4k:46(+0.14)  v2b@16k:46(+0.14)  deep8_@1k:45(+0.20)  deep8_@4k:45(+0.21)  deep8_@16k:45(+0.21)  deep10@1k:45(+0.18)  deep10@4k:45(+0.19)  deep10@16k:45(+0.19)   agreement 0.78
  after [ 8] (6 reply classes): v2b@1k:80(+0.15)  v2b@4k:72(+0.15)  v2b@16k:72(+0.14)  deep8_@1k:80(+0.19)  deep8_@4k:73(+0.20)  deep8_@16k:73(+0.19)  deep10@1k:73(+0.19)  deep10@4k:73(+0.19)  deep10@16k:73(+0.20)   agreement 0.56
  after [ 9] (9 reply classes): v2b@1k: 0(+0.05)  v2b@4k: 0(+0.06)  v2b@16k: 0(+0.05)  deep8_@1k: 5(+0.05)  deep8_@4k: 5(+0.06)  deep8_@16k: 0(+0.07)  deep10@1k: 5(+0.03)  deep10@4k: 5(+0.04)  deep10@16k: 5(+0.04)   agreement 0.56
  after [10] (5 reply classes): v2b@1k:12(+0.15)  v2b@4k:12(+0.14)  v2b@16k:12(+0.13)  deep8_@1k:12(+0.20)  deep8_@4k:16(+0.20)  deep8_@16k:16(+0.18)  deep10@1k:16(+0.19)  deep10@4k:16(+0.18)  deep10@16k:16(+0.18)   agreement 0.56
  after [12] (9 reply classes): v2b@1k:30(+0.10)  v2b@4k:30(+0.10)  v2b@16k:30(+0.10)  deep8_@1k:30(+0.11)  deep8_@4k:30(+0.12)  deep8_@16k:30(+0.12)  deep10@1k:30(+0.12)  deep10@4k:28(+0.11)  deep10@16k:28(+0.11)   agreement 0.22
  after [13] (6 reply classes): v2b@1k:40(-0.05)  v2b@4k:40(-0.05)  v2b@16k:40(-0.04)  deep8_@1k:40(-0.00)  deep8_@4k:40(-0.02)  deep8_@16k:40(-0.02)  deep10@1k:40(-0.02)  deep10@4k:40(-0.02)  deep10@16k:40(-0.05)   agreement 1.00
  after [15] (9 reply classes): v2b@1k:60(+0.07)  v2b@4k:60(+0.07)  v2b@16k:60(+0.07)  deep8_@1k:60(+0.10)  deep8_@4k:60(+0.10)  deep8_@16k:55(+0.11)  deep10@1k:55(+0.08)  deep10@4k:60(+0.08)  deep10@16k:55(+0.08)   agreement 0.33
  after [16] (6 reply classes): v2b@1k:70(+0.08)  v2b@4k:70(+0.08)  v2b@16k:70(+0.07)  deep8_@1k:66(+0.11)  deep8_@4k:70(+0.11)  deep8_@16k:70(+0.10)  deep10@1k:66(+0.09)  deep10@4k:70(+0.10)  deep10@16k:70(+0.10)   agreement 0.78
  after [36] (6 reply classes): v2b@1k: 4(+0.25)  v2b@4k: 4(+0.25)  v2b@16k: 4(+0.25)  deep8_@1k: 4(+0.31)  deep8_@4k: 4(+0.31)  deep8_@16k: 4(+0.31)  deep10@1k: 4(+0.33)  deep10@4k: 4(+0.33)  deep10@16k: 4(+0.33)   agreement 1.00
  after [37] (6 reply classes): v2b@1k:12(+0.19)  v2b@4k:12(+0.20)  v2b@16k:12(+0.20)  deep8_@1k:10(+0.29)  deep8_@4k:10(+0.29)  deep8_@16k:10(+0.29)  deep10@1k:10(+0.26)  deep10@4k:10(+0.26)  deep10@16k:10(+0.26)   agreement 0.67
  after [40] (2 reply classes): v2b@1k:37(+0.35)  v2b@4k:37(+0.35)  v2b@16k:37(+0.36)  deep8_@1k:37(+0.45)  deep8_@4k:37(+0.45)  deep8_@16k:37(+0.45)  deep10@1k:37(+0.44)  deep10@4k:37(+0.44)  deep10@16k:37(+0.44)   agreement 1.00
mean best-reply agreement with deep10_c1_300@16384: 0.65
wrote runs/plan5_A1_atlas.json  [992s]
