runs/probe_data_deep10late.npz: 60000 positions (50000 train / 10000 test), 47 labels; 17 nets x 10 layers; probe hidden=0
  net_0000 input    free_move 0.976  threats_for 0.571  count_margin 1.000  final_own_4 0.600  best_move_ply2 0.245  exact_value 0.614  (18s)
  net_0000 stem     free_move 0.985  threats_for 0.686  count_margin 0.995  final_own_4 0.616  best_move_ply2 0.383  exact_value 0.615  (37s)
  net_0000 block01  free_move 0.986  threats_for 0.691  count_margin 0.994  final_own_4 0.618  best_move_ply2 0.387  exact_value 0.611  (58s)
  net_0000 block02  free_move 0.985  threats_for 0.695  count_margin 0.993  final_own_4 0.616  best_move_ply2 0.384  exact_value 0.628  (78s)
  net_0000 block03  free_move 0.985  threats_for 0.696  count_margin 0.993  final_own_4 0.621  best_move_ply2 0.389  exact_value 0.631  (99s)
  net_0000 block04  free_move 0.985  threats_for 0.699  count_margin 0.993  final_own_4 0.620  best_move_ply2 0.389  exact_value 0.644  (120s)
  net_0000 block05  free_move 0.984  threats_for 0.701  count_margin 0.991  final_own_4 0.617  best_move_ply2 0.390  exact_value 0.645  (142s)
  net_0000 block06  free_move 0.985  threats_for 0.700  count_margin 0.991  final_own_4 0.616  best_move_ply2 0.393  exact_value 0.642  (164s)
  net_0000 block07  free_move 0.985  threats_for 0.701  count_margin 0.991  final_own_4 0.614  best_move_ply2 0.391  exact_value 0.639  (184s)
  net_0000 block08  free_move 0.983  threats_for 0.702  count_margin 0.990  final_own_4 0.615  best_move_ply2 0.389  exact_value 0.643  (206s)
  net_0010 input    free_move 0.976  threats_for 0.571  count_margin 1.000  final_own_4 0.600  best_move_ply2 0.245  exact_value 0.614  (221s)
  net_0010 stem     free_move 0.986  threats_for 0.704  count_margin 0.995  final_own_4 0.617  best_move_ply2 0.386  exact_value 0.642  (240s)
  net_0010 block01  free_move 0.987  threats_for 0.712  count_margin 0.993  final_own_4 0.620  best_move_ply2 0.402  exact_value 0.650  (259s)
  net_0010 block02  free_move 0.990  threats_for 0.733  count_margin 0.991  final_own_4 0.619  best_move_ply2 0.406  exact_value 0.651  (277s)
  net_0010 block03  free_move 0.991  threats_for 0.744  count_margin 0.988  final_own_4 0.622  best_move_ply2 0.404  exact_value 0.678  (295s)
  net_0010 block04  free_move 0.992  threats_for 0.754  count_margin 0.984  final_own_4 0.620  best_move_ply2 0.406  exact_value 0.674  (314s)
  net_0010 block05  free_move 0.993  threats_for 0.755  count_margin 0.981  final_own_4 0.622  best_move_ply2 0.403  exact_value 0.669  (334s)
  net_0010 block06  free_move 0.994  threats_for 0.763  count_margin 0.980  final_own_4 0.619  best_move_ply2 0.401  exact_value 0.677  (355s)
  net_0010 block07  free_move 0.993  threats_for 0.760  count_margin 0.979  final_own_4 0.621  best_move_ply2 0.396  exact_value 0.692  (373s)
  net_0010 block08  free_move 0.993  threats_for 0.762  count_margin 0.975  final_own_4 0.620  best_move_ply2 0.391  exact_value 0.694  (391s)
  net_0020 input    free_move 0.976  threats_for 0.571  count_margin 1.000  final_own_4 0.600  best_move_ply2 0.245  exact_value 0.614  (405s)
  net_0020 stem     free_move 0.988  threats_for 0.705  count_margin 0.995  final_own_4 0.621  best_move_ply2 0.386  exact_value 0.650  (423s)
  net_0020 block01  free_move 0.989  threats_for 0.704  count_margin 0.990  final_own_4 0.623  best_move_ply2 0.403  exact_value 0.650  (441s)
  net_0020 block02  free_move 0.992  threats_for 0.723  count_margin 0.989  final_own_4 0.619  best_move_ply2 0.407  exact_value 0.680  (462s)
  net_0020 block03  free_move 0.992  threats_for 0.747  count_margin 0.986  final_own_4 0.618  best_move_ply2 0.409  exact_value 0.688  (483s)
  net_0020 block04  free_move 0.994  threats_for 0.763  count_margin 0.983  final_own_4 0.620  best_move_ply2 0.407  exact_value 0.705  (504s)
  net_0020 block05  free_move 0.994  threats_for 0.768  count_margin 0.980  final_own_4 0.620  best_move_ply2 0.406  exact_value 0.726  (524s)
  net_0020 block06  free_move 0.994  threats_for 0.782  count_margin 0.982  final_own_4 0.623  best_move_ply2 0.407  exact_value 0.715  (544s)
  net_0020 block07  free_move 0.995  threats_for 0.783  count_margin 0.981  final_own_4 0.621  best_move_ply2 0.405  exact_value 0.736  (565s)
  net_0020 block08  free_move 0.995  threats_for 0.777  count_margin 0.978  final_own_4 0.623  best_move_ply2 0.402  exact_value 0.746  (584s)
  net_0040 input    free_move 0.976  threats_for 0.571  count_margin 1.000  final_own_4 0.600  best_move_ply2 0.245  exact_value 0.614  (600s)
  net_0040 stem     free_move 0.988  threats_for 0.711  count_margin 0.995  final_own_4 0.622  best_move_ply2 0.382  exact_value 0.645  (622s)
  net_0040 block01  free_move 0.990  threats_for 0.708  count_margin 0.989  final_own_4 0.622  best_move_ply2 0.403  exact_value 0.669  (642s)
  net_0040 block02  free_move 0.994  threats_for 0.730  count_margin 0.990  final_own_4 0.620  best_move_ply2 0.409  exact_value 0.660  (663s)
  net_0040 block03  free_move 0.994  threats_for 0.759  count_margin 0.984  final_own_4 0.620  best_move_ply2 0.410  exact_value 0.682  (685s)
  net_0040 block04  free_move 0.996  threats_for 0.781  count_margin 0.983  final_own_4 0.622  best_move_ply2 0.409  exact_value 0.723  (706s)
  net_0040 block05  free_move 0.995  threats_for 0.795  count_margin 0.983  final_own_4 0.622  best_move_ply2 0.407  exact_value 0.749  (726s)
  net_0040 block06  free_move 0.995  threats_for 0.805  count_margin 0.983  final_own_4 0.624  best_move_ply2 0.407  exact_value 0.765  (746s)
  net_0040 block07  free_move 0.996  threats_for 0.801  count_margin 0.980  final_own_4 0.621  best_move_ply2 0.406  exact_value 0.774  (769s)
  net_0040 block08  free_move 0.996  threats_for 0.796  count_margin 0.979  final_own_4 0.622  best_move_ply2 0.404  exact_value 0.789  (791s)
  net_0060 input    free_move 0.976  threats_for 0.571  count_margin 1.000  final_own_4 0.600  best_move_ply2 0.245  exact_value 0.614  (808s)
  net_0060 stem     free_move 0.988  threats_for 0.711  count_margin 0.995  final_own_4 0.619  best_move_ply2 0.383  exact_value 0.651  (829s)
  net_0060 block01  free_move 0.991  threats_for 0.710  count_margin 0.989  final_own_4 0.622  best_move_ply2 0.404  exact_value 0.662  (847s)
  net_0060 block02  free_move 0.994  threats_for 0.733  count_margin 0.988  final_own_4 0.618  best_move_ply2 0.413  exact_value 0.667  (870s)
  net_0060 block03  free_move 0.994  threats_for 0.770  count_margin 0.985  final_own_4 0.620  best_move_ply2 0.410  exact_value 0.686  (889s)
  net_0060 block04  free_move 0.996  threats_for 0.799  count_margin 0.984  final_own_4 0.621  best_move_ply2 0.412  exact_value 0.725  (909s)
  net_0060 block05  free_move 0.996  threats_for 0.811  count_margin 0.981  final_own_4 0.623  best_move_ply2 0.411  exact_value 0.762  (929s)
  net_0060 block06  free_move 0.996  threats_for 0.822  count_margin 0.982  final_own_4 0.621  best_move_ply2 0.410  exact_value 0.782  (949s)
  net_0060 block07  free_move 0.996  threats_for 0.817  count_margin 0.981  final_own_4 0.620  best_move_ply2 0.412  exact_value 0.797  (969s)
  net_0060 block08  free_move 0.996  threats_for 0.810  count_margin 0.980  final_own_4 0.622  best_move_ply2 0.411  exact_value 0.806  (989s)
  net_0080 input    free_move 0.976  threats_for 0.571  count_margin 1.000  final_own_4 0.600  best_move_ply2 0.245  exact_value 0.614  (1004s)
  net_0080 stem     free_move 0.988  threats_for 0.711  count_margin 0.995  final_own_4 0.620  best_move_ply2 0.385  exact_value 0.655  (1024s)
  net_0080 block01  free_move 0.992  threats_for 0.706  count_margin 0.989  final_own_4 0.620  best_move_ply2 0.404  exact_value 0.659  (1043s)
  net_0080 block02  free_move 0.994  threats_for 0.734  count_margin 0.987  final_own_4 0.620  best_move_ply2 0.417  exact_value 0.670  (1063s)
  net_0080 block03  free_move 0.995  threats_for 0.776  count_margin 0.983  final_own_4 0.619  best_move_ply2 0.413  exact_value 0.687  (1083s)
  net_0080 block04  free_move 0.996  threats_for 0.810  count_margin 0.987  final_own_4 0.618  best_move_ply2 0.416  exact_value 0.734  (1103s)
  net_0080 block05  free_move 0.996  threats_for 0.823  count_margin 0.982  final_own_4 0.621  best_move_ply2 0.416  exact_value 0.772  (1123s)
  net_0080 block06  free_move 0.996  threats_for 0.831  count_margin 0.981  final_own_4 0.620  best_move_ply2 0.422  exact_value 0.799  (1143s)
  net_0080 block07  free_move 0.995  threats_for 0.829  count_margin 0.980  final_own_4 0.618  best_move_ply2 0.422  exact_value 0.819  (1163s)
  net_0080 block08  free_move 0.995  threats_for 0.822  count_margin 0.982  final_own_4 0.618  best_move_ply2 0.415  exact_value 0.817  (1183s)
  net_0100 input    free_move 0.976  threats_for 0.571  count_margin 1.000  final_own_4 0.600  best_move_ply2 0.245  exact_value 0.614  (1197s)
  net_0100 stem     free_move 0.989  threats_for 0.715  count_margin 0.995  final_own_4 0.620  best_move_ply2 0.386  exact_value 0.667  (1217s)
  net_0100 block01  free_move 0.993  threats_for 0.709  count_margin 0.988  final_own_4 0.619  best_move_ply2 0.405  exact_value 0.676  (1237s)
  net_0100 block02  free_move 0.994  threats_for 0.743  count_margin 0.987  final_own_4 0.617  best_move_ply2 0.416  exact_value 0.672  (1257s)
  net_0100 block03  free_move 0.996  threats_for 0.790  count_margin 0.983  final_own_4 0.621  best_move_ply2 0.413  exact_value 0.682  (1277s)
  net_0100 block04  free_move 0.996  threats_for 0.824  count_margin 0.985  final_own_4 0.618  best_move_ply2 0.416  exact_value 0.753  (1297s)
  net_0100 block05  free_move 0.996  threats_for 0.831  count_margin 0.984  final_own_4 0.621  best_move_ply2 0.421  exact_value 0.786  (1318s)
  net_0100 block06  free_move 0.997  threats_for 0.833  count_margin 0.979  final_own_4 0.617  best_move_ply2 0.420  exact_value 0.807  (1338s)
  net_0100 block07  free_move 0.996  threats_for 0.828  count_margin 0.979  final_own_4 0.616  best_move_ply2 0.422  exact_value 0.822  (1359s)
  net_0100 block08  free_move 0.996  threats_for 0.817  count_margin 0.982  final_own_4 0.619  best_move_ply2 0.419  exact_value 0.829  (1378s)
  net_0120 input    free_move 0.976  threats_for 0.571  count_margin 1.000  final_own_4 0.600  best_move_ply2 0.245  exact_value 0.614  (1393s)
  net_0120 stem     free_move 0.990  threats_for 0.716  count_margin 0.995  final_own_4 0.621  best_move_ply2 0.387  exact_value 0.666  (1413s)
  net_0120 block01  free_move 0.992  threats_for 0.713  count_margin 0.989  final_own_4 0.624  best_move_ply2 0.409  exact_value 0.664  (1433s)
  net_0120 block02  free_move 0.995  threats_for 0.751  count_margin 0.988  final_own_4 0.616  best_move_ply2 0.421  exact_value 0.678  (1453s)
  net_0120 block03  free_move 0.996  threats_for 0.790  count_margin 0.984  final_own_4 0.619  best_move_ply2 0.416  exact_value 0.714  (1473s)
  net_0120 block04  free_move 0.995  threats_for 0.823  count_margin 0.985  final_own_4 0.618  best_move_ply2 0.418  exact_value 0.758  (1493s)
  net_0120 block05  free_move 0.996  threats_for 0.831  count_margin 0.982  final_own_4 0.624  best_move_ply2 0.421  exact_value 0.794  (1513s)
  net_0120 block06  free_move 0.996  threats_for 0.830  count_margin 0.980  final_own_4 0.621  best_move_ply2 0.422  exact_value 0.813  (1533s)
  net_0120 block07  free_move 0.996  threats_for 0.827  count_margin 0.978  final_own_4 0.619  best_move_ply2 0.426  exact_value 0.830  (1553s)
  net_0120 block08  free_move 0.996  threats_for 0.815  count_margin 0.977  final_own_4 0.622  best_move_ply2 0.421  exact_value 0.842  (1573s)
  net_0140 input    free_move 0.976  threats_for 0.571  count_margin 1.000  final_own_4 0.600  best_move_ply2 0.245  exact_value 0.614  (1588s)
  net_0140 stem     free_move 0.989  threats_for 0.715  count_margin 0.995  final_own_4 0.618  best_move_ply2 0.388  exact_value 0.657  (1608s)
  net_0140 block01  free_move 0.992  threats_for 0.715  count_margin 0.989  final_own_4 0.621  best_move_ply2 0.408  exact_value 0.664  (1628s)
  net_0140 block02  free_move 0.995  threats_for 0.749  count_margin 0.987  final_own_4 0.616  best_move_ply2 0.420  exact_value 0.677  (1648s)
  net_0140 block03  free_move 0.995  threats_for 0.795  count_margin 0.983  final_own_4 0.619  best_move_ply2 0.419  exact_value 0.704  (1668s)
  net_0140 block04  free_move 0.996  threats_for 0.831  count_margin 0.985  final_own_4 0.623  best_move_ply2 0.418  exact_value 0.755  (1688s)
  net_0140 block05  free_move 0.996  threats_for 0.837  count_margin 0.984  final_own_4 0.622  best_move_ply2 0.424  exact_value 0.810  (1708s)
  net_0140 block06  free_move 0.997  threats_for 0.844  count_margin 0.979  final_own_4 0.622  best_move_ply2 0.429  exact_value 0.823  (1728s)
  net_0140 block07  free_move 0.995  threats_for 0.841  count_margin 0.975  final_own_4 0.621  best_move_ply2 0.430  exact_value 0.836  (1749s)
  net_0140 block08  free_move 0.996  threats_for 0.829  count_margin 0.975  final_own_4 0.622  best_move_ply2 0.428  exact_value 0.848  (1768s)
  net_0160 input    free_move 0.976  threats_for 0.571  count_margin 1.000  final_own_4 0.600  best_move_ply2 0.245  exact_value 0.614  (1783s)
  net_0160 stem     free_move 0.990  threats_for 0.714  count_margin 0.995  final_own_4 0.622  best_move_ply2 0.386  exact_value 0.667  (1803s)
  net_0160 block01  free_move 0.993  threats_for 0.714  count_margin 0.990  final_own_4 0.619  best_move_ply2 0.409  exact_value 0.678  (1823s)
  net_0160 block02  free_move 0.995  threats_for 0.756  count_margin 0.988  final_own_4 0.613  best_move_ply2 0.422  exact_value 0.689  (1843s)
  net_0160 block03  free_move 0.995  threats_for 0.800  count_margin 0.984  final_own_4 0.621  best_move_ply2 0.422  exact_value 0.715  (1863s)
  net_0160 block04  free_move 0.996  threats_for 0.835  count_margin 0.985  final_own_4 0.618  best_move_ply2 0.421  exact_value 0.770  (1883s)
  net_0160 block05  free_move 0.996  threats_for 0.848  count_margin 0.982  final_own_4 0.622  best_move_ply2 0.427  exact_value 0.817  (1903s)
  net_0160 block06  free_move 0.996  threats_for 0.853  count_margin 0.980  final_own_4 0.622  best_move_ply2 0.431  exact_value 0.831  (1923s)
  net_0160 block07  free_move 0.997  threats_for 0.846  count_margin 0.978  final_own_4 0.620  best_move_ply2 0.430  exact_value 0.856  (1944s)
  net_0160 block08  free_move 0.996  threats_for 0.837  count_margin 0.976  final_own_4 0.625  best_move_ply2 0.431  exact_value 0.864  (1965s)
  net_0180 input    free_move 0.976  threats_for 0.571  count_margin 1.000  final_own_4 0.600  best_move_ply2 0.245  exact_value 0.614  (1981s)
  net_0180 stem     free_move 0.991  threats_for 0.714  count_margin 0.995  final_own_4 0.622  best_move_ply2 0.387  exact_value 0.675  (2002s)
  net_0180 block01  free_move 0.992  threats_for 0.712  count_margin 0.990  final_own_4 0.619  best_move_ply2 0.411  exact_value 0.664  (2023s)
  net_0180 block02  free_move 0.995  threats_for 0.752  count_margin 0.987  final_own_4 0.614  best_move_ply2 0.425  exact_value 0.680  (2043s)
  net_0180 block03  free_move 0.994  threats_for 0.802  count_margin 0.983  final_own_4 0.621  best_move_ply2 0.420  exact_value 0.704  (2064s)
  net_0180 block04  free_move 0.995  threats_for 0.837  count_margin 0.987  final_own_4 0.623  best_move_ply2 0.424  exact_value 0.759  (2083s)
  net_0180 block05  free_move 0.996  threats_for 0.843  count_margin 0.981  final_own_4 0.620  best_move_ply2 0.428  exact_value 0.803  (2105s)
  net_0180 block06  free_move 0.998  threats_for 0.845  count_margin 0.978  final_own_4 0.619  best_move_ply2 0.430  exact_value 0.832  (2125s)
  net_0180 block07  free_move 0.997  threats_for 0.838  count_margin 0.973  final_own_4 0.622  best_move_ply2 0.436  exact_value 0.848  (2146s)
  net_0180 block08  free_move 0.996  threats_for 0.821  count_margin 0.972  final_own_4 0.628  best_move_ply2 0.432  exact_value 0.872  (2166s)
  net_0200 input    free_move 0.976  threats_for 0.571  count_margin 1.000  final_own_4 0.600  best_move_ply2 0.245  exact_value 0.614  (2181s)
  net_0200 stem     free_move 0.991  threats_for 0.719  count_margin 0.995  final_own_4 0.621  best_move_ply2 0.387  exact_value 0.659  (2201s)
  net_0200 block01  free_move 0.993  threats_for 0.714  count_margin 0.990  final_own_4 0.620  best_move_ply2 0.412  exact_value 0.656  (2222s)
  net_0200 block02  free_move 0.994  threats_for 0.756  count_margin 0.987  final_own_4 0.614  best_move_ply2 0.424  exact_value 0.697  (2241s)
  net_0200 block03  free_move 0.996  threats_for 0.799  count_margin 0.984  final_own_4 0.621  best_move_ply2 0.421  exact_value 0.717  (2263s)
  net_0200 block04  free_move 0.996  threats_for 0.837  count_margin 0.986  final_own_4 0.625  best_move_ply2 0.421  exact_value 0.764  (2283s)
  net_0200 block05  free_move 0.995  threats_for 0.839  count_margin 0.983  final_own_4 0.621  best_move_ply2 0.428  exact_value 0.809  (2303s)
  net_0200 block06  free_move 0.997  threats_for 0.844  count_margin 0.981  final_own_4 0.623  best_move_ply2 0.431  exact_value 0.824  (2322s)
  net_0200 block07  free_move 0.997  threats_for 0.842  count_margin 0.978  final_own_4 0.625  best_move_ply2 0.435  exact_value 0.846  (2341s)
  net_0200 block08  free_move 0.996  threats_for 0.824  count_margin 0.975  final_own_4 0.621  best_move_ply2 0.433  exact_value 0.866  (2360s)
  net_0220 input    free_move 0.976  threats_for 0.571  count_margin 1.000  final_own_4 0.600  best_move_ply2 0.245  exact_value 0.614  (2375s)
  net_0220 stem     free_move 0.990  threats_for 0.719  count_margin 0.995  final_own_4 0.623  best_move_ply2 0.388  exact_value 0.665  (2395s)
  net_0220 block01  free_move 0.992  threats_for 0.711  count_margin 0.990  final_own_4 0.619  best_move_ply2 0.411  exact_value 0.660  (2414s)
  net_0220 block02  free_move 0.995  threats_for 0.761  count_margin 0.987  final_own_4 0.615  best_move_ply2 0.425  exact_value 0.677  (2434s)
  net_0220 block03  free_move 0.996  threats_for 0.803  count_margin 0.984  final_own_4 0.623  best_move_ply2 0.418  exact_value 0.716  (2453s)
  net_0220 block04  free_move 0.996  threats_for 0.841  count_margin 0.985  final_own_4 0.620  best_move_ply2 0.423  exact_value 0.751  (2472s)
  net_0220 block05  free_move 0.996  threats_for 0.841  count_margin 0.986  final_own_4 0.620  best_move_ply2 0.430  exact_value 0.809  (2492s)
  net_0220 block06  free_move 0.997  threats_for 0.845  count_margin 0.983  final_own_4 0.627  best_move_ply2 0.434  exact_value 0.826  (2513s)
  net_0220 block07  free_move 0.997  threats_for 0.842  count_margin 0.978  final_own_4 0.624  best_move_ply2 0.437  exact_value 0.860  (2532s)
  net_0220 block08  free_move 0.997  threats_for 0.820  count_margin 0.974  final_own_4 0.626  best_move_ply2 0.434  exact_value 0.886  (2552s)
  net_0240 input    free_move 0.976  threats_for 0.571  count_margin 1.000  final_own_4 0.600  best_move_ply2 0.245  exact_value 0.614  (2567s)
  net_0240 stem     free_move 0.990  threats_for 0.718  count_margin 0.995  final_own_4 0.621  best_move_ply2 0.387  exact_value 0.663  (2587s)
  net_0240 block01  free_move 0.992  threats_for 0.709  count_margin 0.990  final_own_4 0.621  best_move_ply2 0.410  exact_value 0.669  (2606s)
  net_0240 block02  free_move 0.995  threats_for 0.757  count_margin 0.987  final_own_4 0.615  best_move_ply2 0.422  exact_value 0.668  (2626s)
  net_0240 block03  free_move 0.995  threats_for 0.805  count_margin 0.984  final_own_4 0.623  best_move_ply2 0.417  exact_value 0.714  (2645s)
  net_0240 block04  free_move 0.995  threats_for 0.843  count_margin 0.985  final_own_4 0.623  best_move_ply2 0.422  exact_value 0.757  (2666s)
  net_0240 block05  free_move 0.996  threats_for 0.843  count_margin 0.984  final_own_4 0.622  best_move_ply2 0.429  exact_value 0.812  (2685s)
  net_0240 block06  free_move 0.997  threats_for 0.847  count_margin 0.981  final_own_4 0.626  best_move_ply2 0.435  exact_value 0.831  (2705s)
  net_0240 block07  free_move 0.996  threats_for 0.843  count_margin 0.976  final_own_4 0.629  best_move_ply2 0.439  exact_value 0.858  (2725s)
  net_0240 block08  free_move 0.997  threats_for 0.822  count_margin 0.972  final_own_4 0.625  best_move_ply2 0.437  exact_value 0.892  (2745s)
  net_0260 input    free_move 0.976  threats_for 0.571  count_margin 1.000  final_own_4 0.600  best_move_ply2 0.245  exact_value 0.614  (2759s)
  net_0260 stem     free_move 0.990  threats_for 0.719  count_margin 0.995  final_own_4 0.621  best_move_ply2 0.387  exact_value 0.657  (2779s)
  net_0260 block01  free_move 0.992  threats_for 0.710  count_margin 0.990  final_own_4 0.622  best_move_ply2 0.410  exact_value 0.669  (2798s)
  net_0260 block02  free_move 0.995  threats_for 0.758  count_margin 0.988  final_own_4 0.615  best_move_ply2 0.422  exact_value 0.670  (2818s)
  net_0260 block03  free_move 0.995  threats_for 0.807  count_margin 0.984  final_own_4 0.621  best_move_ply2 0.419  exact_value 0.710  (2838s)
  net_0260 block04  free_move 0.996  threats_for 0.842  count_margin 0.986  final_own_4 0.624  best_move_ply2 0.422  exact_value 0.764  (2857s)
  net_0260 block05  free_move 0.996  threats_for 0.843  count_margin 0.983  final_own_4 0.621  best_move_ply2 0.430  exact_value 0.814  (2876s)
  net_0260 block06  free_move 0.997  threats_for 0.847  count_margin 0.980  final_own_4 0.627  best_move_ply2 0.437  exact_value 0.834  (2898s)
  net_0260 block07  free_move 0.997  threats_for 0.844  count_margin 0.976  final_own_4 0.629  best_move_ply2 0.440  exact_value 0.859  (2917s)
  net_0260 block08  free_move 0.997  threats_for 0.822  count_margin 0.971  final_own_4 0.625  best_move_ply2 0.436  exact_value 0.885  (2937s)
  net_0280 input    free_move 0.976  threats_for 0.571  count_margin 1.000  final_own_4 0.600  best_move_ply2 0.245  exact_value 0.614  (2952s)
  net_0280 stem     free_move 0.991  threats_for 0.719  count_margin 0.995  final_own_4 0.625  best_move_ply2 0.388  exact_value 0.665  (2971s)
  net_0280 block01  free_move 0.992  threats_for 0.715  count_margin 0.990  final_own_4 0.620  best_move_ply2 0.409  exact_value 0.674  (2991s)
  net_0280 block02  free_move 0.995  threats_for 0.760  count_margin 0.988  final_own_4 0.619  best_move_ply2 0.425  exact_value 0.682  (3011s)
  net_0280 block03  free_move 0.995  threats_for 0.806  count_margin 0.984  final_own_4 0.624  best_move_ply2 0.420  exact_value 0.713  (3030s)
  net_0280 block04  free_move 0.996  threats_for 0.840  count_margin 0.985  final_own_4 0.625  best_move_ply2 0.424  exact_value 0.754  (3050s)
  net_0280 block05  free_move 0.996  threats_for 0.842  count_margin 0.985  final_own_4 0.623  best_move_ply2 0.432  exact_value 0.813  (3069s)
  net_0280 block06  free_move 0.997  threats_for 0.843  count_margin 0.981  final_own_4 0.626  best_move_ply2 0.436  exact_value 0.825  (3089s)
  net_0280 block07  free_move 0.997  threats_for 0.839  count_margin 0.976  final_own_4 0.629  best_move_ply2 0.438  exact_value 0.857  (3108s)
  net_0280 block08  free_move 0.997  threats_for 0.817  count_margin 0.971  final_own_4 0.625  best_move_ply2 0.436  exact_value 0.884  (3129s)
  net_0300 input    free_move 0.976  threats_for 0.571  count_margin 1.000  final_own_4 0.600  best_move_ply2 0.245  exact_value 0.614  (3145s)
  net_0300 stem     free_move 0.991  threats_for 0.719  count_margin 0.995  final_own_4 0.625  best_move_ply2 0.388  exact_value 0.664  (3164s)
  net_0300 block01  free_move 0.992  threats_for 0.714  count_margin 0.990  final_own_4 0.619  best_move_ply2 0.410  exact_value 0.676  (3184s)
  net_0300 block02  free_move 0.995  threats_for 0.760  count_margin 0.988  final_own_4 0.620  best_move_ply2 0.425  exact_value 0.677  (3203s)
  net_0300 block03  free_move 0.995  threats_for 0.807  count_margin 0.984  final_own_4 0.626  best_move_ply2 0.419  exact_value 0.704  (3222s)
  net_0300 block04  free_move 0.996  threats_for 0.840  count_margin 0.985  final_own_4 0.627  best_move_ply2 0.422  exact_value 0.758  (3242s)
  net_0300 block05  free_move 0.996  threats_for 0.842  count_margin 0.984  final_own_4 0.626  best_move_ply2 0.432  exact_value 0.819  (3262s)
  net_0300 block06  free_move 0.997  threats_for 0.844  count_margin 0.980  final_own_4 0.626  best_move_ply2 0.435  exact_value 0.831  (3281s)
  net_0300 block07  free_move 0.997  threats_for 0.839  count_margin 0.975  final_own_4 0.631  best_move_ply2 0.439  exact_value 0.861  (3300s)
  net_0300 block08  free_move 0.997  threats_for 0.818  count_margin 0.970  final_own_4 0.625  best_move_ply2 0.437  exact_value 0.893  (3320s)
wrote runs/deep8_c1_300\probes.json  [3320s]
