runs/deep10_c1_300_s1: 30 checkpoints; 20000 held-out positions from 20 files of runs/deep8_c1_300; endgame set endgame_v1 (3000)
  net_0010: vs deep10_c1_300_net_0300  3.6 vs deep8_c1_300_net_0300  1.9 vs v2b_net_0150  7.8 | endgame WDL 52.3 draws 8.0 regret 0.229 | first move [21] top1 0.04 H 6.05b | H by ply 3.24 2.80 2.43 2.08 1.80 | D4 JS 0.055b vstd 0.089  (12s)
  net_0020: vs deep10_c1_300_net_0300  7.4 vs deep8_c1_300_net_0300 12.2 vs v2b_net_0150 24.5 | endgame WDL 66.4 draws 43.4 regret 0.148 | first move [40] top1 0.68 H 2.63b | H by ply 2.30 2.31 2.05 1.79 1.64 | D4 JS 0.065b vstd 0.084  (13s)
  net_0030: vs deep10_c1_300_net_0300 12.3 vs deep8_c1_300_net_0300 12.3 vs v2b_net_0150 34.0 | endgame WDL 67.0 draws 39.2 regret 0.108 | first move [40] top1 0.92 H 0.67b | H by ply 2.07 2.15 1.82 1.54 1.43 | D4 JS 0.060b vstd 0.079  (15s)
  net_0040: vs deep10_c1_300_net_0300 16.4 vs deep8_c1_300_net_0300 16.2 vs v2b_net_0150 41.2 | endgame WDL 69.6 draws 40.5 regret 0.093 | first move [40] top1 0.90 H 0.77b | H by ply 1.58 1.77 1.68 1.55 1.51 | D4 JS 0.062b vstd 0.075  (17s)
  net_0050: vs deep10_c1_300_net_0300 16.2 vs deep8_c1_300_net_0300 18.6 vs v2b_net_0150 39.4 | endgame WDL 68.1 draws 36.4 regret 0.085 | first move [40] top1 0.92 H 0.81b | H by ply 1.80 1.94 1.79 1.54 1.47 | D4 JS 0.050b vstd 0.069  (19s)
  net_0060: vs deep10_c1_300_net_0300 20.9 vs deep8_c1_300_net_0300 17.2 vs v2b_net_0150 44.9 | endgame WDL 70.4 draws 39.9 regret 0.085 | first move [40] top1 0.96 H 0.44b | H by ply 2.04 1.96 1.72 1.50 1.43 | D4 JS 0.052b vstd 0.068  (20s)
  net_0070: vs deep10_c1_300_net_0300 17.5 vs deep8_c1_300_net_0300 18.8 vs v2b_net_0150 50.8 | endgame WDL 72.0 draws 45.5 regret 0.079 | first move [40] top1 0.89 H 1.00b | H by ply 2.07 1.87 1.71 1.62 1.51 | D4 JS 0.054b vstd 0.070  (22s)
  net_0080: vs deep10_c1_300_net_0300 22.3 vs deep8_c1_300_net_0300 23.7 vs v2b_net_0150 53.1 | endgame WDL 69.8 draws 37.0 regret 0.084 | first move [40] top1 0.94 H 0.55b | H by ply 1.98 1.90 1.71 1.62 1.52 | D4 JS 0.050b vstd 0.069  (24s)
  net_0090: vs deep10_c1_300_net_0300 22.7 vs deep8_c1_300_net_0300 22.7 vs v2b_net_0150 51.4 | endgame WDL 74.3 draws 52.0 regret 0.073 | first move [40] top1 0.95 H 0.49b | H by ply 1.95 1.92 1.69 1.55 1.44 | D4 JS 0.055b vstd 0.070  (26s)
  net_0100: vs deep10_c1_300_net_0300 21.9 vs deep8_c1_300_net_0300 23.8 vs v2b_net_0150 51.7 | endgame WDL 69.5 draws 38.7 regret 0.073 | first move [40] top1 0.97 H 0.37b | H by ply 1.74 1.87 1.70 1.57 1.45 | D4 JS 0.050b vstd 0.073  (27s)
  net_0110: vs deep10_c1_300_net_0300 23.4 vs deep8_c1_300_net_0300 24.5 vs v2b_net_0150 58.2 | endgame WDL 76.5 draws 55.7 regret 0.079 | first move [40] top1 0.96 H 0.43b | H by ply 1.76 1.80 1.69 1.63 1.50 | D4 JS 0.054b vstd 0.075  (29s)
  net_0120: vs deep10_c1_300_net_0300 23.6 vs deep8_c1_300_net_0300 27.3 vs v2b_net_0150 57.3 | endgame WDL 72.6 draws 43.4 regret 0.074 | first move [40] top1 0.98 H 0.22b | H by ply 1.69 1.82 1.74 1.64 1.54 | D4 JS 0.053b vstd 0.077  (31s)
  net_0130: vs deep10_c1_300_net_0300 25.3 vs deep8_c1_300_net_0300 26.5 vs v2b_net_0150 56.5 | endgame WDL 75.7 draws 57.8 regret 0.074 | first move [40] top1 0.90 H 0.97b | H by ply 2.13 1.94 1.74 1.59 1.47 | D4 JS 0.056b vstd 0.072  (33s)
  net_0140: vs deep10_c1_300_net_0300 28.5 vs deep8_c1_300_net_0300 32.9 vs v2b_net_0150 63.5 | endgame WDL 74.3 draws 46.1 regret 0.063 | first move [40] top1 0.98 H 0.25b | H by ply 1.84 1.82 1.78 1.63 1.45 | D4 JS 0.054b vstd 0.075  (34s)
  net_0150: vs deep10_c1_300_net_0300 28.5 vs deep8_c1_300_net_0300 32.6 vs v2b_net_0150 61.1 | endgame WDL 76.7 draws 54.8 regret 0.063 | first move [40] top1 0.93 H 0.77b | H by ply 1.85 1.80 1.72 1.62 1.46 | D4 JS 0.051b vstd 0.076  (36s)
  net_0160: vs deep10_c1_300_net_0300 28.6 vs deep8_c1_300_net_0300 31.2 vs v2b_net_0150 59.6 | endgame WDL 73.8 draws 46.4 regret 0.062 | first move [40] top1 0.88 H 1.15b | H by ply 2.02 1.85 1.78 1.63 1.45 | D4 JS 0.050b vstd 0.077  (38s)
  net_0170: vs deep10_c1_300_net_0300 33.4 vs deep8_c1_300_net_0300 37.6 vs v2b_net_0150 66.9 | endgame WDL 77.5 draws 54.7 regret 0.067 | first move [40] top1 0.95 H 0.53b | H by ply 2.01 1.85 1.77 1.64 1.46 | D4 JS 0.053b vstd 0.077  (40s)
  net_0180: vs deep10_c1_300_net_0300 37.3 vs deep8_c1_300_net_0300 34.0 vs v2b_net_0150 66.1 | endgame WDL 79.6 draws 61.8 regret 0.060 | first move [40] top1 0.98 H 0.30b | H by ply 2.04 1.86 1.69 1.59 1.42 | D4 JS 0.055b vstd 0.074  (42s)
  net_0190: vs deep10_c1_300_net_0300 35.3 vs deep8_c1_300_net_0300 36.5 vs v2b_net_0150 71.4 | endgame WDL 78.7 draws 57.3 regret 0.063 | first move [40] top1 0.96 H 0.45b | H by ply 1.70 1.63 1.66 1.61 1.45 | D4 JS 0.056b vstd 0.072  (43s)
  net_0200: vs deep10_c1_300_net_0300 33.7 vs deep8_c1_300_net_0300 36.6 vs v2b_net_0150 71.2 | endgame WDL 77.6 draws 52.5 regret 0.064 | first move [40] top1 0.95 H 0.51b | H by ply 1.84 1.84 1.73 1.62 1.48 | D4 JS 0.055b vstd 0.080  (45s)
  net_0210: vs deep10_c1_300_net_0300 40.4 vs deep8_c1_300_net_0300 45.3 vs v2b_net_0150 75.5 | endgame WDL 81.9 draws 62.6 regret 0.049 | first move [40] top1 1.00 H 0.06b | H by ply 1.38 1.50 1.59 1.56 1.42 | D4 JS 0.032b vstd 0.058  (47s)
  net_0220: vs deep10_c1_300_net_0300 42.7 vs deep8_c1_300_net_0300 46.6 vs v2b_net_0150 78.1 | endgame WDL 83.0 draws 65.9 regret 0.047 | first move [40] top1 0.99 H 0.08b | H by ply 1.34 1.45 1.58 1.57 1.41 | D4 JS 0.031b vstd 0.057  (49s)
  net_0230: vs deep10_c1_300_net_0300 40.4 vs deep8_c1_300_net_0300 43.4 vs v2b_net_0150 75.3 | endgame WDL 82.0 draws 63.9 regret 0.049 | first move [40] top1 0.98 H 0.22b | H by ply 1.36 1.46 1.60 1.57 1.41 | D4 JS 0.030b vstd 0.056  (51s)
  net_0240: vs deep10_c1_300_net_0300 45.7 vs deep8_c1_300_net_0300 47.1 vs v2b_net_0150 77.1 | endgame WDL 83.2 draws 66.7 regret 0.048 | first move [40] top1 0.99 H 0.15b | H by ply 1.27 1.47 1.59 1.57 1.42 | D4 JS 0.032b vstd 0.056  (52s)
  net_0250: vs deep10_c1_300_net_0300 45.6 vs deep8_c1_300_net_0300 41.9 vs v2b_net_0150 77.7 | endgame WDL 82.7 draws 65.3 regret 0.043 | first move [40] top1 0.97 H 0.36b | H by ply 1.27 1.44 1.58 1.56 1.42 | D4 JS 0.032b vstd 0.055  (54s)
  net_0260: vs deep10_c1_300_net_0300 47.2 vs deep8_c1_300_net_0300 51.0 vs v2b_net_0150 80.1 | endgame WDL 83.1 draws 65.6 regret 0.046 | first move [40] top1 0.97 H 0.31b | H by ply 1.28 1.41 1.58 1.56 1.40 | D4 JS 0.032b vstd 0.057  (56s)
  net_0270: vs deep10_c1_300_net_0300 46.2 vs deep8_c1_300_net_0300 49.9 vs v2b_net_0150 77.1 | endgame WDL 83.6 draws 68.3 regret 0.045 | first move [40] top1 0.96 H 0.40b | H by ply 1.50 1.46 1.56 1.56 1.42 | D4 JS 0.032b vstd 0.057  (58s)
  net_0280: vs deep10_c1_300_net_0300 44.7 vs deep8_c1_300_net_0300 50.2 vs v2b_net_0150 79.5 | endgame WDL 83.3 draws 67.2 regret 0.050 | first move [40] top1 0.98 H 0.19b | H by ply 1.44 1.42 1.58 1.56 1.40 | D4 JS 0.034b vstd 0.057  (60s)
  net_0290: vs deep10_c1_300_net_0300 48.4 vs deep8_c1_300_net_0300 50.6 vs v2b_net_0150 78.7 | endgame WDL 83.4 draws 67.7 regret 0.047 | first move [40] top1 0.97 H 0.29b | H by ply 1.27 1.39 1.58 1.57 1.42 | D4 JS 0.028b vstd 0.054  (61s)
  net_0300: vs deep10_c1_300_net_0300 48.5 vs deep8_c1_300_net_0300 50.1 vs v2b_net_0150 77.5 | endgame WDL 83.9 draws 68.3 regret 0.047 | first move [40] top1 0.97 H 0.29b | H by ply 1.28 1.37 1.57 1.57 1.42 | D4 JS 0.028b vstd 0.054  (63s)
wrote runs/deep10_c1_300_s1\timeline.json  [63s]
wrote runs/deep10_c1_300_s1\timeline.png
