runs/probe_data_deep8late.npz: 60000 positions (50000 train / 10000 test), 47 labels; 16 nets x 12 layers; probe hidden=0
  net_0000 input    free_move 0.971  threats_for 0.573  count_margin 1.000  final_own_4 0.603  best_move_ply2 0.195  exact_value 0.614  (17s)
  net_0000 stem     free_move 0.984  threats_for 0.663  count_margin 0.996  final_own_4 0.614  best_move_ply2 0.329  exact_value 0.634  (36s)
  net_0000 block01  free_move 0.984  threats_for 0.670  count_margin 0.995  final_own_4 0.612  best_move_ply2 0.333  exact_value 0.615  (56s)
  net_0000 block02  free_move 0.984  threats_for 0.677  count_margin 0.994  final_own_4 0.612  best_move_ply2 0.329  exact_value 0.631  (75s)
  net_0000 block03  free_move 0.984  threats_for 0.677  count_margin 0.995  final_own_4 0.614  best_move_ply2 0.332  exact_value 0.634  (93s)
  net_0000 block04  free_move 0.984  threats_for 0.682  count_margin 0.994  final_own_4 0.616  best_move_ply2 0.338  exact_value 0.621  (111s)
  net_0000 block05  free_move 0.985  threats_for 0.682  count_margin 0.992  final_own_4 0.614  best_move_ply2 0.337  exact_value 0.641  (130s)
  net_0000 block06  free_move 0.985  threats_for 0.682  count_margin 0.992  final_own_4 0.608  best_move_ply2 0.338  exact_value 0.643  (148s)
  net_0000 block07  free_move 0.984  threats_for 0.682  count_margin 0.992  final_own_4 0.611  best_move_ply2 0.336  exact_value 0.644  (166s)
  net_0000 block08  free_move 0.983  threats_for 0.685  count_margin 0.991  final_own_4 0.612  best_move_ply2 0.338  exact_value 0.636  (184s)
  net_0000 block09  free_move 0.984  threats_for 0.684  count_margin 0.991  final_own_4 0.609  best_move_ply2 0.340  exact_value 0.647  (203s)
  net_0000 block10  free_move 0.984  threats_for 0.681  count_margin 0.990  final_own_4 0.609  best_move_ply2 0.340  exact_value 0.645  (221s)
  net_0020 input    free_move 0.971  threats_for 0.573  count_margin 1.000  final_own_4 0.603  best_move_ply2 0.195  exact_value 0.614  (234s)
  net_0020 stem     free_move 0.986  threats_for 0.688  count_margin 0.996  final_own_4 0.614  best_move_ply2 0.331  exact_value 0.659  (252s)
  net_0020 block01  free_move 0.988  threats_for 0.690  count_margin 0.991  final_own_4 0.608  best_move_ply2 0.347  exact_value 0.664  (270s)
  net_0020 block02  free_move 0.990  threats_for 0.701  count_margin 0.988  final_own_4 0.611  best_move_ply2 0.350  exact_value 0.683  (288s)
  net_0020 block03  free_move 0.992  threats_for 0.718  count_margin 0.987  final_own_4 0.611  best_move_ply2 0.352  exact_value 0.677  (306s)
  net_0020 block04  free_move 0.993  threats_for 0.736  count_margin 0.985  final_own_4 0.605  best_move_ply2 0.353  exact_value 0.686  (325s)
  net_0020 block05  free_move 0.994  threats_for 0.752  count_margin 0.985  final_own_4 0.611  best_move_ply2 0.351  exact_value 0.722  (343s)
  net_0020 block06  free_move 0.994  threats_for 0.763  count_margin 0.983  final_own_4 0.608  best_move_ply2 0.348  exact_value 0.720  (361s)
  net_0020 block07  free_move 0.995  threats_for 0.770  count_margin 0.978  final_own_4 0.613  best_move_ply2 0.347  exact_value 0.725  (379s)
  net_0020 block08  free_move 0.995  threats_for 0.773  count_margin 0.974  final_own_4 0.609  best_move_ply2 0.344  exact_value 0.723  (397s)
  net_0020 block09  free_move 0.994  threats_for 0.775  count_margin 0.974  final_own_4 0.611  best_move_ply2 0.342  exact_value 0.728  (416s)
  net_0020 block10  free_move 0.994  threats_for 0.782  count_margin 0.973  final_own_4 0.610  best_move_ply2 0.340  exact_value 0.727  (434s)
  net_0040 input    free_move 0.971  threats_for 0.573  count_margin 1.000  final_own_4 0.603  best_move_ply2 0.195  exact_value 0.614  (447s)
  net_0040 stem     free_move 0.987  threats_for 0.691  count_margin 0.995  final_own_4 0.613  best_move_ply2 0.330  exact_value 0.658  (465s)
  net_0040 block01  free_move 0.990  threats_for 0.692  count_margin 0.991  final_own_4 0.611  best_move_ply2 0.348  exact_value 0.672  (483s)
  net_0040 block02  free_move 0.992  threats_for 0.707  count_margin 0.988  final_own_4 0.615  best_move_ply2 0.353  exact_value 0.677  (501s)
  net_0040 block03  free_move 0.995  threats_for 0.735  count_margin 0.987  final_own_4 0.608  best_move_ply2 0.351  exact_value 0.690  (520s)
  net_0040 block04  free_move 0.996  threats_for 0.758  count_margin 0.984  final_own_4 0.614  best_move_ply2 0.351  exact_value 0.711  (538s)
  net_0040 block05  free_move 0.996  threats_for 0.781  count_margin 0.981  final_own_4 0.611  best_move_ply2 0.354  exact_value 0.732  (556s)
  net_0040 block06  free_move 0.996  threats_for 0.798  count_margin 0.980  final_own_4 0.614  best_move_ply2 0.352  exact_value 0.759  (574s)
  net_0040 block07  free_move 0.995  threats_for 0.806  count_margin 0.979  final_own_4 0.617  best_move_ply2 0.352  exact_value 0.782  (592s)
  net_0040 block08  free_move 0.995  threats_for 0.804  count_margin 0.976  final_own_4 0.614  best_move_ply2 0.350  exact_value 0.790  (610s)
  net_0040 block09  free_move 0.995  threats_for 0.805  count_margin 0.976  final_own_4 0.616  best_move_ply2 0.347  exact_value 0.792  (629s)
  net_0040 block10  free_move 0.994  threats_for 0.800  count_margin 0.973  final_own_4 0.617  best_move_ply2 0.345  exact_value 0.787  (647s)
  net_0060 input    free_move 0.971  threats_for 0.573  count_margin 1.000  final_own_4 0.603  best_move_ply2 0.195  exact_value 0.614  (660s)
  net_0060 stem     free_move 0.988  threats_for 0.693  count_margin 0.995  final_own_4 0.611  best_move_ply2 0.331  exact_value 0.651  (678s)
  net_0060 block01  free_move 0.991  threats_for 0.696  count_margin 0.991  final_own_4 0.609  best_move_ply2 0.351  exact_value 0.659  (696s)
  net_0060 block02  free_move 0.993  threats_for 0.716  count_margin 0.989  final_own_4 0.614  best_move_ply2 0.355  exact_value 0.667  (714s)
  net_0060 block03  free_move 0.996  threats_for 0.749  count_margin 0.988  final_own_4 0.613  best_move_ply2 0.358  exact_value 0.687  (733s)
  net_0060 block04  free_move 0.997  threats_for 0.777  count_margin 0.986  final_own_4 0.613  best_move_ply2 0.355  exact_value 0.720  (751s)
  net_0060 block05  free_move 0.997  threats_for 0.797  count_margin 0.983  final_own_4 0.613  best_move_ply2 0.355  exact_value 0.747  (769s)
  net_0060 block06  free_move 0.996  threats_for 0.809  count_margin 0.980  final_own_4 0.615  best_move_ply2 0.355  exact_value 0.780  (787s)
  net_0060 block07  free_move 0.997  threats_for 0.816  count_margin 0.978  final_own_4 0.614  best_move_ply2 0.355  exact_value 0.803  (805s)
  net_0060 block08  free_move 0.998  threats_for 0.818  count_margin 0.977  final_own_4 0.616  best_move_ply2 0.358  exact_value 0.815  (823s)
  net_0060 block09  free_move 0.997  threats_for 0.817  count_margin 0.976  final_own_4 0.613  best_move_ply2 0.358  exact_value 0.830  (842s)
  net_0060 block10  free_move 0.996  threats_for 0.808  count_margin 0.973  final_own_4 0.612  best_move_ply2 0.357  exact_value 0.828  (860s)
  net_0080 input    free_move 0.971  threats_for 0.573  count_margin 1.000  final_own_4 0.603  best_move_ply2 0.195  exact_value 0.614  (873s)
  net_0080 stem     free_move 0.990  threats_for 0.693  count_margin 0.995  final_own_4 0.608  best_move_ply2 0.333  exact_value 0.640  (891s)
  net_0080 block01  free_move 0.992  threats_for 0.694  count_margin 0.991  final_own_4 0.606  best_move_ply2 0.355  exact_value 0.657  (909s)
  net_0080 block02  free_move 0.994  threats_for 0.718  count_margin 0.989  final_own_4 0.616  best_move_ply2 0.359  exact_value 0.668  (928s)
  net_0080 block03  free_move 0.996  threats_for 0.746  count_margin 0.988  final_own_4 0.612  best_move_ply2 0.360  exact_value 0.697  (946s)
  net_0080 block04  free_move 0.997  threats_for 0.778  count_margin 0.986  final_own_4 0.614  best_move_ply2 0.360  exact_value 0.719  (964s)
  net_0080 block05  free_move 0.997  threats_for 0.800  count_margin 0.983  final_own_4 0.610  best_move_ply2 0.358  exact_value 0.750  (982s)
  net_0080 block06  free_move 0.997  threats_for 0.812  count_margin 0.979  final_own_4 0.618  best_move_ply2 0.361  exact_value 0.791  (1000s)
  net_0080 block07  free_move 0.996  threats_for 0.819  count_margin 0.978  final_own_4 0.618  best_move_ply2 0.363  exact_value 0.805  (1018s)
  net_0080 block08  free_move 0.997  threats_for 0.825  count_margin 0.976  final_own_4 0.611  best_move_ply2 0.366  exact_value 0.829  (1036s)
  net_0080 block09  free_move 0.997  threats_for 0.826  count_margin 0.975  final_own_4 0.617  best_move_ply2 0.363  exact_value 0.835  (1055s)
  net_0080 block10  free_move 0.996  threats_for 0.816  count_margin 0.973  final_own_4 0.619  best_move_ply2 0.358  exact_value 0.834  (1073s)
  net_0100 input    free_move 0.971  threats_for 0.573  count_margin 1.000  final_own_4 0.603  best_move_ply2 0.195  exact_value 0.614  (1086s)
  net_0100 stem     free_move 0.989  threats_for 0.693  count_margin 0.995  final_own_4 0.610  best_move_ply2 0.335  exact_value 0.642  (1104s)
  net_0100 block01  free_move 0.990  threats_for 0.695  count_margin 0.992  final_own_4 0.608  best_move_ply2 0.356  exact_value 0.653  (1122s)
  net_0100 block02  free_move 0.992  threats_for 0.721  count_margin 0.990  final_own_4 0.616  best_move_ply2 0.362  exact_value 0.671  (1141s)
  net_0100 block03  free_move 0.995  threats_for 0.752  count_margin 0.988  final_own_4 0.613  best_move_ply2 0.360  exact_value 0.695  (1161s)
  net_0100 block04  free_move 0.996  threats_for 0.783  count_margin 0.988  final_own_4 0.613  best_move_ply2 0.358  exact_value 0.725  (1181s)
  net_0100 block05  free_move 0.997  threats_for 0.805  count_margin 0.984  final_own_4 0.611  best_move_ply2 0.363  exact_value 0.756  (1202s)
  net_0100 block06  free_move 0.996  threats_for 0.821  count_margin 0.981  final_own_4 0.619  best_move_ply2 0.364  exact_value 0.805  (1222s)
  net_0100 block07  free_move 0.997  threats_for 0.827  count_margin 0.978  final_own_4 0.615  best_move_ply2 0.364  exact_value 0.812  (1242s)
  net_0100 block08  free_move 0.997  threats_for 0.828  count_margin 0.976  final_own_4 0.615  best_move_ply2 0.367  exact_value 0.828  (1263s)
  net_0100 block09  free_move 0.997  threats_for 0.824  count_margin 0.974  final_own_4 0.620  best_move_ply2 0.365  exact_value 0.838  (1283s)
  net_0100 block10  free_move 0.996  threats_for 0.812  count_margin 0.970  final_own_4 0.615  best_move_ply2 0.361  exact_value 0.840  (1303s)
  net_0120 input    free_move 0.971  threats_for 0.573  count_margin 1.000  final_own_4 0.603  best_move_ply2 0.195  exact_value 0.614  (1318s)
  net_0120 stem     free_move 0.990  threats_for 0.694  count_margin 0.995  final_own_4 0.609  best_move_ply2 0.336  exact_value 0.654  (1338s)
  net_0120 block01  free_move 0.990  threats_for 0.690  count_margin 0.990  final_own_4 0.604  best_move_ply2 0.355  exact_value 0.656  (1358s)
  net_0120 block02  free_move 0.992  threats_for 0.723  count_margin 0.988  final_own_4 0.610  best_move_ply2 0.365  exact_value 0.677  (1379s)
  net_0120 block03  free_move 0.995  threats_for 0.752  count_margin 0.988  final_own_4 0.614  best_move_ply2 0.363  exact_value 0.709  (1399s)
  net_0120 block04  free_move 0.997  threats_for 0.789  count_margin 0.987  final_own_4 0.618  best_move_ply2 0.363  exact_value 0.728  (1419s)
  net_0120 block05  free_move 0.997  threats_for 0.813  count_margin 0.983  final_own_4 0.613  best_move_ply2 0.367  exact_value 0.776  (1439s)
  net_0120 block06  free_move 0.996  threats_for 0.826  count_margin 0.980  final_own_4 0.616  best_move_ply2 0.366  exact_value 0.811  (1460s)
  net_0120 block07  free_move 0.996  threats_for 0.827  count_margin 0.977  final_own_4 0.616  best_move_ply2 0.369  exact_value 0.819  (1480s)
  net_0120 block08  free_move 0.996  threats_for 0.826  count_margin 0.974  final_own_4 0.614  best_move_ply2 0.372  exact_value 0.835  (1501s)
  net_0120 block09  free_move 0.996  threats_for 0.817  count_margin 0.972  final_own_4 0.613  best_move_ply2 0.373  exact_value 0.844  (1521s)
  net_0120 block10  free_move 0.996  threats_for 0.800  count_margin 0.967  final_own_4 0.618  best_move_ply2 0.366  exact_value 0.849  (1542s)
  net_0140 input    free_move 0.971  threats_for 0.573  count_margin 1.000  final_own_4 0.603  best_move_ply2 0.195  exact_value 0.614  (1557s)
  net_0140 stem     free_move 0.991  threats_for 0.693  count_margin 0.995  final_own_4 0.609  best_move_ply2 0.337  exact_value 0.657  (1577s)
  net_0140 block01  free_move 0.991  threats_for 0.694  count_margin 0.992  final_own_4 0.607  best_move_ply2 0.356  exact_value 0.660  (1597s)
  net_0140 block02  free_move 0.994  threats_for 0.718  count_margin 0.989  final_own_4 0.606  best_move_ply2 0.366  exact_value 0.677  (1618s)
  net_0140 block03  free_move 0.995  threats_for 0.758  count_margin 0.988  final_own_4 0.615  best_move_ply2 0.362  exact_value 0.700  (1637s)
  net_0140 block04  free_move 0.997  threats_for 0.792  count_margin 0.989  final_own_4 0.618  best_move_ply2 0.365  exact_value 0.738  (1658s)
  net_0140 block05  free_move 0.996  threats_for 0.816  count_margin 0.982  final_own_4 0.614  best_move_ply2 0.367  exact_value 0.782  (1678s)
  net_0140 block06  free_move 0.995  threats_for 0.829  count_margin 0.979  final_own_4 0.617  best_move_ply2 0.369  exact_value 0.814  (1699s)
  net_0140 block07  free_move 0.997  threats_for 0.828  count_margin 0.976  final_own_4 0.615  best_move_ply2 0.373  exact_value 0.828  (1718s)
  net_0140 block08  free_move 0.996  threats_for 0.824  count_margin 0.974  final_own_4 0.614  best_move_ply2 0.372  exact_value 0.834  (1740s)
  net_0140 block09  free_move 0.995  threats_for 0.820  count_margin 0.972  final_own_4 0.617  best_move_ply2 0.372  exact_value 0.846  (1760s)
  net_0140 block10  free_move 0.996  threats_for 0.806  count_margin 0.969  final_own_4 0.619  best_move_ply2 0.368  exact_value 0.854  (1781s)
  net_0160 input    free_move 0.971  threats_for 0.573  count_margin 1.000  final_own_4 0.603  best_move_ply2 0.195  exact_value 0.614  (1795s)
  net_0160 stem     free_move 0.990  threats_for 0.694  count_margin 0.995  final_own_4 0.610  best_move_ply2 0.338  exact_value 0.649  (1816s)
  net_0160 block01  free_move 0.992  threats_for 0.691  count_margin 0.991  final_own_4 0.607  best_move_ply2 0.355  exact_value 0.660  (1836s)
  net_0160 block02  free_move 0.995  threats_for 0.722  count_margin 0.989  final_own_4 0.605  best_move_ply2 0.368  exact_value 0.696  (1856s)
  net_0160 block03  free_move 0.995  threats_for 0.756  count_margin 0.990  final_own_4 0.614  best_move_ply2 0.365  exact_value 0.710  (1876s)
  net_0160 block04  free_move 0.997  threats_for 0.796  count_margin 0.988  final_own_4 0.607  best_move_ply2 0.364  exact_value 0.738  (1897s)
  net_0160 block05  free_move 0.997  threats_for 0.818  count_margin 0.984  final_own_4 0.612  best_move_ply2 0.370  exact_value 0.783  (1917s)
  net_0160 block06  free_move 0.996  threats_for 0.830  count_margin 0.983  final_own_4 0.615  best_move_ply2 0.370  exact_value 0.820  (1937s)
  net_0160 block07  free_move 0.998  threats_for 0.831  count_margin 0.976  final_own_4 0.614  best_move_ply2 0.372  exact_value 0.835  (1957s)
  net_0160 block08  free_move 0.997  threats_for 0.827  count_margin 0.974  final_own_4 0.611  best_move_ply2 0.375  exact_value 0.837  (1978s)
  net_0160 block09  free_move 0.997  threats_for 0.820  count_margin 0.971  final_own_4 0.613  best_move_ply2 0.375  exact_value 0.848  (1997s)
  net_0160 block10  free_move 0.996  threats_for 0.806  count_margin 0.966  final_own_4 0.620  best_move_ply2 0.369  exact_value 0.861  (2018s)
  net_0180 input    free_move 0.971  threats_for 0.573  count_margin 1.000  final_own_4 0.603  best_move_ply2 0.195  exact_value 0.614  (2033s)
  net_0180 stem     free_move 0.990  threats_for 0.694  count_margin 0.995  final_own_4 0.617  best_move_ply2 0.332  exact_value 0.654  (2054s)
  net_0180 block01  free_move 0.992  threats_for 0.690  count_margin 0.991  final_own_4 0.605  best_move_ply2 0.356  exact_value 0.669  (2073s)
  net_0180 block02  free_move 0.994  threats_for 0.722  count_margin 0.989  final_own_4 0.606  best_move_ply2 0.368  exact_value 0.665  (2094s)
  net_0180 block03  free_move 0.996  threats_for 0.756  count_margin 0.989  final_own_4 0.611  best_move_ply2 0.362  exact_value 0.711  (2114s)
  net_0180 block04  free_move 0.998  threats_for 0.797  count_margin 0.988  final_own_4 0.611  best_move_ply2 0.364  exact_value 0.738  (2134s)
  net_0180 block05  free_move 0.997  threats_for 0.825  count_margin 0.982  final_own_4 0.608  best_move_ply2 0.367  exact_value 0.793  (2154s)
  net_0180 block06  free_move 0.996  threats_for 0.833  count_margin 0.981  final_own_4 0.613  best_move_ply2 0.369  exact_value 0.814  (2175s)
  net_0180 block07  free_move 0.996  threats_for 0.834  count_margin 0.976  final_own_4 0.613  best_move_ply2 0.372  exact_value 0.824  (2195s)
  net_0180 block08  free_move 0.997  threats_for 0.826  count_margin 0.973  final_own_4 0.614  best_move_ply2 0.377  exact_value 0.836  (2216s)
  net_0180 block09  free_move 0.996  threats_for 0.825  count_margin 0.972  final_own_4 0.613  best_move_ply2 0.379  exact_value 0.857  (2235s)
  net_0180 block10  free_move 0.997  threats_for 0.810  count_margin 0.966  final_own_4 0.616  best_move_ply2 0.374  exact_value 0.872  (2256s)
  net_0200 input    free_move 0.971  threats_for 0.573  count_margin 1.000  final_own_4 0.603  best_move_ply2 0.195  exact_value 0.614  (2270s)
  net_0200 stem     free_move 0.989  threats_for 0.694  count_margin 0.995  final_own_4 0.611  best_move_ply2 0.333  exact_value 0.657  (2290s)
  net_0200 block01  free_move 0.991  threats_for 0.694  count_margin 0.991  final_own_4 0.602  best_move_ply2 0.356  exact_value 0.679  (2311s)
  net_0200 block02  free_move 0.994  threats_for 0.723  count_margin 0.990  final_own_4 0.601  best_move_ply2 0.368  exact_value 0.674  (2331s)
  net_0200 block03  free_move 0.996  threats_for 0.754  count_margin 0.989  final_own_4 0.611  best_move_ply2 0.366  exact_value 0.712  (2352s)
  net_0200 block04  free_move 0.996  threats_for 0.799  count_margin 0.985  final_own_4 0.614  best_move_ply2 0.365  exact_value 0.731  (2372s)
  net_0200 block05  free_move 0.996  threats_for 0.828  count_margin 0.981  final_own_4 0.616  best_move_ply2 0.370  exact_value 0.795  (2392s)
  net_0200 block06  free_move 0.995  threats_for 0.833  count_margin 0.982  final_own_4 0.616  best_move_ply2 0.376  exact_value 0.823  (2412s)
  net_0200 block07  free_move 0.996  threats_for 0.833  count_margin 0.975  final_own_4 0.616  best_move_ply2 0.371  exact_value 0.834  (2433s)
  net_0200 block08  free_move 0.996  threats_for 0.825  count_margin 0.973  final_own_4 0.618  best_move_ply2 0.378  exact_value 0.842  (2454s)
  net_0200 block09  free_move 0.996  threats_for 0.820  count_margin 0.971  final_own_4 0.611  best_move_ply2 0.383  exact_value 0.864  (2474s)
  net_0200 block10  free_move 0.997  threats_for 0.804  count_margin 0.964  final_own_4 0.620  best_move_ply2 0.373  exact_value 0.874  (2494s)
  net_0220 input    free_move 0.971  threats_for 0.573  count_margin 1.000  final_own_4 0.603  best_move_ply2 0.195  exact_value 0.614  (2509s)
  net_0220 stem     free_move 0.990  threats_for 0.693  count_margin 0.995  final_own_4 0.612  best_move_ply2 0.334  exact_value 0.661  (2529s)
  net_0220 block01  free_move 0.992  threats_for 0.690  count_margin 0.992  final_own_4 0.606  best_move_ply2 0.355  exact_value 0.683  (2550s)
  net_0220 block02  free_move 0.994  threats_for 0.724  count_margin 0.990  final_own_4 0.605  best_move_ply2 0.365  exact_value 0.680  (2571s)
  net_0220 block03  free_move 0.996  threats_for 0.757  count_margin 0.990  final_own_4 0.611  best_move_ply2 0.362  exact_value 0.708  (2591s)
  net_0220 block04  free_move 0.997  threats_for 0.804  count_margin 0.987  final_own_4 0.614  best_move_ply2 0.364  exact_value 0.731  (2611s)
  net_0220 block05  free_move 0.997  threats_for 0.832  count_margin 0.981  final_own_4 0.617  best_move_ply2 0.368  exact_value 0.797  (2631s)
  net_0220 block06  free_move 0.995  threats_for 0.836  count_margin 0.981  final_own_4 0.615  best_move_ply2 0.371  exact_value 0.826  (2651s)
  net_0220 block07  free_move 0.997  threats_for 0.837  count_margin 0.975  final_own_4 0.616  best_move_ply2 0.371  exact_value 0.838  (2672s)
  net_0220 block08  free_move 0.997  threats_for 0.826  count_margin 0.972  final_own_4 0.614  best_move_ply2 0.377  exact_value 0.852  (2692s)
  net_0220 block09  free_move 0.996  threats_for 0.820  count_margin 0.971  final_own_4 0.613  best_move_ply2 0.384  exact_value 0.871  (2712s)
  net_0220 block10  free_move 0.997  threats_for 0.807  count_margin 0.965  final_own_4 0.620  best_move_ply2 0.378  exact_value 0.891  (2732s)
  net_0240 input    free_move 0.971  threats_for 0.573  count_margin 1.000  final_own_4 0.603  best_move_ply2 0.195  exact_value 0.614  (2747s)
  net_0240 stem     free_move 0.990  threats_for 0.694  count_margin 0.995  final_own_4 0.612  best_move_ply2 0.334  exact_value 0.660  (2767s)
  net_0240 block01  free_move 0.992  threats_for 0.693  count_margin 0.991  final_own_4 0.604  best_move_ply2 0.356  exact_value 0.689  (2787s)
  net_0240 block02  free_move 0.995  threats_for 0.727  count_margin 0.988  final_own_4 0.607  best_move_ply2 0.368  exact_value 0.675  (2807s)
  net_0240 block03  free_move 0.995  threats_for 0.760  count_margin 0.989  final_own_4 0.608  best_move_ply2 0.363  exact_value 0.709  (2828s)
  net_0240 block04  free_move 0.998  threats_for 0.804  count_margin 0.987  final_own_4 0.614  best_move_ply2 0.366  exact_value 0.741  (2848s)
  net_0240 block05  free_move 0.996  threats_for 0.833  count_margin 0.982  final_own_4 0.618  best_move_ply2 0.367  exact_value 0.786  (2868s)
  net_0240 block06  free_move 0.995  threats_for 0.837  count_margin 0.981  final_own_4 0.618  best_move_ply2 0.371  exact_value 0.820  (2888s)
  net_0240 block07  free_move 0.997  threats_for 0.838  count_margin 0.974  final_own_4 0.616  best_move_ply2 0.373  exact_value 0.842  (2908s)
  net_0240 block08  free_move 0.997  threats_for 0.830  count_margin 0.972  final_own_4 0.614  best_move_ply2 0.379  exact_value 0.854  (2928s)
  net_0240 block09  free_move 0.997  threats_for 0.827  count_margin 0.971  final_own_4 0.615  best_move_ply2 0.384  exact_value 0.874  (2949s)
  net_0240 block10  free_move 0.997  threats_for 0.815  count_margin 0.965  final_own_4 0.620  best_move_ply2 0.377  exact_value 0.893  (2969s)
  net_0260 input    free_move 0.971  threats_for 0.573  count_margin 1.000  final_own_4 0.603  best_move_ply2 0.195  exact_value 0.614  (2984s)
  net_0260 stem     free_move 0.990  threats_for 0.693  count_margin 0.995  final_own_4 0.611  best_move_ply2 0.333  exact_value 0.661  (3004s)
  net_0260 block01  free_move 0.992  threats_for 0.693  count_margin 0.991  final_own_4 0.605  best_move_ply2 0.355  exact_value 0.670  (3024s)
  net_0260 block02  free_move 0.995  threats_for 0.731  count_margin 0.990  final_own_4 0.606  best_move_ply2 0.367  exact_value 0.682  (3045s)
  net_0260 block03  free_move 0.996  threats_for 0.759  count_margin 0.990  final_own_4 0.612  best_move_ply2 0.364  exact_value 0.712  (3066s)
  net_0260 block04  free_move 0.998  threats_for 0.804  count_margin 0.987  final_own_4 0.615  best_move_ply2 0.367  exact_value 0.746  (3085s)
  net_0260 block05  free_move 0.996  threats_for 0.830  count_margin 0.982  final_own_4 0.621  best_move_ply2 0.371  exact_value 0.786  (3106s)
  net_0260 block06  free_move 0.995  threats_for 0.836  count_margin 0.982  final_own_4 0.616  best_move_ply2 0.374  exact_value 0.821  (3126s)
  net_0260 block07  free_move 0.997  threats_for 0.837  count_margin 0.976  final_own_4 0.618  best_move_ply2 0.375  exact_value 0.842  (3146s)
  net_0260 block08  free_move 0.997  threats_for 0.829  count_margin 0.974  final_own_4 0.618  best_move_ply2 0.380  exact_value 0.849  (3165s)
  net_0260 block09  free_move 0.997  threats_for 0.825  count_margin 0.972  final_own_4 0.618  best_move_ply2 0.385  exact_value 0.882  (3186s)
  net_0260 block10  free_move 0.997  threats_for 0.812  count_margin 0.966  final_own_4 0.619  best_move_ply2 0.378  exact_value 0.894  (3206s)
  net_0280 input    free_move 0.971  threats_for 0.573  count_margin 1.000  final_own_4 0.603  best_move_ply2 0.195  exact_value 0.614  (3222s)
  net_0280 stem     free_move 0.990  threats_for 0.694  count_margin 0.995  final_own_4 0.611  best_move_ply2 0.333  exact_value 0.659  (3241s)
  net_0280 block01  free_move 0.992  threats_for 0.694  count_margin 0.991  final_own_4 0.608  best_move_ply2 0.355  exact_value 0.669  (3262s)
  net_0280 block02  free_move 0.995  threats_for 0.731  count_margin 0.990  final_own_4 0.603  best_move_ply2 0.367  exact_value 0.674  (3282s)
  net_0280 block03  free_move 0.996  threats_for 0.762  count_margin 0.989  final_own_4 0.611  best_move_ply2 0.364  exact_value 0.698  (3303s)
  net_0280 block04  free_move 0.998  threats_for 0.804  count_margin 0.987  final_own_4 0.615  best_move_ply2 0.366  exact_value 0.741  (3323s)
  net_0280 block05  free_move 0.996  threats_for 0.831  count_margin 0.982  final_own_4 0.621  best_move_ply2 0.371  exact_value 0.786  (3344s)
  net_0280 block06  free_move 0.995  threats_for 0.834  count_margin 0.981  final_own_4 0.618  best_move_ply2 0.375  exact_value 0.821  (3364s)
  net_0280 block07  free_move 0.998  threats_for 0.836  count_margin 0.975  final_own_4 0.617  best_move_ply2 0.376  exact_value 0.841  (3384s)
  net_0280 block08  free_move 0.997  threats_for 0.828  count_margin 0.973  final_own_4 0.615  best_move_ply2 0.384  exact_value 0.846  (3404s)
  net_0280 block09  free_move 0.997  threats_for 0.825  count_margin 0.970  final_own_4 0.615  best_move_ply2 0.386  exact_value 0.880  (3425s)
  net_0280 block10  free_move 0.997  threats_for 0.810  count_margin 0.963  final_own_4 0.619  best_move_ply2 0.378  exact_value 0.892  (3445s)
  net_0300 input    free_move 0.971  threats_for 0.573  count_margin 1.000  final_own_4 0.603  best_move_ply2 0.195  exact_value 0.614  (3461s)
  net_0300 stem     free_move 0.990  threats_for 0.694  count_margin 0.995  final_own_4 0.613  best_move_ply2 0.333  exact_value 0.659  (3481s)
  net_0300 block01  free_move 0.992  threats_for 0.694  count_margin 0.991  final_own_4 0.607  best_move_ply2 0.354  exact_value 0.673  (3502s)
  net_0300 block02  free_move 0.994  threats_for 0.731  count_margin 0.990  final_own_4 0.604  best_move_ply2 0.366  exact_value 0.680  (3521s)
  net_0300 block03  free_move 0.996  threats_for 0.762  count_margin 0.989  final_own_4 0.611  best_move_ply2 0.364  exact_value 0.702  (3541s)
  net_0300 block04  free_move 0.998  threats_for 0.805  count_margin 0.987  final_own_4 0.614  best_move_ply2 0.366  exact_value 0.742  (3561s)
  net_0300 block05  free_move 0.996  threats_for 0.830  count_margin 0.982  final_own_4 0.619  best_move_ply2 0.370  exact_value 0.787  (3582s)
  net_0300 block06  free_move 0.995  threats_for 0.834  count_margin 0.981  final_own_4 0.620  best_move_ply2 0.374  exact_value 0.819  (3602s)
  net_0300 block07  free_move 0.998  threats_for 0.836  count_margin 0.975  final_own_4 0.618  best_move_ply2 0.377  exact_value 0.839  (3623s)
  net_0300 block08  free_move 0.997  threats_for 0.827  count_margin 0.973  final_own_4 0.616  best_move_ply2 0.383  exact_value 0.843  (3643s)
  net_0300 block09  free_move 0.996  threats_for 0.825  count_margin 0.970  final_own_4 0.617  best_move_ply2 0.384  exact_value 0.879  (3663s)
  net_0300 block10  free_move 0.997  threats_for 0.814  count_margin 0.965  final_own_4 0.619  best_move_ply2 0.378  exact_value 0.894  (3683s)
wrote runs/deep10_c1_300\probes.json  [3683s]
