runs/probe_data_deep8late.npz: 60000 positions (50000 train / 10000 test), 47 labels; 7 nets x 12 layers; probe hidden=256
  net_0000 input    free_move 0.989  threats_for 0.796  count_margin 0.990  final_own_4 0.607  best_move_ply2 0.167  exact_value 0.654  (18s)
  net_0000 stem     free_move 0.992  threats_for 0.804  count_margin 0.978  final_own_4 0.610  best_move_ply2 0.255  exact_value 0.658  (36s)
  net_0000 block01  free_move 0.992  threats_for 0.814  count_margin 0.979  final_own_4 0.611  best_move_ply2 0.258  exact_value 0.665  (55s)
  net_0000 block02  free_move 0.992  threats_for 0.818  count_margin 0.975  final_own_4 0.614  best_move_ply2 0.256  exact_value 0.681  (73s)
  net_0000 block03  free_move 0.993  threats_for 0.815  count_margin 0.975  final_own_4 0.615  best_move_ply2 0.257  exact_value 0.653  (94s)
  net_0000 block04  free_move 0.992  threats_for 0.810  count_margin 0.974  final_own_4 0.615  best_move_ply2 0.256  exact_value 0.670  (112s)
  net_0000 block05  free_move 0.991  threats_for 0.813  count_margin 0.974  final_own_4 0.610  best_move_ply2 0.253  exact_value 0.678  (131s)
  net_0000 block06  free_move 0.991  threats_for 0.807  count_margin 0.974  final_own_4 0.610  best_move_ply2 0.255  exact_value 0.665  (149s)
  net_0000 block07  free_move 0.992  threats_for 0.807  count_margin 0.974  final_own_4 0.613  best_move_ply2 0.250  exact_value 0.679  (168s)
  net_0000 block08  free_move 0.992  threats_for 0.811  count_margin 0.970  final_own_4 0.611  best_move_ply2 0.250  exact_value 0.666  (186s)
  net_0000 block09  free_move 0.991  threats_for 0.810  count_margin 0.973  final_own_4 0.612  best_move_ply2 0.250  exact_value 0.677  (205s)
  net_0000 block10  free_move 0.992  threats_for 0.812  count_margin 0.972  final_own_4 0.611  best_move_ply2 0.251  exact_value 0.677  (223s)
  net_0020 input    free_move 0.989  threats_for 0.796  count_margin 0.990  final_own_4 0.607  best_move_ply2 0.167  exact_value 0.654  (240s)
  net_0020 stem     free_move 0.994  threats_for 0.811  count_margin 0.983  final_own_4 0.612  best_move_ply2 0.262  exact_value 0.675  (258s)
  net_0020 block01  free_move 0.994  threats_for 0.807  count_margin 0.979  final_own_4 0.615  best_move_ply2 0.271  exact_value 0.697  (278s)
  net_0020 block02  free_move 0.995  threats_for 0.824  count_margin 0.975  final_own_4 0.612  best_move_ply2 0.272  exact_value 0.710  (297s)
  net_0020 block03  free_move 0.996  threats_for 0.832  count_margin 0.974  final_own_4 0.615  best_move_ply2 0.269  exact_value 0.727  (315s)
  net_0020 block04  free_move 0.997  threats_for 0.838  count_margin 0.974  final_own_4 0.616  best_move_ply2 0.266  exact_value 0.716  (334s)
  net_0020 block05  free_move 0.997  threats_for 0.849  count_margin 0.971  final_own_4 0.616  best_move_ply2 0.265  exact_value 0.750  (352s)
  net_0020 block06  free_move 0.998  threats_for 0.844  count_margin 0.969  final_own_4 0.620  best_move_ply2 0.262  exact_value 0.734  (371s)
  net_0020 block07  free_move 0.998  threats_for 0.845  count_margin 0.968  final_own_4 0.620  best_move_ply2 0.261  exact_value 0.751  (389s)
  net_0020 block08  free_move 0.998  threats_for 0.845  count_margin 0.966  final_own_4 0.617  best_move_ply2 0.248  exact_value 0.753  (408s)
  net_0020 block09  free_move 0.998  threats_for 0.841  count_margin 0.965  final_own_4 0.612  best_move_ply2 0.250  exact_value 0.758  (427s)
  net_0020 block10  free_move 0.998  threats_for 0.836  count_margin 0.963  final_own_4 0.612  best_move_ply2 0.245  exact_value 0.757  (447s)
  net_0100 input    free_move 0.989  threats_for 0.796  count_margin 0.990  final_own_4 0.607  best_move_ply2 0.167  exact_value 0.654  (464s)
  net_0100 stem     free_move 0.994  threats_for 0.819  count_margin 0.982  final_own_4 0.608  best_move_ply2 0.263  exact_value 0.685  (484s)
  net_0100 block01  free_move 0.996  threats_for 0.803  count_margin 0.974  final_own_4 0.612  best_move_ply2 0.282  exact_value 0.663  (504s)
  net_0100 block02  free_move 0.997  threats_for 0.836  count_margin 0.973  final_own_4 0.615  best_move_ply2 0.287  exact_value 0.702  (524s)
  net_0100 block03  free_move 0.997  threats_for 0.847  count_margin 0.973  final_own_4 0.616  best_move_ply2 0.282  exact_value 0.720  (543s)
  net_0100 block04  free_move 0.998  threats_for 0.858  count_margin 0.973  final_own_4 0.619  best_move_ply2 0.281  exact_value 0.745  (564s)
  net_0100 block05  free_move 0.998  threats_for 0.867  count_margin 0.970  final_own_4 0.618  best_move_ply2 0.283  exact_value 0.772  (584s)
  net_0100 block06  free_move 0.998  threats_for 0.870  count_margin 0.967  final_own_4 0.621  best_move_ply2 0.284  exact_value 0.804  (603s)
  net_0100 block07  free_move 0.998  threats_for 0.869  count_margin 0.968  final_own_4 0.621  best_move_ply2 0.286  exact_value 0.820  (623s)
  net_0100 block08  free_move 0.998  threats_for 0.865  count_margin 0.968  final_own_4 0.622  best_move_ply2 0.286  exact_value 0.839  (642s)
  net_0100 block09  free_move 0.998  threats_for 0.858  count_margin 0.968  final_own_4 0.613  best_move_ply2 0.290  exact_value 0.844  (661s)
  net_0100 block10  free_move 0.998  threats_for 0.855  count_margin 0.969  final_own_4 0.616  best_move_ply2 0.281  exact_value 0.848  (681s)
  net_0200 input    free_move 0.989  threats_for 0.796  count_margin 0.990  final_own_4 0.607  best_move_ply2 0.167  exact_value 0.654  (698s)
  net_0200 stem     free_move 0.994  threats_for 0.823  count_margin 0.981  final_own_4 0.608  best_move_ply2 0.266  exact_value 0.666  (718s)
  net_0200 block01  free_move 0.998  threats_for 0.799  count_margin 0.974  final_own_4 0.612  best_move_ply2 0.282  exact_value 0.686  (737s)
  net_0200 block02  free_move 0.997  threats_for 0.837  count_margin 0.971  final_own_4 0.611  best_move_ply2 0.293  exact_value 0.713  (757s)
  net_0200 block03  free_move 0.998  threats_for 0.851  count_margin 0.973  final_own_4 0.617  best_move_ply2 0.289  exact_value 0.739  (777s)
  net_0200 block04  free_move 0.998  threats_for 0.867  count_margin 0.972  final_own_4 0.618  best_move_ply2 0.291  exact_value 0.762  (796s)
  net_0200 block05  free_move 0.998  threats_for 0.872  count_margin 0.970  final_own_4 0.622  best_move_ply2 0.300  exact_value 0.796  (815s)
  net_0200 block06  free_move 0.998  threats_for 0.865  count_margin 0.967  final_own_4 0.622  best_move_ply2 0.299  exact_value 0.827  (835s)
  net_0200 block07  free_move 0.998  threats_for 0.865  count_margin 0.969  final_own_4 0.622  best_move_ply2 0.297  exact_value 0.835  (854s)
  net_0200 block08  free_move 0.999  threats_for 0.854  count_margin 0.965  final_own_4 0.618  best_move_ply2 0.306  exact_value 0.842  (874s)
  net_0200 block09  free_move 0.998  threats_for 0.846  count_margin 0.967  final_own_4 0.619  best_move_ply2 0.308  exact_value 0.870  (893s)
  net_0200 block10  free_move 0.998  threats_for 0.836  count_margin 0.965  final_own_4 0.618  best_move_ply2 0.295  exact_value 0.883  (913s)
  net_0220 input    free_move 0.989  threats_for 0.796  count_margin 0.990  final_own_4 0.607  best_move_ply2 0.167  exact_value 0.654  (931s)
  net_0220 stem     free_move 0.995  threats_for 0.820  count_margin 0.981  final_own_4 0.609  best_move_ply2 0.262  exact_value 0.668  (950s)
  net_0220 block01  free_move 0.998  threats_for 0.793  count_margin 0.972  final_own_4 0.616  best_move_ply2 0.283  exact_value 0.690  (970s)
  net_0220 block02  free_move 0.997  threats_for 0.833  count_margin 0.972  final_own_4 0.613  best_move_ply2 0.294  exact_value 0.704  (989s)
  net_0220 block03  free_move 0.998  threats_for 0.857  count_margin 0.974  final_own_4 0.615  best_move_ply2 0.290  exact_value 0.722  (1008s)
  net_0220 block04  free_move 0.998  threats_for 0.870  count_margin 0.974  final_own_4 0.618  best_move_ply2 0.290  exact_value 0.757  (1028s)
  net_0220 block05  free_move 0.998  threats_for 0.872  count_margin 0.972  final_own_4 0.618  best_move_ply2 0.297  exact_value 0.809  (1048s)
  net_0220 block06  free_move 0.998  threats_for 0.867  count_margin 0.967  final_own_4 0.623  best_move_ply2 0.297  exact_value 0.827  (1067s)
  net_0220 block07  free_move 0.999  threats_for 0.866  count_margin 0.968  final_own_4 0.620  best_move_ply2 0.300  exact_value 0.840  (1087s)
  net_0220 block08  free_move 0.998  threats_for 0.855  count_margin 0.965  final_own_4 0.619  best_move_ply2 0.304  exact_value 0.862  (1106s)
  net_0220 block09  free_move 0.999  threats_for 0.848  count_margin 0.965  final_own_4 0.623  best_move_ply2 0.303  exact_value 0.869  (1125s)
  net_0220 block10  free_move 0.998  threats_for 0.838  count_margin 0.961  final_own_4 0.623  best_move_ply2 0.294  exact_value 0.896  (1144s)
  net_0280 input    free_move 0.989  threats_for 0.796  count_margin 0.990  final_own_4 0.607  best_move_ply2 0.167  exact_value 0.654  (1161s)
  net_0280 stem     free_move 0.995  threats_for 0.826  count_margin 0.980  final_own_4 0.607  best_move_ply2 0.265  exact_value 0.672  (1181s)
  net_0280 block01  free_move 0.997  threats_for 0.799  count_margin 0.972  final_own_4 0.613  best_move_ply2 0.282  exact_value 0.687  (1200s)
  net_0280 block02  free_move 0.998  threats_for 0.838  count_margin 0.973  final_own_4 0.609  best_move_ply2 0.292  exact_value 0.700  (1220s)
  net_0280 block03  free_move 0.998  threats_for 0.855  count_margin 0.975  final_own_4 0.613  best_move_ply2 0.292  exact_value 0.725  (1239s)
  net_0280 block04  free_move 0.998  threats_for 0.872  count_margin 0.975  final_own_4 0.623  best_move_ply2 0.291  exact_value 0.760  (1258s)
  net_0280 block05  free_move 0.999  threats_for 0.874  count_margin 0.972  final_own_4 0.618  best_move_ply2 0.296  exact_value 0.806  (1277s)
  net_0280 block06  free_move 0.998  threats_for 0.868  count_margin 0.967  final_own_4 0.625  best_move_ply2 0.300  exact_value 0.826  (1296s)
  net_0280 block07  free_move 0.998  threats_for 0.866  count_margin 0.969  final_own_4 0.623  best_move_ply2 0.299  exact_value 0.843  (1315s)
  net_0280 block08  free_move 0.998  threats_for 0.854  count_margin 0.968  final_own_4 0.621  best_move_ply2 0.304  exact_value 0.849  (1334s)
  net_0280 block09  free_move 0.998  threats_for 0.848  count_margin 0.964  final_own_4 0.620  best_move_ply2 0.308  exact_value 0.868  (1354s)
  net_0280 block10  free_move 0.998  threats_for 0.835  count_margin 0.963  final_own_4 0.620  best_move_ply2 0.298  exact_value 0.896  (1373s)
  net_0300 input    free_move 0.989  threats_for 0.796  count_margin 0.990  final_own_4 0.607  best_move_ply2 0.167  exact_value 0.654  (1390s)
  net_0300 stem     free_move 0.995  threats_for 0.826  count_margin 0.980  final_own_4 0.604  best_move_ply2 0.265  exact_value 0.670  (1409s)
  net_0300 block01  free_move 0.997  threats_for 0.799  count_margin 0.972  final_own_4 0.614  best_move_ply2 0.284  exact_value 0.686  (1428s)
  net_0300 block02  free_move 0.997  threats_for 0.840  count_margin 0.973  final_own_4 0.610  best_move_ply2 0.291  exact_value 0.703  (1447s)
  net_0300 block03  free_move 0.998  threats_for 0.857  count_margin 0.975  final_own_4 0.613  best_move_ply2 0.292  exact_value 0.718  (1467s)
  net_0300 block04  free_move 0.998  threats_for 0.873  count_margin 0.976  final_own_4 0.620  best_move_ply2 0.289  exact_value 0.755  (1486s)
  net_0300 block05  free_move 0.998  threats_for 0.874  count_margin 0.972  final_own_4 0.617  best_move_ply2 0.296  exact_value 0.806  (1505s)
  net_0300 block06  free_move 0.998  threats_for 0.866  count_margin 0.968  final_own_4 0.626  best_move_ply2 0.301  exact_value 0.827  (1524s)
  net_0300 block07  free_move 0.998  threats_for 0.866  count_margin 0.970  final_own_4 0.618  best_move_ply2 0.301  exact_value 0.845  (1543s)
  net_0300 block08  free_move 0.998  threats_for 0.854  count_margin 0.967  final_own_4 0.623  best_move_ply2 0.308  exact_value 0.851  (1563s)
  net_0300 block09  free_move 0.998  threats_for 0.847  count_margin 0.964  final_own_4 0.620  best_move_ply2 0.307  exact_value 0.873  (1582s)
  net_0300 block10  free_move 0.998  threats_for 0.835  count_margin 0.962  final_own_4 0.622  best_move_ply2 0.292  exact_value 0.889  (1602s)
wrote runs/deep10_c1_300\probes_mlp.json  [1602s]
