7188 positions, 256 sims. Search move != raw argmax in 33.6% of positions; mean |search value - raw value| = 0.185
by ply:  disagreement %   mean|dv|   mean p_raw(search move)
   2- 9:  20.0%        0.036       0.619   (n=660)
  10-19:  25.8%        0.053       0.574   (n=1363)
  20-29:  39.4%        0.112       0.466   (n=1581)
  30-39:  43.8%        0.263       0.435   (n=1616)
  40-49:  33.1%        0.345       0.509   (n=1430)
  50-70:  24.2%        0.263       0.552   (n=538)

### largest value surprises (search much better for the mover than the net thought)
========================================================================
value surprise +1.59   ply 50
to move: X   next board: 6   moves: 50
X X X  . X X  . O X
O . .  O O O  . O O
. . .  X . O  . O .

O O X  . X .  . . O
X X .  X X X  X O X
O X .  X O O  O . .

. O .  O . .  O X .
O O .  O . X  . . .
X X O  O X .  X . X
macro:
XOO
.XO
.O.
raw: value -0.62, top move 59 (board 7 cell 6) p=0.36;   search: value +0.97, move 56 (board 7 cell 3) (raw p=0.325, visits 107/256)
========================================================================
value surprise +1.50   ply 53
to move: O   next board: 7   moves: 53
. O X  X O X  O O X
. . O  X . .  O . O
X O X  X . .  O O .

O X O  . . .  O . X
O . O  X X X  X O X
X O O  O . .  X X O

. O O  . . X  X . X
X . O  X . O  X . X
X . O  . X .  . . O
macro:
.XO
OXO
O..
raw: value -0.92, top move 71 (board 8 cell 9) p=0.31;   search: value +0.58, move 63 (board 8 cell 1) (raw p=0.230, visits 103/256)
========================================================================
value surprise +1.31   ply 45
to move: O   next board: 6   moves: 45
O . X  . O .  O . X
. . X  X X .  . . .
. . X  . O .  O X O

O X .  . . O  X O .
O . .  . X O  O X O
X X X  . . O  X . .

. . .  . X X  X . .
O . O  O . X  X . .
X O O  . O X  X O O
macro:
X..
XO.
.XX
raw: value -0.74, top move 55 (board 7 cell 2) p=0.51;   search: value +0.58, move 56 (board 7 cell 3) (raw p=0.253, visits 96/256)
========================================================================
value surprise +1.10   ply 46
to move: X   next board: 2   moves: 46
X . O  . X O  X . O
X . .  . . O  . X X
X O O  . . O  O X O

X . .  O . O  O . X
X . O  O X .  O . X
X . .  . . .  O . .

. X X  . O O  O X X
. . X  O . .  . X .
O . O  . X X  . O X
macro:
XO.
X.O
...
raw: value -0.11, top move 21 (board 3 cell 4) p=0.57;   search: value +0.99, move 21 (board 3 cell 4) (raw p=0.570, visits 128/256)
========================================================================
value surprise +1.08   ply 39
to move: O   next board: 3   moves: 39
X X .  . X .  O . O
O . O  O . O  X . .
. . .  . X .  X . .

O O X  . . .  . O .
X . X  X X .  X O X
. O O  O . .  . O .

. . O  . . X  X . .
O . .  . . X  X . .
X . O  . O X  X . O
macro:
...
..O
.XX
raw: value -0.33, top move 33 (board 4 cell 7) p=0.69;   search: value +0.75, move 33 (board 4 cell 7) (raw p=0.689, visits 128/256)
========================================================================
value surprise +1.06   ply 55
to move: O   next board: 2   moves: 55
X O .  X X X  O X O
. X O  O X O  . . X
. O O  . . .  . O O

. . .  O O O  X O X
X X X  . X .  O . X
X O .  O X .  . X O

. O .  X X X  . . X
O X .  . O O  O . O
X O .  O X X  X O X
macro:
.X.
XO.
.X.
raw: value -0.52, top move 24 (board 3 cell 7) p=0.50;   search: value +0.55, move 24 (board 3 cell 7) (raw p=0.498, visits 107/256)
========================================================================
value surprise +0.97   ply 35
to move: O   next board: 0   moves: 35
O . .  . X .  . . .
. X X  . . .  . . .
. . O  O O O  . . .

X . .  O . .  . X .
X . O  O X .  O . X
X . .  O . .  . O O

X . .  X O .  . X .
O X O  . X X  . X .
X . .  O O .  . X .
macro:
.O.
XO.
..X
raw: value -0.41, top move 6 (board 1 cell 7) p=0.55;   search: value +0.56, move 6 (board 1 cell 7) (raw p=0.554, visits 103/256)
========================================================================
value surprise +0.95   ply 54
to move: X   next board: 0   moves: 54
O X O  X X .  X . O
O . .  O . O  X X .
X X O  . O O  X . .

X X .  O X .  X O O
O X X  O O O  . X X
X X O  . . .  . . X

O O X  . . O  O . .
O . .  O X O  X X O
. . O  . X .  X O X
macro:
..X
XOX
...
raw: value +0.01, top move 4 (board 1 cell 5) p=0.91;   search: value +0.97, move 4 (board 1 cell 5) (raw p=0.910, visits 128/256)
========================================================================
value surprise +0.92   ply 50
to move: X   next board: 0   moves: 50
X O X  X X .  O O O
O X .  O X O  O . X
. O O  X O .  . X .

X X X  X . O  O O .
X . O  . O .  X . X
. X O  . O .  . O .

. X .  O O X  . . X
O . .  . X .  O . X
O . .  X X O  . . X
macro:
..O
X..
.XX
raw: value -0.00, top move 5 (board 1 cell 6) p=0.87;   search: value +0.92, move 5 (board 1 cell 6) (raw p=0.867, visits 128/256)
========================================================================
value surprise +0.92   ply 49
to move: O   next board: 3   moves: 49
X O .  X X O  O . X
X O .  . . X  . . O
X . .  . O X  . X O

. . .  O O .  O X O
X . O  . X X  O . X
X . O  . O .  O X .

. . X  . O .  . O .
. . X  O X .  X X O
O . X  X X O  O O X
macro:
X..
..O
X..
raw: value -0.50, top move 29 (board 4 cell 3) p=0.62;   search: value +0.42, move 28 (board 4 cell 2) (raw p=0.251, visits 103/256)
========================================================================
value surprise +0.89   ply 43
to move: O   next board: 1   moves: 43
X O O  X X .  X X X
. . .  . . .  . . O
O O .  O O .  . . X

. O .  O X O  . . O
O . O  . X .  X . X
. O X  . . .  O O X

X . .  . . O  . . O
X . X  X X X  X . O
. . X  . X .  O . O
macro:
..X
...
.XO
raw: value -0.89, top move 12 (board 2 cell 4) p=0.65;   search: value -0.01, move 12 (board 2 cell 4) (raw p=0.653, visits 103/256)
========================================================================
value surprise +0.85   ply 38
to move: X   next board: 5   moves: 38
O X O  X O .  . . .
. . .  . . O  O . X
. X .  . X .  . . X

. . .  . . O  . O .
O O O  X X X  X O O
X X .  . . .  . . X

X . X  . X .  O . .
. . .  . . .  X O X
O . X  O O O  . . O
macro:
...
OX.
.OO
raw: value -0.36, top move 45 (board 6 cell 1) p=0.59;   search: value +0.49, move 45 (board 6 cell 1) (raw p=0.594, visits 96/256)
========================================================================
value surprise +0.83   ply 40
to move: X   next board: 7   moves: 40
X O .  O . .  . . X
. . .  O . .  O . X
X . .  O X .  . O .

. . X  . . .  . X .
X . O  . X .  O X O
X X X  . O O  . X .

. X O  . X O  O . .
O . .  O . X  . . O
. O .  X O X  . O X
macro:
.O.
X.X
...
raw: value -0.10, top move 67 (board 8 cell 5) p=0.77;   search: value +0.73, move 67 (board 8 cell 5) (raw p=0.775, visits 128/256)
========================================================================
value surprise +0.72   ply 45
to move: O   next board: 2   moves: 45
. X X  O X .  O . X
O . X  X O .  X . O
. X .  . O O  O . X

O O O  . . .  . . O
. X .  . X .  . . O
. O .  O O O  X X X

. O X  X X X  O X O
X . X  X . .  . . O
. . .  . O .  . . X
macro:
.O.
OOX
.X.
raw: value -0.80, top move 19 (board 3 cell 2) p=0.35;   search: value -0.08, move 22 (board 3 cell 5) (raw p=0.346, visits 107/256)
========================================================================
value surprise +0.70   ply 43
to move: O   next board: 6   moves: 43
X O .  X X X  . X O
. O .  O . O  O . .
. O .  . . .  O O O

X . .  O . X  . . X
X . X  . X .  O . X
X O .  X X .  . . O

. O X  . . X  . . .
. O .  O O O  O . .
X . O  . X .  X X X
macro:
OXO
XX.
.OX
raw: value -0.93, top move 57 (board 7 cell 4) p=0.31;   search: value -0.23, move 54 (board 7 cell 1) (raw p=0.257, visits 96/256)
========================================================================
value surprise +0.69   ply 48
to move: X   next board: 6   moves: 48
X X .  . O O  . X X
. . .  X O O  . . X
O O O  O X X  O . .

O O .  X O O  X X .
. . .  . X .  X . O
O X X  . . .  X O .

. X .  O . O  . X .
O X O  O . X  X . O
X . O  X . .  . X O
macro:
OO.
..X
...
raw: value -0.12, top move 61 (board 7 cell 8) p=0.76;   search: value +0.57, move 61 (board 7 cell 8) (raw p=0.763, visits 107/256)
========================================================================
value surprise +0.67   ply 49
to move: O   next board: 5   moves: 49
O O O  X O .  X . X
O . X  X . .  X . X
. O .  X . .  O . O

X O X  . . O  . . O
O X X  . X X  O . X
O X .  . O .  O O X

. . .  X X .  X . O
O . O  O O O  X . .
X X X  . X .  . . O
macro:
OX.
...
XO.
raw: value -0.89, top move 49 (board 6 cell 5) p=0.46;   search: value -0.22, move 49 (board 6 cell 5) (raw p=0.457, visits 107/256)
========================================================================
value surprise +0.67   ply 43
to move: O   next board: 2   moves: 43
. . .  X X X  . O X
O O O  O . O  . . X
O . X  . O .  . O .

X X O  O O .  . O .
O X .  X X O  X X X
. O O  . . .  . O .

X . O  X X .  . . .
. . .  X . .  X . X
X . .  O X .  . . O
macro:
OX.
..X
...
raw: value -0.61, top move 21 (board 3 cell 4) p=0.65;   search: value +0.06, move 21 (board 3 cell 4) (raw p=0.648, visits 103/256)
========================================================================
value surprise +0.65   ply 33
to move: O   next board: 7   moves: 33
X . .  . O X  . . .
O . .  . . .  O O O
. . .  . X O  . X .

. . X  . . .  . X .
. . X  . X .  . . .
. O .  O X .  . X O

. . O  O O X  . X .
. . O  . . .  X . .
X . O  X O O  X X .
macro:
..O
...
O..
raw: value -0.45, top move 68 (board 8 cell 6) p=0.62;   search: value +0.20, move 66 (board 8 cell 4) (raw p=0.292, visits 107/256)
========================================================================
value surprise +0.62   ply 36
to move: X   next board: 1   moves: 36
. X .  . O .  . . X
. . .  O . X  . . .
. X .  . . .  O O O

. X .  . . O  O . .
X X O  . X O  O . X
. X .  . . O  O . .

. . X  . . X  . O .
O X .  O . X  . . .
X . .  O O O  X X X
macro:
..O
XOO
XOX
raw: value +0.33, top move 17 (board 2 cell 9) p=0.35;   search: value +0.95, move 11 (board 2 cell 3) (raw p=0.278, visits 86/256)
========================================================================
value surprise +0.62   ply 45
to move: O   next board: 6   moves: 45
X O .  X X X  X X O
. X O  O . O  O X .
X O O  . . .  . . .

X . .  O O O  . . X
X . X  . X .  O . X
X O .  . . .  X O O

. O O  . . .  O . .
. . X  . . O  O . .
O . X  X X X  O . X
macro:
.X.
XO.
.XO
raw: value -0.88, top move 54 (board 7 cell 1) p=0.36;   search: value -0.25, move 54 (board 7 cell 1) (raw p=0.357, visits 96/256)
========================================================================
value surprise +0.62   ply 49
to move: O   next board: any   moves: 49
X O X  X O .  . . X
. . O  O . X  . . .
O O .  . . X  O O O

. X .  . . O  X X .
X X O  . X X  O . X
. X .  . . O  X O O

O . X  O . .  . O X
O . O  O . .  . O O
X . O  X X X  X X X
macro:
..O
X..
.XX
raw: value -0.72, top move 36 (board 5 cell 1) p=0.39;   search: value -0.10, move 36 (board 5 cell 1) (raw p=0.391, visits 60/256)
========================================================================
value surprise +0.62   ply 31
to move: O   next board: 5   moves: 31
O . X  X O .  O . .
O . X  . . .  O . X
. . .  . X .  O . .

X X X  . . O  . . .
O . .  . X X  . O O
. . .  . . .  . X O

. . X  . . .  . O .
. . .  X . .  . . X
X . O  O O .  . . X
macro:
..O
X..
...
raw: value -0.76, top move 46 (board 6 cell 2) p=0.39;   search: value -0.14, move 45 (board 6 cell 1) (raw p=0.330, visits 103/256)
========================================================================
value surprise +0.60   ply 37
to move: O   next board: 7   moves: 37
X . .  . X O  X X X
. . .  . . .  . . O
O . O  O X X  . . .

. . .  O O O  . . O
O . X  . X .  X . O
O X .  . . .  X X .

. . .  . O .  . O .
X X X  O . .  . X .
O . .  . X O  . O X
macro:
..X
.O.
X..
raw: value -0.23, top move 68 (board 8 cell 6) p=0.46;   search: value +0.37, move 68 (board 8 cell 6) (raw p=0.456, visits 103/256)
========================================================================
value surprise +0.60   ply 46
to move: X   next board: 7   moves: 46
X O .  O X .  O X X
X . .  O . .  . X .
X . .  O . .  O X O

. . O  . . O  . . O
. . X  . X X  . . O
O . O  O O .  X X O

O X O  . . X  . . X
X X X  . O O  . . X
X O .  O X .  . O X
macro:
XOX
..O
X.X
raw: value -0.14, top move 66 (board 8 cell 4) p=0.43;   search: value +0.46, move 64 (board 8 cell 2) (raw p=0.260, visits 96/256)
========================================================================
value surprise +0.57   ply 42
to move: X   next board: 5   moves: 42
X O .  O . X  X . O
X . .  O . X  . O X
X . O  . . .  . . .

. X O  . . .  O O X
X . O  X X X  X . O
. X O  O . .  O . .

. . .  O . .  . X .
O . .  O . .  . O O
X X X  O X .  . O X
macro:
X..
OX.
XO.
raw: value +0.31, top move 53 (board 6 cell 9) p=0.50;   search: value +0.88, move 53 (board 6 cell 9) (raw p=0.496, visits 107/256)
========================================================================
value surprise +0.55   ply 44
to move: X   next board: 4   moves: 44
. X .  X X O  O X X
X O X  O O .  O . .
O . O  . O X  . . .

X O .  X O O  O . .
X . X  . X X  O . X
O . .  . X .  O . .

O X .  . O .  . . .
. X .  . O .  . O O
. X .  . X O  X . X
macro:
...
..O
X..
raw: value -0.73, top move 39 (board 5 cell 4) p=0.77;   search: value -0.18, move 39 (board 5 cell 4) (raw p=0.765, visits 107/256)
========================================================================
value surprise +0.54   ply 41
to move: O   next board: 3   moves: 41
X . O  . X O  . X O
. . .  O . O  . X X
. . O  . X .  . X .

. . .  O X .  . . X
X . O  . X .  O . X
X . .  O . .  O O X

. . .  X O O  . O .
X . X  . . O  . O .
O X X  O X .  . O X
macro:
..X
..X
..O
raw: value -0.37, top move 28 (board 4 cell 2) p=0.59;   search: value +0.17, move 28 (board 4 cell 2) (raw p=0.593, visits 86/256)
========================================================================
value surprise +0.54   ply 39
to move: O   next board: 0   moves: 39
X . .  . O O  . O X
. . O  . X X  . . .
. . O  . . .  O O O

. . .  O X .  . X X
X . .  . X .  O . O
O O O  . O .  . X .

X . .  X . X  . . X
X . O  X O .  . . X
X . .  O X .  . O X
macro:
..O
O..
X.X
raw: value -0.74, top move 4 (board 1 cell 5) p=0.75;   search: value -0.20, move 4 (board 1 cell 5) (raw p=0.755, visits 86/256)
========================================================================
value surprise +0.54   ply 42
to move: X   next board: 2   moves: 42
X O .  . X X  . X O
. X X  O . O  O . .
X O .  . . .  X . .

X . .  O . O  O . X
X . X  . X .  O . X
X O .  . . .  . O O

O O O  . . .  O . .
. . X  . . O  O . .
O . X  X X X  O . X
macro:
...
X..
OXO
raw: value +0.07, top move 23 (board 3 cell 6) p=0.46;   search: value +0.61, move 22 (board 3 cell 5) (raw p=0.434, visits 103/256)

### largest negative value surprises (net too optimistic)
========================================================================
value surprise -1.97   ply 55
to move: O   next board: 3   moves: 55
X O .  X X .  O . X
. X .  . . .  X O .
O O O  O O O  X . .

. . .  X . O  . . .
X X O  O X X  X . O
O X O  O X O  X X X

O X O  . X O  . O .
X O O  O . O  . . .
X O X  X X O  X X X
macro:
OO.
..X
#OX
raw: value +0.98, top move 29 (board 4 cell 3) p=0.59;   search: value -0.99, move 29 (board 4 cell 3) (raw p=0.590, visits 107/256)
========================================================================
value surprise -1.91   ply 46
to move: X   next board: 0   moves: 46
X . .  . X O  O X X
. . O  X O X  O . O
X . .  O O X  X . .

. X X  O O .  . O X
X . .  . X .  O . X
O O .  X . .  . . X

O O O  . O .  . X O
O X .  . . .  . . O
X O .  X X X  . . O
macro:
.O.
..X
OXO
raw: value +0.93, top move 3 (board 1 cell 4) p=0.52;   search: value -0.98, move 2 (board 1 cell 3) (raw p=0.421, visits 86/256)
========================================================================
value surprise -1.86   ply 52
to move: X   next board: 3   moves: 52
X . .  O X O  . O X
O O .  O X O  O . X
X O X  . O X  . X .

X X .  O X .  . O .
X . O  O X .  X X X
O X X  O . .  . . O

X X X  O X O  . O O
. . .  O . .  O . O
O . .  . X X  . O X
macro:
...
.OX
X..
raw: value +0.87, top move 29 (board 4 cell 3) p=0.99;   search: value -0.99, move 29 (board 4 cell 3) (raw p=0.995, visits 128/256)
========================================================================
value surprise -1.84   ply 50
to move: X   next board: 0   moves: 50
X O O  O X X  X X O
X . .  . O O  X . X
O . O  . O O  O . X

X . O  O X O  . O .
O O X  . X .  X . .
O . .  . X .  X O .

X . O  . X .  O X X
X . .  . X .  O . O
X O .  . X O  . . X
macro:
.O.
OX.
XX.
raw: value +0.89, top move 5 (board 1 cell 6) p=0.89;   search: value -0.95, move 5 (board 1 cell 6) (raw p=0.893, visits 107/256)
========================================================================
value surprise -1.70   ply 42
to move: X   next board: 5   moves: 42
X O .  O . .  O . X
O O O  O . .  . . .
. X .  O X .  . . .

X . O  . X .  X . .
X X O  O X O  X . X
O . X  O . O  . . O

X . .  X X .  X . .
X . .  . . .  O X O
X O .  . O O  . . X
macro:
OO.
X..
X.X
raw: value +0.83, top move 49 (board 6 cell 5) p=0.83;   search: value -0.87, move 52 (board 6 cell 8) (raw p=0.048, visits 103/256)
========================================================================
value surprise -1.70   ply 52
to move: X   next board: 6   moves: 52
X X .  . X O  . . X
X . X  . . O  O . X
O O .  . O O  . . X

O X O  O . .  O X O
O O X  X X X  X O O
X O .  . . .  O X X

X . .  . O .  . . .
X O X  X . O  O O O
O . .  X X O  . X X
macro:
.OX
.XO
..O
raw: value +0.73, top move 56 (board 7 cell 3) p=0.83;   search: value -0.97, move 56 (board 7 cell 3) (raw p=0.834, visits 96/256)
========================================================================
value surprise -1.68   ply 36
to move: X   next board: 1   moves: 36
O . X  . . O  O X O
. . X  O X .  . X .
. . X  . . .  . X .

X . .  . X .  . . X
X . O  O O O  . . X
X . .  . . .  . O X

. O .  O . .  X . O
. X .  O . .  . . O
O X .  O X .  . . O
macro:
X.X
XOX
.OO
raw: value +0.73, top move 15 (board 2 cell 7) p=0.53;   search: value -0.95, move 9 (board 2 cell 1) (raw p=0.128, visits 86/256)
========================================================================
value surprise -1.64   ply 46
to move: X   next board: 7   moves: 46
O O .  X X X  . . X
. . .  O . .  X . .
X X O  . . .  O O O

O . O  . . O  . . .
X . O  . X X  O . X
O O X  . . .  O O O

X O X  . O .  X . .
X O .  X . X  X . X
O X .  X O .  X . O
macro:
.XO
..O
..X
raw: value +0.75, top move 63 (board 8 cell 1) p=0.61;   search: value -0.89, move 63 (board 8 cell 1) (raw p=0.612, visits 96/256)
========================================================================
value surprise -1.62   ply 54
to move: X   next board: 2   moves: 54
X X X  . X O  O O X
O . .  X X X  . X O
. . .  X O O  O X O

. . O  O X O  . O O
X . O  . X .  O . X
X . .  . O O  X . X

. O X  . O X  O O X
. O .  . . X  . X O
O X X  . O X  O . X
macro:
XX.
...
.X.
raw: value +0.64, top move 21 (board 3 cell 4) p=1.00;   search: value -0.98, move 21 (board 3 cell 4) (raw p=1.000, visits 256/256)
========================================================================
value surprise -1.58   ply 47
to move: O   next board: 6   moves: 47
O X O  X O .  X X X
. . .  X X .  . . O
X . .  O O O  . . .

. . .  . . O  O X O
O O O  . X O  X . X
. X .  . O O  X O .

. O .  . X X  . . .
. . X  . . X  X X O
O O X  X O X  X . O
macro:
.OX
OO.
.X.
raw: value +0.61, top move 58 (board 7 cell 5) p=0.53;   search: value -0.97, move 54 (board 7 cell 1) (raw p=0.395, visits 96/256)
========================================================================
value surprise -1.55   ply 44
to move: X   next board: 8   moves: 44
. O X  X . .  . . .
O O X  . . X  O . .
. O .  X O X  O O O

X X X  O . .  X O .
O X .  O X .  X . O
. . .  X . X  . O .

O O X  . O X  X . .
. . .  . . X  . O O
. . O  . X X  X . O
macro:
O.O
X..
.X.
raw: value +0.57, top move 75 (board 9 cell 4) p=0.88;   search: value -0.97, move 75 (board 9 cell 4) (raw p=0.880, visits 96/256)
========================================================================
value surprise -1.55   ply 40
to move: X   next board: 8   moves: 40
O O .  X O .  X O O
. . .  X . .  . . X
O X .  X O .  X O .

. . .  . . X  . . X
O . .  . O X  O O O
X X X  . . .  . . .

. X X  X . O  . X O
. . .  . X X  . . .
O O O  . O X  . . O
macro:
.X.
X.O
OX.
raw: value +0.66, top move 72 (board 9 cell 1) p=0.45;   search: value -0.89, move 72 (board 9 cell 1) (raw p=0.445, visits 86/256)
========================================================================
value surprise -1.50   ply 36
to move: X   next board: 4   moves: 36
X . O  O O O  X . .
. . O  . . X  O . .
. . O  . . .  . X X

. . O  . . .  O X .
X O X  X X .  . . .
O . .  . . O  O O .

X . .  . X X  . X .
X . .  . . X  . . .
X O .  O O .  O X .
macro:
OO.
O..
X..
raw: value +0.63, top move 41 (board 5 cell 6) p=0.76;   search: value -0.87, move 43 (board 5 cell 8) (raw p=0.138, visits 86/256)
========================================================================
value surprise -1.47   ply 40
to move: X   next board: any   moves: 40
O O X  X O .  O . X
. X .  . X .  O . .
X . .  . X X  O . .

X X X  O O O  . O .
. . X  O X X  . O X
. O .  . . O  . O .

. O .  . . .  . . .
O . O  X X X  O . .
X . .  . O .  X . .
macro:
XXO
XOO
.X.
raw: value +0.49, top move 80 (board 9 cell 9) p=0.48;   search: value -0.98, move 58 (board 7 cell 5) (raw p=0.161, visits 73/256)
========================================================================
value surprise -1.46   ply 45
to move: O   next board: 6   moves: 45
X O O  X X X  O X O
. . X  . . O  . . .
X O .  . O O  X X .

. O .  O X .  O . O
X O .  O X .  X . O
. O .  O . .  O . X

X O X  . . .  . . .
. . X  X X X  . X X
O . O  . . .  X . O
macro:
.X.
OO.
.X.
raw: value +0.48, top move 61 (board 7 cell 8) p=0.83;   search: value -0.98, move 61 (board 7 cell 8) (raw p=0.832, visits 107/256)
========================================================================
value surprise -1.45   ply 54
to move: X   next board: 6   moves: 54
O X O  X O O  . X O
. O X  O X O  O X X
O . X  . . O  . . .

X X .  O X .  O X .
X . .  . X X  O O O
X X O  O X O  X O .

. . .  X X X  . O X
O O .  O . X  . . X
X O .  . O .  . O X
macro:
OO.
XXO
.XX
raw: value +0.48, top move 55 (board 7 cell 2) p=0.26;   search: value -0.97, move 55 (board 7 cell 2) (raw p=0.259, visits 103/256)
========================================================================
value surprise -1.44   ply 46
to move: X   next board: 0   moves: 46
X O .  X X X  O O X
X X .  . . .  . O .
O . O  . O X  . O X

O O O  . X .  O . .
X . .  . X .  O . X
. . .  O X O  . O .

O . O  . O X  . X X
X . .  . X X  . O O
X . .  . X O  . O X
macro:
.XO
OX.
...
raw: value +0.90, top move 5 (board 1 cell 6) p=0.85;   search: value -0.55, move 7 (board 1 cell 8) (raw p=0.132, visits 107/256)
========================================================================
value surprise -1.42   ply 42
to move: X   next board: 1   moves: 42
X O .  O . .  O O O
. O O  . . .  . X X
X X X  . X O  . . .

X . .  O . .  X X X
X . O  X X O  O . X
X . .  O . .  . X O

. . O  O . .  . X .
O X O  O . .  . . O
X . .  O . .  . X .
macro:
X.O
X.X
.O.
raw: value +0.81, top move 10 (board 2 cell 2) p=0.69;   search: value -0.61, move 10 (board 2 cell 2) (raw p=0.693, visits 86/256)
========================================================================
value surprise -1.41   ply 34
to move: X   next board: 4   moves: 34
X O .  . . .  O . X
. O .  . . O  O . .
O . .  . X O  O . .

X X X  . . O  X . .
. . .  . X O  X . .
. . O  . . .  X O .

. X .  . . .  . . X
O . .  O X O  . . X
X . O  . X .  . O X
macro:
..O
X.X
..X
raw: value +0.76, top move 36 (board 5 cell 1) p=0.55;   search: value -0.65, move 43 (board 5 cell 8) (raw p=0.276, visits 86/256)
========================================================================
value surprise -1.41   ply 42
to move: X   next board: 8   moves: 42
. O .  X X .  . . X
O X X  O X O  . . .
. O .  O . .  O O O

. O X  O O O  O X .
. . .  . X .  . . X
O X X  . O .  . . O

. . .  X X X  X . .
O X .  X . .  X . O
X . X  . O .  . . O
macro:
..O
.O.
.X.
raw: value +0.82, top move 78 (board 9 cell 7) p=0.73;   search: value -0.59, move 74 (board 9 cell 3) (raw p=0.032, visits 103/256)
========================================================================
value surprise -1.41   ply 52
to move: X   next board: any   moves: 52
O . X  . O .  O . X
. . X  X X .  O . .
. . X  X O X  O . O

O X .  . O O  X O .
O O .  O X O  . X .
X X X  X X .  . O .

. O O  . X X  . . X
O X .  X O .  X . .
X X O  O O X  O O O
macro:
X.O
X..
..O
raw: value +0.97, top move 44 (board 5 cell 9) p=0.60;   search: value -0.44, move 51 (board 6 cell 7) (raw p=0.314, visits 71/256)
========================================================================
value surprise -1.40   ply 42
to move: X   next board: 4   moves: 42
X O X  O O X  O O X
O . O  . . X  . . .
X . .  . . X  O . X

X . .  X . O  . . O
X . O  . X .  . . X
X . .  . . .  O X X

O . .  . X .  . X .
O O .  O . O  . O .
X X O  . . .  X O O
macro:
.X.
X..
O..
raw: value +0.43, top move 44 (board 5 cell 9) p=0.71;   search: value -0.96, move 41 (board 5 cell 6) (raw p=0.224, visits 86/256)
========================================================================
value surprise -1.35   ply 44
to move: X   next board: 8   moves: 44
O . X  O . .  X . O
. X O  . . .  X . .
X O O  O . X  O . .

. . X  O . .  X . .
O X .  O X .  . O X
X . .  O . .  O . X

X X O  . X .  X O .
O . X  . . O  . . .
X X O  . X O  O O X
macro:
X..
XO.
...
raw: value +0.89, top move 77 (board 9 cell 6) p=0.51;   search: value -0.47, move 77 (board 9 cell 6) (raw p=0.508, visits 96/256)
========================================================================
value surprise -1.35   ply 41
to move: O   next board: 2   moves: 41
O O O  . O X  . . X
. . X  . . .  . O X
. . .  O X .  O O .

X . .  X . O  . X .
X . O  . X O  O . X
X . .  . . O  X O O

. . .  X X X  X . X
O X O  O . .  . . .
X . O  . . .  . O X
macro:
O..
XO.
.X.
raw: value +0.37, top move 19 (board 3 cell 2) p=0.74;   search: value -0.97, move 19 (board 3 cell 2) (raw p=0.745, visits 96/256)
========================================================================
value surprise -1.34   ply 49
to move: O   next board: any   moves: 49
X O .  O X O  . X X
. . .  . O .  O O X
X O .  X X O  X . O

O O O  . X X  . . .
X . .  O X .  X X X
. . .  O X .  . O O

. O O  X X X  . . .
. O O  X . .  . . O
X O .  . O O  X X X
macro:
.O.
OXX
OXX
raw: value +1.00, top move 4 (board 1 cell 5) p=0.99;   search: value -0.34, move 4 (board 1 cell 5) (raw p=0.992, visits 84/256)
========================================================================
value surprise -1.34   ply 48
to move: X   next board: any   moves: 48
. . .  X O O  . O X
O O O  X . .  O X .
. . .  O . .  X O X

X . O  . . .  . . .
O . X  . O .  . . X
X X .  X X X  O O O

X . O  O X X  X X .
X O X  O . X  . . .
O X .  . O X  O O O
macro:
O.X
.XO
OXO
raw: value +1.00, top move 13 (board 2 cell 5) p=1.00;   search: value -0.34, move 13 (board 2 cell 5) (raw p=0.996, visits 84/256)
========================================================================
value surprise -1.33   ply 44
to move: X   next board: 5   moves: 44
X O .  X X O  . . X
. . .  . . O  . . O
O O O  . O O  X . O

. X .  O O O  . X .
. X O  X X .  O . X
. X .  . . .  . . X

X . .  X X X  . . .
. X .  O O .  O . O
O . O  . X O  X X X
macro:
OO.
XO.
.XX
raw: value +0.36, top move 47 (board 6 cell 3) p=0.35;   search: value -0.98, move 49 (board 6 cell 5) (raw p=0.130, visits 103/256)
========================================================================
value surprise -1.33   ply 49
to move: O   next board: any   moves: 49
X X X  O O O  O . X
. . .  . . X  O . X
. O .  . X X  O . .

O O O  . . O  . X O
X . .  . X X  X X O
. X X  . . O  . O O

. . .  O X X  X X .
O O O  O . X  X . O
X . .  X O .  X . O
macro:
XOO
O.O
O.X
raw: value +0.99, top move 43 (board 5 cell 8) p=0.94;   search: value -0.34, move 43 (board 5 cell 8) (raw p=0.941, visits 84/256)
========================================================================
value surprise -1.33   ply 50
to move: X   next board: any   moves: 50
X O .  O X .  O X X
. X .  O . .  . O .
. O X  X X O  X . .

X . .  . . .  . . X
X . O  . X .  O . X
X O .  O O O  O O X

O O O  O X .  . . O
. O X  X X X  . . O
X O .  X O X  . X O
macro:
X..
XOX
OXO
raw: value +0.99, top move 26 (board 3 cell 9) p=0.99;   search: value -0.34, move 26 (board 3 cell 9) (raw p=0.993, visits 84/256)
========================================================================
value surprise -1.33   ply 45
to move: O   next board: 8   moves: 45
X X X  . X O  O X X
O . O  O . O  . . O
. . .  . O O  X . X

O O O  . . .  O . .
. X .  . X .  . . .
. . X  O O .  X X X

. . O  X X .  . X O
X . X  X . .  X . X
O . X  O . O  . O O
macro:
XO.
O.X
...
raw: value +0.34, top move 78 (board 9 cell 7) p=0.73;   search: value -0.99, move 78 (board 9 cell 7) (raw p=0.731, visits 107/256)

### largest policy surprises (search chooses a move the net almost never considers)
========================================================================
policy surprise: raw p(search move) = 0.0033   ply 47
to move: O   next board: 6   moves: 47
O . X  X O O  X O O
X O O  . . X  . . O
X X .  X O .  X . .

O . X  O . .  X X X
O . .  X X X  . . O
X X O  O . .  . . O

O O .  . X .  . . .
O . .  O . .  X X X
X . O  . O X  . . O
macro:
...
.XX
..X
raw: value -1.00, top move 61 (board 7 cell 8) p=0.96;   search: value -1.00, move 58 (board 7 cell 5) (raw p=0.003, visits 96/256)
========================================================================
policy surprise: raw p(search move) = 0.0079   ply 23
to move: O   next board: 8   moves: 23
. . .  X . .  X . .
. . .  . O .  . . .
O O O  . . .  . O .

. . X  . O .  X X .
. O .  . X .  . . O
. . .  . . X  . . .

. . .  . . .  . . .
X . X  . . O  O . .
O . .  X X .  . . X
macro:
O..
...
...
raw: value -0.30, top move 77 (board 9 cell 6) p=0.49;   search: value -0.47, move 72 (board 9 cell 1) (raw p=0.008, visits 84/256)
========================================================================
policy surprise: raw p(search move) = 0.0108   ply 45
to move: O   next board: 6   moves: 45
X X O  O X .  . X X
O . O  . O .  . X .
. O .  . O O  O X O

. . O  . O .  X X X
X X O  X X X  . . O
. X .  O . .  . . .

. . .  O . O  . . O
O . .  O . X  . O .
X X .  X O X  . X X
macro:
.OX
.XX
...
raw: value -1.00, top move 54 (board 7 cell 1) p=0.92;   search: value -1.00, move 59 (board 7 cell 6) (raw p=0.011, visits 86/256)
========================================================================
policy surprise: raw p(search move) = 0.0120   ply 40
to move: X   next board: any   moves: 40
. . .  . . .  . O X
O . .  . . X  . O .
X . X  O O O  . . .

O . X  . X .  . . .
X . O  . X .  O . X
X . O  O X .  . O O

. . .  O X O  X X .
O O .  X . X  X O .
X X O  . O .  . X .
macro:
.O.
.X.
...
raw: value +0.85, top move 78 (board 9 cell 7) p=0.40;   search: value +0.21, move 23 (board 3 cell 6) (raw p=0.012, visits 60/256)
========================================================================
policy surprise: raw p(search move) = 0.0122   ply 37
to move: O   next board: 2   moves: 37
X O X  O X X  . O X
. O .  O . .  O . .
. X .  X O .  . . O

X X X  O . .  . . .
X . O  . X .  O . X
. . .  . X .  . . X

. O O  O . .  . X .
. . .  O . O  . . .
X . .  O X .  . X O
macro:
...
X..
.O.
raw: value -0.52, top move 18 (board 3 cell 1) p=0.73;   search: value -0.65, move 23 (board 3 cell 6) (raw p=0.012, visits 103/256)
========================================================================
policy surprise: raw p(search move) = 0.0122   ply 40
to move: X   next board: 0   moves: 40
O . X  O X .  O . .
. . O  O X .  O . .
. . X  . X .  X . .

. X .  X O O  . . .
. X .  . X X  . . O
. X .  O . O  X X X

. . X  X O .  . O .
. . X  O . O  . O .
O X O  O . .  . O X
macro:
.X.
X.X
..O
raw: value +0.42, top move 7 (board 1 cell 8) p=0.61;   search: value -0.36, move 3 (board 1 cell 4) (raw p=0.012, visits 103/256)
========================================================================
policy surprise: raw p(search move) = 0.0138   ply 41
to move: O   next board: 6   moves: 41
O . .  . X .  . . X
O . .  O O O  . . X
X X O  . . .  O O .

X X X  . . O  O X .
O . X  X X X  O O X
. . .  . . .  . X O

X . .  X O O  . . .
. . O  . . .  . . O
. . O  X O .  X X X
macro:
.O.
XXO
..X
raw: value -0.64, top move 61 (board 7 cell 8) p=0.48;   search: value -0.99, move 55 (board 7 cell 2) (raw p=0.014, visits 86/256)
========================================================================
policy surprise: raw p(search move) = 0.0160   ply 42
to move: X   next board: 1   moves: 42
X O .  . X X  . X O
. . .  O X O  . . X
. . .  . . .  . . O

. . .  O O O  . O X
X X X  . X .  O . X
X O .  O X .  . X O

. O .  . . .  . . .
O X .  . O O  O . O
X O .  O X X  X . X
macro:
...
XO.
...
raw: value +0.38, top move 16 (board 2 cell 8) p=0.63;   search: value +0.03, move 17 (board 2 cell 9) (raw p=0.016, visits 96/256)
========================================================================
policy surprise: raw p(search move) = 0.0161   ply 26
to move: X   next board: 7   moves: 26
X X .  . O .  O . O
O . O  . X O  . . .
. . .  . . .  . X .

O . .  . . .  . X .
X . .  . O .  . X O
. . .  . O X  . X .

. . .  . . X  X . X
. . .  . . X  . . .
. . .  . O O  . . O
macro:
...
..X
...
raw: value -0.14, top move 69 (board 8 cell 7) p=0.65;   search: value -0.00, move 67 (board 8 cell 5) (raw p=0.016, visits 103/256)
========================================================================
policy surprise: raw p(search move) = 0.0171   ply 25
to move: O   next board: 6   moves: 25
. . .  . . .  . . X
. . .  O . X  . . .
. . .  . . .  O O .

. X .  . . O  . . X
X X O  . X .  O . X
. X .  . . O  . O .

. . .  . . .  . O .
O . .  O . O  . . .
X . .  X X .  . . X
macro:
...
X..
...
raw: value -0.45, top move 62 (board 7 cell 9) p=0.58;   search: value -0.43, move 58 (board 7 cell 5) (raw p=0.017, visits 84/256)
========================================================================
policy surprise: raw p(search move) = 0.0174   ply 21
to move: O   next board: 8   moves: 21
X . .  . X O  . . X
. . .  . . .  . . O
. O .  . O .  . . .

. . .  O . .  . X .
O . X  . X .  . . O
. . .  . . .  . X .

. . .  . O .  . . .
X . .  . . .  . . .
O . .  X X O  . . X
macro:
...
...
...
raw: value -0.51, top move 78 (board 9 cell 7) p=0.46;   search: value -0.49, move 77 (board 9 cell 6) (raw p=0.017, visits 77/256)
========================================================================
policy surprise: raw p(search move) = 0.0191   ply 42
to move: X   next board: any   moves: 42
. . .  . . .  . O X
O . .  . . X  . O X
X . X  O O O  . . .

O . X  . X .  . O .
X . O  . X .  O . X
X . O  O X .  . O O

. . .  O X O  X X .
O O .  X . X  X O .
X X O  . O .  . X .
macro:
.O.
.X.
...
raw: value +0.94, top move 7 (board 1 cell 8) p=0.38;   search: value +0.41, move 26 (board 3 cell 9) (raw p=0.019, visits 60/256)
========================================================================
policy surprise: raw p(search move) = 0.0194   ply 35
to move: O   next board: 6   moves: 35
X O O  . X .  O . X
O . .  O O .  . . .
X . O  . X .  . . X

X O .  . . .  . . .
X . .  . X .  . . X
X . .  O X .  . O .

O . O  X X .  X . .
. . .  . . .  O . O
X . O  . O O  X . X
macro:
...
X..
...
raw: value -0.47, top move 55 (board 7 cell 2) p=0.40;   search: value -0.85, move 57 (board 7 cell 4) (raw p=0.019, visits 103/256)
========================================================================
policy surprise: raw p(search move) = 0.0197   ply 47
to move: O   next board: 0   moves: 47
O . .  X X O  . . X
O . X  O O .  . . X
X X .  . . .  O . .

O X .  X O O  . . .
X O X  X X .  O O O
. X X  . X X  . . X

X . .  . O .  O X .
O X .  O O .  . . .
O X .  O X O  X O O
macro:
...
.XO
...
raw: value +0.11, top move 8 (board 1 cell 9) p=0.79;   search: value -0.92, move 2 (board 1 cell 3) (raw p=0.020, visits 96/256)
========================================================================
policy surprise: raw p(search move) = 0.0202   ply 53
to move: O   next board: any   moves: 53
X O .  X X .  O . X
. . X  O . .  . O O
X O O  X . O  O O .

. . X  O . O  O X X
. . X  . X .  . X O
. . X  X X X  O . X

X O X  . . .  . O X
O O O  O . .  O X O
O . X  X X X  X O O
macro:
...
XX.
OXX
raw: value -1.00, top move 11 (board 2 cell 3) p=0.42;   search: value -1.00, move 4 (board 1 cell 5) (raw p=0.020, visits 73/256)
========================================================================
policy surprise: raw p(search move) = 0.0202   ply 43
to move: O   next board: 2   moves: 43
. . .  . . .  . O X
O . O  . . X  . O .
. . X  O O O  . . .

X . .  . . X  . X .
X . O  . X .  O . X
X . O  O X O  O O O

. . .  O X O  X X X
O X .  X . X  . O X
X X O  . O .  . X .
macro:
.O.
X.O
..X
raw: value -0.47, top move 24 (board 3 cell 7) p=0.86;   search: value -0.99, move 18 (board 3 cell 1) (raw p=0.020, visits 86/256)
========================================================================
policy surprise: raw p(search move) = 0.0202   ply 36
to move: X   next board: any   moves: 36
X O X  X X X  . . O
. O O  . . .  X X .
. . .  . O .  O O .

X O O  O . .  . . .
. . .  O X .  . . X
. . .  O . .  . O O

. . X  . O .  O . .
X X X  . . .  . . .
O . .  X X X  O . X
macro:
.X.
.O.
XX.
raw: value +0.60, top move 74 (board 9 cell 3) p=0.51;   search: value +0.13, move 18 (board 3 cell 1) (raw p=0.020, visits 60/256)
========================================================================
policy surprise: raw p(search move) = 0.0203   ply 43
to move: O   next board: any   moves: 43
X O .  . X .  . X X
. O .  O . .  . O O
. O .  O X .  . . .

. . .  . . .  . . .
X X X  . X .  O X X
. O .  O O O  X O O

X . O  X O O  O . .
. . O  O X X  . . .
. X X  O X .  X X X
macro:
O..
XO.
..X
raw: value -0.75, top move 21 (board 3 cell 4) p=0.35;   search: value -1.00, move 47 (board 6 cell 3) (raw p=0.020, visits 60/256)
========================================================================
policy surprise: raw p(search move) = 0.0207   ply 43
to move: O   next board: 7   moves: 43
X . .  X X .  . . .
. . .  O O O  X O .
O O O  X . O  X . .

. O .  X O O  . X .
. . O  . X .  . X .
. X X  . O X  . X .

. O O  O X X  O X .
. X .  . . O  X O .
. . X  . X O  O X .
macro:
OO.
.XX
...
raw: value -0.99, top move 69 (board 8 cell 7) p=0.96;   search: value -1.00, move 67 (board 8 cell 5) (raw p=0.021, visits 107/256)
========================================================================
policy surprise: raw p(search move) = 0.0208   ply 38
to move: X   next board: 8   moves: 38
X X O  O X X  X . O
. . .  . . .  . . X
. O O  O O O  X . .

O O .  . . .  . O O
X . X  O X .  X . X
. . .  O . .  . O .

. X .  . X .  X . .
O . O  . X .  . . O
X . .  . X O  . . X
macro:
.O.
...
.X.
raw: value +0.55, top move 76 (board 9 cell 5) p=0.60;   search: value -0.41, move 78 (board 9 cell 7) (raw p=0.021, visits 86/256)
========================================================================
policy surprise: raw p(search move) = 0.0211   ply 51
to move: O   next board: 2   moves: 51
O X O  . O X  X . O
X . O  O . O  O . .
. O .  O . X  O X X

O . X  . . .  X X X
O X .  X O X  . . .
X O .  X O .  O X .

X X O  X X X  . O .
. X O  X . O  . O .
. X .  O O X  . O .
macro:
...
X.X
XXO
raw: value -0.62, top move 19 (board 3 cell 2) p=0.95;   search: value -0.99, move 22 (board 3 cell 5) (raw p=0.021, visits 107/256)
========================================================================
policy surprise: raw p(search move) = 0.0212   ply 49
to move: O   next board: 5   moves: 49
X O O  X O .  . . X
. O .  X . O  X X X
O . .  X X O  O . .

X X O  O O O  . X .
O . O  X X .  X . O
O X .  . . .  . X O

X . O  . O .  . X .
O . X  . . X  O X .
X . X  O O O  . X .
macro:
OXX
.O.
.OX
raw: value -0.42, top move 51 (board 6 cell 7) p=0.51;   search: value -1.00, move 45 (board 6 cell 1) (raw p=0.021, visits 96/256)
========================================================================
policy surprise: raw p(search move) = 0.0212   ply 37
to move: O   next board: 2   moves: 37
X O .  . X X  . . O
X . O  O . .  . . .
. O .  . O O  X . O

O . X  . . .  . . .
O . X  . X .  X . X
. . X  O . .  . O O

X O .  X X X  O X .
O . .  . . .  . . O
. . O  . . .  X X X
macro:
...
X..
.XX
raw: value -0.54, top move 23 (board 3 cell 6) p=0.90;   search: value -0.95, move 22 (board 3 cell 5) (raw p=0.021, visits 86/256)
========================================================================
policy surprise: raw p(search move) = 0.0213   ply 31
to move: O   next board: 3   moves: 31
X . .  . X X  . . O
. . .  O . O  X . O
. . O  . . .  X . .

. O .  O . .  . O O
X . X  . X .  O . .
. X .  . . .  X X .

. . .  . X X  . . .
O . X  . . .  . . X
O . .  . O O  . O X
macro:
...
...
...
raw: value -0.55, top move 27 (board 4 cell 1) p=0.65;   search: value -0.68, move 31 (board 4 cell 5) (raw p=0.021, visits 103/256)
========================================================================
policy surprise: raw p(search move) = 0.0216   ply 13
to move: O   next board: 8   moves: 13
O . .  . . .  . X .
. . .  O . O  . . .
. . X  . . .  . . .

. . .  . . O  X X .
X . .  . X O  . . .
. . O  . . .  . . .

. . .  . . .  . . .
. . .  . . .  . X .
. . .  . . .  . . .
macro:
...
...
...
raw: value -0.09, top move 73 (board 9 cell 2) p=0.93;   search: value -0.26, move 74 (board 9 cell 3) (raw p=0.022, visits 77/256)
========================================================================
policy surprise: raw p(search move) = 0.0225   ply 36
to move: X   next board: 8   moves: 36
O . .  X O .  . X X
O . .  O . .  . . .
X . .  . X O  O . .

. X .  . O O  X . .
O X O  . X .  X . O
. X X  . . .  X . .

. . O  . . .  . X .
. . O  X . X  O . .
X . O  . O O  . O X
macro:
...
X.X
O..
raw: value +0.19, top move 72 (board 9 cell 1) p=0.42;   search: value +0.15, move 78 (board 9 cell 7) (raw p=0.023, visits 103/256)
========================================================================
policy surprise: raw p(search move) = 0.0226   ply 30
to move: X   next board: 6   moves: 30
O X .  . O O  . . X
. . .  X . X  . . O
O . .  . . .  . . .

X O .  . . .  . . .
O . O  X X .  X . O
O . .  O . .  . X X

. . .  X X .  . . .
X . .  . . .  . O .
X . O  . O .  . O X
macro:
...
...
...
raw: value +0.51, top move 54 (board 7 cell 1) p=0.59;   search: value +0.20, move 55 (board 7 cell 2) (raw p=0.023, visits 86/256)
========================================================================
policy surprise: raw p(search move) = 0.0230   ply 41
to move: O   next board: 2   moves: 41
X X O  . O .  X . O
O . .  O O X  . . X
. O O  . O .  . . O

. X X  . X .  O . X
O X X  X O .  O . O
X O O  . . .  . . .

O . .  X X X  X . .
. . .  X . .  X . .
O X .  . O .  X . .
macro:
.O.
X..
.XX
raw: value +0.06, top move 22 (board 3 cell 5) p=0.54;   search: value -0.66, move 21 (board 3 cell 4) (raw p=0.023, visits 103/256)
========================================================================
policy surprise: raw p(search move) = 0.0231   ply 35
to move: O   next board: 5   moves: 35
X O .  O O X  O . X
X X X  X . .  . . .
. . .  . X .  O . .

. O .  O . O  . . .
X . O  . X .  . . .
O . .  . . .  . X X

. . .  . X .  O X .
O . .  . . O  . . .
X X X  O O O  . X O
macro:
X..
...
XO.
raw: value -0.19, top move 48 (board 6 cell 4) p=0.59;   search: value -0.62, move 51 (board 6 cell 7) (raw p=0.023, visits 84/256)
========================================================================
policy surprise: raw p(search move) = 0.0231   ply 25
to move: O   next board: 4   moves: 25
O . .  X O .  . . .
. . .  X . .  . X .
X . O  . O .  . . O

. . .  . . X  . . .
O . .  . O .  . . .
X . .  . . .  . X X

. O O  X X .  . X .
. . .  . . .  . X O
. . .  . O O  . X .
macro:
...
...
..X
raw: value -0.00, top move 41 (board 5 cell 6) p=0.47;   search: value -0.11, move 37 (board 5 cell 2) (raw p=0.023, visits 84/256)
