30000 positions from 6000 held-out games (['games_0280.npz', 'games_0281.npz', 'games_0282.npz', 'games_0283.npz', 'games_0284.npz', 'games_0285.npz', 'games_0286.npz', 'games_0287.npz', 'games_0288.npz', 'games_0289.npz', 'games_0290.npz', 'games_0291.npz', 'games_0292.npz', 'games_0293.npz', 'games_0294.npz', 'games_0295.npz', 'games_0296.npz', 'games_0297.npz', 'games_0298.npz', 'games_0299.npz']), net runs/deep10_c1_300/net_0300.pt, 256-sim search values
free-move positions: 0.073; mean value free -0.143 vs confined -0.126 (raw difference -0.017)

OLS of the search value (mover's perspective), cluster-robust SE by game, R^2 = 0.525:
  intercept        -1.1992 +- 0.2031
  free_move        +0.1960 +- 0.0281 *
  ply/10           +0.1216 +- 0.0626 *
  (ply/10)^2       -0.0033 +- 0.0049
  macro_score      +0.0271 +- 0.0095 *
  open_boards      -0.0330 +- 0.0240 *
  empties/10       +0.1465 +- 0.0490 *
  is_X             +0.6382 +- 0.0128 *
  threats_for      +0.1585 +- 0.0211 *
  threats_against  -0.1500 +- 0.0170 *

OLS of the raw value (mover's perspective), cluster-robust SE by game, R^2 = 0.562:
  intercept        -0.6794 +- 0.1959
  free_move        +0.2901 +- 0.0297 *
  ply/10           +0.0760 +- 0.0602 *
  (ply/10)^2       -0.0044 +- 0.0046
  macro_score      +0.0199 +- 0.0089 *
  open_boards      -0.0076 +- 0.0231
  empties/10       +0.0474 +- 0.0472 *
  is_X             +0.6868 +- 0.0121 *
  threats_for      +0.1697 +- 0.0189 *
  threats_against  -0.1498 +- 0.0182 *

OLS of the search value on board ownership by class (per board owned), cluster-robust SE by game, R^2 = 0.525:
  intercept        -1.4142 +- 0.4168
  free_move        +0.1962 +- 0.0284 *
  ply/10           +0.1112 +- 0.0640 *
  (ply/10)^2       -0.0031 +- 0.0049
  empties/10       +0.1364 +- 0.0503 *
  is_X             +0.6382 +- 0.0128 *
  threats_for      +0.1539 +- 0.0218 *
  threats_against  -0.1403 +- 0.0178 *
  full_boards      +0.1204 +- 0.0864 *
  centre_self      +0.0697 +- 0.0397 *
  centre_opp       -0.0227 +- 0.0376
  corners_self     +0.0652 +- 0.0302 *
  corners_opp      -0.0131 +- 0.0295
  edges_self       +0.0556 +- 0.0266 *
  edges_opp        +0.0029 +- 0.0265
  net worth of owning (self - opp coefficient): centre +0.092, corner +0.078, edge +0.053

stratified free - confined difference in search value (cells with >= 30 positions of each kind):
  ply 32-43, macro score -2: free -0.528 (n=  120)  confined -0.563 (n=  641)  diff +0.036
  ply 32-43, macro score -1: free -0.352 (n=  233)  confined -0.377 (n= 1943)  diff +0.025
  ply 32-43, macro score +0: free -0.165 (n=  246)  confined -0.207 (n= 2738)  diff +0.042
  ply 32-43, macro score +1: free +0.001 (n=  136)  confined -0.033 (n= 1753)  diff +0.034
  ply 44-50, macro score -2: free -0.549 (n=  158)  confined -0.614 (n=  290)  diff +0.065
  ply 44-50, macro score -1: free -0.406 (n=  300)  confined -0.476 (n=  602)  diff +0.070
  ply 44-50, macro score +0: free +0.015 (n=  396)  confined -0.231 (n=  705)  diff +0.246
  ply 44-50, macro score +1: free +0.244 (n=  265)  confined -0.026 (n=  650)  diff +0.270
  ply 44-50, macro score +2: free +0.538 (n=  103)  confined +0.264 (n=  269)  diff +0.274
weighted mean difference: +0.130
