runs/deep8_c1_300: 30 checkpoints; 20000 held-out positions from 20 files of runs/deep10_c1_300; endgame set endgame_v1 (3000)
  net_0010: vs deep8_c1_net_0150  7.8 vs dev1_net_0200 19.3 vs v2b_net_0150 11.9 vs wide128_c1_net_0150  9.0 | endgame WDL 57.2 draws 19.9 regret 0.216 | first move [40] top1 0.09 H 5.79b | H by ply 3.17 2.78 2.39 2.06 1.84 | D4 JS 0.061b vstd 0.093  (11s)
  net_0020: vs deep8_c1_net_0150 13.8 vs dev1_net_0200 30.3 vs v2b_net_0150 22.7 vs wide128_c1_net_0150 18.9 | endgame WDL 62.4 draws 32.6 regret 0.139 | first move [40] top1 0.79 H 1.68b | H by ply 2.26 2.27 1.99 1.77 1.68 | D4 JS 0.067b vstd 0.082  (13s)
  net_0030: vs deep8_c1_net_0150 19.1 vs dev1_net_0200 38.3 vs v2b_net_0150 24.8 vs wide128_c1_net_0150 20.7 | endgame WDL 60.9 draws 24.7 regret 0.115 | first move [40] top1 0.98 H 0.26b | H by ply 2.04 2.22 1.91 1.64 1.55 | D4 JS 0.055b vstd 0.079  (14s)
  net_0040: vs deep8_c1_net_0150 27.2 vs dev1_net_0200 53.6 vs v2b_net_0150 40.0 vs wide128_c1_net_0150 28.5 | endgame WDL 69.3 draws 40.0 regret 0.106 | first move [40] top1 0.97 H 0.30b | H by ply 2.04 2.06 1.77 1.60 1.57 | D4 JS 0.054b vstd 0.070  (16s)
  net_0050: vs deep8_c1_net_0150 29.9 vs dev1_net_0200 57.3 vs v2b_net_0150 43.3 vs wide128_c1_net_0150 33.2 | endgame WDL 71.8 draws 49.4 regret 0.090 | first move [40] top1 0.98 H 0.23b | H by ply 1.72 1.93 1.79 1.54 1.50 | D4 JS 0.047b vstd 0.071  (17s)
  net_0060: vs deep8_c1_net_0150 27.5 vs dev1_net_0200 56.2 vs v2b_net_0150 43.1 vs wide128_c1_net_0150 29.9 | endgame WDL 70.8 draws 49.1 regret 0.086 | first move [40] top1 0.95 H 0.50b | H by ply 1.92 2.06 1.79 1.51 1.47 | D4 JS 0.050b vstd 0.070  (18s)
  net_0070: vs deep8_c1_net_0150 25.7 vs dev1_net_0200 59.5 vs v2b_net_0150 45.9 vs wide128_c1_net_0150 39.4 | endgame WDL 71.5 draws 44.0 regret 0.079 | first move [40] top1 0.96 H 0.42b | H by ply 1.84 1.93 1.69 1.58 1.56 | D4 JS 0.049b vstd 0.068  (20s)
  net_0080: vs deep8_c1_net_0150 38.9 vs dev1_net_0200 61.0 vs v2b_net_0150 49.8 vs wide128_c1_net_0150 35.0 | endgame WDL 72.9 draws 47.2 regret 0.082 | first move [40] top1 0.90 H 0.97b | H by ply 1.82 1.77 1.61 1.55 1.51 | D4 JS 0.051b vstd 0.066  (21s)
  net_0090: vs deep8_c1_net_0150 38.1 vs dev1_net_0200 61.8 vs v2b_net_0150 49.2 vs wide128_c1_net_0150 37.0 | endgame WDL 74.6 draws 52.1 regret 0.083 | first move [40] top1 0.98 H 0.22b | H by ply 2.11 1.95 1.64 1.57 1.54 | D4 JS 0.054b vstd 0.069  (23s)
  net_0100: vs deep8_c1_net_0150 40.0 vs dev1_net_0200 67.0 vs v2b_net_0150 52.8 vs wide128_c1_net_0150 44.9 | endgame WDL 73.8 draws 46.8 regret 0.083 | first move [40] top1 0.98 H 0.26b | H by ply 1.88 1.87 1.63 1.58 1.55 | D4 JS 0.050b vstd 0.074  (24s)
  net_0110: vs deep8_c1_net_0150 37.4 vs dev1_net_0200 67.8 vs v2b_net_0150 50.6 vs wide128_c1_net_0150 43.8 | endgame WDL 76.9 draws 59.1 regret 0.082 | first move [40] top1 0.96 H 0.40b | H by ply 1.79 1.87 1.71 1.64 1.53 | D4 JS 0.054b vstd 0.070  (25s)
  net_0120: vs deep8_c1_net_0150 44.8 vs dev1_net_0200 71.3 vs v2b_net_0150 59.6 vs wide128_c1_net_0150 45.6 | endgame WDL 70.9 draws 38.4 regret 0.071 | first move [40] top1 0.93 H 0.75b | H by ply 1.68 1.79 1.70 1.64 1.57 | D4 JS 0.047b vstd 0.078  (27s)
  net_0130: vs deep8_c1_net_0150 42.2 vs dev1_net_0200 70.0 vs v2b_net_0150 56.6 vs wide128_c1_net_0150 42.4 | endgame WDL 73.9 draws 46.6 regret 0.071 | first move [40] top1 0.90 H 0.81b | H by ply 1.98 1.92 1.71 1.62 1.54 | D4 JS 0.047b vstd 0.070  (28s)
  net_0140: vs deep8_c1_net_0150 44.0 vs dev1_net_0200 67.7 vs v2b_net_0150 54.5 vs wide128_c1_net_0150 46.8 | endgame WDL 74.9 draws 50.0 regret 0.069 | first move [40] top1 0.98 H 0.22b | H by ply 1.57 1.78 1.71 1.63 1.52 | D4 JS 0.046b vstd 0.068  (30s)
  net_0150: vs deep8_c1_net_0150 44.8 vs dev1_net_0200 67.5 vs v2b_net_0150 62.5 vs wide128_c1_net_0150 48.1 | endgame WDL 76.3 draws 53.5 regret 0.069 | first move [40] top1 0.97 H 0.29b | H by ply 1.78 1.93 1.78 1.65 1.53 | D4 JS 0.049b vstd 0.075  (31s)
  net_0160: vs deep8_c1_net_0150 49.9 vs dev1_net_0200 72.7 vs v2b_net_0150 65.6 vs wide128_c1_net_0150 55.2 | endgame WDL 78.0 draws 56.4 regret 0.062 | first move [40] top1 0.97 H 0.33b | H by ply 1.74 1.82 1.68 1.59 1.52 | D4 JS 0.052b vstd 0.071  (33s)
  net_0170: vs deep8_c1_net_0150 47.1 vs dev1_net_0200 69.4 vs v2b_net_0150 64.0 vs wide128_c1_net_0150 56.1 | endgame WDL 78.5 draws 62.6 regret 0.069 | first move [40] top1 0.95 H 0.60b | H by ply 1.81 1.85 1.68 1.59 1.47 | D4 JS 0.053b vstd 0.072  (34s)
  net_0180: vs deep8_c1_net_0150 55.2 vs dev1_net_0200 78.4 vs v2b_net_0150 68.8 vs wide128_c1_net_0150 54.4 | endgame WDL 78.8 draws 56.8 regret 0.062 | first move [40] top1 0.94 H 0.67b | H by ply 1.85 1.79 1.75 1.67 1.55 | D4 JS 0.054b vstd 0.075  (35s)
  net_0190: vs deep8_c1_net_0150 53.5 vs dev1_net_0200 73.6 vs v2b_net_0150 67.9 vs wide128_c1_net_0150 62.4 | endgame WDL 76.8 draws 50.9 regret 0.058 | first move [40] top1 0.98 H 0.26b | H by ply 1.89 1.84 1.64 1.57 1.48 | D4 JS 0.049b vstd 0.071  (37s)
  net_0200: vs deep8_c1_net_0150 57.9 vs dev1_net_0200 74.2 vs v2b_net_0150 69.2 vs wide128_c1_net_0150 61.2 | endgame WDL 79.7 draws 58.8 regret 0.057 | first move [40] top1 0.96 H 0.50b | H by ply 1.71 1.86 1.69 1.60 1.46 | D4 JS 0.051b vstd 0.074  (38s)
  net_0210: vs deep8_c1_net_0150 60.5 vs dev1_net_0200 82.1 vs v2b_net_0150 77.0 vs wide128_c1_net_0150 66.2 | endgame WDL 82.7 draws 65.7 regret 0.051 | first move [40] top1 0.98 H 0.27b | H by ply 1.35 1.54 1.60 1.57 1.48 | D4 JS 0.030b vstd 0.058  (40s)
  net_0220: vs deep8_c1_net_0150 63.4 vs dev1_net_0200 83.1 vs v2b_net_0150 74.0 vs wide128_c1_net_0150 70.6 | endgame WDL 83.3 draws 67.5 regret 0.046 | first move [40] top1 0.98 H 0.18b | H by ply 1.32 1.47 1.58 1.56 1.47 | D4 JS 0.030b vstd 0.056  (41s)
  net_0230: vs deep8_c1_net_0150 64.9 vs dev1_net_0200 81.8 vs v2b_net_0150 71.1 vs wide128_c1_net_0150 70.8 | endgame WDL 83.3 draws 66.2 regret 0.046 | first move [40] top1 0.98 H 0.22b | H by ply 1.30 1.44 1.59 1.59 1.51 | D4 JS 0.031b vstd 0.056  (42s)
  net_0240: vs deep8_c1_net_0150 64.9 vs dev1_net_0200 83.9 vs v2b_net_0150 75.6 vs wide128_c1_net_0150 70.6 | endgame WDL 83.1 draws 65.5 regret 0.045 | first move [40] top1 0.98 H 0.20b | H by ply 1.31 1.44 1.57 1.57 1.48 | D4 JS 0.030b vstd 0.056  (44s)
  net_0250: vs deep8_c1_net_0150 66.4 vs dev1_net_0200 87.0 vs v2b_net_0150 74.9 vs wide128_c1_net_0150 73.4 | endgame WDL 83.0 draws 65.9 regret 0.047 | first move [40] top1 0.99 H 0.19b | H by ply 1.30 1.46 1.57 1.56 1.48 | D4 JS 0.030b vstd 0.055  (45s)
  net_0260: vs deep8_c1_net_0150 65.3 vs dev1_net_0200 83.8 vs v2b_net_0150 74.7 vs wide128_c1_net_0150 69.0 | endgame WDL 83.1 draws 65.8 regret 0.045 | first move [40] top1 0.98 H 0.25b | H by ply 1.16 1.41 1.56 1.56 1.46 | D4 JS 0.032b vstd 0.055  (47s)
  net_0270: vs deep8_c1_net_0150 69.2 vs dev1_net_0200 81.9 vs v2b_net_0150 77.0 vs wide128_c1_net_0150 70.1 | endgame WDL 84.1 draws 68.1 regret 0.044 | first move [40] top1 0.97 H 0.31b | H by ply 1.28 1.47 1.58 1.57 1.49 | D4 JS 0.030b vstd 0.054  (48s)
  net_0280: vs deep8_c1_net_0150 68.6 vs dev1_net_0200 83.8 vs v2b_net_0150 77.8 vs wide128_c1_net_0150 71.3 | endgame WDL 83.6 draws 67.2 regret 0.048 | first move [40] top1 0.97 H 0.31b | H by ply 1.37 1.44 1.58 1.57 1.46 | D4 JS 0.031b vstd 0.054  (50s)
  net_0290: vs deep8_c1_net_0150 67.6 vs dev1_net_0200 82.3 vs v2b_net_0150 75.5 vs wide128_c1_net_0150 72.2 | endgame WDL 83.7 draws 67.0 regret 0.047 | first move [40] top1 0.97 H 0.31b | H by ply 1.27 1.38 1.55 1.56 1.48 | D4 JS 0.027b vstd 0.051  (51s)
  net_0300: vs deep8_c1_net_0150 67.7 vs dev1_net_0200 86.3 vs v2b_net_0150 77.3 vs wide128_c1_net_0150 71.9 | endgame WDL 84.0 draws 67.5 regret 0.045 | first move [40] top1 0.97 H 0.33b | H by ply 1.22 1.35 1.56 1.57 1.48 | D4 JS 0.027b vstd 0.051  (52s)
wrote runs/deep8_c1_300\timeline.json  [52s]
wrote runs/deep8_c1_300\timeline.png
