paired suite openings_v1 (516 openings, 1032 games): A=rollout@100000 vs B=runs/v2b/net_0150.pt@64  [430s]
  suite    pairs  score   95% CI (pairs)    Elo  95% CI          as X   as O   | X share  draws |  pairs won/split/lost
  empty        1   50.0%       n/a        n/a                 100.0%   0.0%   100.0%    0.0%      0 /   1 /   0
  orbits      15   40.0%  [ 25.0,  56.7]    -70 [-191,  +47]   56.7%  23.3%    66.7%   13.3%      3 /   5 /   7
  natural    250   25.5%  [ 22.1,  29.0]   -186 [-219, -156]   35.6%  15.4%    60.1%    9.4%     16 /  82 / 152
  random     250   28.6%  [ 25.0,  32.3]   -159 [-191, -129]   32.4%  24.8%    53.8%   10.4%     27 /  79 / 144
  all        516   27.5%  [ 25.0,  30.1]   -169 [-191, -146]   34.8%  20.2%    57.3%   10.0%     46 / 167 / 303
  end reasons: line 81.4%  count 8.6%  equal 10.0%  |  mean length 49.5
wrote runs/v2b/paired_rollout100k_vs_v2b64.json
paired suite openings_v1 (516 openings, 1032 games): A=rollout@100000 vs B=runs/dev1/net_0200.pt@64  [499s]
  suite    pairs  score   95% CI (pairs)    Elo  95% CI          as X   as O   | X share  draws |  pairs won/split/lost
  empty        1   50.0%       n/a        n/a                 100.0%   0.0%   100.0%    0.0%      0 /   1 /   0
  orbits      15   21.7%  [  6.7,  36.7]   -223 [-458,  -95]   20.0%  23.3%    48.3%    3.3%      1 /   4 /  10
  natural    250   41.5%  [ 37.5,  45.8]    -60 [ -89,  -29]   50.2%  32.8%    58.7%   11.4%     52 /  93 / 105
  random     250   43.2%  [ 39.2,  47.4]    -48 [ -76,  -18]   49.8%  36.6%    56.6%   10.4%     57 /  98 /  95
  all        516   41.8%  [ 39.0,  44.7]    -58 [ -78,  -37]   49.2%  34.3%    57.5%   10.7%    110 / 196 / 210
  end reasons: line 76.7%  count 12.6%  equal 10.7%  |  mean length 49.3
wrote runs/dev1/paired_rollout100k_vs_dev164.json
paired suite openings_v1 (516 openings, 1032 games): A=rollout@100000 vs B=rollout@10000  [468s]
  suite    pairs  score   95% CI (pairs)    Elo  95% CI          as X   as O   | X share  draws |  pairs won/split/lost
  empty        1  100.0%       n/a        n/a                 100.0% 100.0%    50.0%    0.0%      1 /   0 /   0
  orbits      15   91.7%  [ 83.3,  98.3]   +417 [+280, +708]   93.3%  90.0%    51.7%   10.0%     14 /   1 /   0
  natural    250   92.4%  [ 90.2,  94.5]   +434 [+386, +494]   95.2%  89.6%    52.8%    3.2%    221 /  28 /   1
  random     250   93.0%  [ 90.9,  95.0]   +449 [+400, +512]   96.0%  90.0%    53.0%    3.6%    225 /  23 /   2
  all        516   92.7%  [ 91.1,  94.1]   +441 [+405, +482]   95.5%  89.8%    52.9%    3.6%    461 /  52 /   3
  end reasons: line 88.5%  count 7.9%  equal 3.6%  |  mean length 46.0
wrote runs/paired_rollout100k_vs_10k.json
paired suite openings_v1 (516 openings, 1032 games): A=rollout@10000 vs B=runs/v2b/net_0150.pt@64  [98s]
  suite    pairs  score   95% CI (pairs)    Elo  95% CI          as X   as O   | X share  draws |  pairs won/split/lost
  empty        1    0.0%       n/a        n/a                   0.0%   0.0%    50.0%    0.0%      0 /   0 /   1
  orbits      15    3.3%  [  0.0,  10.0]   -585 [-1200, -382]   6.7%   0.0%    53.3%    0.0%      0 /   1 /  14
  natural    250    4.8%  [  3.2,   6.6]   -519 [-592, -460]    6.6%   3.0%    51.8%    2.4%      0 /  18 / 232
  random     250    4.8%  [  3.2,   6.6]   -519 [-592, -460]    6.8%   2.8%    52.0%    2.0%      0 /  19 / 231
  all        516    4.7%  [  3.6,   6.0]   -521 [-569, -479]    6.7%   2.8%    51.9%    2.1%      0 /  38 / 478
  end reasons: line 94.7%  count 3.2%  equal 2.1%  |  mean length 44.6
wrote runs/v2b/paired_rollout10k_vs_v2b64.json
