dev1 @1024: done (21s)
dev1 @4096: done (76s)
dev1 @16384: done (787s)
v2a @1024: done (830s)
v2a @4096: done (889s)
v2a @16384: done (1075s)
v2b @1024: done (1097s)
v2b @4096: done (1151s)
v2b @16384: done (1336s)

First-move orbits: deep-search value for X after the move, by net @ budget (rank in brackets)
orbit  dev1@1024   dev1@4096   dev1@16384  v2a@1024   v2a@4096   v2a@16384  v2b@1024   v2b@4096   v2b@16384    mean rank
  [40]  +0.277( 1) +0.278( 1) +0.279( 1) +0.319( 1) +0.326( 1) +0.330( 1) +0.341( 1) +0.347( 1) +0.354( 1)     1.0
  [ 0]  +0.080( 2) +0.095( 2) +0.103( 2) +0.195( 3) +0.200( 2) +0.200( 2) +0.229( 3) +0.233( 3) +0.237( 3)     2.4
  [36]  +0.064( 3) +0.061( 5) +0.060( 4) +0.198( 2) +0.185( 3) +0.176( 3) +0.270( 2) +0.266( 2) +0.257( 2)     2.9
  [37]  +0.060( 4) +0.061( 4) +0.067( 3) +0.135( 5) +0.127( 5) +0.148( 4) +0.196( 4) +0.198( 4) +0.205( 4)     4.1
  [10]  +0.045( 5) +0.062( 3) +0.057( 5) +0.131( 6) +0.131( 4) +0.125( 6) +0.150( 6) +0.144( 8) +0.140( 8)     5.7
  [ 2]  +0.031( 7) +0.049( 6) +0.056( 6) +0.129( 8) +0.127( 6) +0.128( 5) +0.149( 8) +0.148( 7) +0.146( 7)     6.7
  [ 8]  +0.020(10) +0.041( 7) +0.053( 7) +0.139( 4) +0.109( 8) +0.090( 9) +0.149( 7) +0.158( 5) +0.156( 5)     6.9
  [ 5]  +0.035( 6) +0.037( 8) +0.035( 9) +0.126( 9) +0.116( 7) +0.111( 7) +0.160( 5) +0.158( 6) +0.151( 6)     7.0
  [ 1]  +0.023( 9) +0.026( 9) +0.036( 8) +0.130( 7) +0.105( 9) +0.107( 8) +0.128(10) +0.123(10) +0.107(10)     8.9
  [12]  +0.010(11) +0.010(12) +0.014(13) +0.069(10) +0.078(10) +0.088(10) +0.107(11) +0.105(11) +0.101(11)    11.0
  [16]  +0.024( 8) +0.023(10) +0.024(11) +0.041(14) +0.053(13) +0.050(13) +0.078(12) +0.078(12) +0.076(12)    11.7
  [ 4]  -0.139(14) -0.133(14) -0.122(14) +0.061(13) +0.069(12) +0.080(11) +0.146( 9) +0.135( 9) +0.125( 9)    11.7
  [ 9]  +0.006(12) +0.010(13) +0.020(12) +0.064(11) +0.071(11) +0.063(12) +0.054(14) +0.058(14) +0.054(14)    12.6
  [15]  +0.005(13) +0.014(11) +0.026(10) +0.062(12) +0.038(14) +0.040(14) +0.068(13) +0.072(13) +0.072(13)    12.6
  [13]  -0.162(15) -0.168(15) -0.160(15) -0.080(15) -0.068(15) -0.053(15) -0.055(15) -0.051(15) -0.039(15)    15.0

Kendall tau between columns (first-move ranking):
                dev1@1k   dev1@4k  dev1@16k    v2a@1k    v2a@4k   v2a@16k    v2b@1k    v2b@4k   v2b@16k
  dev1@1k          1.00      0.81      0.79      0.71      0.83      0.83      0.75      0.70      0.70
  dev1@4k          0.81      1.00      0.90      0.71      0.83      0.75      0.71      0.70      0.70
  dev1@16k         0.79      0.90      1.00      0.77      0.77      0.73      0.70      0.68      0.68
  v2a@1k           0.71      0.71      0.77      1.00      0.81      0.77      0.73      0.75      0.75
  v2a@4k           0.83      0.83      0.77      0.81      1.00      0.92      0.81      0.75      0.75
  v2a@16k          0.83      0.75      0.73      0.77      0.92      1.00      0.81      0.79      0.79
  v2b@1k           0.75      0.71      0.70      0.73      0.81      0.81      1.00      0.94      0.94
  v2b@4k           0.70      0.70      0.68      0.75      0.75      0.79      0.94      1.00      1.00
  v2b@16k          0.70      0.70      0.68      0.75      0.75      0.79      0.94      1.00      1.00

best first move per column: [40, 40, 40, 40, 40, 40, 40, 40, 40]  (stable: True)

Replies: best reply class (X's value after it, lower = better for O) per first move and column;
agreement = share of columns choosing the same best reply as the strongest net at the largest budget
  after [ 0] (5 reply classes): dev1@1k: 1(+0.09)  dev1@4k: 5(+0.10)  dev1@16k: 1(+0.09)  v2a@1k: 5(+0.19)  v2a@4k: 1(+0.19)  v2a@16k: 5(+0.20)  v2b@1k: 1(+0.23)  v2b@4k: 1(+0.23)  v2b@16k: 5(+0.21)   agreement 0.44
  after [ 1] (9 reply classes): dev1@1k:10(+0.02)  dev1@4k: 9(+0.02)  dev1@16k: 9(+0.02)  v2a@1k:16(+0.07)  v2a@4k:12(+0.09)  v2a@16k:16(+0.09)  v2b@1k:14(+0.11)  v2b@4k:12(+0.10)  v2b@16k:12(+0.10)   agreement 0.33
  after [ 2] (9 reply classes): dev1@1k:20(+0.03)  dev1@4k:18(+0.04)  dev1@16k:18(+0.03)  v2a@1k:18(+0.12)  v2a@4k:20(+0.13)  v2a@16k:18(+0.12)  v2b@1k:20(+0.15)  v2b@4k:18(+0.15)  v2b@16k:18(+0.14)   agreement 0.67
  after [ 4] (6 reply classes): dev1@1k:40(-0.17)  dev1@4k:40(-0.15)  dev1@16k:40(-0.13)  v2a@1k:40(+0.06)  v2a@4k:40(+0.07)  v2a@16k:40(+0.08)  v2b@1k:36(+0.13)  v2b@4k:36(+0.11)  v2b@16k:36(+0.12)   agreement 0.33
  after [ 5] (9 reply classes): dev1@1k:50(+0.04)  dev1@4k:45(+0.03)  dev1@16k:50(+0.04)  v2a@1k:45(+0.09)  v2a@4k:45(+0.10)  v2a@16k:45(+0.10)  v2b@1k:45(+0.14)  v2b@4k:46(+0.14)  v2b@16k:46(+0.14)   agreement 0.22
  after [ 8] (6 reply classes): dev1@1k:80(+0.02)  dev1@4k:80(+0.04)  dev1@16k:80(+0.05)  v2a@1k:72(+0.10)  v2a@4k:72(+0.08)  v2a@16k:72(+0.08)  v2b@1k:80(+0.15)  v2b@4k:72(+0.15)  v2b@16k:72(+0.14)   agreement 0.56
  after [ 9] (9 reply classes): dev1@1k: 0(+0.01)  dev1@4k: 0(+0.01)  dev1@16k: 1(+0.02)  v2a@1k: 8(+0.06)  v2a@4k: 8(+0.04)  v2a@16k: 8(+0.04)  v2b@1k: 0(+0.05)  v2b@4k: 0(+0.06)  v2b@16k: 0(+0.05)   agreement 0.56
  after [10] (5 reply classes): dev1@1k: 9(+0.06)  dev1@4k:12(+0.05)  dev1@16k:12(+0.05)  v2a@1k:16(+0.12)  v2a@4k:16(+0.12)  v2a@16k:16(+0.12)  v2b@1k:12(+0.15)  v2b@4k:12(+0.14)  v2b@16k:12(+0.13)   agreement 0.56
  after [12] (9 reply classes): dev1@1k:30(+0.01)  dev1@4k:30(+0.01)  dev1@16k:30(+0.01)  v2a@1k:30(+0.07)  v2a@4k:30(+0.08)  v2a@16k:28(+0.08)  v2b@1k:30(+0.10)  v2b@4k:30(+0.10)  v2b@16k:30(+0.10)   agreement 0.89
  after [13] (6 reply classes): dev1@1k:40(-0.20)  dev1@4k:40(-0.19)  dev1@16k:40(-0.17)  v2a@1k:40(-0.08)  v2a@4k:40(-0.07)  v2a@16k:40(-0.05)  v2b@1k:40(-0.05)  v2b@4k:40(-0.05)  v2b@16k:40(-0.04)   agreement 1.00
  after [15] (9 reply classes): dev1@1k:60(+0.01)  dev1@4k:60(+0.01)  dev1@16k:55(+0.01)  v2a@1k:60(+0.06)  v2a@4k:60(+0.04)  v2a@16k:60(+0.04)  v2b@1k:60(+0.07)  v2b@4k:60(+0.07)  v2b@16k:60(+0.07)   agreement 0.89
  after [16] (6 reply classes): dev1@1k:70(+0.02)  dev1@4k:70(+0.02)  dev1@16k:70(+0.02)  v2a@1k:70(+0.04)  v2a@4k:70(+0.05)  v2a@16k:70(+0.05)  v2b@1k:70(+0.08)  v2b@4k:70(+0.08)  v2b@16k:70(+0.07)   agreement 1.00
  after [36] (6 reply classes): dev1@1k: 0(+0.06)  dev1@4k: 0(+0.06)  dev1@16k: 0(+0.06)  v2a@1k: 4(+0.17)  v2a@4k: 4(+0.18)  v2a@16k: 0(+0.18)  v2b@1k: 4(+0.25)  v2b@4k: 4(+0.25)  v2b@16k: 4(+0.25)   agreement 0.56
  after [37] (6 reply classes): dev1@1k:10(+0.06)  dev1@4k:10(+0.06)  dev1@16k:10(+0.07)  v2a@1k:10(+0.13)  v2a@4k:10(+0.13)  v2a@16k:10(+0.15)  v2b@1k:12(+0.19)  v2b@4k:12(+0.20)  v2b@16k:12(+0.20)   agreement 0.33
  after [40] (2 reply classes): dev1@1k:37(+0.27)  dev1@4k:37(+0.27)  dev1@16k:37(+0.28)  v2a@1k:37(+0.32)  v2a@4k:37(+0.33)  v2a@16k:37(+0.33)  v2b@1k:37(+0.35)  v2b@4k:37(+0.35)  v2b@16k:37(+0.36)   agreement 1.00
mean best-reply agreement with v2b@16384: 0.62
wrote runs/atlas.json  [1336s]
=====DECISION
4000 held-out games from ['games_0148.npz', 'games_0149.npz'] (runs/v2a); net runs/v2b/net_0150.pt; search 64 sims
result X/O/draw: 0.611/0.278/0.112; mean length 49.4

 ply  alive  WDL logloss  WDL acc  raw sign  srch sign  settled raw  settled srch
   0   4000        0.902    0.611     0.611      0.611        0.000         0.000
   4   4000        0.903    0.611     0.611      0.611        0.000         0.001
   8   4000        0.903    0.611     0.611      0.611        0.006         0.003
  12   4000        0.903    0.611     0.611      0.610        0.007         0.005
  16   4000        0.902    0.611     0.611      0.611        0.012         0.006
  20   4000        0.901    0.611     0.611      0.611        0.020         0.007
  24   4000        0.897    0.609     0.609      0.608        0.030         0.013
  28   4000        0.892    0.610     0.609      0.608        0.052         0.028
  32   4000        0.872    0.609     0.609      0.629        0.092         0.058
  36   3999        0.827    0.629     0.626      0.659        0.170         0.113
  40   3946        0.726    0.674     0.660      0.689        0.319         0.213
  44   3497        0.528    0.772     0.728      0.718        0.548         0.375
  48   2293        0.380    0.840     0.754      0.728        0.713         0.509
  52    986        0.255    0.906     0.779      0.719        0.818         0.608
  56    239        0.276    0.862     0.753      0.732        0.828         0.644
  60     47        0.207    0.915     0.681      0.617        0.915         0.723

settling ply (raw value): median 43, quartiles 39-47; as a fraction of game length: median 0.90, p10 0.67, p90 0.96; never settled before the last ply: 0.057
  X wins : median settling ply 41, fraction 0.87 (n=2442)
  O wins : median settling ply 45, fraction 0.93 (n=1112)
  draws  : median settling ply 45, fraction 0.89 (n=446)

settling ply (search value): median 45, quartiles 41-49; as a fraction of game length: median 0.95, p10 0.74, p90 1.00; never settled before the last ply: 0.318
  X wins : median settling ply 43, fraction 0.91 (n=2442)
  O wins : median settling ply 46, fraction 0.96 (n=1112)
  draws  : median settling ply 49, fraction 0.98 (n=446)
