4000 held-out games from ['games_0148.npz', 'games_0149.npz'] (runs/v2a); net runs/v2b/net_0150.pt; search 64 sims
result X/O/draw: 0.611/0.278/0.112; mean length 49.4

 ply  alive  WDL logloss  WDL acc  raw sign  srch sign  Q sign  settled raw  settled srch  settled Q
   0   4000        0.902    0.611     0.611      0.611   0.611        0.000         0.000      0.001
   4   4000        0.903    0.611     0.611      0.611   0.611        0.000         0.001      0.030
   8   4000        0.903    0.611     0.611      0.611   0.611        0.006         0.003      0.039
  12   4000        0.903    0.611     0.611      0.610   0.610        0.007         0.005      0.043
  16   4000        0.902    0.611     0.611      0.611   0.610        0.012         0.006      0.057
  20   4000        0.901    0.611     0.611      0.611   0.611        0.020         0.007      0.079
  24   4000        0.897    0.609     0.609      0.608   0.610        0.030         0.013      0.113
  28   4000        0.892    0.610     0.609      0.608   0.615        0.052         0.028      0.180
  32   4000        0.872    0.609     0.609      0.629   0.637        0.092         0.058      0.275
  36   3999        0.827    0.629     0.626      0.659   0.690        0.170         0.113      0.450
  40   3946        0.726    0.674     0.660      0.689   0.774        0.319         0.213      0.688
  44   3497        0.528    0.772     0.728      0.718   0.832        0.548         0.375      0.862
  48   2293        0.380    0.840     0.754      0.728   0.847        0.713         0.509      0.951
  52    986        0.255    0.906     0.779      0.719   0.862        0.818         0.608      0.974
  56    239        0.276    0.862     0.753      0.732   0.862        0.828         0.644      0.987
  60     47        0.207    0.915     0.681      0.617   0.830        0.915         0.723      1.000

settling ply (raw value): median 43, quartiles 39-47; as a fraction of game length: median 0.90, p10 0.67, p90 0.96; never settled before the last ply: 0.057
  X wins : median settling ply 41, fraction 0.87 (n=2442)
  O wins : median settling ply 45, fraction 0.93 (n=1112)
  draws  : median settling ply 45, fraction 0.89 (n=446)

settling ply (search root value): median 45, quartiles 41-49; as a fraction of game length: median 0.95, p10 0.74, p90 1.00; never settled before the last ply: 0.318
  X wins : median settling ply 43, fraction 0.91 (n=2442)
  O wins : median settling ply 46, fraction 0.96 (n=1112)
  draws  : median settling ply 49, fraction 0.98 (n=446)

settling ply (best-child Q): median 38, quartiles 32-42; as a fraction of game length: median 0.78, p10 0.49, p90 0.88; never settled before the last ply: 0.000
  X wins : median settling ply 34, fraction 0.72 (n=2442)
  O wins : median settling ply 40, fraction 0.83 (n=1112)
  draws  : median settling ply 41, fraction 0.79 (n=446)
