runs/deep8_c1_300_e4/net_0300.pt on cuda:1; rule count (trained under count); arms (b)/(c) play with the plain FusedEvaluator (the agent that generated the run's corpus), arm (a) is 8-way symmetry-averaged (uttt.symmetry)
exploration as trained from runs/deep8_c1_300_e4\config.json: sample_moves 8, temperature 1.0, sample_uniform 0.15, root_prior_floor 0.03, c_scale 1.0, gumbel_scale 1.0 <- MCTSConfig's default 1.0 (runs/deep8_c1_300_e4\config.json has no gumbel_scale key, so the run trained at it)
exploration settings as trained; budget and depth cap are not: arms (b)/(c) play at 256 sims and depth_cap 24, against the run's trained depth_cap 12 and sims 32 (schedule '60:48,100:64')

(a) empty board @16384 sims: value for X +0.4950; principal line [40, 36, 0, 8, 80, 77, 48, 30, 32, 46]  [50s]

  (b) sampled 4 plies, floor off: 250/2000 games (121s)
  (b) sampled 4 plies, floor off: 500/2000 games (243s)
  (b) sampled 4 plies, floor off: 750/2000 games (364s)
  (b) sampled 4 plies, floor off: 1000/2000 games (489s)
  (b) sampled 4 plies, floor off: 1250/2000 games (611s)
  (b) sampled 4 plies, floor off: 1500/2000 games (909s)
  (b) sampled 4 plies, floor off: 1750/2000 games (1301s)
  (b) sampled 4 plies, floor off: 2000/2000 games (1635s)
  (c) exploration as trained: 250/2000 games (158s)
  (c) exploration as trained: 500/2000 games (318s)
  (c) exploration as trained: 750/2000 games (477s)
  (c) exploration as trained: 1000/2000 games (637s)
  (c) exploration as trained: 1250/2000 games (796s)
  (c) exploration as trained: 1500/2000 games (957s)
  (c) exploration as trained: 1750/2000 games (1118s)
  (c) exploration as trained: 2000/2000 games (1278s)

  (b) sampled 4 plies, floor off      2000 games @  256 sims   X  99.9 % [ 99.6, 100.0]   O   0.0 % [  0.0,   0.2]   draw   0.1 % [  0.0,   0.4]
                                     mean length  51.0   end reasons line  99.9 % / count   0.0 % / equal   0.1 %
                                     policy concentration (not an interval correction): 7 distinct games, 7 4-ply openings (7 up to symmetry)   [1635s]
  (c) exploration as trained          2000 games @  256 sims   X  69.8 % [ 67.7,  71.7]   O  13.5 % [ 12.1,  15.1]   draw  16.8 % [ 15.2,  18.4]
                                     mean length  54.0   end reasons line  65.6 % / count  17.6 % / equal  16.8 %
                                     policy concentration (not an interval correction): 1683 distinct games, 300 4-ply openings (209 up to symmetry)   [1278s]

the run's own opening trajectory (timeline.json + log.jsonl). Two different statistics, neither a substitute for the other:
  raw policy      = the checkpoint's first-move PROBABILITY on the empty board (timeline.json first_top_share = probs.max(), tools/timeline.py:129-130)
  generated games = the share of that iteration's self-play games whose first move was the modal one (log.jsonl first_move_top_share)
     iter 10:  raw policy     [58] 0.050   generated games     [80] 0.121
    iter 160:  raw policy     [40] 0.928   generated games     [40] 0.839
    iter 300:  raw policy     [40] 0.990   generated games     [40] 0.841

wrote runs/plan7/J3_empty_board_e4.json
