runs/deep8_c1_300_e8/probes.json: 16 checkpoints + control x 10 layers; 50000 train / 10000 test positions; probe hidden=0

concept                kind        base ctrl@best  final   gain best layer learned by  gain by layer at the final checkpoint
free_move              binary     0.900     0.985  0.998 +0.013    block04         20  +0.00 +0.01 +0.01 +0.01 +0.01 +0.01 +0.01 +0.01 +0.01 +0.01
target_board           class:10   0.112     0.995  0.998 +0.003    block06          -  +0.00 +0.00 +0.00 +0.00 +0.00 +0.00 +0.00 +0.00 +0.00 +0.00
threats_for            reg        0.000     0.700  0.835 +0.135    block06         20  +0.00 +0.03 +0.04 +0.03 +0.09 +0.13 +0.13 +0.14 +0.13 +0.11
threats_against        reg        0.000     0.732  0.886 +0.153    block06        100  +0.00 +0.03 +0.04 +0.04 +0.09 +0.13 +0.11 +0.15 +0.13 +0.11
threat_for_any         binary     0.867     0.919  0.969 +0.050    block06         40  +0.00 +0.01 +0.01 +0.01 +0.02 +0.03 +0.03 +0.05 +0.05 +0.05
dead_count             reg        0.000    -0.017  0.586 +0.603    block03        220  +0.00 +0.09 +0.11 +0.23 +0.60 +0.52 +0.51 +0.43 +0.32 +0.32
local_win_now          binary     0.737     0.874  0.986 +0.111    block05         10  +0.00 +0.01 +0.02 +0.06 +0.10 +0.10 +0.11 +0.11 +0.10 +0.10
local_threat_against   binary     0.709     0.933  0.988 +0.055    block06         40  +0.00 +0.01 +0.02 +0.04 +0.05 +0.05 +0.05 +0.06 +0.05 +0.05
macro_win_now          binary     0.982     0.926  0.967 +0.041    block07        180  +0.00 +0.01 -0.00 -0.00 +0.01 -0.00 -0.01 +0.02 +0.04 +0.02
count_margin           reg        0.000     0.995  0.995 +0.000       stem          -  +0.00 +0.00 -0.01 -0.00 -0.00 -0.01 -0.01 -0.01 -0.01 -0.02
open_count             reg        0.000     0.994  0.996 +0.002       stem          -  +0.00 +0.00 +0.00 +0.00 -0.00 -0.00 -0.00 -0.00 -0.00 -0.00
empties                reg        0.000     0.992  0.994 +0.003    block02          -  +0.00 +0.00 +0.00 +0.00 -0.00 -0.00 -0.00 -0.00 +0.00 -0.00
status_4               class:4    0.825     0.996  0.996 +0.000      input          -  +0.00 +0.00 +0.00 -0.00 -0.00 -0.00 -0.00 -0.00 -0.00 -0.00
final_own_4            class:3    0.444     0.618  0.628 +0.011    block08        300  +0.00 +0.00 -0.00 -0.00 -0.00 -0.00 +0.01 +0.01 +0.00 +0.01
z                      class:3    0.447     0.629  0.684 +0.055    block08        240  +0.00 +0.01 -0.01 -0.01 +0.01 +0.02 +0.02 +0.04 +0.04 +0.06
best_move_now          class:81   0.024     0.579  0.718 +0.140    block08        240  +0.00 +0.02 +0.03 +0.04 +0.05 +0.07 +0.08 +0.08 +0.11 +0.14
best_move_ply2         class:81   0.031     0.386  0.449 +0.064    block07         80  +0.00 -0.00 +0.03 +0.04 +0.04 +0.05 +0.05 +0.05 +0.06 +0.06
exact_value            class:3    0.447     0.648  0.939 +0.290    block08        140  +0.00 +0.04 +0.03 +0.06 +0.07 +0.14 +0.20 +0.23 +0.26 +0.29
wrote runs/deep8_c1_300_e8/probes.png
