4000 held-out games from ['games_0280.npz', 'games_0281.npz', 'games_0282.npz', 'games_0283.npz', 'games_0284.npz', 'games_0285.npz', 'games_0286.npz', 'games_0287.npz', 'games_0288.npz', 'games_0289.npz', 'games_0290.npz', 'games_0291.npz', 'games_0292.npz', 'games_0293.npz', 'games_0294.npz', 'games_0295.npz', 'games_0296.npz', 'games_0297.npz', 'games_0298.npz', 'games_0299.npz'] (runs/deep10_c1_300); net runs/deep8_c1_300_e8/net_0300.pt; search 64 sims
result X/O/draw: 0.629/0.245/0.126; mean length 51.9

 ply  alive  WDL logloss  WDL acc  raw sign  srch sign  Q sign  settled raw  settled srch  settled Q
   0   4000        0.908    0.629     0.629      0.629   0.629        0.178         0.050      0.240
   4   4000        0.899    0.629     0.629      0.630   0.630        0.180         0.051      0.245
   8   4000        0.895    0.628     0.628      0.628   0.628        0.182         0.051      0.249
  12   4000        0.894    0.632     0.632      0.630   0.630        0.182         0.051      0.252
  16   4000        0.893    0.634     0.633      0.632   0.631        0.184         0.051      0.254
  20   4000        0.891    0.630     0.632      0.630   0.631        0.190         0.051      0.259
  24   4000        0.883    0.629     0.630      0.631   0.633        0.200         0.056      0.278
  28   4000        0.863    0.639     0.639      0.632   0.645        0.226         0.070      0.330
  32   4000        0.825    0.649     0.646      0.647   0.677        0.277         0.091      0.452
  36   3998        0.730    0.690     0.675      0.686   0.741        0.384         0.131      0.627
  40   3974        0.564    0.761     0.739      0.713   0.808        0.552         0.207      0.797
  44   3785        0.369    0.845     0.787      0.724   0.838        0.720         0.335      0.910
  48   3047        0.208    0.916     0.813      0.743   0.853        0.849         0.485      0.972
  52   1813        0.105    0.961     0.804      0.745   0.841        0.925         0.618      0.991
  56    702        0.053    0.976     0.802      0.742   0.855        0.964         0.709      0.994
  60    163        0.038    0.988     0.859      0.798   0.902        0.957         0.736      1.000
  64     31        0.037    0.968     0.903      0.871   0.935        0.968         0.839      1.000

settling ply (raw value): median 39, quartiles 31-45; as a fraction of game length: median 0.78, p10 0.00, p90 0.90; never settled before the last ply: 0.000
  X wins : median settling ply 35, fraction 0.70 (n=2517)
  O wins : median settling ply 43, fraction 0.85 (n=981)
  draws  : median settling ply 45, fraction 0.84 (n=502)

settling ply (search root value): median 47, quartiles 41-51; as a fraction of game length: median 0.92, p10 0.66, p90 1.00; never settled before the last ply: 0.235
  X wins : median settling ply 45, fraction 0.89 (n=2517)
  O wins : median settling ply 48, fraction 0.95 (n=981)
  draws  : median settling ply 51, fraction 0.97 (n=502)

settling ply (best-child Q): median 34, quartiles 11-39; as a fraction of game length: median 0.67, p10 0.00, p90 0.81; never settled before the last ply: 0.000
  X wins : median settling ply 28, fraction 0.57 (n=2517)
  O wins : median settling ply 39, fraction 0.75 (n=981)
  draws  : median settling ply 39, fraction 0.73 (n=502)
