K1 parent count-rule pass on runs/deep8_c1_300_e8/net_0300.pt (rule count) started Sat Sep 12 22:13:56 EDT 2026
=== corpus_stats (claims 24, 25, 27) (22:13)
    -> runs/plan7/K1_parent_A6_corpus_stats.out (0)
=== puzzles (claim 32) (22:14)
    -> runs/plan7/K1_parent_A7_puzzles.out (0)
=== surprise (claim 23) (22:15)
    -> runs/plan7/K1_parent_B4_surprise.out (0)
=== probe_value (claims 12, 15, 18, 35) (22:16)
    -> runs/plan7/K1_parent_B4b_probe_value.out (0)
=== freemove (claims 8, 10, 11, 13, 14) (22:17)
    -> runs/plan7/K1_parent_A4_freemove.out (0)
=== decision on v2a (claims 20-22) (22:21)
    -> runs/plan7/K1_parent_A3a_decision_on_v2a.out (0)
=== decision on deep10 late games (claims 20-22) (22:28)
    -> runs/plan7/K1_parent_A3b_decision_on_deep10late.out (0)
=== atlas (claims 1-5) (22:35)
    -> runs/plan7/K1_parent_A1_atlas.out (0)
=== atlas --report, reply-orbit gaps (claims 4, 5) (22:45)
    -> runs/plan7/K1_parent_A1_atlas_orbits.out (0)
=== probe.py build (dataset for principles / tablebase_grade / value_decomp / probes) (22:45)
    -> runs/plan7/K1_parent_B2_probe_build.out (0)
=== principles (claims 26, 33-35) (22:54)
    -> runs/plan7/K1_parent_C2_principles.out (0)
=== tablebase_grade (claim 31a) (22:55)
    -> runs/plan7/K1_parent_C5_tablebase_grade.out (0)
=== value_decomp (claims 9, 14-19) (22:55)
    -> runs/plan7/K1_parent_B3_value_decomp.out (0)
=== book (claims 7, 7a) (00:16)
    -> runs/plan7/K1_parent_C1_book.out (0)
=== book_stats (claim 7a) (00:55)
    -> runs/plan7/K1_parent_C1_book_stats.out (0)
=== probe.py fit --control, 16 checkpoints (claims 36-39) (00:55)
    -> runs/plan7/K1_parent_B2_probe_fit.out (0)
=== probe_report (claims 36-39) (02:40)
    -> runs/plan7/K1_parent_B2_probe_report.out (0)
=== ownership_grade --control (claim 40) (02:40)
    -> runs/plan7/K1_parent_E9_ownership_grade.out (0)
K1 PARENT PASS DONE (02:40)
