runs/probe_data_deep10late_e8.npz: 60000 positions (50000 train / 10000 test), 47 labels, rule count; 17 nets x 10 layers; probe hidden=0
  net_0000 input    free_move 0.976  threats_for 0.571  count_margin 1.000  final_own_4 0.600  best_move_ply2 0.237  exact_value 0.614  (27s)
  net_0000 stem     free_move 0.985  threats_for 0.686  count_margin 0.995  final_own_4 0.616  best_move_ply2 0.379  exact_value 0.618  (56s)
  net_0000 block01  free_move 0.986  threats_for 0.692  count_margin 0.994  final_own_4 0.619  best_move_ply2 0.382  exact_value 0.620  (82s)
  net_0000 block02  free_move 0.985  threats_for 0.695  count_margin 0.993  final_own_4 0.618  best_move_ply2 0.381  exact_value 0.621  (110s)
  net_0000 block03  free_move 0.985  threats_for 0.697  count_margin 0.993  final_own_4 0.622  best_move_ply2 0.383  exact_value 0.636  (137s)
  net_0000 block04  free_move 0.985  threats_for 0.699  count_margin 0.993  final_own_4 0.621  best_move_ply2 0.383  exact_value 0.648  (166s)
  net_0000 block05  free_move 0.985  threats_for 0.701  count_margin 0.992  final_own_4 0.618  best_move_ply2 0.384  exact_value 0.645  (195s)
  net_0000 block06  free_move 0.985  threats_for 0.700  count_margin 0.992  final_own_4 0.617  best_move_ply2 0.384  exact_value 0.650  (224s)
  net_0000 block07  free_move 0.985  threats_for 0.701  count_margin 0.991  final_own_4 0.614  best_move_ply2 0.386  exact_value 0.648  (254s)
  net_0000 block08  free_move 0.984  threats_for 0.702  count_margin 0.991  final_own_4 0.618  best_move_ply2 0.386  exact_value 0.648  (281s)
  net_0010 input    free_move 0.976  threats_for 0.571  count_margin 1.000  final_own_4 0.600  best_move_ply2 0.237  exact_value 0.614  (323s)
  net_0010 stem     free_move 0.987  threats_for 0.706  count_margin 0.995  final_own_4 0.617  best_move_ply2 0.385  exact_value 0.651  (492s)
  net_0010 block01  free_move 0.990  threats_for 0.701  count_margin 0.988  final_own_4 0.613  best_move_ply2 0.409  exact_value 0.657  (691s)
  net_0010 block02  free_move 0.990  threats_for 0.716  count_margin 0.983  final_own_4 0.612  best_move_ply2 0.412  exact_value 0.662  (867s)
  net_0010 block03  free_move 0.992  threats_for 0.748  count_margin 0.977  final_own_4 0.616  best_move_ply2 0.416  exact_value 0.679  (973s)
  net_0010 block04  free_move 0.993  threats_for 0.785  count_margin 0.977  final_own_4 0.618  best_move_ply2 0.414  exact_value 0.726  (1002s)
  net_0010 block05  free_move 0.996  threats_for 0.805  count_margin 0.975  final_own_4 0.617  best_move_ply2 0.408  exact_value 0.759  (1031s)
  net_0010 block06  free_move 0.995  threats_for 0.812  count_margin 0.975  final_own_4 0.618  best_move_ply2 0.410  exact_value 0.782  (1060s)
  net_0010 block07  free_move 0.995  threats_for 0.809  count_margin 0.974  final_own_4 0.619  best_move_ply2 0.410  exact_value 0.791  (1089s)
  net_0010 block08  free_move 0.995  threats_for 0.805  count_margin 0.972  final_own_4 0.625  best_move_ply2 0.403  exact_value 0.789  (1116s)
  net_0020 input    free_move 0.976  threats_for 0.571  count_margin 1.000  final_own_4 0.600  best_move_ply2 0.237  exact_value 0.614  (1137s)
  net_0020 stem     free_move 0.989  threats_for 0.707  count_margin 0.994  final_own_4 0.618  best_move_ply2 0.387  exact_value 0.669  (1164s)
  net_0020 block01  free_move 0.990  threats_for 0.702  count_margin 0.990  final_own_4 0.618  best_move_ply2 0.410  exact_value 0.660  (1191s)
  net_0020 block02  free_move 0.993  threats_for 0.725  count_margin 0.985  final_own_4 0.614  best_move_ply2 0.419  exact_value 0.659  (1220s)
  net_0020 block03  free_move 0.995  threats_for 0.764  count_margin 0.979  final_own_4 0.618  best_move_ply2 0.419  exact_value 0.675  (1249s)
  net_0020 block04  free_move 0.997  threats_for 0.803  count_margin 0.978  final_own_4 0.623  best_move_ply2 0.423  exact_value 0.728  (1279s)
  net_0020 block05  free_move 0.998  threats_for 0.820  count_margin 0.978  final_own_4 0.614  best_move_ply2 0.418  exact_value 0.775  (1308s)
  net_0020 block06  free_move 0.995  threats_for 0.823  count_margin 0.978  final_own_4 0.620  best_move_ply2 0.417  exact_value 0.812  (1335s)
  net_0020 block07  free_move 0.996  threats_for 0.818  count_margin 0.977  final_own_4 0.618  best_move_ply2 0.423  exact_value 0.824  (1362s)
  net_0020 block08  free_move 0.996  threats_for 0.805  count_margin 0.972  final_own_4 0.623  best_move_ply2 0.415  exact_value 0.826  (1389s)
  net_0040 input    free_move 0.976  threats_for 0.571  count_margin 1.000  final_own_4 0.600  best_move_ply2 0.237  exact_value 0.614  (1411s)
  net_0040 stem     free_move 0.989  threats_for 0.718  count_margin 0.994  final_own_4 0.620  best_move_ply2 0.381  exact_value 0.663  (1440s)
  net_0040 block01  free_move 0.992  threats_for 0.710  count_margin 0.989  final_own_4 0.621  best_move_ply2 0.411  exact_value 0.667  (1470s)
  net_0040 block02  free_move 0.994  threats_for 0.731  count_margin 0.985  final_own_4 0.621  best_move_ply2 0.419  exact_value 0.674  (1499s)
  net_0040 block03  free_move 0.995  threats_for 0.781  count_margin 0.982  final_own_4 0.622  best_move_ply2 0.421  exact_value 0.703  (1528s)
  net_0040 block04  free_move 0.996  threats_for 0.821  count_margin 0.984  final_own_4 0.621  best_move_ply2 0.423  exact_value 0.739  (1555s)
  net_0040 block05  free_move 0.997  threats_for 0.841  count_margin 0.982  final_own_4 0.623  best_move_ply2 0.427  exact_value 0.810  (1582s)
  net_0040 block06  free_move 0.996  threats_for 0.842  count_margin 0.980  final_own_4 0.624  best_move_ply2 0.427  exact_value 0.823  (1609s)
  net_0040 block07  free_move 0.997  threats_for 0.833  count_margin 0.977  final_own_4 0.621  best_move_ply2 0.435  exact_value 0.838  (1636s)
  net_0040 block08  free_move 0.997  threats_for 0.820  count_margin 0.974  final_own_4 0.625  best_move_ply2 0.433  exact_value 0.864  (1665s)
  net_0060 input    free_move 0.976  threats_for 0.571  count_margin 1.000  final_own_4 0.600  best_move_ply2 0.237  exact_value 0.614  (1690s)
  net_0060 stem     free_move 0.990  threats_for 0.716  count_margin 0.994  final_own_4 0.622  best_move_ply2 0.381  exact_value 0.668  (1719s)
  net_0060 block01  free_move 0.994  threats_for 0.723  count_margin 0.991  final_own_4 0.616  best_move_ply2 0.409  exact_value 0.662  (1748s)
  net_0060 block02  free_move 0.993  threats_for 0.731  count_margin 0.987  final_own_4 0.617  best_move_ply2 0.422  exact_value 0.692  (1776s)
  net_0060 block03  free_move 0.996  threats_for 0.778  count_margin 0.982  final_own_4 0.623  best_move_ply2 0.423  exact_value 0.688  (1803s)
  net_0060 block04  free_move 0.996  threats_for 0.823  count_margin 0.982  final_own_4 0.619  best_move_ply2 0.424  exact_value 0.746  (1829s)
  net_0060 block05  free_move 0.997  threats_for 0.837  count_margin 0.982  final_own_4 0.622  best_move_ply2 0.431  exact_value 0.814  (1857s)
  net_0060 block06  free_move 0.996  threats_for 0.846  count_margin 0.979  final_own_4 0.616  best_move_ply2 0.433  exact_value 0.848  (1887s)
  net_0060 block07  free_move 0.996  threats_for 0.833  count_margin 0.978  final_own_4 0.620  best_move_ply2 0.440  exact_value 0.861  (1917s)
  net_0060 block08  free_move 0.994  threats_for 0.818  count_margin 0.972  final_own_4 0.624  best_move_ply2 0.437  exact_value 0.886  (1946s)
  net_0080 input    free_move 0.976  threats_for 0.571  count_margin 1.000  final_own_4 0.600  best_move_ply2 0.237  exact_value 0.614  (1970s)
  net_0080 stem     free_move 0.991  threats_for 0.714  count_margin 0.995  final_own_4 0.621  best_move_ply2 0.380  exact_value 0.660  (1996s)
  net_0080 block01  free_move 0.993  threats_for 0.723  count_margin 0.992  final_own_4 0.620  best_move_ply2 0.408  exact_value 0.667  (2023s)
  net_0080 block02  free_move 0.995  threats_for 0.730  count_margin 0.986  final_own_4 0.618  best_move_ply2 0.425  exact_value 0.669  (2050s)
  net_0080 block03  free_move 0.996  threats_for 0.775  count_margin 0.983  final_own_4 0.616  best_move_ply2 0.419  exact_value 0.703  (2078s)
  net_0080 block04  free_move 0.996  threats_for 0.817  count_margin 0.982  final_own_4 0.619  best_move_ply2 0.426  exact_value 0.748  (2107s)
  net_0080 block05  free_move 0.995  threats_for 0.828  count_margin 0.981  final_own_4 0.619  best_move_ply2 0.432  exact_value 0.828  (2137s)
  net_0080 block06  free_move 0.994  threats_for 0.838  count_margin 0.980  final_own_4 0.624  best_move_ply2 0.436  exact_value 0.842  (2166s)
  net_0080 block07  free_move 0.995  threats_for 0.824  count_margin 0.977  final_own_4 0.626  best_move_ply2 0.446  exact_value 0.870  (2194s)
  net_0080 block08  free_move 0.993  threats_for 0.807  count_margin 0.971  final_own_4 0.627  best_move_ply2 0.442  exact_value 0.903  (2221s)
  net_0100 input    free_move 0.976  threats_for 0.571  count_margin 1.000  final_own_4 0.600  best_move_ply2 0.237  exact_value 0.614  (2242s)
  net_0100 stem     free_move 0.990  threats_for 0.713  count_margin 0.994  final_own_4 0.620  best_move_ply2 0.380  exact_value 0.670  (2270s)
  net_0100 block01  free_move 0.993  threats_for 0.717  count_margin 0.990  final_own_4 0.621  best_move_ply2 0.410  exact_value 0.680  (2296s)
  net_0100 block02  free_move 0.996  threats_for 0.733  count_margin 0.990  final_own_4 0.614  best_move_ply2 0.424  exact_value 0.671  (2323s)
  net_0100 block03  free_move 0.996  threats_for 0.781  count_margin 0.984  final_own_4 0.619  best_move_ply2 0.424  exact_value 0.717  (2353s)
  net_0100 block04  free_move 0.996  threats_for 0.827  count_margin 0.984  final_own_4 0.613  best_move_ply2 0.429  exact_value 0.757  (2382s)
  net_0100 block05  free_move 0.995  threats_for 0.842  count_margin 0.981  final_own_4 0.616  best_move_ply2 0.434  exact_value 0.824  (2448s)
  net_0100 block06  free_move 0.995  threats_for 0.849  count_margin 0.981  final_own_4 0.618  best_move_ply2 0.436  exact_value 0.850  (2642s)
  net_0100 block07  free_move 0.994  threats_for 0.836  count_margin 0.980  final_own_4 0.615  best_move_ply2 0.440  exact_value 0.872  (2841s)
  net_0100 block08  free_move 0.994  threats_for 0.821  count_margin 0.974  final_own_4 0.621  best_move_ply2 0.440  exact_value 0.902  (3023s)
  net_0120 input    free_move 0.976  threats_for 0.571  count_margin 1.000  final_own_4 0.600  best_move_ply2 0.237  exact_value 0.614  (3044s)
  net_0120 stem     free_move 0.991  threats_for 0.713  count_margin 0.995  final_own_4 0.621  best_move_ply2 0.378  exact_value 0.664  (3071s)
  net_0120 block01  free_move 0.994  threats_for 0.723  count_margin 0.989  final_own_4 0.616  best_move_ply2 0.412  exact_value 0.669  (3098s)
  net_0120 block02  free_move 0.996  threats_for 0.728  count_margin 0.990  final_own_4 0.617  best_move_ply2 0.423  exact_value 0.683  (3125s)
  net_0120 block03  free_move 0.997  threats_for 0.775  count_margin 0.983  final_own_4 0.618  best_move_ply2 0.425  exact_value 0.692  (3153s)
  net_0120 block04  free_move 0.997  threats_for 0.823  count_margin 0.981  final_own_4 0.623  best_move_ply2 0.428  exact_value 0.771  (3182s)
  net_0120 block05  free_move 0.996  threats_for 0.826  count_margin 0.982  final_own_4 0.619  best_move_ply2 0.432  exact_value 0.834  (3212s)
  net_0120 block06  free_move 0.995  threats_for 0.838  count_margin 0.979  final_own_4 0.619  best_move_ply2 0.436  exact_value 0.853  (3239s)
  net_0120 block07  free_move 0.993  threats_for 0.822  count_margin 0.977  final_own_4 0.620  best_move_ply2 0.444  exact_value 0.886  (3267s)
  net_0120 block08  free_move 0.995  threats_for 0.802  count_margin 0.975  final_own_4 0.624  best_move_ply2 0.440  exact_value 0.909  (3294s)
  net_0140 input    free_move 0.976  threats_for 0.571  count_margin 1.000  final_own_4 0.600  best_move_ply2 0.237  exact_value 0.614  (3315s)
  net_0140 stem     free_move 0.990  threats_for 0.717  count_margin 0.994  final_own_4 0.618  best_move_ply2 0.382  exact_value 0.657  (3343s)
  net_0140 block01  free_move 0.994  threats_for 0.717  count_margin 0.989  final_own_4 0.618  best_move_ply2 0.409  exact_value 0.648  (3372s)
  net_0140 block02  free_move 0.997  threats_for 0.723  count_margin 0.990  final_own_4 0.610  best_move_ply2 0.424  exact_value 0.684  (3401s)
  net_0140 block03  free_move 0.997  threats_for 0.778  count_margin 0.987  final_own_4 0.618  best_move_ply2 0.426  exact_value 0.691  (3430s)
  net_0140 block04  free_move 0.996  threats_for 0.828  count_margin 0.984  final_own_4 0.614  best_move_ply2 0.430  exact_value 0.758  (3458s)
  net_0140 block05  free_move 0.995  threats_for 0.832  count_margin 0.982  final_own_4 0.623  best_move_ply2 0.436  exact_value 0.826  (3486s)
  net_0140 block06  free_move 0.995  threats_for 0.838  count_margin 0.979  final_own_4 0.619  best_move_ply2 0.439  exact_value 0.862  (3513s)
  net_0140 block07  free_move 0.993  threats_for 0.823  count_margin 0.977  final_own_4 0.622  best_move_ply2 0.445  exact_value 0.869  (3540s)
  net_0140 block08  free_move 0.991  threats_for 0.808  count_margin 0.972  final_own_4 0.627  best_move_ply2 0.440  exact_value 0.910  (3569s)
  net_0160 input    free_move 0.976  threats_for 0.571  count_margin 1.000  final_own_4 0.600  best_move_ply2 0.237  exact_value 0.614  (3594s)
  net_0160 stem     free_move 0.991  threats_for 0.713  count_margin 0.994  final_own_4 0.619  best_move_ply2 0.380  exact_value 0.671  (3623s)
  net_0160 block01  free_move 0.996  threats_for 0.726  count_margin 0.989  final_own_4 0.618  best_move_ply2 0.407  exact_value 0.659  (3652s)
  net_0160 block02  free_move 0.997  threats_for 0.727  count_margin 0.990  final_own_4 0.618  best_move_ply2 0.423  exact_value 0.667  (3679s)
  net_0160 block03  free_move 0.997  threats_for 0.778  count_margin 0.985  final_own_4 0.617  best_move_ply2 0.427  exact_value 0.701  (3707s)
  net_0160 block04  free_move 0.996  threats_for 0.823  count_margin 0.985  final_own_4 0.621  best_move_ply2 0.427  exact_value 0.767  (3734s)
  net_0160 block05  free_move 0.995  threats_for 0.826  count_margin 0.983  final_own_4 0.615  best_move_ply2 0.434  exact_value 0.801  (3762s)
  net_0160 block06  free_move 0.995  threats_for 0.837  count_margin 0.980  final_own_4 0.623  best_move_ply2 0.439  exact_value 0.848  (3791s)
  net_0160 block07  free_move 0.993  threats_for 0.819  count_margin 0.977  final_own_4 0.621  best_move_ply2 0.448  exact_value 0.877  (3820s)
  net_0160 block08  free_move 0.993  threats_for 0.801  count_margin 0.973  final_own_4 0.621  best_move_ply2 0.443  exact_value 0.913  (3849s)
  net_0180 input    free_move 0.976  threats_for 0.571  count_margin 1.000  final_own_4 0.600  best_move_ply2 0.237  exact_value 0.614  (3873s)
  net_0180 stem     free_move 0.992  threats_for 0.712  count_margin 0.994  final_own_4 0.615  best_move_ply2 0.377  exact_value 0.676  (3901s)
  net_0180 block01  free_move 0.994  threats_for 0.713  count_margin 0.988  final_own_4 0.620  best_move_ply2 0.411  exact_value 0.666  (3928s)
  net_0180 block02  free_move 0.997  threats_for 0.725  count_margin 0.990  final_own_4 0.619  best_move_ply2 0.424  exact_value 0.676  (3955s)
  net_0180 block03  free_move 0.997  threats_for 0.778  count_margin 0.985  final_own_4 0.620  best_move_ply2 0.423  exact_value 0.706  (3982s)
  net_0180 block04  free_move 0.996  threats_for 0.826  count_margin 0.984  final_own_4 0.619  best_move_ply2 0.430  exact_value 0.765  (4011s)
  net_0180 block05  free_move 0.994  threats_for 0.839  count_margin 0.982  final_own_4 0.616  best_move_ply2 0.436  exact_value 0.816  (4040s)
  net_0180 block06  free_move 0.996  threats_for 0.836  count_margin 0.983  final_own_4 0.616  best_move_ply2 0.442  exact_value 0.865  (4069s)
  net_0180 block07  free_move 0.992  threats_for 0.823  count_margin 0.977  final_own_4 0.616  best_move_ply2 0.448  exact_value 0.885  (4098s)
  net_0180 block08  free_move 0.992  threats_for 0.810  count_margin 0.977  final_own_4 0.623  best_move_ply2 0.442  exact_value 0.915  (4125s)
  net_0200 input    free_move 0.976  threats_for 0.571  count_margin 1.000  final_own_4 0.600  best_move_ply2 0.237  exact_value 0.614  (4146s)
  net_0200 stem     free_move 0.991  threats_for 0.712  count_margin 0.995  final_own_4 0.623  best_move_ply2 0.377  exact_value 0.667  (4173s)
  net_0200 block01  free_move 0.994  threats_for 0.717  count_margin 0.989  final_own_4 0.619  best_move_ply2 0.410  exact_value 0.665  (4201s)
  net_0200 block02  free_move 0.997  threats_for 0.707  count_margin 0.987  final_own_4 0.612  best_move_ply2 0.428  exact_value 0.689  (4231s)
  net_0200 block03  free_move 0.997  threats_for 0.770  count_margin 0.986  final_own_4 0.611  best_move_ply2 0.427  exact_value 0.717  (4260s)
  net_0200 block04  free_move 0.998  threats_for 0.821  count_margin 0.983  final_own_4 0.625  best_move_ply2 0.432  exact_value 0.777  (4289s)
  net_0200 block05  free_move 0.996  threats_for 0.836  count_margin 0.982  final_own_4 0.622  best_move_ply2 0.438  exact_value 0.823  (4318s)
  net_0200 block06  free_move 0.997  threats_for 0.835  count_margin 0.979  final_own_4 0.621  best_move_ply2 0.439  exact_value 0.872  (4345s)
  net_0200 block07  free_move 0.994  threats_for 0.822  count_margin 0.978  final_own_4 0.621  best_move_ply2 0.446  exact_value 0.897  (4372s)
  net_0200 block08  free_move 0.995  threats_for 0.815  count_margin 0.976  final_own_4 0.623  best_move_ply2 0.440  exact_value 0.913  (4398s)
  net_0220 input    free_move 0.976  threats_for 0.571  count_margin 1.000  final_own_4 0.600  best_move_ply2 0.237  exact_value 0.614  (4421s)
  net_0220 stem     free_move 0.991  threats_for 0.713  count_margin 0.995  final_own_4 0.623  best_move_ply2 0.378  exact_value 0.672  (4450s)
  net_0220 block01  free_move 0.994  threats_for 0.724  count_margin 0.989  final_own_4 0.620  best_move_ply2 0.408  exact_value 0.657  (4479s)
  net_0220 block02  free_move 0.997  threats_for 0.718  count_margin 0.988  final_own_4 0.610  best_move_ply2 0.424  exact_value 0.678  (4509s)
  net_0220 block03  free_move 0.997  threats_for 0.775  count_margin 0.987  final_own_4 0.613  best_move_ply2 0.424  exact_value 0.713  (4537s)
  net_0220 block04  free_move 0.997  threats_for 0.828  count_margin 0.984  final_own_4 0.618  best_move_ply2 0.428  exact_value 0.766  (4564s)
  net_0220 block05  free_move 0.995  threats_for 0.835  count_margin 0.983  final_own_4 0.622  best_move_ply2 0.433  exact_value 0.837  (4650s)
  net_0220 block06  free_move 0.996  threats_for 0.834  count_margin 0.980  final_own_4 0.625  best_move_ply2 0.441  exact_value 0.881  (4845s)
  net_0220 block07  free_move 0.995  threats_for 0.827  count_margin 0.981  final_own_4 0.615  best_move_ply2 0.449  exact_value 0.897  (5044s)
  net_0220 block08  free_move 0.995  threats_for 0.817  count_margin 0.974  final_own_4 0.627  best_move_ply2 0.443  exact_value 0.931  (5202s)
  net_0240 input    free_move 0.976  threats_for 0.571  count_margin 1.000  final_own_4 0.600  best_move_ply2 0.237  exact_value 0.614  (5223s)
  net_0240 stem     free_move 0.992  threats_for 0.711  count_margin 0.995  final_own_4 0.620  best_move_ply2 0.377  exact_value 0.671  (5249s)
  net_0240 block01  free_move 0.994  threats_for 0.725  count_margin 0.989  final_own_4 0.617  best_move_ply2 0.409  exact_value 0.656  (5278s)
  net_0240 block02  free_move 0.997  threats_for 0.727  count_margin 0.988  final_own_4 0.617  best_move_ply2 0.425  exact_value 0.659  (5307s)
  net_0240 block03  free_move 0.997  threats_for 0.786  count_margin 0.987  final_own_4 0.616  best_move_ply2 0.422  exact_value 0.707  (5336s)
  net_0240 block04  free_move 0.997  threats_for 0.826  count_margin 0.984  final_own_4 0.622  best_move_ply2 0.431  exact_value 0.783  (5365s)
  net_0240 block05  free_move 0.995  threats_for 0.829  count_margin 0.984  final_own_4 0.625  best_move_ply2 0.432  exact_value 0.834  (5392s)
  net_0240 block06  free_move 0.996  threats_for 0.835  count_margin 0.979  final_own_4 0.623  best_move_ply2 0.437  exact_value 0.870  (5419s)
  net_0240 block07  free_move 0.996  threats_for 0.829  count_margin 0.982  final_own_4 0.619  best_move_ply2 0.448  exact_value 0.907  (5446s)
  net_0240 block08  free_move 0.994  threats_for 0.818  count_margin 0.974  final_own_4 0.624  best_move_ply2 0.444  exact_value 0.926  (5475s)
  net_0260 input    free_move 0.976  threats_for 0.571  count_margin 1.000  final_own_4 0.600  best_move_ply2 0.237  exact_value 0.614  (5501s)
  net_0260 stem     free_move 0.991  threats_for 0.715  count_margin 0.995  final_own_4 0.622  best_move_ply2 0.377  exact_value 0.660  (5530s)
  net_0260 block01  free_move 0.995  threats_for 0.728  count_margin 0.989  final_own_4 0.616  best_move_ply2 0.407  exact_value 0.650  (5559s)
  net_0260 block02  free_move 0.997  threats_for 0.727  count_margin 0.989  final_own_4 0.606  best_move_ply2 0.426  exact_value 0.690  (5587s)
  net_0260 block03  free_move 0.997  threats_for 0.782  count_margin 0.988  final_own_4 0.614  best_move_ply2 0.427  exact_value 0.716  (5614s)
  net_0260 block04  free_move 0.997  threats_for 0.828  count_margin 0.985  final_own_4 0.613  best_move_ply2 0.430  exact_value 0.782  (5640s)
  net_0260 block05  free_move 0.995  threats_for 0.835  count_margin 0.984  final_own_4 0.617  best_move_ply2 0.435  exact_value 0.833  (5667s)
  net_0260 block06  free_move 0.997  threats_for 0.836  count_margin 0.980  final_own_4 0.617  best_move_ply2 0.441  exact_value 0.881  (5697s)
  net_0260 block07  free_move 0.995  threats_for 0.831  count_margin 0.981  final_own_4 0.618  best_move_ply2 0.447  exact_value 0.900  (5726s)
  net_0260 block08  free_move 0.994  threats_for 0.815  count_margin 0.973  final_own_4 0.626  best_move_ply2 0.443  exact_value 0.941  (5756s)
  net_0280 input    free_move 0.976  threats_for 0.571  count_margin 1.000  final_own_4 0.600  best_move_ply2 0.237  exact_value 0.614  (5780s)
  net_0280 stem     free_move 0.991  threats_for 0.717  count_margin 0.995  final_own_4 0.619  best_move_ply2 0.375  exact_value 0.663  (5808s)
  net_0280 block01  free_move 0.995  threats_for 0.729  count_margin 0.989  final_own_4 0.613  best_move_ply2 0.409  exact_value 0.670  (5835s)
  net_0280 block02  free_move 0.997  threats_for 0.725  count_margin 0.989  final_own_4 0.616  best_move_ply2 0.421  exact_value 0.669  (5862s)
  net_0280 block03  free_move 0.997  threats_for 0.790  count_margin 0.990  final_own_4 0.617  best_move_ply2 0.428  exact_value 0.701  (5889s)
  net_0280 block04  free_move 0.997  threats_for 0.833  count_margin 0.985  final_own_4 0.618  best_move_ply2 0.432  exact_value 0.786  (5918s)
  net_0280 block05  free_move 0.996  threats_for 0.842  count_margin 0.984  final_own_4 0.620  best_move_ply2 0.433  exact_value 0.849  (5947s)
  net_0280 block06  free_move 0.997  threats_for 0.840  count_margin 0.979  final_own_4 0.621  best_move_ply2 0.439  exact_value 0.884  (5976s)
  net_0280 block07  free_move 0.994  threats_for 0.832  count_margin 0.981  final_own_4 0.619  best_move_ply2 0.448  exact_value 0.903  (6005s)
  net_0280 block08  free_move 0.993  threats_for 0.816  count_margin 0.969  final_own_4 0.626  best_move_ply2 0.450  exact_value 0.936  (6033s)
  net_0300 input    free_move 0.976  threats_for 0.571  count_margin 1.000  final_own_4 0.600  best_move_ply2 0.237  exact_value 0.614  (6054s)
  net_0300 stem     free_move 0.991  threats_for 0.717  count_margin 0.995  final_own_4 0.619  best_move_ply2 0.377  exact_value 0.662  (6081s)
  net_0300 block01  free_move 0.996  threats_for 0.732  count_margin 0.989  final_own_4 0.619  best_move_ply2 0.408  exact_value 0.654  (6108s)
  net_0300 block02  free_move 0.997  threats_for 0.723  count_margin 0.990  final_own_4 0.616  best_move_ply2 0.420  exact_value 0.679  (6137s)
  net_0300 block03  free_move 0.997  threats_for 0.789  count_margin 0.989  final_own_4 0.617  best_move_ply2 0.424  exact_value 0.705  (6167s)
  net_0300 block04  free_move 0.998  threats_for 0.831  count_margin 0.985  final_own_4 0.620  best_move_ply2 0.432  exact_value 0.789  (6196s)
  net_0300 block05  free_move 0.996  threats_for 0.835  count_margin 0.984  final_own_4 0.625  best_move_ply2 0.431  exact_value 0.841  (6225s)
  net_0300 block06  free_move 0.998  threats_for 0.835  count_margin 0.977  final_own_4 0.622  best_move_ply2 0.437  exact_value 0.883  (6252s)
  net_0300 block07  free_move 0.995  threats_for 0.831  count_margin 0.981  final_own_4 0.618  best_move_ply2 0.449  exact_value 0.907  (6278s)
  net_0300 block08  free_move 0.994  threats_for 0.814  count_margin 0.972  final_own_4 0.628  best_move_ply2 0.447  exact_value 0.939  (6306s)
wrote runs/deep8_c1_300_e8\probes.json  [6306s]
