=== deep8_c1_300_e4 final in-run evals (checkpoint: runs/deep8_c1_300_e4/net_0300.pt)
wall-clock (h): 16.92
=== paired matches
paired suite openings_v1 (516 openings, 1032 games): A=runs/deep8_c1_300_e4/net_0300.pt@64 vs B=runs/v2b/net_0150.pt@64  [62s]
  suite    pairs  score   95% CI (pairs)    Elo  95% CI          as X   as O   | X share  draws |  pairs won/split/lost
  empty        1  100.0%       n/a        n/a                 100.0% 100.0%    50.0%    0.0%      1 /   0 /   0
  orbits      15   90.0%  [ 81.7,  96.7]   +382 [+260, +585]   96.7%  83.3%    56.7%   13.3%     14 /   1 /   0
  natural    250   88.5%  [ 86.1,  90.8]   +354 [+317, +398]   95.4%  81.6%    56.9%    8.2%    211 /  36 /   3
  random     250   89.4%  [ 87.1,  91.6]   +370 [+332, +415]   94.6%  84.2%    55.2%   10.8%    222 /  25 /   3
  all        516   89.0%  [ 87.4,  90.6]   +363 [+337, +395]   95.1%  82.9%    56.1%    9.6%    448 /  62 /   6
  end reasons: line 81.0%  count 9.4%  equal 9.6%  |  mean length 49.0
wrote runs/deep8_c1_300_e4/paired_vs_v2b_64.json
paired suite openings_v1 (516 openings, 1032 games): A=runs/deep8_c1_300_e4/net_0300.pt@64 vs B=runs/wide128_c1/net_0150.pt@64  [71s]
  suite    pairs  score   95% CI (pairs)    Elo  95% CI          as X   as O   | X share  draws |  pairs won/split/lost
  empty        1  100.0%       n/a        n/a                 100.0% 100.0%    50.0%    0.0%      1 /   0 /   0
  orbits      15   95.0%  [ 90.0, 100.0]   +512 [+382, +1200] 100.0%  90.0%    55.0%   10.0%     15 /   0 /   0
  natural    250   84.1%  [ 81.3,  86.9]   +289 [+255, +329]   91.0%  77.2%    56.9%    7.0%    188 /  58 /   4
  random     250   86.6%  [ 83.9,  89.2]   +324 [+287, +367]   92.0%  81.2%    55.4%    8.4%    202 /  43 /   5
  all        516   85.7%  [ 83.7,  87.5]   +310 [+284, +338]   91.8%  79.6%    56.1%    7.8%    406 / 101 /   9
  end reasons: line 82.9%  count 9.3%  equal 7.8%  |  mean length 49.8
wrote runs/deep8_c1_300_e4/paired_vs_wide128c1_64.json
paired suite openings_v1 (516 openings, 1032 games): A=runs/deep8_c1_300_e4/net_0300.pt@64 vs B=runs/deep8_c1/net_0150.pt@64  [78s]
  suite    pairs  score   95% CI (pairs)    Elo  95% CI          as X   as O   | X share  draws |  pairs won/split/lost
  empty        1  100.0%       n/a        n/a                 100.0% 100.0%    50.0%    0.0%      1 /   0 /   0
  orbits      15   85.0%  [ 73.3,  95.0]   +301 [+176, +512]   93.3%  76.7%    58.3%    3.3%     11 /   4 /   0
  natural    250   83.7%  [ 81.0,  86.3]   +284 [+252, +320]   91.0%  76.4%    57.3%   11.0%    193 /  53 /   4
  random     250   84.7%  [ 81.9,  87.5]   +297 [+262, +338]   89.8%  79.6%    55.1%   10.6%    202 /  42 /   6
  all        516   84.3%  [ 82.4,  86.1]   +291 [+268, +317]   90.5%  78.0%    56.2%   10.6%    407 /  99 /  10
  end reasons: line 80.1%  count 9.3%  equal 10.6%  |  mean length 49.7
wrote runs/deep8_c1_300_e4/paired_vs_deep8c1_64.json
paired suite openings_v1 (516 openings, 1032 games): A=runs/deep8_c1_300_e4/net_0300.pt@64 vs B=runs/deep8_c1_300/net_0300.pt@64  [78s]
  suite    pairs  score   95% CI (pairs)    Elo  95% CI          as X   as O   | X share  draws |  pairs won/split/lost
  empty        1  100.0%       n/a        n/a                 100.0% 100.0%    50.0%    0.0%      1 /   0 /   0
  orbits      15   75.0%  [ 58.3,  90.0]   +191 [ +58, +382]   83.3%  66.7%    58.3%   10.0%     10 /   3 /   2
  natural    250   74.3%  [ 71.0,  77.4]   +184 [+156, +214]   81.8%  66.8%    57.5%   12.6%    155 /  80 /  15
  random     250   74.3%  [ 70.9,  77.8]   +184 [+155, +218]   82.2%  66.4%    57.9%   13.0%    160 /  70 /  20
  all        516   74.4%  [ 72.0,  76.7]   +185 [+164, +207]   82.1%  66.7%    57.7%   12.7%    326 / 153 /  37
  end reasons: line 75.9%  count 11.4%  equal 12.7%  |  mean length 50.9
wrote runs/deep8_c1_300_e4/paired_vs_deep8c1_300_64.json
paired suite openings_v1 (516 openings, 1032 games): A=runs/deep8_c1_300_e4/net_0300.pt@64 vs B=runs/deep10_c1_300/net_0300.pt@64  [85s]
  suite    pairs  score   95% CI (pairs)    Elo  95% CI          as X   as O   | X share  draws |  pairs won/split/lost
  empty        1  100.0%       n/a        n/a                 100.0% 100.0%    50.0%    0.0%      1 /   0 /   0
  orbits      15   61.7%  [ 43.3,  78.3]    +83 [ -47, +223]   53.3%  70.0%    41.7%   23.3%      8 /   3 /   4
  natural    250   69.6%  [ 66.2,  73.0]   +144 [+117, +173]   79.4%  59.8%    59.8%   14.8%    139 /  84 /  27
  random     250   69.1%  [ 65.7,  72.6]   +140 [+113, +169]   78.4%  59.8%    59.3%   18.2%    148 /  76 /  26
  all        516   69.2%  [ 66.7,  71.6]   +141 [+121, +160]   78.2%  60.2%    59.0%   16.7%    296 / 163 /  57
  end reasons: line 71.1%  count 12.2%  equal 16.7%  |  mean length 50.8
wrote runs/deep8_c1_300_e4/paired_vs_deep10c1_300_64.json
paired suite openings_v1 (516 openings, 1032 games): A=runs/deep8_c1_300_e4/net_0300.pt@64 vs B=runs/deep10_c1_300_s1/net_0300.pt@64  [86s]
  suite    pairs  score   95% CI (pairs)    Elo  95% CI          as X   as O   | X share  draws |  pairs won/split/lost
  empty        1   75.0%       n/a        n/a                 100.0%  50.0%    75.0%   50.0%      1 /   0 /   0
  orbits      15   61.7%  [ 45.0,  78.3]    +83 [ -35, +223]   70.0%  53.3%    58.3%   16.7%      8 /   4 /   3
  natural    250   69.9%  [ 66.4,  73.3]   +146 [+118, +175]   77.4%  62.4%    57.5%   15.8%    146 /  81 /  23
  random     250   73.2%  [ 69.8,  76.5]   +175 [+146, +205]   82.0%  64.4%    58.8%   15.2%    155 /  76 /  19
  all        516   71.3%  [ 68.9,  73.6]   +158 [+138, +178]   79.5%  63.1%    58.2%   15.6%    310 / 161 /  45
  end reasons: line 74.1%  count 10.3%  equal 15.6%  |  mean length 50.6
wrote runs/deep8_c1_300_e4/paired_vs_deep10c1_300s1_64.json
paired suite openings_v1 (516 openings, 1032 games): A=runs/deep8_c1_300_e4/net_0300.pt@64 vs B=runs/deep8_c1_300_e2/net_0300.pt@64  [77s]
  suite    pairs  score   95% CI (pairs)    Elo  95% CI          as X   as O   | X share  draws |  pairs won/split/lost
  empty        1   50.0%       n/a        n/a                 100.0%   0.0%   100.0%    0.0%      0 /   1 /   0
  orbits      15   55.0%  [ 38.3,  70.0]    +35 [ -83, +147]   63.3%  46.7%    58.3%   30.0%      8 /   2 /   5
  natural    250   59.1%  [ 55.1,  62.9]    +64 [ +36,  +92]   69.6%  48.6%    60.5%   20.6%    106 /  89 /  55
  random     250   59.3%  [ 55.6,  63.1]    +65 [ +39,  +93]   74.0%  44.6%    64.7%   19.8%    112 /  83 /  55
  all        516   59.1%  [ 56.3,  61.8]    +64 [ +44,  +83]   71.6%  46.5%    62.5%   20.4%    226 / 175 / 115
  end reasons: line 67.0%  count 12.6%  equal 20.4%  |  mean length 51.4
wrote runs/deep8_c1_300_e4/paired_vs_deep8c1_300e2_64.json
paired suite openings_v1 (516 openings, 1032 games): A=runs/deep8_c1_300_e4/net_0300.pt@64 vs B=runs/dev1/net_0200.pt@64  [64s]
  suite    pairs  score   95% CI (pairs)    Elo  95% CI          as X   as O   | X share  draws |  pairs won/split/lost
  empty        1  100.0%       n/a        n/a                 100.0% 100.0%    50.0%    0.0%      1 /   0 /   0
  orbits      15   90.0%  [ 80.0,  98.3]   +382 [+241, +708]   90.0%  90.0%    50.0%    6.7%     13 /   2 /   0
  natural    250   90.6%  [ 88.3,  92.8]   +394 [+351, +444]   96.8%  84.4%    56.2%    5.2%    215 /  34 /   1
  random     250   94.6%  [ 92.7,  96.3]   +497 [+441, +566]   95.2%  94.0%    50.6%    4.4%    235 /  13 /   2
  all        516   92.5%  [ 91.0,  94.0]   +437 [+403, +478]   95.8%  89.2%    53.3%    4.8%    464 /  49 /   3
  end reasons: line 86.2%  count 8.9%  equal 4.8%  |  mean length 49.4
wrote runs/deep8_c1_300_e4/paired_vs_dev1_64.json
=== endgame set
suites/endgame_v1.npz: 3000 positions, 2870 source games, W/D/L 0.333/0.333/0.333; free-move positions 0.441

runs/deep8_c1_300_e4/net_0300.pt on endgame_v1  [27s]
evaluator                                       WDL acc %    Brier  logloss            3-way %  |err|             regret          optimal %
raw net (value head + policy argmax)     90.1 [89.0,91.2]    0.135    0.224   88.4 [87.2,89.6]  0.127 0.022 [0.016,0.028]   98.1 [97.6,98.6]
raw net, symmetry-averaged WDL           90.9 [89.9,92.0]    0.127    0.211   88.8 [87.6,90.0]  0.126                                      
search 32 sims                                                                67.2 [65.5,68.9]  0.342 0.001 [0.000,0.003]  99.9 [99.7,100.0]
search 64 sims                                                                70.5 [68.9,72.2]  0.316 0.001 [0.000,0.002]  99.9 [99.8,100.0]
search 256 sims                                                               69.7 [68.1,71.4]  0.332 0.001 [0.000,0.002]  99.9 [99.8,100.0]

WDL accuracy % by stratum: raw net (value head + policy argmax) | raw net, symmetry-averaged WDL
  empties 6-9      (n= 750):  97.3   97.9
  empties 10-12    (n= 750):  93.5   94.1
  empties 13-14    (n= 750):  87.7   88.0
  empties 15-16    (n= 750):  81.7   83.6
  mover wins       (n=1000):  95.2   95.4
  draw             (n=1000):  79.0   80.7
  mover loses      (n=1000):  96.0   96.6
  X to move        (n=1500):  91.0   92.1
  O to move        (n=1500):  89.1   89.7
  free move        (n=1324):  91.5   92.1
  sent to a board  (n=1676):  89.0   89.9

action regret by stratum: raw net (value head + policy argmax) | search 256 sims
  empties 6-9      (n= 750): 0.005  0.000
  empties 10-12    (n= 750): 0.011  0.000
  empties 13-14    (n= 750): 0.024  0.000
  empties 15-16    (n= 750): 0.047  0.003
  mover wins       (n=1000): 0.023  0.000
  draw             (n=1000): 0.042  0.002
  mover loses      (n=1000): 0.000  0.000
  X to move        (n=1500): 0.021  0.001
  O to move        (n=1500): 0.023  0.000
  free move        (n=1324): 0.027  0.000
  sent to a board  (n=1676): 0.017  0.001

optimal-move % by stratum: raw net (value head + policy argmax) | search 256 sims
  empties 6-9      (n= 750):  99.5  100.0
  empties 10-12    (n= 750):  98.9  100.0
  empties 13-14    (n= 750):  97.9  100.0
  empties 15-16    (n= 750):  96.0   99.7
  mover wins       (n=1000):  98.4  100.0
  draw             (n=1000):  95.8   99.8
  mover loses      (n=1000): 100.0  100.0
  X to move        (n=1500):  97.9   99.9
  O to move        (n=1500):  98.2  100.0
  free move        (n=1324):  97.6  100.0
  sent to a board  (n=1676):  98.4   99.9
suites/endgame_v2_dev.npz: 3000 positions, 2932 source games, W/D/L 0.333/0.333/0.333; free-move positions 0.415

runs/deep8_c1_300_e4/net_0300.pt on endgame_v2_dev  [27s]
evaluator                                       WDL acc %    Brier  logloss            3-way %  |err|             regret          optimal %
raw net (value head + policy argmax)     90.5 [89.5,91.6]    0.138    0.235   88.2 [87.1,89.4]  0.143 0.029 [0.023,0.036]   97.4 [96.8,97.9]
raw net, symmetry-averaged WDL           90.9 [89.8,91.9]    0.131    0.223   88.5 [87.4,89.7]  0.140                                      
search 32 sims                                                                71.2 [69.5,72.9]  0.310 0.004 [0.002,0.007]   99.6 [99.4,99.8]
search 64 sims                                                                74.3 [72.7,75.9]  0.282 0.002 [0.001,0.004]   99.8 [99.6,99.9]
search 256 sims                                                               73.9 [72.3,75.5]  0.294 0.001 [0.000,0.002]  99.9 [99.8,100.0]

WDL accuracy % by stratum: raw net (value head + policy argmax) | raw net, symmetry-averaged WDL
  empties 6-9      (n= 750):  96.5   97.5
  empties 10-12    (n= 750):  92.4   92.4
  empties 13-14    (n= 750):  87.3   87.9
  empties 15-16    (n= 750):  85.9   85.7
  mover wins       (n=1000):  94.8   95.3
  draw             (n=1000):  82.1   82.0
  mover loses      (n=1000):  94.7   95.3
  X to move        (n=1500):  89.9   90.3
  O to move        (n=1500):  91.1   91.4
  free move        (n=1244):  92.8   93.2
  sent to a board  (n=1756):  88.9   89.2

action regret by stratum: raw net (value head + policy argmax) | search 256 sims
  empties 6-9      (n= 750): 0.007  0.000
  empties 10-12    (n= 750): 0.025  0.000
  empties 13-14    (n= 750): 0.047  0.003
  empties 15-16    (n= 750): 0.039  0.001
  mover wins       (n=1000): 0.033  0.000
  draw             (n=1000): 0.055  0.003
  mover loses      (n=1000): 0.000  0.000
  X to move        (n=1500): 0.027  0.001
  O to move        (n=1500): 0.032  0.001
  free move        (n=1244): 0.043  0.002
  sent to a board  (n=1756): 0.019  0.001

optimal-move % by stratum: raw net (value head + policy argmax) | search 256 sims
  empties 6-9      (n= 750):  99.5  100.0
  empties 10-12    (n= 750):  97.7  100.0
  empties 13-14    (n= 750):  95.6   99.7
  empties 15-16    (n= 750):  96.7   99.9
  mover wins       (n=1000):  97.6  100.0
  draw             (n=1000):  94.5   99.7
  mover loses      (n=1000): 100.0  100.0
  X to move        (n=1500):  97.6   99.9
  O to move        (n=1500):  97.1   99.9
  free move        (n=1244):  96.1   99.8
  sent to a board  (n=1756):  98.2   99.9
