=== matches
A=runs/v2b/net_0150.pt@64 vs B=runs/dev1/net_0200.pt@64: A scores +590 =116 -318 (63.3%)  [47s]
  X wins 53.1%  O wins 35.5%  draws 11.3%  | ended by line 72.8%  by count 15.9%  drawn 11.3%  | mean length 49.5
A=runs/v2b/net_0150.pt@64 vs B=runs/v2a/net_0150.pt@64: A scores +470 =152 -402 (53.3%)  [48s]
  X wins 50.4%  O wins 34.8%  draws 14.8%  | ended by line 70.8%  by count 14.4%  drawn 14.8%  | mean length 49.2
A=runs/v2b/net_0150.pt@256 vs B=runs/v2a/net_0150.pt@256: A scores +249 =67 -196 (55.2%)  [130s]
  X wins 52.3%  O wins 34.6%  draws 13.1%  | ended by line 75.0%  by count 11.9%  drawn 13.1%  | mean length 49.9
A=runs/v2b/net_0150.pt@256 vs B=runs/v2b/net_0150.pt@64: A scores +363 =65 -84 (77.2%)  [87s]
  X wins 53.3%  O wins 34.0%  draws 12.7%  | ended by line 71.9%  by count 15.4%  drawn 12.7%  | mean length 49.4
A=runs/v2b/net_0150.pt@256 vs B=runs/v2b/net_0150.pt@256: A scores +399 =206 -419 (49.0%)  [155s]
  X wins 47.6%  O wins 32.3%  draws 20.1%  | ended by line 68.2%  by count 11.7%  drawn 20.1%  | mean length 50.2
=== opening
raw net value of the empty board for X: +0.320

raw policy at the empty board (%):
  0.0   0.0   0.0    0.0   0.0   0.0    0.0   0.0   0.0
  0.0   0.0   0.1    0.0   0.0   0.0    0.1   0.0   0.0
  0.0   0.1   0.1    0.0   0.0   0.0    0.1   0.1   0.0

  0.0   0.0   0.0    0.2   0.1   0.2    0.0   0.0   0.0
  0.0   0.0   0.0    0.1  96.8   0.1    0.0   0.0   0.0
  0.0   0.0   0.0    0.2   0.1   0.2    0.0   0.0   0.0

  0.0   0.1   0.1    0.0   0.0   0.0    0.1   0.1   0.0
  0.0   0.0   0.1    0.0   0.0   0.0    0.1   0.0   0.0
  0.0   0.0   0.0    0.0   0.0   0.0    0.0   0.0   0.0 

raw net value after each first move (X's perspective):
 0.153  0.095  0.102   0.032  0.118  0.032   0.102  0.095  0.153
 0.095  0.156  0.141   0.088  0.031  0.088   0.141  0.156  0.095
 0.102  0.141  0.109   0.068  0.032  0.068   0.109  0.141  0.102

 0.032  0.088  0.068   0.219  0.182  0.219   0.068  0.088  0.032
 0.118  0.031  0.032   0.182  0.268  0.182   0.032  0.031  0.118
 0.032  0.088  0.068   0.219  0.182  0.219   0.068  0.088  0.032

 0.102  0.141  0.109   0.068  0.032  0.068   0.109  0.141  0.102
 0.095  0.156  0.141   0.088  0.031  0.088   0.141  0.156  0.095
 0.153  0.095  0.102   0.032  0.118  0.032   0.102  0.095  0.153 

puct search, 8192 sims, root prior floor 0.25: root value +0.348; visits per first move:
     1      1      1       0      0      0       1      1      1
     1      1      1       1      0      1       1      1      1
     1      1      1       0      0      0       1      1      1

     0      1      0       3      2      3       0      1      0
     0      0      0       2   8128      2       0      0      0
     0      1      0       3      2      3       0      1      0

     1      1      1       0      0      0       1      1      1
     1      1      1       1      0      1       1      1      1
     1      1      1       0      0      0       1      1      1 

search Q per first move (X's perspective, unvisited = 0):
 0.153  0.095  0.102   0.000  0.000  0.000   0.102  0.095  0.153
 0.095  0.156  0.141   0.088  0.000  0.088   0.141  0.156  0.095
 0.102  0.141  0.109   0.000  0.000  0.000   0.109  0.141  0.102

 0.000  0.088  0.000   0.216  0.194  0.216   0.000  0.088  0.000
 0.000  0.000  0.000   0.194  0.350  0.194   0.000  0.000  0.000
 0.000  0.088  0.000   0.216  0.194  0.216   0.000  0.088  0.000

 0.102  0.141  0.109   0.000  0.000  0.000   0.109  0.141  0.102
 0.095  0.156  0.141   0.088  0.000  0.088   0.141  0.156  0.095
 0.153  0.095  0.102   0.000  0.000  0.000   0.102  0.095  0.153 

orbit table (15 symmetry classes): members | raw policy % | raw value | root-search visits/Q | deep value (4096 sims after the move)
  [40]                                     p= 96.8  v=+0.268  N=  8128  Q=+0.350  deep=+0.347
  [36, 38, 42, 44]                         p=  0.8  v=+0.219  N=    12  Q=+0.216  deep=+0.266
  [0, 20, 60, 80]                          p=  0.1  v=+0.153  N=     4  Q=+0.153  deep=+0.233
  [37, 39, 41, 43]                         p=  0.4  v=+0.182  N=     8  Q=+0.194  deep=+0.198
  [8, 24, 56, 72]                          p=  0.4  v=+0.109  N=     4  Q=+0.109  deep=+0.158
  [5, 7, 21, 25, 55, 59, 73, 75]           p=  0.6  v=+0.141  N=     8  Q=+0.141  deep=+0.158
  [2, 6, 18, 26, 54, 62, 74, 78]           p=  0.3  v=+0.102  N=     8  Q=+0.102  deep=+0.148
  [10, 30, 50, 70]                         p=  0.0  v=+0.118  N=     0  Q=+0.000  deep=+0.144
  [4, 22, 58, 76]                          p=  0.2  v=+0.156  N=     4  Q=+0.156  deep=+0.135
  [1, 3, 19, 23, 57, 61, 77, 79]           p=  0.1  v=+0.095  N=     8  Q=+0.095  deep=+0.123
  [12, 14, 28, 34, 46, 52, 66, 68]         p=  0.1  v=+0.088  N=     8  Q=+0.088  deep=+0.105
  [16, 32, 48, 64]                         p=  0.0  v=+0.032  N=     0  Q=+0.000  deep=+0.078
  [15, 17, 29, 35, 45, 51, 63, 65]         p=  0.1  v=+0.068  N=     0  Q=+0.000  deep=+0.072
  [9, 11, 27, 33, 47, 53, 69, 71]          p=  0.0  v=+0.032  N=     0  Q=+0.000  deep=+0.058
  [13, 31, 49, 67]                         p=  0.0  v=+0.031  N=     0  Q=+0.000  deep=-0.051
=== endgame
3000 distinct positions with 6-16 empties in open boards
solved in 100.7s: exact win/draw/loss for the mover = 0.445/0.157/0.398

evaluator                       3-way acc  sign acc  mean|err|  move error
raw net                             0.763     0.743      0.369 
raw net, symmetry-averaged          0.769     0.744      0.368 
search 32 sims                      0.740     0.703      0.363       0.011
search 64 sims                      0.758     0.720      0.329       0.005
search 256 sims                     0.756     0.717      0.321       0.003

by remaining empties (raw 3-way acc | last search: 3-way acc, move error):
   6- 9 empties (n= 936): 0.851 | 0.747, 0.000
  10-12 empties (n= 846): 0.781 | 0.804, 0.006
  13-14 empties (n= 617): 0.703 | 0.737, 0.002
  15-16 empties (n= 601): 0.662 | 0.720, 0.007
=== corpus last 30
157200 games from 30 files
X wins 57.4%  O wins 29.4%  draws 13.2%
ended by line 72.2%  by count 14.6%  equal count 13.2%
length: mean 50.0  median 50  p10 44  p90 56  max 72

first move by symmetry orbit: games, X score (win=1, draw=0.5)
  [40]                                     n=127950  X score 65.7%
  [5, 7, 21, 25, 55, 59, 73, 75]           n=  3045  X score 59.3%
  [2, 6, 18, 26, 54, 62, 74, 78]           n=  2948  X score 56.6%
  [15, 17, 29, 35, 45, 51, 63, 65]         n=  2749  X score 54.3%
  [1, 3, 19, 23, 57, 61, 77, 79]           n=  2748  X score 55.9%
  [12, 14, 28, 34, 46, 52, 66, 68]         n=  2722  X score 54.8%
  [9, 11, 27, 33, 47, 53, 69, 71]          n=  2711  X score 51.6%
  [36, 38, 42, 44]                         n=  1865  X score 64.0%
  [8, 24, 56, 72]                          n=  1649  X score 57.6%
  [37, 39, 41, 43]                         n=  1644  X score 59.2%
  [4, 22, 58, 76]                          n=  1483  X score 58.6%
  [0, 20, 60, 80]                          n=  1475  X score 59.3%
  [16, 32, 48, 64]                         n=  1420  X score 53.2%
  [10, 30, 50, 70]                         n=  1414  X score 56.9%
  [13, 31, 49, 67]                         n=  1377  X score 49.4%

mean root value from X's perspective by ply (X wins | O wins | draws):
  ply  0: +0.19 | +0.19 | +0.19   (games alive 157200)
  ply  6: +0.25 | +0.23 | +0.23   (games alive 157200)
  ply 12: +0.25 | +0.22 | +0.23   (games alive 157200)
  ply 18: +0.24 | +0.21 | +0.22   (games alive 157200)
  ply 24: +0.22 | +0.17 | +0.18   (games alive 157200)
  ply 30: +0.19 | +0.08 | +0.12   (games alive 157200)
  ply 36: +0.21 | -0.16 | +0.00   (games alive 157111)
  ply 42: +0.32 | -0.59 | -0.15   (games alive 150062)
  ply 48: +0.49 | -0.86 | -0.19   (games alive 98887)
  ply 54: +0.63 | -0.95 | -0.17   (games alive 27462)
  ply 60: +0.72 | -0.98 | -0.15   (games alive 2408)
  ply 66: +0.75 | -0.98 | -0.07   (games alive 59)

free moves per game (replayed 30000): mean 4.26; games with >=1 free move 95.5%
  O had more free moves   : n= 11620  X score 42.8%
  equal                   : n=  6873  X score 67.1%
  X had more free moves   : n= 11507  X score 82.1%
closed boards at game end: mean 7.72
wrote runs/v2b\curves.png
