paired suite openings_v1 (516 openings, 1032 games): A=runs/v2b/net_0150.pt@64 vs B=runs/v2a/net_0150.pt@64  [45s]
  suite    pairs  score   95% CI (pairs)    Elo  95% CI          as X   as O   | X share  draws |  pairs won/split/lost
  empty        1   75.0%       n/a         +191               100.0%  50.0%    75.0%   50.0%      0 /   0 /   0
  orbits      15   51.7%  [ 35.0,  68.3]    +12 [-108, +134]   73.3%  30.0%    71.7%    3.3%      3 /   8 /   3
  natural    250   56.2%  [ 52.4,  60.0]    +43 [ +17,  +70]   68.4%  44.0%    62.2%   12.4%     58 / 112 /  28
  random     250   54.1%  [ 50.1,  58.1]    +29 [  +1,  +57]   62.0%  46.2%    57.9%   14.6%     53 /  99 /  35
  all        516   55.1%  [ 52.4,  57.8]    +35 [ +17,  +55]   65.5%  44.7%    60.4%   13.3%    114 / 219 /  66
  end reasons: line 71.0%  count 15.7%  equal 13.3%  |  mean length 49.4
wrote runs/v2b/paired_vs_v2a_64.json
paired suite openings_v1 (516 openings, 1032 games): A=runs/v2a/net_0150.pt@64 vs B=runs/dev1/net_0200.pt@64  [46s]
  suite    pairs  score   95% CI (pairs)    Elo  95% CI          as X   as O   | X share  draws |  pairs won/split/lost
  empty        1   25.0%       n/a         -191                50.0%   0.0%    75.0%   50.0%      0 /   0 /   0
  orbits      15   58.3%  [ 43.3,  73.3]    +58 [ -47, +176]   66.7%  50.0%    58.3%   16.7%      4 /   5 /   1
  natural    250   57.3%  [ 53.3,  61.4]    +51 [ +23,  +81]   64.0%  50.6%    56.7%   15.0%     66 /  91 /  30
  random     250   61.8%  [ 57.7,  65.7]    +84 [ +54, +113]   69.4%  54.2%    57.6%   12.0%     79 /  95 /  26
  all        516   59.4%  [ 56.6,  62.3]    +66 [ +46,  +87]   66.7%  52.2%    57.2%   13.7%    149 / 191 /  57
  end reasons: line 71.5%  count 14.8%  equal 13.7%  |  mean length 49.4
wrote runs/v2a/paired_vs_dev1_64.json
paired suite openings_v1 (516 openings, 1032 games): A=runs/v2b/net_0150.pt@256 vs B=runs/v2a/net_0150.pt@256  [161s]
  suite    pairs  score   95% CI (pairs)    Elo  95% CI          as X   as O   | X share  draws |  pairs won/split/lost
  empty        1  100.0%       n/a        +1200               100.0% 100.0%    50.0%    0.0%      1 /   0 /   0
  orbits      15   63.3%  [ 48.3,  78.3]    +95 [ -12, +223]   73.3%  53.3%    60.0%   13.3%      5 /   6 /   0
  natural    250   53.5%  [ 49.5,  57.4]    +24 [  -3,  +52]   64.0%  43.0%    60.5%   11.4%     52 / 113 /  34
  random     250   56.7%  [ 52.7,  60.9]    +47 [ +19,  +77]   61.0%  52.4%    54.3%   13.8%     63 /  85 /  37
  all        516   55.4%  [ 52.7,  58.2]    +38 [ +19,  +58]   62.9%  48.0%    57.5%   12.6%    121 / 204 /  71
  end reasons: line 74.8%  count 12.6%  equal 12.6%  |  mean length 49.9
wrote runs/v2b/paired_vs_v2a_256.json
paired suite openings_v1 (516 openings, 1032 games): A=runs/v2b/net_0150.pt@256 vs B=runs/v2b/net_0150.pt@64  [188s]
  suite    pairs  score   95% CI (pairs)    Elo  95% CI          as X   as O   | X share  draws |  pairs won/split/lost
  empty        1   50.0%       n/a           +0               100.0%   0.0%   100.0%    0.0%      0 /   1 /   0
  orbits      15   78.3%  [ 65.0,  91.7]   +223 [+108, +417]   76.7%  80.0%    48.3%    3.3%      9 /   5 /   1
  natural    250   79.6%  [ 76.4,  82.6]   +237 [+204, +271]   83.8%  75.4%    54.2%    9.6%    172 /  65 /  13
  random     250   77.3%  [ 74.0,  80.4]   +213 [+182, +245]   86.6%  68.0%    59.3%   12.6%    175 /  62 /  13
  all        516   78.4%  [ 76.1,  80.6]   +224 [+201, +247]   85.0%  71.8%    56.6%   10.9%    356 / 133 /  27
  end reasons: line 72.2%  count 17.0%  equal 10.9%  |  mean length 49.4
wrote runs/v2b/paired_256_vs_64.json
