fraction of simulations truncated by depth_cap=12 (self-play settings, 2048 games, runs/v2b/net_0150.pt), by ply:
  ply  0 (alive 2048): 32 sims:  0.00%  48 sims:  0.00%  64 sims:  0.00%
  ply  6 (alive 2048): 32 sims:  0.00%  48 sims:  0.32%  64 sims:  2.32%
  ply 12 (alive 2048): 32 sims:  0.00%  48 sims:  0.19%  64 sims:  1.30%
  ply 18 (alive 2048): 32 sims:  0.00%  48 sims:  0.13%  64 sims:  0.70%
  ply 24 (alive 2048): 32 sims:  0.00%  48 sims:  0.05%  64 sims:  0.29%
  ply 30 (alive 2048): 32 sims:  0.00%  48 sims:  0.04%  64 sims:  0.21%
  ply 36 (alive 2047): 32 sims:  0.00%  48 sims:  0.02%  64 sims:  0.11%
  ply 42 (alive 1962): 32 sims:  0.00%  48 sims:  0.00%  64 sims:  0.05%
  ply 48 (alive 1286): 32 sims:  0.00%  48 sims:  0.00%  64 sims:  0.00%
  ply 54 (alive  362): 32 sims:  0.00%  48 sims:  0.00%  64 sims:  0.00%
=====PHASED
paired suite openings_v1 (516 openings, 1032 games): A=runs/v2b/net_0150.pt@0:32,24:96 vs B=runs/v2b/net_0150.pt@64  [66s]
  suite    pairs  score   95% CI (pairs)    Elo  95% CI          as X   as O   | X share  draws |  pairs won/split/lost
  empty        1  100.0%       n/a        n/a                 100.0% 100.0%    50.0%    0.0%      1 /   0 /   0
  orbits      15   73.3%  [ 61.7,  85.0]   +176 [ +83, +301]   83.3%  63.3%    60.0%   13.3%      9 /   5 /   1
  natural    250   56.2%  [ 52.4,  59.9]    +43 [ +17,  +70]   67.2%  45.2%    61.0%   13.6%     89 / 107 /  54
  random     250   57.0%  [ 53.3,  60.8]    +49 [ +23,  +76]   63.4%  50.6%    56.4%   18.0%     95 / 102 /  53
  all        516   57.2%  [ 54.5,  59.7]    +50 [ +31,  +69]   65.9%  48.4%    58.7%   15.7%    194 / 214 / 108
  end reasons: line 70.3%  count 14.0%  equal 15.7%  |  mean length 49.5
wrote runs/v2b/paired_phased_vs_64.json
