=== deep8_c1_300_e8 final in-run evals (checkpoint: runs/deep8_c1_300_e8/net_0300.pt)
wall-clock (h): 21.96
=== paired matches
paired suite openings_v1 (516 openings, 1032 games): A=runs/deep8_c1_300_e8/net_0300.pt@64 vs B=runs/v2b/net_0150.pt@64  [62s]
  suite    pairs  score   95% CI (pairs)    Elo  95% CI          as X   as O   | X share  draws |  pairs won/split/lost
  empty        1  100.0%       n/a        n/a                 100.0% 100.0%    50.0%    0.0%      1 /   0 /   0
  orbits      15   93.3%  [ 85.0, 100.0]   +458 [+301, +1200] 100.0%  86.7%    56.7%    6.7%     14 /   1 /   0
  natural    250   89.3%  [ 86.8,  91.6]   +369 [+327, +415]   96.0%  82.6%    56.7%    8.2%    220 /  27 /   3
  random     250   88.4%  [ 85.5,  91.0]   +353 [+308, +402]   93.6%  83.2%    55.2%    6.8%    213 /  31 /   6
  all        516   89.0%  [ 87.2,  90.7]   +363 [+333, +397]   95.0%  83.0%    56.0%    7.5%    448 /  59 /   9
  end reasons: line 84.2%  count 8.3%  equal 7.5%  |  mean length 49.0
wrote runs/deep8_c1_300_e8/paired_vs_v2b_64.json
paired suite openings_v1 (516 openings, 1032 games): A=runs/deep8_c1_300_e8/net_0300.pt@64 vs B=runs/wide128_c1/net_0150.pt@64  [73s]
  suite    pairs  score   95% CI (pairs)    Elo  95% CI          as X   as O   | X share  draws |  pairs won/split/lost
  empty        1  100.0%       n/a        n/a                 100.0% 100.0%    50.0%    0.0%      1 /   0 /   0
  orbits      15   98.3%  [ 95.0, 100.0]   +708 [+512, +1200]  96.7% 100.0%    48.3%    3.3%     15 /   0 /   0
  natural    250   87.1%  [ 84.6,  89.5]   +332 [+296, +372]   94.2%  80.0%    57.1%    7.4%    203 /  46 /   1
  random     250   86.7%  [ 84.2,  89.2]   +326 [+291, +367]   93.4%  80.0%    56.7%    9.4%    205 /  43 /   2
  all        516   87.3%  [ 85.6,  88.9]   +334 [+309, +362]   93.9%  80.6%    56.6%    8.2%    424 /  89 /   3
  end reasons: line 84.7%  count 7.1%  equal 8.2%  |  mean length 49.7
wrote runs/deep8_c1_300_e8/paired_vs_wide128c1_64.json
paired suite openings_v1 (516 openings, 1032 games): A=runs/deep8_c1_300_e8/net_0300.pt@64 vs B=runs/deep8_c1/net_0150.pt@64  [76s]
  suite    pairs  score   95% CI (pairs)    Elo  95% CI          as X   as O   | X share  draws |  pairs won/split/lost
  empty        1  100.0%       n/a        n/a                 100.0% 100.0%    50.0%    0.0%      1 /   0 /   0
  orbits      15   85.0%  [ 70.0,  96.7]   +301 [+147, +585]   86.7%  83.3%    51.7%   10.0%     13 /   1 /   1
  natural    250   85.5%  [ 82.8,  88.1]   +308 [+273, +348]   92.0%  79.0%    56.5%   11.4%    204 /  39 /   7
  random     250   85.9%  [ 83.0,  88.6]   +314 [+275, +356]   90.6%  81.2%    54.7%   11.0%    208 /  32 /  10
  all        516   85.7%  [ 83.9,  87.6]   +311 [+286, +340]   91.2%  80.2%    55.5%   11.1%    426 /  72 /  18
  end reasons: line 80.5%  count 8.3%  equal 11.1%  |  mean length 49.9
wrote runs/deep8_c1_300_e8/paired_vs_deep8c1_64.json
paired suite openings_v1 (516 openings, 1032 games): A=runs/deep8_c1_300_e8/net_0300.pt@64 vs B=runs/deep8_c1_300/net_0300.pt@64  [76s]
  suite    pairs  score   95% CI (pairs)    Elo  95% CI          as X   as O   | X share  draws |  pairs won/split/lost
  empty        1   75.0%       n/a        n/a                 100.0%  50.0%    75.0%   50.0%      1 /   0 /   0
  orbits      15   75.0%  [ 60.0,  88.3]   +191 [ +70, +352]   76.7%  73.3%    51.7%   30.0%     10 /   4 /   1
  natural    250   75.4%  [ 72.1,  78.6]   +195 [+165, +226]   84.8%  66.0%    59.4%   13.6%    162 /  71 /  17
  random     250   78.9%  [ 75.9,  81.8]   +229 [+199, +261]   86.4%  71.4%    57.5%   15.8%    181 /  54 /  15
  all        516   77.1%  [ 74.8,  79.2]   +211 [+189, +232]   85.4%  68.8%    58.3%   15.2%    354 / 129 /  33
  end reasons: line 74.7%  count 10.1%  equal 15.2%  |  mean length 50.5
wrote runs/deep8_c1_300_e8/paired_vs_deep8c1_300_64.json
paired suite openings_v1 (516 openings, 1032 games): A=runs/deep8_c1_300_e8/net_0300.pt@64 vs B=runs/deep10_c1_300/net_0300.pt@64  [84s]
  suite    pairs  score   95% CI (pairs)    Elo  95% CI          as X   as O   | X share  draws |  pairs won/split/lost
  empty        1   75.0%       n/a        n/a                 100.0%  50.0%    75.0%   50.0%      1 /   0 /   0
  orbits      15   78.3%  [ 66.7,  88.4]   +223 [+120, +352]   83.3%  73.3%    55.0%   30.0%     10 /   5 /   0
  natural    250   74.1%  [ 70.7,  77.4]   +183 [+153, +214]   86.0%  62.2%    61.9%   14.6%    161 /  70 /  19
  random     250   74.6%  [ 71.4,  77.8]   +187 [+159, +218]   82.0%  67.2%    57.4%   16.4%    162 /  66 /  22
  all        516   74.5%  [ 72.1,  76.8]   +186 [+165, +208]   84.0%  64.9%    59.5%   16.0%    334 / 141 /  41
  end reasons: line 74.8%  count 9.2%  equal 16.0%  |  mean length 50.8
wrote runs/deep8_c1_300_e8/paired_vs_deep10c1_300_64.json
paired suite openings_v1 (516 openings, 1032 games): A=runs/deep8_c1_300_e8/net_0300.pt@64 vs B=runs/deep10_c1_300_s1/net_0300.pt@64  [84s]
  suite    pairs  score   95% CI (pairs)    Elo  95% CI          as X   as O   | X share  draws |  pairs won/split/lost
  empty        1   75.0%       n/a        n/a                 100.0%  50.0%    75.0%   50.0%      1 /   0 /   0
  orbits      15   88.3%  [ 80.0,  95.0]   +352 [+241, +512]   96.7%  80.0%    58.3%   16.7%     14 /   1 /   0
  natural    250   74.9%  [ 71.5,  78.2]   +190 [+160, +222]   87.4%  62.4%    62.5%   12.6%    161 /  73 /  16
  random     250   76.5%  [ 73.3,  79.6]   +205 [+175, +237]   84.8%  68.2%    58.3%   17.4%    173 /  61 /  16
  all        516   76.1%  [ 73.9,  78.2]   +201 [+181, +222]   86.4%  65.7%    60.4%   15.1%    349 / 135 /  32
  end reasons: line 69.4%  count 15.5%  equal 15.1%  |  mean length 51.1
wrote runs/deep8_c1_300_e8/paired_vs_deep10c1_300s1_64.json
paired suite openings_v1 (516 openings, 1032 games): A=runs/deep8_c1_300_e8/net_0300.pt@64 vs B=runs/deep8_c1_300_e2/net_0300.pt@64  [82s]
  suite    pairs  score   95% CI (pairs)    Elo  95% CI          as X   as O   | X share  draws |  pairs won/split/lost
  empty        1   25.0%       n/a        n/a                  50.0%   0.0%    75.0%   50.0%      0 /   0 /   1
  orbits      15   71.7%  [ 55.0,  86.7]   +161 [ +35, +325]   80.0%  63.3%    58.3%   23.3%     10 /   3 /   2
  natural    250   67.4%  [ 63.7,  71.0]   +126 [ +98, +156]   78.4%  56.4%    61.0%   19.6%    143 /  73 /  34
  random     250   63.0%  [ 59.4,  66.5]    +92 [ +66, +119]   74.8%  51.2%    61.8%   23.6%    122 /  84 /  44
  all        516   65.3%  [ 62.8,  67.8]   +110 [ +91, +130]   76.6%  54.0%    61.3%   21.7%    275 / 160 /  81
  end reasons: line 65.6%  count 12.7%  equal 21.7%  |  mean length 51.5
wrote runs/deep8_c1_300_e8/paired_vs_deep8c1_300e2_64.json
paired suite openings_v1 (516 openings, 1032 games): A=runs/deep8_c1_300_e8/net_0300.pt@64 vs B=runs/deep8_c1_300_e4/net_0300.pt@64  [78s]
  suite    pairs  score   95% CI (pairs)    Elo  95% CI          as X   as O   | X share  draws |  pairs won/split/lost
  empty        1   50.0%       n/a        n/a                 100.0%   0.0%   100.0%    0.0%      0 /   1 /   0
  orbits      15   71.7%  [ 61.7,  81.7]   +161 [ +83, +260]   86.7%  56.7%    65.0%   16.7%      9 /   6 /   0
  natural    250   54.0%  [ 50.5,  57.5]    +28 [  +3,  +53]   71.2%  36.8%    67.2%   19.2%     84 / 111 /  55
  random     250   56.6%  [ 53.1,  60.1]    +46 [ +22,  +71]   65.4%  47.8%    58.8%   25.6%     94 / 103 /  53
  all        516   55.8%  [ 53.3,  58.2]    +40 [ +23,  +57]   68.9%  42.6%    63.1%   22.2%    187 / 221 / 108
  end reasons: line 64.2%  count 13.6%  equal 22.2%  |  mean length 52.0
wrote runs/deep8_c1_300_e8/paired_vs_deep8c1_300e4_64.json
paired suite openings_v1 (516 openings, 1032 games): A=runs/deep8_c1_300_e8/net_0300.pt@64 vs B=runs/dev1/net_0200.pt@64  [61s]
  suite    pairs  score   95% CI (pairs)    Elo  95% CI          as X   as O   | X share  draws |  pairs won/split/lost
  empty        1  100.0%       n/a        n/a                 100.0% 100.0%    50.0%    0.0%      1 /   0 /   0
  orbits      15   86.7%  [ 76.7,  96.7]   +325 [+207, +585]   90.0%  83.3%    53.3%    6.7%     12 /   3 /   0
  natural    250   95.2%  [ 93.5,  96.8]   +519 [+463, +592]   98.2%  92.2%    53.0%    4.0%    235 /  15 /   0
  random     250   95.9%  [ 94.4,  97.3]   +548 [+491, +623]   98.4%  93.4%    52.5%    4.6%    240 /   9 /   1
  all        516   95.3%  [ 94.2,  96.4]   +523 [+484, +569]   98.1%  92.5%    52.8%    4.4%    488 /  27 /   1
  end reasons: line 86.9%  count 8.7%  equal 4.4%  |  mean length 48.6
wrote runs/deep8_c1_300_e8/paired_vs_dev1_64.json
=== endgame set
suites/endgame_v1.npz: 3000 positions, 2870 source games, W/D/L 0.333/0.333/0.333; free-move positions 0.441

runs/deep8_c1_300_e8/net_0300.pt on endgame_v1  [26s]
evaluator                                       WDL acc %    Brier  logloss            3-way %  |err|             regret          optimal %
raw net (value head + policy argmax)     91.3 [90.3,92.4]    0.118    0.195   90.0 [88.8,91.1]  0.111 0.022 [0.016,0.028]   98.1 [97.6,98.6]
raw net, symmetry-averaged WDL           91.2 [90.1,92.3]    0.111    0.183   90.0 [88.8,91.1]  0.110                                      
search 32 sims                                                                67.2 [65.5,68.9]  0.341 0.001 [0.000,0.002]  99.9 [99.8,100.0]
search 64 sims                                                                70.7 [69.1,72.3]  0.317 0.000 [0.000,0.001] 100.0 [99.9,100.0]
search 256 sims                                                               69.5 [68.0,71.2]  0.333 0.000 [0.000,0.000] 100.0 [100.0,100.0]

WDL accuracy % by stratum: raw net (value head + policy argmax) | raw net, symmetry-averaged WDL
  empties 6-9      (n= 750):  98.7   98.8
  empties 10-12    (n= 750):  94.0   94.7
  empties 13-14    (n= 750):  87.3   87.3
  empties 15-16    (n= 750):  85.2   84.1
  mover wins       (n=1000):  96.4   96.0
  draw             (n=1000):  81.0   81.4
  mover loses      (n=1000):  96.5   96.3
  X to move        (n=1500):  91.7   91.9
  O to move        (n=1500):  90.9   90.5
  free move        (n=1324):  92.5   92.9
  sent to a board  (n=1676):  90.3   89.9

action regret by stratum: raw net (value head + policy argmax) | search 256 sims
  empties 6-9      (n= 750): 0.005  0.000
  empties 10-12    (n= 750): 0.015  0.000
  empties 13-14    (n= 750): 0.025  0.000
  empties 15-16    (n= 750): 0.043  0.000
  mover wins       (n=1000): 0.024  0.000
  draw             (n=1000): 0.042  0.000
  mover loses      (n=1000): 0.000  0.000
  X to move        (n=1500): 0.020  0.000
  O to move        (n=1500): 0.024  0.000
  free move        (n=1324): 0.022  0.000
  sent to a board  (n=1676): 0.022  0.000

optimal-move % by stratum: raw net (value head + policy argmax) | search 256 sims
  empties 6-9      (n= 750):  99.6  100.0
  empties 10-12    (n= 750):  98.5  100.0
  empties 13-14    (n= 750):  97.7  100.0
  empties 15-16    (n= 750):  96.5  100.0
  mover wins       (n=1000):  98.5  100.0
  draw             (n=1000):  95.8  100.0
  mover loses      (n=1000): 100.0  100.0
  X to move        (n=1500):  98.1  100.0
  O to move        (n=1500):  98.1  100.0
  free move        (n=1324):  98.1  100.0
  sent to a board  (n=1676):  98.1  100.0
suites/endgame_v2_dev.npz: 3000 positions, 2932 source games, W/D/L 0.333/0.333/0.333; free-move positions 0.415

runs/deep8_c1_300_e8/net_0300.pt on endgame_v2_dev  [26s]
evaluator                                       WDL acc %    Brier  logloss            3-way %  |err|             regret          optimal %
raw net (value head + policy argmax)     91.7 [90.7,92.7]    0.118    0.197   89.8 [88.7,90.9]  0.123 0.020 [0.015,0.026]   98.1 [97.6,98.6]
raw net, symmetry-averaged WDL           91.9 [90.9,92.9]    0.112    0.188   89.9 [88.8,90.9]  0.122                                      
search 32 sims                                                                71.0 [69.4,72.6]  0.308 0.004 [0.002,0.006]   99.6 [99.4,99.8]
search 64 sims                                                                74.5 [72.9,76.0]  0.281 0.002 [0.001,0.004]   99.8 [99.6,99.9]
search 256 sims                                                               73.9 [72.3,75.4]  0.294 0.000 [0.000,0.001] 100.0 [99.9,100.0]

WDL accuracy % by stratum: raw net (value head + policy argmax) | raw net, symmetry-averaged WDL
  empties 6-9      (n= 750):  98.0   98.0
  empties 10-12    (n= 750):  93.6   93.7
  empties 13-14    (n= 750):  89.2   89.6
  empties 15-16    (n= 750):  85.9   86.1
  mover wins       (n=1000):  95.0   95.6
  draw             (n=1000):  83.6   83.9
  mover loses      (n=1000):  96.4   96.1
  X to move        (n=1500):  91.1   91.5
  O to move        (n=1500):  92.2   92.3
  free move        (n=1244):  93.4   93.8
  sent to a board  (n=1756):  90.4   90.5

action regret by stratum: raw net (value head + policy argmax) | search 256 sims
  empties 6-9      (n= 750): 0.005  0.000
  empties 10-12    (n= 750): 0.024  0.000
  empties 13-14    (n= 750): 0.024  0.001
  empties 15-16    (n= 750): 0.028  0.000
  mover wins       (n=1000): 0.019  0.000
  draw             (n=1000): 0.042  0.001
  mover loses      (n=1000): 0.000  0.000
  X to move        (n=1500): 0.019  0.000
  O to move        (n=1500): 0.022  0.001
  free move        (n=1244): 0.029  0.001
  sent to a board  (n=1756): 0.014  0.000

optimal-move % by stratum: raw net (value head + policy argmax) | search 256 sims
  empties 6-9      (n= 750):  99.5  100.0
  empties 10-12    (n= 750):  97.6  100.0
  empties 13-14    (n= 750):  97.7   99.9
  empties 15-16    (n= 750):  97.6  100.0
  mover wins       (n=1000):  98.5  100.0
  draw             (n=1000):  95.8   99.9
  mover loses      (n=1000): 100.0  100.0
  X to move        (n=1500):  98.3  100.0
  O to move        (n=1500):  97.9   99.9
  free move        (n=1244):  97.3   99.9
  sent to a board  (n=1756):  98.6  100.0
