=== deep10_c1_300 final in-run evals (checkpoint: runs/deep10_c1_300/net_0300.pt)
{'iter': 279, 'vs_v2b_net_0150': 0.767, 'ci_v2b_net_0150': [0.728, 0.801], 'vs_wide128_c1_net_0150': 0.698, 'ci_wide128_c1_net_0150': [0.659, 0.733], 'vs_deep8_c1_300_net_0300': 0.529, 'ci_deep8_c1_300_net_0300': [0.488, 0.569], 'eg_wdl_acc': 0.8423, 'eg_brier': 0.214, 'eg_regret_raw': 0.0407, 'eg_optimal_raw': 0.9637, 'eg_acc3_search': 0.7083, 'eg_regret_search': 0.0023, 'eg_optimal_search': 0.9977}
{'iter': 299, 'vs_v2b_net_0150': 0.806, 'ci_v2b_net_0150': [0.773, 0.838], 'vs_wide128_c1_net_0150': 0.747, 'ci_wide128_c1_net_0150': [0.708, 0.78], 'vs_deep8_c1_300_net_0300': 0.562, 'ci_deep8_c1_300_net_0300': [0.522, 0.602], 'eg_wdl_acc': 0.8457, 'eg_brier': 0.209, 'eg_regret_raw': 0.037, 'eg_optimal_raw': 0.9667, 'eg_acc3_search': 0.7077, 'eg_regret_search': 0.0017, 'eg_optimal_search': 0.9983}
wall-clock (h): 18.87
=== paired matches
paired suite openings_v1 (516 openings, 1032 games): A=runs/deep10_c1_300/net_0300.pt@64 vs B=runs/v2b/net_0150.pt@64  [61s]
  suite    pairs  score   95% CI (pairs)    Elo  95% CI          as X   as O   | X share  draws |  pairs won/split/lost
  empty        1   50.0%       n/a        n/a                 100.0%   0.0%   100.0%    0.0%      0 /   1 /   0
  orbits      15   83.3%  [ 71.7,  93.3]   +280 [+161, +458]   93.3%  73.3%    60.0%    6.7%     11 /   4 /   0
  natural    250   79.8%  [ 76.5,  83.0]   +239 [+205, +275]   84.8%  74.8%    55.0%   12.8%    182 /  52 /  16
  random     250   80.3%  [ 77.2,  83.3]   +244 [+212, +279]   89.6%  71.0%    59.3%   12.6%    180 /  60 /  10
  all        516   80.1%  [ 77.8,  82.3]   +242 [+218, +267]   87.4%  72.8%    57.3%   12.5%    373 / 117 /  26
  end reasons: line 76.7%  count 10.8%  equal 12.5%  |  mean length 48.8
wrote runs/deep10_c1_300/paired_vs_v2b_64.json
paired suite openings_v1 (516 openings, 1032 games): A=runs/deep10_c1_300/net_0300.pt@64 vs B=runs/wide128_c1/net_0150.pt@64  [69s]
  suite    pairs  score   95% CI (pairs)    Elo  95% CI          as X   as O   | X share  draws |  pairs won/split/lost
  empty        1   75.0%       n/a        n/a                 100.0%  50.0%    75.0%   50.0%      1 /   0 /   0
  orbits      15   71.7%  [ 55.0,  86.7]   +161 [ +35, +325]   63.3%  80.0%    41.7%   16.7%      9 /   4 /   2
  natural    250   73.7%  [ 69.9,  77.2]   +179 [+146, +212]   80.2%  67.2%    56.5%   12.2%    158 /  64 /  28
  random     250   74.2%  [ 70.7,  77.5]   +184 [+153, +215]   82.4%  66.0%    58.2%   14.4%    163 /  66 /  21
  all        516   73.9%  [ 71.3,  76.5]   +181 [+158, +205]   80.8%  67.0%    56.9%   13.5%    331 / 134 /  51
  end reasons: line 76.3%  count 10.3%  equal 13.5%  |  mean length 49.5
wrote runs/deep10_c1_300/paired_vs_wide128c1_64.json
paired suite openings_v1 (516 openings, 1032 games): A=runs/deep10_c1_300/net_0300.pt@64 vs B=runs/deep8_c1/net_0150.pt@64  [72s]
  suite    pairs  score   95% CI (pairs)    Elo  95% CI          as X   as O   | X share  draws |  pairs won/split/lost
  empty        1  100.0%       n/a        n/a                 100.0% 100.0%    50.0%    0.0%      1 /   0 /   0
  orbits      15   71.7%  [ 60.0,  83.3]   +161 [ +70, +280]   76.7%  66.7%    55.0%   30.0%     10 /   4 /   1
  natural    250   68.8%  [ 65.4,  72.3]   +137 [+111, +167]   78.2%  59.4%    59.4%   15.2%    139 /  83 /  28
  random     250   69.3%  [ 65.4,  73.0]   +141 [+111, +173]   74.0%  64.6%    54.7%   16.2%    148 /  68 /  34
  all        516   69.2%  [ 66.7,  71.6]   +141 [+121, +160]   76.2%  62.2%    57.0%   16.1%    298 / 155 /  63
  end reasons: line 72.7%  count 11.2%  equal 16.1%  |  mean length 49.8
wrote runs/deep10_c1_300/paired_vs_deep8c1_64.json
paired suite openings_v1 (516 openings, 1032 games): A=runs/deep10_c1_300/net_0300.pt@64 vs B=runs/deep8_c1_300/net_0300.pt@64  [74s]
  suite    pairs  score   95% CI (pairs)    Elo  95% CI          as X   as O   | X share  draws |  pairs won/split/lost
  empty        1   75.0%       n/a        n/a                 100.0%  50.0%    75.0%   50.0%      1 /   0 /   0
  orbits      15   53.3%  [ 36.7,  70.0]    +23 [ -95, +147]   63.3%  43.3%    60.0%   20.0%      6 /   4 /   5
  natural    250   55.2%  [ 51.3,  59.0]    +36 [  +9,  +63]   64.6%  45.8%    59.4%   16.8%     93 /  94 /  63
  random     250   54.8%  [ 51.2,  58.6]    +33 [  +8,  +60]   63.2%  46.4%    58.4%   20.8%     89 /  98 /  63
  all        516   55.0%  [ 52.3,  57.7]    +35 [ +16,  +54]   64.0%  46.0%    59.0%   18.9%    189 / 196 / 131
  end reasons: line 68.7%  count 12.4%  equal 18.9%  |  mean length 50.5
wrote runs/deep10_c1_300/paired_vs_deep8c1_300_64.json
paired suite openings_v1 (516 openings, 1032 games): A=runs/deep10_c1_300/net_0300.pt@64 vs B=runs/dev1/net_0200.pt@64  [61s]
  suite    pairs  score   95% CI (pairs)    Elo  95% CI          as X   as O   | X share  draws |  pairs won/split/lost
  empty        1  100.0%       n/a        n/a                 100.0% 100.0%    50.0%    0.0%      1 /   0 /   0
  orbits      15   81.7%  [ 66.7,  95.0]   +260 [+120, +512]   86.7%  76.7%    55.0%   10.0%     12 /   2 /   1
  natural    250   84.3%  [ 81.4,  87.1]   +292 [+256, +332]   92.8%  75.8%    58.5%    9.0%    194 /  48 /   8
  random     250   86.8%  [ 84.0,  89.3]   +327 [+288, +369]   89.6%  84.0%    52.8%    7.2%    203 /  43 /   4
  all        516   85.5%  [ 83.5,  87.4]   +308 [+281, +336]   91.1%  79.8%    55.6%    8.1%    410 /  93 /  13
  end reasons: line 79.9%  count 11.9%  equal 8.1%  |  mean length 49.0
wrote runs/deep10_c1_300/paired_vs_dev1_64.json
=== endgame set
suites/endgame_v1.npz: 3000 positions, 2870 source games, W/D/L 0.333/0.333/0.333; free-move positions 0.441

runs/deep10_c1_300/net_0300.pt on endgame_v1  [28s]
evaluator                                       WDL acc %    Brier  logloss            3-way %  |err|             regret          optimal %
raw net (value head + policy argmax)     84.6 [83.2,85.9]    0.209    0.345   83.4 [82.0,84.8]  0.195 0.037 [0.030,0.045]   96.7 [96.0,97.3]
raw net, symmetry-averaged WDL           85.0 [83.6,86.3]    0.200    0.330   83.3 [81.9,84.7]  0.194                                      
search 32 sims                                                                67.2 [65.5,68.8]  0.348 0.003 [0.001,0.005]   99.7 [99.5,99.9]
search 64 sims                                                                70.8 [69.1,72.4]  0.319 0.002 [0.000,0.003]  99.8 [99.7,100.0]
search 256 sims                                                               69.7 [68.0,71.3]  0.332 0.001 [0.000,0.002]  99.9 [99.8,100.0]

WDL accuracy % by stratum: raw net (value head + policy argmax) | raw net, symmetry-averaged WDL
  empties 6-9      (n= 750):  92.9   94.7
  empties 10-12    (n= 750):  87.9   89.3
  empties 13-14    (n= 750):  82.0   81.6
  empties 15-16    (n= 750):  75.5   74.3
  mover wins       (n=1000):  92.2   92.5
  draw             (n=1000):  68.7   68.7
  mover loses      (n=1000):  92.8   93.7
  X to move        (n=1500):  83.8   84.5
  O to move        (n=1500):  85.3   85.5
  free move        (n=1324):  87.1   87.3
  sent to a board  (n=1676):  82.6   83.1

action regret by stratum: raw net (value head + policy argmax) | search 256 sims
  empties 6-9      (n= 750): 0.007  0.000
  empties 10-12    (n= 750): 0.031  0.000
  empties 13-14    (n= 750): 0.052  0.001
  empties 15-16    (n= 750): 0.059  0.001
  mover wins       (n=1000): 0.034  0.000
  draw             (n=1000): 0.077  0.002
  mover loses      (n=1000): 0.000  0.000
  X to move        (n=1500): 0.038  0.001
  O to move        (n=1500): 0.036  0.000
  free move        (n=1324): 0.048  0.000
  sent to a board  (n=1676): 0.029  0.001

optimal-move % by stratum: raw net (value head + policy argmax) | search 256 sims
  empties 6-9      (n= 750):  99.5  100.0
  empties 10-12    (n= 750):  97.1  100.0
  empties 13-14    (n= 750):  95.2   99.9
  empties 15-16    (n= 750):  94.9   99.9
  mover wins       (n=1000):  97.7  100.0
  draw             (n=1000):  92.3   99.8
  mover loses      (n=1000): 100.0  100.0
  X to move        (n=1500):  96.5   99.9
  O to move        (n=1500):  96.8  100.0
  free move        (n=1324):  95.8  100.0
  sent to a board  (n=1676):  97.4   99.9
