# Opening book: runs/deep10_c1_300/net_0300.pt at 16384 sims, depth 4, top-3 replies per node

Values are the deep-search value for X after the moves (search-relative: what this net + search prefers, not game-theoretic). Moves are `m(b<board>c<cell>)`, m = 9*board + cell. The line follows the most-visited move. A reply is one *orbit* (replies equivalent under the symmetries that fix the position), shown by its canonical (smallest-index) member with the orbit size in brackets when > 1; share is the orbit's summed visit share; every line is in the frame of its first move.

| first move | value X | best reply orbit (O) | share | X's next | line to depth 4 | paired X score | draw share | deep8_c1_300 value / best reply |
|---|---|---|---|---|---|---|---|---|
| 40(b4c4) | +0.447 | 37(b4c1) [4] | 0.75 | 10(b1c1) | 37(b4c1)(+0.44) 10(b1c1)(+0.44) 16(b1c7)(+0.44) | 74 % (44) | 16 % | +0.455 / 37(b4c1) = |
| 36(b4c0) | +0.336 | 4(b0c4) | 0.51 | 38(b4c2) | 4(b0c4)(+0.33) 38(b4c2)(+0.33) 20(b2c2)(+0.33) | 74 % (80) | 26 % | +0.320 / 4(b0c4) = |
| 0(b0c0) | +0.282 | 2(b0c2) [2] | 0.53 | 20(b2c2) | 2(b0c2)(+0.28) 20(b2c2)(+0.28) 23(b2c5)(+0.28) | 69 % (78) | 18 % | +0.291 / 1(b0c1) != |
| 37(b4c1) | +0.258 | 10(b1c1) | 0.84 | 13(b1c4) | 10(b1c1)(+0.26) 13(b1c4)(+0.25) 36(b4c0)(+0.24) | 64 % (54) | 20 % | +0.290 / 10(b1c1) = |
| 5(b0c5) | +0.197 | 45(b5c0) | 0.72 | 8(b0c8) | 45(b5c0)(+0.19) 8(b0c8)(+0.20) 73(b8c1)(+0.19) | 63 % (110) | 22 % | +0.212 / 50(b5c5) != |
| 8(b0c8) | +0.196 | 73(b8c1) [2] | 0.76 | 17(b1c8) | 73(b8c1)(+0.20) 17(b1c8)(+0.21) 72(b8c0)(+0.21) | 51 % (42) | 26 % | +0.199 / 73(b8c1) = |
| 10(b1c1) | +0.188 | 16(b1c7) | 0.82 | 70(b7c7) | 16(b1c7)(+0.18) 70(b7c7)(+0.18) 69(b7c6)(+0.18) | 57 % (80) | 21 % | +0.197 / 16(b1c7) = |
| 2(b0c2) | +0.183 | 20(b2c2) | 0.45 | 18(b2c0) | 20(b2c2)(+0.18) 18(b2c0)(+0.19) 5(b0c5)(+0.19) | 63 % (102) | 27 % | +0.165 / 20(b2c2) = |
| 4(b0c4) | +0.162 | 40(b4c4) | 1.00 | 36(b4c0) | 40(b4c4)(+0.16) 36(b4c0)(+0.16) 5(b0c5)(+0.15) | 64 % (36) | 33 % | +0.179 / 40(b4c4) = |
| 1(b0c1) | +0.128 | 10(b1c1) | 0.77 | 16(b1c7) | 10(b1c1)(+0.13) 16(b1c7)(+0.14) 70(b7c7)(+0.13) | 67 % (96) | 28 % | +0.134 / 10(b1c1) = |
| 12(b1c3) | +0.113 | 28(b3c1) | 0.71 | 14(b1c5) | 28(b3c1)(+0.11) 14(b1c5)(+0.12) 50(b5c5)(+0.12) | 57 % (84) | 29 % | +0.119 / 30(b3c3) != |
| 16(b1c7) | +0.099 | 70(b7c7) | 0.61 | 64(b7c1) | 70(b7c7)(+0.10) 64(b7c1)(+0.10) 15(b1c6)(+0.08) | 54 % (48) | 33 % | +0.103 / 70(b7c7) = |
| 15(b1c6) | +0.083 | 55(b6c1) | 0.50 | 17(b1c8) | 55(b6c1)(+0.08) 17(b1c8)(+0.09) 80(b8c8)(+0.08) | 64 % (66) | 30 % | +0.118 / 60(b6c6) != |
| 9(b1c0) | +0.046 | 5(b0c5) | 0.81 | 45(b5c0) | 5(b0c5)(+0.04) 45(b5c0)(+0.06) 8(b0c8)(+0.06) | 45 % (70) | 19 % | +0.064 / 5(b0c5) = |
| 13(b1c4) | -0.047 | 40(b4c4) | 1.00 | 37(b4c1) | 40(b4c4)(-0.05) 37(b4c1)(-0.05) 10(b1c1)(-0.06) | 50 % (40) | 25 % | -0.017 / 40(b4c4) = |

Agreement with runs/deep8_c1_300/net_0300.pt on the most-visited reply orbit: 0.75 over 430 shared nodes (by depth: 1: 0.73, 2: 0.78, 3: 0.73, 4: 0.75); mean |value difference| 0.016.

Nodes: 579; built 2026-09-06 13:52 in 1677 s.
DONE
