=== deep8_c1_300 (held-out corpus runs/deep10_c1_300)
runs/deep8_c1_300: 30 checkpoints; 20000 held-out positions from 20 files of runs/deep10_c1_300; endgame set endgame_v1 (3000)
  net_0010: vs deep8_c1_net_0150  7.8 vs dev1_net_0200 19.3 vs v2b_net_0150 11.9 vs wide128_c1_net_0150  9.0 | endgame WDL 57.2 draws 19.9 regret 0.216 | first move [40] top1 0.09 H 5.79b | H by ply 3.17 2.78 2.39 2.06 1.84 | D4 JS 0.061b vstd 0.093  (10s)
  net_0020: vs deep8_c1_net_0150 13.8 vs dev1_net_0200 30.3 vs v2b_net_0150 22.7 vs wide128_c1_net_0150 18.9 | endgame WDL 62.4 draws 32.6 regret 0.139 | first move [40] top1 0.79 H 1.68b | H by ply 2.26 2.27 1.99 1.77 1.68 | D4 JS 0.067b vstd 0.082  (12s)
  net_0030: vs deep8_c1_net_0150 19.1 vs dev1_net_0200 38.3 vs v2b_net_0150 24.8 vs wide128_c1_net_0150 20.7 | endgame WDL 60.9 draws 24.7 regret 0.115 | first move [40] top1 0.98 H 0.26b | H by ply 2.04 2.22 1.91 1.64 1.55 | D4 JS 0.055b vstd 0.079  (13s)
  net_0040: vs deep8_c1_net_0150 27.2 vs dev1_net_0200 53.6 vs v2b_net_0150 40.0 vs wide128_c1_net_0150 28.5 | endgame WDL 69.3 draws 40.0 regret 0.106 | first move [40] top1 0.97 H 0.30b | H by ply 2.04 2.06 1.77 1.60 1.57 | D4 JS 0.054b vstd 0.070  (15s)
  net_0050: vs deep8_c1_net_0150 29.9 vs dev1_net_0200 57.3 vs v2b_net_0150 43.3 vs wide128_c1_net_0150 33.2 | endgame WDL 71.8 draws 49.4 regret 0.090 | first move [40] top1 0.98 H 0.23b | H by ply 1.72 1.93 1.79 1.54 1.50 | D4 JS 0.047b vstd 0.071  (16s)
  net_0060: vs deep8_c1_net_0150 27.5 vs dev1_net_0200 56.2 vs v2b_net_0150 43.1 vs wide128_c1_net_0150 29.9 | endgame WDL 70.8 draws 49.1 regret 0.086 | first move [40] top1 0.95 H 0.50b | H by ply 1.92 2.06 1.79 1.51 1.47 | D4 JS 0.050b vstd 0.070  (17s)
  net_0070: vs deep8_c1_net_0150 25.7 vs dev1_net_0200 59.5 vs v2b_net_0150 45.9 vs wide128_c1_net_0150 39.4 | endgame WDL 71.5 draws 44.0 regret 0.079 | first move [40] top1 0.96 H 0.42b | H by ply 1.84 1.93 1.69 1.58 1.56 | D4 JS 0.049b vstd 0.068  (19s)
  net_0080: vs deep8_c1_net_0150 38.9 vs dev1_net_0200 61.0 vs v2b_net_0150 49.8 vs wide128_c1_net_0150 35.0 | endgame WDL 72.9 draws 47.2 regret 0.082 | first move [40] top1 0.90 H 0.97b | H by ply 1.82 1.77 1.61 1.55 1.51 | D4 JS 0.051b vstd 0.066  (20s)
  net_0090: vs deep8_c1_net_0150 38.1 vs dev1_net_0200 61.8 vs v2b_net_0150 49.2 vs wide128_c1_net_0150 37.0 | endgame WDL 74.6 draws 52.1 regret 0.083 | first move [40] top1 0.98 H 0.22b | H by ply 2.11 1.95 1.64 1.57 1.54 | D4 JS 0.054b vstd 0.069  (22s)
  net_0100: vs deep8_c1_net_0150 40.0 vs dev1_net_0200 67.0 vs v2b_net_0150 52.8 vs wide128_c1_net_0150 44.9 | endgame WDL 73.8 draws 46.8 regret 0.083 | first move [40] top1 0.98 H 0.26b | H by ply 1.88 1.87 1.63 1.58 1.55 | D4 JS 0.050b vstd 0.074  (23s)
  net_0110: vs deep8_c1_net_0150 37.4 vs dev1_net_0200 67.8 vs v2b_net_0150 50.6 vs wide128_c1_net_0150 43.8 | endgame WDL 76.9 draws 59.1 regret 0.082 | first move [40] top1 0.96 H 0.40b | H by ply 1.79 1.87 1.71 1.64 1.53 | D4 JS 0.054b vstd 0.070  (25s)
  net_0120: vs deep8_c1_net_0150 44.8 vs dev1_net_0200 71.3 vs v2b_net_0150 59.6 vs wide128_c1_net_0150 45.6 | endgame WDL 70.9 draws 38.4 regret 0.071 | first move [40] top1 0.93 H 0.75b | H by ply 1.68 1.79 1.70 1.64 1.57 | D4 JS 0.047b vstd 0.078  (26s)
  net_0130: vs deep8_c1_net_0150 42.2 vs dev1_net_0200 70.0 vs v2b_net_0150 56.6 vs wide128_c1_net_0150 42.4 | endgame WDL 73.9 draws 46.6 regret 0.071 | first move [40] top1 0.90 H 0.81b | H by ply 1.98 1.92 1.71 1.62 1.54 | D4 JS 0.047b vstd 0.070  (27s)
  net_0140: vs deep8_c1_net_0150 44.0 vs dev1_net_0200 67.7 vs v2b_net_0150 54.5 vs wide128_c1_net_0150 46.8 | endgame WDL 74.9 draws 50.0 regret 0.069 | first move [40] top1 0.98 H 0.22b | H by ply 1.57 1.78 1.71 1.63 1.52 | D4 JS 0.046b vstd 0.068  (29s)
  net_0150: vs deep8_c1_net_0150 44.8 vs dev1_net_0200 67.5 vs v2b_net_0150 62.5 vs wide128_c1_net_0150 48.1 | endgame WDL 76.3 draws 53.5 regret 0.069 | first move [40] top1 0.97 H 0.29b | H by ply 1.78 1.93 1.78 1.65 1.53 | D4 JS 0.049b vstd 0.075  (30s)
  net_0160: vs deep8_c1_net_0150 49.9 vs dev1_net_0200 72.7 vs v2b_net_0150 65.6 vs wide128_c1_net_0150 55.2 | endgame WDL 78.0 draws 56.4 regret 0.062 | first move [40] top1 0.97 H 0.33b | H by ply 1.74 1.82 1.68 1.59 1.52 | D4 JS 0.052b vstd 0.071  (32s)
  net_0170: vs deep8_c1_net_0150 47.1 vs dev1_net_0200 69.4 vs v2b_net_0150 64.0 vs wide128_c1_net_0150 56.1 | endgame WDL 78.5 draws 62.6 regret 0.069 | first move [40] top1 0.95 H 0.60b | H by ply 1.81 1.85 1.68 1.59 1.47 | D4 JS 0.053b vstd 0.072  (33s)
  net_0180: vs deep8_c1_net_0150 55.2 vs dev1_net_0200 78.4 vs v2b_net_0150 68.8 vs wide128_c1_net_0150 54.4 | endgame WDL 78.8 draws 56.8 regret 0.062 | first move [40] top1 0.94 H 0.67b | H by ply 1.85 1.79 1.75 1.67 1.55 | D4 JS 0.054b vstd 0.075  (35s)
  net_0190: vs deep8_c1_net_0150 53.5 vs dev1_net_0200 73.6 vs v2b_net_0150 67.9 vs wide128_c1_net_0150 62.4 | endgame WDL 76.8 draws 50.9 regret 0.058 | first move [40] top1 0.98 H 0.26b | H by ply 1.89 1.84 1.64 1.57 1.48 | D4 JS 0.049b vstd 0.071  (36s)
  net_0200: vs deep8_c1_net_0150 57.9 vs dev1_net_0200 74.2 vs v2b_net_0150 69.2 vs wide128_c1_net_0150 61.2 | endgame WDL 79.7 draws 58.8 regret 0.057 | first move [40] top1 0.96 H 0.50b | H by ply 1.71 1.86 1.69 1.60 1.46 | D4 JS 0.051b vstd 0.074  (38s)
  net_0210: vs deep8_c1_net_0150 60.5 vs dev1_net_0200 82.1 vs v2b_net_0150 77.0 vs wide128_c1_net_0150 66.2 | endgame WDL 82.7 draws 65.7 regret 0.051 | first move [40] top1 0.98 H 0.27b | H by ply 1.35 1.54 1.60 1.57 1.48 | D4 JS 0.030b vstd 0.058  (39s)
  net_0220: vs deep8_c1_net_0150 63.4 vs dev1_net_0200 83.1 vs v2b_net_0150 74.0 vs wide128_c1_net_0150 70.6 | endgame WDL 83.3 draws 67.5 regret 0.046 | first move [40] top1 0.98 H 0.18b | H by ply 1.32 1.47 1.58 1.56 1.47 | D4 JS 0.030b vstd 0.056  (40s)
  net_0230: vs deep8_c1_net_0150 64.9 vs dev1_net_0200 81.8 vs v2b_net_0150 71.1 vs wide128_c1_net_0150 70.8 | endgame WDL 83.3 draws 66.2 regret 0.046 | first move [40] top1 0.98 H 0.22b | H by ply 1.30 1.44 1.59 1.59 1.51 | D4 JS 0.031b vstd 0.056  (42s)
  net_0240: vs deep8_c1_net_0150 64.9 vs dev1_net_0200 83.9 vs v2b_net_0150 75.6 vs wide128_c1_net_0150 70.6 | endgame WDL 83.1 draws 65.5 regret 0.045 | first move [40] top1 0.98 H 0.20b | H by ply 1.31 1.44 1.57 1.57 1.48 | D4 JS 0.030b vstd 0.056  (43s)
  net_0250: vs deep8_c1_net_0150 66.4 vs dev1_net_0200 87.0 vs v2b_net_0150 74.9 vs wide128_c1_net_0150 73.4 | endgame WDL 83.0 draws 65.9 regret 0.047 | first move [40] top1 0.99 H 0.19b | H by ply 1.30 1.46 1.57 1.56 1.48 | D4 JS 0.030b vstd 0.055  (45s)
  net_0260: vs deep8_c1_net_0150 65.3 vs dev1_net_0200 83.8 vs v2b_net_0150 74.7 vs wide128_c1_net_0150 69.0 | endgame WDL 83.1 draws 65.8 regret 0.045 | first move [40] top1 0.98 H 0.25b | H by ply 1.16 1.41 1.56 1.56 1.46 | D4 JS 0.032b vstd 0.055  (46s)
  net_0270: vs deep8_c1_net_0150 69.2 vs dev1_net_0200 81.9 vs v2b_net_0150 77.0 vs wide128_c1_net_0150 70.1 | endgame WDL 84.1 draws 68.1 regret 0.044 | first move [40] top1 0.97 H 0.31b | H by ply 1.28 1.47 1.58 1.57 1.49 | D4 JS 0.030b vstd 0.054  (48s)
  net_0280: vs deep8_c1_net_0150 68.6 vs dev1_net_0200 83.8 vs v2b_net_0150 77.8 vs wide128_c1_net_0150 71.3 | endgame WDL 83.6 draws 67.2 regret 0.048 | first move [40] top1 0.97 H 0.31b | H by ply 1.37 1.44 1.58 1.57 1.46 | D4 JS 0.031b vstd 0.054  (49s)
  net_0290: vs deep8_c1_net_0150 67.6 vs dev1_net_0200 82.3 vs v2b_net_0150 75.5 vs wide128_c1_net_0150 72.2 | endgame WDL 83.7 draws 67.0 regret 0.047 | first move [40] top1 0.97 H 0.31b | H by ply 1.27 1.38 1.55 1.56 1.48 | D4 JS 0.027b vstd 0.051  (50s)
  net_0300: vs deep8_c1_net_0150 67.7 vs dev1_net_0200 86.3 vs v2b_net_0150 77.3 vs wide128_c1_net_0150 71.9 | endgame WDL 84.0 draws 67.5 regret 0.045 | first move [40] top1 0.97 H 0.33b | H by ply 1.22 1.35 1.56 1.57 1.48 | D4 JS 0.027b vstd 0.051  (52s)
wrote runs/deep8_c1_300\timeline.json  [52s]
wrote runs/deep8_c1_300\timeline.png
=== deep10_c1_300 (held-out corpus runs/deep8_c1_300)
runs/deep10_c1_300: 15 checkpoints; 20000 held-out positions from 20 files of runs/deep8_c1_300; endgame set endgame_v1 (3000)
  net_0020: vs deep8_c1_300_net_0300 11.9 vs v2b_net_0150 28.0 vs wide128_c1_net_0150 14.8 | endgame WDL 62.1 draws 25.0 regret 0.143 | first move [40] top1 0.98 H 0.25b | H by ply 2.43 2.60 2.18 1.84 1.70 | D4 JS 0.053b vstd 0.078  (11s)
  net_0040: vs deep8_c1_300_net_0300 12.8 vs v2b_net_0150 36.9 vs wide128_c1_net_0150 27.8 | endgame WDL 69.0 draws 39.4 regret 0.097 | first move [40] top1 0.96 H 0.47b | H by ply 2.00 1.96 1.75 1.56 1.48 | D4 JS 0.058b vstd 0.083  (12s)
  net_0060: vs deep8_c1_300_net_0300 19.2 vs v2b_net_0150 46.2 vs wide128_c1_net_0150 37.6 | endgame WDL 72.4 draws 47.0 regret 0.090 | first move [40] top1 0.98 H 0.22b | H by ply 1.74 1.86 1.72 1.55 1.48 | D4 JS 0.050b vstd 0.072  (14s)
  net_0080: vs deep8_c1_300_net_0300 23.8 vs v2b_net_0150 49.2 vs wide128_c1_net_0150 39.9 | endgame WDL 72.2 draws 43.7 regret 0.082 | first move [40] top1 0.98 H 0.27b | H by ply 1.62 1.72 1.68 1.61 1.51 | D4 JS 0.052b vstd 0.068  (16s)
  net_0100: vs deep8_c1_300_net_0300 22.2 vs v2b_net_0150 52.0 vs wide128_c1_net_0150 40.4 | endgame WDL 76.3 draws 54.4 regret 0.076 | first move [40] top1 0.96 H 0.43b | H by ply 1.85 1.87 1.74 1.65 1.55 | D4 JS 0.053b vstd 0.070  (18s)
  net_0120: vs deep8_c1_300_net_0300 26.0 vs v2b_net_0150 60.6 vs wide128_c1_net_0150 46.8 | endgame WDL 76.6 draws 53.5 regret 0.071 | first move [40] top1 0.97 H 0.34b | H by ply 1.74 1.85 1.76 1.66 1.48 | D4 JS 0.050b vstd 0.074  (20s)
  net_0140: vs deep8_c1_300_net_0300 32.8 vs v2b_net_0150 67.7 vs wide128_c1_net_0150 58.0 | endgame WDL 77.2 draws 57.4 regret 0.065 | first move [40] top1 0.91 H 0.86b | H by ply 1.88 1.87 1.72 1.61 1.45 | D4 JS 0.052b vstd 0.073  (21s)
  net_0160: vs deep8_c1_300_net_0300 35.1 vs v2b_net_0150 69.4 vs wide128_c1_net_0150 53.8 | endgame WDL 77.8 draws 53.3 regret 0.055 | first move [40] top1 0.86 H 1.31b | H by ply 1.84 1.74 1.70 1.58 1.45 | D4 JS 0.058b vstd 0.078  (23s)
  net_0180: vs deep8_c1_300_net_0300 35.9 vs v2b_net_0150 67.9 vs wide128_c1_net_0150 57.6 | endgame WDL 77.8 draws 53.2 regret 0.058 | first move [40] top1 0.97 H 0.38b | H by ply 1.68 1.80 1.70 1.55 1.36 | D4 JS 0.049b vstd 0.072  (25s)
  net_0200: vs deep8_c1_300_net_0300 39.7 vs v2b_net_0150 70.5 vs wide128_c1_net_0150 63.3 | endgame WDL 81.7 draws 62.5 regret 0.049 | first move [40] top1 0.95 H 0.55b | H by ply 1.80 1.81 1.69 1.60 1.47 | D4 JS 0.052b vstd 0.073  (27s)
  net_0220: vs deep8_c1_300_net_0300 52.1 vs v2b_net_0150 78.9 vs wide128_c1_net_0150 72.3 | endgame WDL 83.1 draws 65.5 regret 0.045 | first move [40] top1 0.98 H 0.25b | H by ply 1.35 1.41 1.58 1.57 1.42 | D4 JS 0.030b vstd 0.057  (29s)
  net_0240: vs deep8_c1_300_net_0300 51.2 vs v2b_net_0150 77.2 vs wide128_c1_net_0150 69.4 | endgame WDL 84.0 draws 68.3 regret 0.042 | first move [40] top1 0.98 H 0.24b | H by ply 1.22 1.40 1.61 1.58 1.43 | D4 JS 0.031b vstd 0.058  (30s)
  net_0260: vs deep8_c1_300_net_0300 49.4 vs v2b_net_0150 75.6 vs wide128_c1_net_0150 70.5 | endgame WDL 84.4 draws 67.1 regret 0.041 | first move [40] top1 0.99 H 0.12b | H by ply 1.21 1.35 1.60 1.58 1.41 | D4 JS 0.032b vstd 0.056  (32s)
  net_0280: vs deep8_c1_300_net_0300 52.9 vs v2b_net_0150 76.7 vs wide128_c1_net_0150 69.8 | endgame WDL 84.2 draws 68.2 regret 0.041 | first move [40] top1 0.98 H 0.22b | H by ply 1.30 1.37 1.57 1.53 1.38 | D4 JS 0.032b vstd 0.055  (34s)
  net_0300: vs deep8_c1_300_net_0300 56.2 vs v2b_net_0150 80.6 vs wide128_c1_net_0150 74.7 | endgame WDL 84.6 draws 68.7 regret 0.037 | first move [40] top1 0.98 H 0.20b | H by ply 1.25 1.31 1.56 1.55 1.40 | D4 JS 0.027b vstd 0.052  (36s)
wrote runs/deep10_c1_300\timeline.json  [36s]
wrote runs/deep10_c1_300\timeline.png
=== deep10_c1_300_s1 (held-out corpus runs/deep8_c1_300)
runs/deep10_c1_300_s1: 30 checkpoints; 20000 held-out positions from 20 files of runs/deep8_c1_300; endgame set endgame_v1 (3000)
  net_0010: vs deep10_c1_300_net_0300  3.6 vs deep8_c1_300_net_0300  1.9 vs v2b_net_0150  7.8 | endgame WDL 52.3 draws 8.0 regret 0.229 | first move [21] top1 0.04 H 6.05b | H by ply 3.24 2.80 2.43 2.08 1.80 | D4 JS 0.055b vstd 0.089  (11s)
  net_0020: vs deep10_c1_300_net_0300  7.4 vs deep8_c1_300_net_0300 12.2 vs v2b_net_0150 24.5 | endgame WDL 66.4 draws 43.4 regret 0.148 | first move [40] top1 0.68 H 2.63b | H by ply 2.30 2.31 2.05 1.79 1.64 | D4 JS 0.065b vstd 0.084  (13s)
  net_0030: vs deep10_c1_300_net_0300 12.3 vs deep8_c1_300_net_0300 12.3 vs v2b_net_0150 34.0 | endgame WDL 67.0 draws 39.2 regret 0.108 | first move [40] top1 0.92 H 0.67b | H by ply 2.07 2.15 1.82 1.54 1.43 | D4 JS 0.060b vstd 0.079  (14s)
  net_0040: vs deep10_c1_300_net_0300 16.4 vs deep8_c1_300_net_0300 16.2 vs v2b_net_0150 41.2 | endgame WDL 69.6 draws 40.5 regret 0.093 | first move [40] top1 0.90 H 0.77b | H by ply 1.58 1.77 1.68 1.55 1.51 | D4 JS 0.062b vstd 0.075  (16s)
  net_0050: vs deep10_c1_300_net_0300 16.2 vs deep8_c1_300_net_0300 18.6 vs v2b_net_0150 39.4 | endgame WDL 68.1 draws 36.4 regret 0.085 | first move [40] top1 0.92 H 0.81b | H by ply 1.80 1.94 1.79 1.54 1.47 | D4 JS 0.050b vstd 0.069  (18s)
  net_0060: vs deep10_c1_300_net_0300 20.9 vs deep8_c1_300_net_0300 17.2 vs v2b_net_0150 44.9 | endgame WDL 70.4 draws 39.9 regret 0.085 | first move [40] top1 0.96 H 0.44b | H by ply 2.04 1.96 1.72 1.50 1.43 | D4 JS 0.052b vstd 0.068  (20s)
  net_0070: vs deep10_c1_300_net_0300 17.5 vs deep8_c1_300_net_0300 18.8 vs v2b_net_0150 50.8 | endgame WDL 72.0 draws 45.5 regret 0.079 | first move [40] top1 0.89 H 1.00b | H by ply 2.07 1.87 1.71 1.62 1.51 | D4 JS 0.054b vstd 0.070  (21s)
  net_0080: vs deep10_c1_300_net_0300 22.3 vs deep8_c1_300_net_0300 23.7 vs v2b_net_0150 53.1 | endgame WDL 69.8 draws 37.0 regret 0.084 | first move [40] top1 0.94 H 0.55b | H by ply 1.98 1.90 1.71 1.62 1.52 | D4 JS 0.050b vstd 0.069  (23s)
  net_0090: vs deep10_c1_300_net_0300 22.7 vs deep8_c1_300_net_0300 22.7 vs v2b_net_0150 51.4 | endgame WDL 74.3 draws 52.0 regret 0.073 | first move [40] top1 0.95 H 0.49b | H by ply 1.95 1.92 1.69 1.55 1.44 | D4 JS 0.055b vstd 0.070  (25s)
  net_0100: vs deep10_c1_300_net_0300 21.9 vs deep8_c1_300_net_0300 23.8 vs v2b_net_0150 51.7 | endgame WDL 69.5 draws 38.7 regret 0.073 | first move [40] top1 0.97 H 0.37b | H by ply 1.74 1.87 1.70 1.57 1.45 | D4 JS 0.050b vstd 0.073  (27s)
  net_0110: vs deep10_c1_300_net_0300 23.4 vs deep8_c1_300_net_0300 24.5 vs v2b_net_0150 58.2 | endgame WDL 76.5 draws 55.7 regret 0.079 | first move [40] top1 0.96 H 0.43b | H by ply 1.76 1.80 1.69 1.63 1.50 | D4 JS 0.054b vstd 0.075  (28s)
  net_0120: vs deep10_c1_300_net_0300 23.6 vs deep8_c1_300_net_0300 27.3 vs v2b_net_0150 57.3 | endgame WDL 72.6 draws 43.4 regret 0.074 | first move [40] top1 0.98 H 0.22b | H by ply 1.69 1.82 1.74 1.64 1.54 | D4 JS 0.053b vstd 0.077  (30s)
  net_0130: vs deep10_c1_300_net_0300 25.3 vs deep8_c1_300_net_0300 26.5 vs v2b_net_0150 56.5 | endgame WDL 75.7 draws 57.8 regret 0.074 | first move [40] top1 0.90 H 0.97b | H by ply 2.13 1.94 1.74 1.59 1.47 | D4 JS 0.056b vstd 0.072  (32s)
  net_0140: vs deep10_c1_300_net_0300 28.5 vs deep8_c1_300_net_0300 32.9 vs v2b_net_0150 63.5 | endgame WDL 74.3 draws 46.1 regret 0.063 | first move [40] top1 0.98 H 0.25b | H by ply 1.84 1.82 1.78 1.63 1.45 | D4 JS 0.054b vstd 0.075  (34s)
  net_0150: vs deep10_c1_300_net_0300 28.5 vs deep8_c1_300_net_0300 32.6 vs v2b_net_0150 61.1 | endgame WDL 76.7 draws 54.8 regret 0.063 | first move [40] top1 0.93 H 0.77b | H by ply 1.85 1.80 1.72 1.62 1.46 | D4 JS 0.051b vstd 0.076  (35s)
  net_0160: vs deep10_c1_300_net_0300 28.6 vs deep8_c1_300_net_0300 31.2 vs v2b_net_0150 59.6 | endgame WDL 73.8 draws 46.4 regret 0.062 | first move [40] top1 0.88 H 1.15b | H by ply 2.02 1.85 1.78 1.63 1.45 | D4 JS 0.050b vstd 0.077  (37s)
  net_0170: vs deep10_c1_300_net_0300 33.4 vs deep8_c1_300_net_0300 37.6 vs v2b_net_0150 66.9 | endgame WDL 77.5 draws 54.7 regret 0.067 | first move [40] top1 0.95 H 0.53b | H by ply 2.01 1.85 1.77 1.64 1.46 | D4 JS 0.053b vstd 0.077  (39s)
  net_0180: vs deep10_c1_300_net_0300 37.3 vs deep8_c1_300_net_0300 34.0 vs v2b_net_0150 66.1 | endgame WDL 79.6 draws 61.8 regret 0.060 | first move [40] top1 0.98 H 0.30b | H by ply 2.04 1.86 1.69 1.59 1.42 | D4 JS 0.055b vstd 0.074  (41s)
  net_0190: vs deep10_c1_300_net_0300 35.3 vs deep8_c1_300_net_0300 36.5 vs v2b_net_0150 71.4 | endgame WDL 78.7 draws 57.3 regret 0.063 | first move [40] top1 0.96 H 0.45b | H by ply 1.70 1.63 1.66 1.61 1.45 | D4 JS 0.056b vstd 0.072  (42s)
  net_0200: vs deep10_c1_300_net_0300 33.7 vs deep8_c1_300_net_0300 36.6 vs v2b_net_0150 71.2 | endgame WDL 77.6 draws 52.5 regret 0.064 | first move [40] top1 0.95 H 0.51b | H by ply 1.84 1.84 1.73 1.62 1.48 | D4 JS 0.055b vstd 0.080  (44s)
  net_0210: vs deep10_c1_300_net_0300 40.4 vs deep8_c1_300_net_0300 45.3 vs v2b_net_0150 75.5 | endgame WDL 81.9 draws 62.6 regret 0.049 | first move [40] top1 1.00 H 0.06b | H by ply 1.38 1.50 1.59 1.56 1.42 | D4 JS 0.032b vstd 0.058  (46s)
  net_0220: vs deep10_c1_300_net_0300 42.7 vs deep8_c1_300_net_0300 46.6 vs v2b_net_0150 78.1 | endgame WDL 83.0 draws 65.9 regret 0.047 | first move [40] top1 0.99 H 0.08b | H by ply 1.34 1.45 1.58 1.57 1.41 | D4 JS 0.031b vstd 0.057  (48s)
  net_0230: vs deep10_c1_300_net_0300 40.4 vs deep8_c1_300_net_0300 43.4 vs v2b_net_0150 75.3 | endgame WDL 82.0 draws 63.9 regret 0.049 | first move [40] top1 0.98 H 0.22b | H by ply 1.36 1.46 1.60 1.57 1.41 | D4 JS 0.030b vstd 0.056  (50s)
  net_0240: vs deep10_c1_300_net_0300 45.7 vs deep8_c1_300_net_0300 47.1 vs v2b_net_0150 77.1 | endgame WDL 83.2 draws 66.7 regret 0.048 | first move [40] top1 0.99 H 0.15b | H by ply 1.27 1.47 1.59 1.57 1.42 | D4 JS 0.032b vstd 0.056  (51s)
  net_0250: vs deep10_c1_300_net_0300 45.6 vs deep8_c1_300_net_0300 41.9 vs v2b_net_0150 77.7 | endgame WDL 82.7 draws 65.3 regret 0.043 | first move [40] top1 0.97 H 0.36b | H by ply 1.27 1.44 1.58 1.56 1.42 | D4 JS 0.032b vstd 0.055  (53s)
  net_0260: vs deep10_c1_300_net_0300 47.2 vs deep8_c1_300_net_0300 51.0 vs v2b_net_0150 80.1 | endgame WDL 83.1 draws 65.6 regret 0.046 | first move [40] top1 0.97 H 0.31b | H by ply 1.28 1.41 1.58 1.56 1.40 | D4 JS 0.032b vstd 0.057  (55s)
  net_0270: vs deep10_c1_300_net_0300 46.2 vs deep8_c1_300_net_0300 49.9 vs v2b_net_0150 77.1 | endgame WDL 83.6 draws 68.3 regret 0.045 | first move [40] top1 0.96 H 0.40b | H by ply 1.50 1.46 1.56 1.56 1.42 | D4 JS 0.032b vstd 0.057  (57s)
  net_0280: vs deep10_c1_300_net_0300 44.7 vs deep8_c1_300_net_0300 50.2 vs v2b_net_0150 79.5 | endgame WDL 83.3 draws 67.2 regret 0.050 | first move [40] top1 0.98 H 0.19b | H by ply 1.44 1.42 1.58 1.56 1.40 | D4 JS 0.034b vstd 0.057  (58s)
  net_0290: vs deep10_c1_300_net_0300 48.4 vs deep8_c1_300_net_0300 50.6 vs v2b_net_0150 78.7 | endgame WDL 83.4 draws 67.7 regret 0.047 | first move [40] top1 0.97 H 0.29b | H by ply 1.27 1.39 1.58 1.57 1.42 | D4 JS 0.028b vstd 0.054  (60s)
  net_0300: vs deep10_c1_300_net_0300 48.5 vs deep8_c1_300_net_0300 50.1 vs v2b_net_0150 77.5 | endgame WDL 83.9 draws 68.3 regret 0.047 | first move [40] top1 0.97 H 0.29b | H by ply 1.28 1.37 1.57 1.57 1.42 | D4 JS 0.028b vstd 0.054  (62s)
wrote runs/deep10_c1_300_s1\timeline.json  [62s]
wrote runs/deep10_c1_300_s1\timeline.png
=== deep10_c1_300_lr150 (held-out corpus runs/deep8_c1_300)
runs/deep10_c1_300_lr150: 30 checkpoints; 20000 held-out positions from 20 files of runs/deep8_c1_300; endgame set endgame_v1 (3000)
  net_0010: vs deep10_c1_300_net_0300  0.6 vs deep8_c1_300_net_0300  0.7 vs v2b_net_0150  3.0 | endgame WDL 45.8 draws 3.1 regret 0.214 | first move [40] top1 0.75 H 2.23b | H by ply 2.77 2.70 2.36 2.03 1.78 | D4 JS 0.061b vstd 0.082  (11s)
  net_0020: vs deep10_c1_300_net_0300  8.8 vs deep8_c1_300_net_0300  8.3 vs v2b_net_0150 27.2 | endgame WDL 62.7 draws 23.0 regret 0.141 | first move [40] top1 0.96 H 0.49b | H by ply 2.43 2.54 2.11 1.73 1.58 | D4 JS 0.057b vstd 0.089  (13s)
  net_0030: vs deep10_c1_300_net_0300 12.0 vs deep8_c1_300_net_0300 11.3 vs v2b_net_0150 33.9 | endgame WDL 65.1 draws 29.1 regret 0.115 | first move [40] top1 0.96 H 0.41b | H by ply 2.26 2.37 1.99 1.63 1.49 | D4 JS 0.053b vstd 0.076  (15s)
  net_0040: vs deep10_c1_300_net_0300 12.2 vs deep8_c1_300_net_0300 13.4 vs v2b_net_0150 36.7 | endgame WDL 68.8 draws 43.0 regret 0.095 | first move [40] top1 0.96 H 0.37b | H by ply 1.85 2.01 1.81 1.51 1.41 | D4 JS 0.058b vstd 0.071  (17s)
  net_0050: vs deep10_c1_300_net_0300 18.4 vs deep8_c1_300_net_0300 13.8 vs v2b_net_0150 42.1 | endgame WDL 69.7 draws 40.1 regret 0.091 | first move [40] top1 0.89 H 1.05b | H by ply 1.77 1.85 1.71 1.49 1.43 | D4 JS 0.052b vstd 0.072  (19s)
  net_0060: vs deep10_c1_300_net_0300 19.3 vs deep8_c1_300_net_0300 18.8 vs v2b_net_0150 46.1 | endgame WDL 72.1 draws 44.8 regret 0.088 | first move [40] top1 0.94 H 0.62b | H by ply 1.64 1.71 1.67 1.57 1.53 | D4 JS 0.054b vstd 0.068  (20s)
  net_0070: vs deep10_c1_300_net_0300 18.5 vs deep8_c1_300_net_0300 22.8 vs v2b_net_0150 47.3 | endgame WDL 72.9 draws 49.6 regret 0.081 | first move [40] top1 0.91 H 0.89b | H by ply 2.03 1.90 1.70 1.58 1.48 | D4 JS 0.058b vstd 0.073  (22s)
  net_0080: vs deep10_c1_300_net_0300 21.3 vs deep8_c1_300_net_0300 22.6 vs v2b_net_0150 53.8 | endgame WDL 71.3 draws 46.3 regret 0.094 | first move [40] top1 0.80 H 1.78b | H by ply 2.25 1.99 1.77 1.65 1.52 | D4 JS 0.051b vstd 0.073  (24s)
  net_0090: vs deep10_c1_300_net_0300 23.3 vs deep8_c1_300_net_0300 30.8 vs v2b_net_0150 55.3 | endgame WDL 73.0 draws 47.4 regret 0.079 | first move [40] top1 0.97 H 0.31b | H by ply 1.59 1.75 1.68 1.58 1.45 | D4 JS 0.047b vstd 0.068  (26s)
  net_0100: vs deep10_c1_300_net_0300 24.2 vs deep8_c1_300_net_0300 26.6 vs v2b_net_0150 59.7 | endgame WDL 73.3 draws 45.4 regret 0.083 | first move [40] top1 0.97 H 0.35b | H by ply 1.91 1.85 1.76 1.70 1.56 | D4 JS 0.053b vstd 0.069  (28s)
  net_0110: vs deep10_c1_300_net_0300 19.8 vs deep8_c1_300_net_0300 29.9 vs v2b_net_0150 58.1 | endgame WDL 74.0 draws 52.5 regret 0.065 | first move [40] top1 0.95 H 0.52b | H by ply 1.88 1.91 1.79 1.66 1.52 | D4 JS 0.057b vstd 0.069  (29s)
  net_0120: vs deep10_c1_300_net_0300 27.3 vs deep8_c1_300_net_0300 28.4 vs v2b_net_0150 59.4 | endgame WDL 77.2 draws 58.3 regret 0.074 | first move [40] top1 0.96 H 0.45b | H by ply 1.97 1.86 1.71 1.63 1.51 | D4 JS 0.057b vstd 0.071  (31s)
  net_0130: vs deep10_c1_300_net_0300 28.8 vs deep8_c1_300_net_0300 28.5 vs v2b_net_0150 59.1 | endgame WDL 76.0 draws 51.2 regret 0.069 | first move [40] top1 0.96 H 0.45b | H by ply 1.97 1.79 1.66 1.56 1.39 | D4 JS 0.063b vstd 0.075  (33s)
  net_0140: vs deep10_c1_300_net_0300 30.4 vs deep8_c1_300_net_0300 31.9 vs v2b_net_0150 67.2 | endgame WDL 76.1 draws 49.6 regret 0.062 | first move [40] top1 0.96 H 0.47b | H by ply 1.94 1.86 1.77 1.65 1.47 | D4 JS 0.049b vstd 0.069  (35s)
  net_0150: vs deep10_c1_300_net_0300 32.8 vs deep8_c1_300_net_0300 32.9 vs v2b_net_0150 63.9 | endgame WDL 78.4 draws 59.0 regret 0.067 | first move [40] top1 0.92 H 0.82b | H by ply 1.76 1.77 1.70 1.59 1.45 | D4 JS 0.053b vstd 0.071  (36s)
  net_0160: vs deep10_c1_300_net_0300 37.4 vs deep8_c1_300_net_0300 41.7 vs v2b_net_0150 72.9 | endgame WDL 80.3 draws 59.6 regret 0.057 | first move [40] top1 0.97 H 0.35b | H by ply 1.48 1.58 1.63 1.58 1.44 | D4 JS 0.030b vstd 0.057  (38s)
  net_0170: vs deep10_c1_300_net_0300 40.3 vs deep8_c1_300_net_0300 44.2 vs v2b_net_0150 71.3 | endgame WDL 82.0 draws 64.6 regret 0.058 | first move [40] top1 0.97 H 0.35b | H by ply 1.40 1.45 1.59 1.58 1.43 | D4 JS 0.030b vstd 0.056  (40s)
  net_0180: vs deep10_c1_300_net_0300 38.1 vs deep8_c1_300_net_0300 40.0 vs v2b_net_0150 74.4 | endgame WDL 81.7 draws 63.2 regret 0.057 | first move [40] top1 0.97 H 0.35b | H by ply 1.35 1.42 1.61 1.59 1.44 | D4 JS 0.031b vstd 0.055  (42s)
  net_0190: vs deep10_c1_300_net_0300 42.8 vs deep8_c1_300_net_0300 45.8 vs v2b_net_0150 69.1 | endgame WDL 82.1 draws 64.3 regret 0.050 | first move [40] top1 0.98 H 0.28b | H by ply 1.28 1.40 1.59 1.59 1.45 | D4 JS 0.029b vstd 0.056  (44s)
  net_0200: vs deep10_c1_300_net_0300 41.3 vs deep8_c1_300_net_0300 47.8 vs v2b_net_0150 74.2 | endgame WDL 81.3 draws 62.2 regret 0.057 | first move [40] top1 0.98 H 0.23b | H by ply 1.31 1.40 1.58 1.60 1.46 | D4 JS 0.030b vstd 0.057  (45s)
  net_0210: vs deep10_c1_300_net_0300 44.8 vs deep8_c1_300_net_0300 45.6 vs v2b_net_0150 73.1 | endgame WDL 82.7 draws 65.9 regret 0.054 | first move [40] top1 0.97 H 0.34b | H by ply 1.40 1.44 1.58 1.57 1.43 | D4 JS 0.031b vstd 0.055  (47s)
  net_0220: vs deep10_c1_300_net_0300 42.0 vs deep8_c1_300_net_0300 44.1 vs v2b_net_0150 74.7 | endgame WDL 83.3 draws 66.6 regret 0.050 | first move [40] top1 0.98 H 0.22b | H by ply 1.34 1.40 1.57 1.57 1.43 | D4 JS 0.031b vstd 0.057  (49s)
  net_0230: vs deep10_c1_300_net_0300 40.7 vs deep8_c1_300_net_0300 48.7 vs v2b_net_0150 74.2 | endgame WDL 82.8 draws 65.0 regret 0.054 | first move [40] top1 0.98 H 0.23b | H by ply 1.29 1.43 1.58 1.59 1.45 | D4 JS 0.032b vstd 0.056  (51s)
  net_0240: vs deep10_c1_300_net_0300 47.7 vs deep8_c1_300_net_0300 48.6 vs v2b_net_0150 76.6 | endgame WDL 83.3 draws 68.1 regret 0.051 | first move [40] top1 0.97 H 0.31b | H by ply 1.21 1.40 1.60 1.58 1.42 | D4 JS 0.031b vstd 0.056  (52s)
  net_0250: vs deep10_c1_300_net_0300 35.6 vs deep8_c1_300_net_0300 47.2 vs v2b_net_0150 70.8 | endgame WDL 82.2 draws 64.1 regret 0.051 | first move [40] top1 0.97 H 0.35b | H by ply 1.42 1.42 1.57 1.58 1.44 | D4 JS 0.032b vstd 0.057  (54s)
  net_0260: vs deep10_c1_300_net_0300 43.2 vs deep8_c1_300_net_0300 43.8 vs v2b_net_0150 78.5 | endgame WDL 83.6 draws 67.8 regret 0.050 | first move [40] top1 0.98 H 0.28b | H by ply 1.26 1.34 1.56 1.58 1.42 | D4 JS 0.027b vstd 0.053  (56s)
  net_0270: vs deep10_c1_300_net_0300 46.1 vs deep8_c1_300_net_0300 48.4 vs v2b_net_0150 77.7 | endgame WDL 83.3 draws 66.6 regret 0.051 | first move [40] top1 0.98 H 0.25b | H by ply 1.25 1.33 1.56 1.58 1.43 | D4 JS 0.027b vstd 0.053  (58s)
  net_0280: vs deep10_c1_300_net_0300 44.4 vs deep8_c1_300_net_0300 49.5 vs v2b_net_0150 76.2 | endgame WDL 83.5 draws 66.9 regret 0.052 | first move [40] top1 0.98 H 0.22b | H by ply 1.29 1.36 1.56 1.58 1.43 | D4 JS 0.027b vstd 0.053  (59s)
  net_0290: vs deep10_c1_300_net_0300 43.2 vs deep8_c1_300_net_0300 51.6 vs v2b_net_0150 76.7 | endgame WDL 83.5 draws 66.6 regret 0.051 | first move [40] top1 0.98 H 0.26b | H by ply 1.23 1.33 1.56 1.57 1.42 | D4 JS 0.027b vstd 0.053  (61s)
  net_0300: vs deep10_c1_300_net_0300 47.6 vs deep8_c1_300_net_0300 48.8 vs v2b_net_0150 74.0 | endgame WDL 83.3 draws 66.2 regret 0.051 | first move [40] top1 0.98 H 0.25b | H by ply 1.22 1.30 1.55 1.57 1.43 | D4 JS 0.027b vstd 0.052  (63s)
wrote runs/deep10_c1_300_lr150\timeline.json  [63s]
wrote runs/deep10_c1_300_lr150\timeline.png
DONE
