=== G0 (18:56)
runs/gdata_v1.npz: train 400560, dev 49726 (33616 with no canonical twin in train); arm resnet8
  resnet8 positions 50000 passes 1 seed 0
    pass 1/1: loss_p 3.995 loss_v 0.2315 (6s)
    -> KL 1.4467 top1 0.261 brier 0.2366 acc3 0.231 | disjoint KL 1.4623 | endgame WDL 36.6 regret 0.488 | D4 JS 0.0822b | 84.71 ms @4096, 0.30 ms @1 (12s)
  resnet8 positions 50000 passes 2 seed 0
    pass 1/2: loss_p 3.532 loss_v 0.1913 (5s)
    pass 2/2: loss_p 2.575 loss_v 0.1864 (11s)
    -> KL 1.4031 top1 0.293 brier 0.1893 acc3 0.465 | disjoint KL 1.4468 | endgame WDL 42.0 regret 0.472 | D4 JS 0.0234b | 84.91 ms @4096, 0.30 ms @1 (26s)
  resnet8 positions 50000 passes 4 seed 0
    pass 1/4: loss_p 3.532 loss_v 0.1913 (6s)
    pass 2/4: loss_p 2.078 loss_v 0.1938 (11s)
    pass 3/4: loss_p 1.795 loss_v 0.1874 (16s)
    pass 4/4: loss_p 1.697 loss_v 0.1723 (22s)
    -> KL 1.2932 top1 0.359 brier 0.1734 acc3 0.529 | disjoint KL 1.3740 | endgame WDL 44.4 regret 0.403 | D4 JS 0.0408b | 84.85 ms @4096, 0.31 ms @1 (53s)
  resnet8 positions 50000 passes 8 seed 0
    pass 1/8: loss_p 3.532 loss_v 0.1913 (5s)
    pass 2/8: loss_p 2.078 loss_v 0.1938 (11s)
    pass 3/8: loss_p 1.802 loss_v 0.1795 (17s)
    pass 4/8: loss_p 1.667 loss_v 0.1734 (22s)
    pass 5/8: loss_p 1.635 loss_v 0.1685 (28s)
    pass 6/8: loss_p 1.492 loss_v 0.1524 (33s)
    pass 7/8: loss_p 1.462 loss_v 0.1530 (38s)
    pass 8/8: loss_p 1.443 loss_v 0.1613 (44s)
    -> KL 1.1879 top1 0.415 brier 0.1581 acc3 0.588 | disjoint KL 1.2873 | endgame WDL 49.9 regret 0.336 | D4 JS 0.0483b | 85.23 ms @4096, 0.31 ms @1 (100s)
  resnet8 positions 100000 passes 1 seed 0
    pass 1/1: loss_p 2.541 loss_v 0.1860 (11s)
    -> KL 1.4031 top1 0.291 brier 0.1898 acc3 0.469 | disjoint KL 1.4473 | endgame WDL 41.9 regret 0.464 | D4 JS 0.0248b | 85.32 ms @4096, 0.31 ms @1 (116s)
  resnet8 positions 100000 passes 2 seed 0
    pass 1/2: loss_p 2.028 loss_v 0.1756 (11s)
    pass 2/2: loss_p 1.711 loss_v 0.1668 (22s)
    -> KL 1.2932 top1 0.359 brier 0.1702 acc3 0.520 | disjoint KL 1.3764 | endgame WDL 44.4 regret 0.424 | D4 JS 0.0395b | 85.33 ms @4096, 0.31 ms @1 (142s)
  resnet8 positions 100000 passes 4 seed 0
    pass 1/4: loss_p 2.028 loss_v 0.1756 (11s)
    pass 2/4: loss_p 1.698 loss_v 0.1848 (22s)
    pass 3/4: loss_p 1.563 loss_v 0.1674 (33s)
    pass 4/4: loss_p 1.533 loss_v 0.1584 (44s)
    -> KL 1.1866 top1 0.414 brier 0.1567 acc3 0.590 | disjoint KL 1.2845 | endgame WDL 49.0 regret 0.329 | D4 JS 0.0473b | 85.34 ms @4096, 0.31 ms @1 (190s)
  resnet8 positions 100000 passes 8 seed 0
    pass 1/8: loss_p 2.028 loss_v 0.1756 (11s)
    pass 2/8: loss_p 1.698 loss_v 0.1848 (22s)
    pass 3/8: loss_p 1.567 loss_v 0.1683 (33s)
    pass 4/8: loss_p 1.542 loss_v 0.1628 (44s)
    pass 5/8: loss_p 1.492 loss_v 0.1499 (54s)
    pass 6/8: loss_p 1.447 loss_v 0.1350 (65s)
    pass 7/8: loss_p 1.368 loss_v 0.1486 (76s)
    pass 8/8: loss_p 1.375 loss_v 0.1326 (87s)
    -> KL 1.0820 top1 0.462 brier 0.1402 acc3 0.644 | disjoint KL 1.1956 | endgame WDL 52.7 regret 0.288 | D4 JS 0.0540b | 85.28 ms @4096, 0.33 ms @1 (282s)
  resnet8 positions 200000 passes 1 seed 0
    pass 1/1: loss_p 1.754 loss_v 0.1743 (22s)
    -> KL 1.2881 top1 0.365 brier 0.1717 acc3 0.525 | disjoint KL 1.3730 | endgame WDL 44.6 regret 0.403 | D4 JS 0.0412b | 85.33 ms @4096, 0.31 ms @1 (308s)
  resnet8 positions 200000 passes 2 seed 0
    pass 1/2: loss_p 1.710 loss_v 0.1924 (22s)
    pass 2/2: loss_p 1.546 loss_v 0.1688 (44s)
    -> KL 1.1822 top1 0.418 brier 0.1595 acc3 0.586 | disjoint KL 1.2791 | endgame WDL 49.4 regret 0.351 | D4 JS 0.0428b | 85.32 ms @4096, 0.31 ms @1 (356s)
  resnet8 positions 200000 passes 4 seed 0
    pass 1/4: loss_p 1.710 loss_v 0.1924 (22s)
    pass 2/4: loss_p 1.549 loss_v 0.1646 (44s)
    pass 3/4: loss_p 1.395 loss_v 0.1447 (67s)
    pass 4/4: loss_p 1.376 loss_v 0.1281 (88s)
    -> KL 1.0759 top1 0.460 brier 0.1398 acc3 0.640 | disjoint KL 1.1865 | endgame WDL 53.7 regret 0.280 | D4 JS 0.0484b | 85.31 ms @4096, 0.31 ms @1 (449s)
  resnet8 positions 200000 passes 8 seed 0
    pass 1/8: loss_p 1.710 loss_v 0.1924 (22s)
    pass 2/8: loss_p 1.549 loss_v 0.1646 (44s)
    pass 3/8: loss_p 1.436 loss_v 0.1577 (66s)
    pass 4/8: loss_p 1.405 loss_v 0.1276 (88s)
    pass 5/8: loss_p 1.391 loss_v 0.1357 (110s)
    pass 6/8: loss_p 1.263 loss_v 0.1310 (132s)
    pass 7/8: loss_p 1.272 loss_v 0.1181 (154s)
    pass 8/8: loss_p 1.253 loss_v 0.1259 (176s)
    -> KL 0.9758 top1 0.511 brier 0.1241 acc3 0.705 | disjoint KL 1.0992 | endgame WDL 58.6 regret 0.229 | D4 JS 0.0549b | 85.29 ms @4096, 0.31 ms @1 (629s)
  resnet8 positions 400000 passes 1 seed 0
    pass 1/1: loss_p 1.484 loss_v 0.1410 (44s)
    -> KL 1.1826 top1 0.412 brier 0.1574 acc3 0.583 | disjoint KL 1.2780 | endgame WDL 49.3 regret 0.326 | D4 JS 0.0420b | 85.32 ms @4096, 0.31 ms @1 (678s)
  resnet8 positions 400000 passes 2 seed 0
    pass 1/2: loss_p 1.491 loss_v 0.1605 (44s)
    pass 2/2: loss_p 1.410 loss_v 0.1386 (88s)
    -> KL 1.0748 top1 0.467 brier 0.1412 acc3 0.639 | disjoint KL 1.1828 | endgame WDL 53.1 regret 0.281 | D4 JS 0.0468b | 85.35 ms @4096, 0.31 ms @1 (770s)
  resnet8 positions 400000 passes 4 seed 0
    pass 1/4: loss_p 1.491 loss_v 0.1605 (44s)
    pass 2/4: loss_p 1.428 loss_v 0.1307 (88s)
    pass 3/4: loss_p 1.302 loss_v 0.1379 (132s)
    pass 4/4: loss_p 1.258 loss_v 0.1272 (199s)
    -> KL 0.9731 top1 0.510 brier 0.1234 acc3 0.704 | disjoint KL 1.0907 | endgame WDL 58.9 regret 0.211 | D4 JS 0.0519b | 225.97 ms @4096, 0.81 ms @1 (982s)
  resnet8 positions 400000 passes 8 seed 0
    pass 1/8: loss_p 1.491 loss_v 0.1605 (169s)
    pass 2/8: loss_p 1.428 loss_v 0.1307 (329s)
    pass 3/8: loss_p 1.335 loss_v 0.1401 (487s)
    pass 4/8: loss_p 1.291 loss_v 0.1272 (667s)
