=== phased 0:128,24:384 vs flat 256 (PLAN5 A8c on e2)
paired suite openings_v1 (516 openings, 1032 games): A=runs/deep8_c1_300_e2/net_0300.pt@0:128,24:384 vs B=runs/deep8_c1_300_e2/net_0300.pt@256  [568s]
  suite    pairs  score   95% CI (pairs)    Elo  95% CI          as X   as O   | X share  draws |  pairs won/split/lost
  empty        1   25.0%       n/a        n/a                  50.0%   0.0%    75.0%   50.0%      0 /   0 /   1
  orbits      15   41.7%  [ 28.3,  55.0]    -58 [-161,  +35]   36.7%  46.7%    45.0%   36.7%      3 /   5 /   7
  natural    250   52.3%  [ 48.8,  55.9]    +16 [  -8,  +41]   68.6%  36.0%    66.3%   19.0%     77 / 107 /  66
  random     250   51.5%  [ 48.5,  54.6]    +10 [ -10,  +32]   66.6%  36.4%    65.1%   31.8%     72 / 116 /  62
  all        516   51.6%  [ 49.2,  53.8]    +11 [  -6,  +26]   66.7%  36.4%    65.1%   25.8%    152 / 228 / 136
  end reasons: line 62.3%  count 11.9%  equal 25.8%  |  mean length 52.0
wrote runs/deep8_c1_300_e2/paired_phased_vs_256.json
=== 8-way symmetry-averaged @64 vs plain @64 (PLAN5 B5 on e2)
paired suite openings_v1 (516 openings, 1032 games): A=runs/deep8_c1_300_e2/net_0300.pt@64 sym vs B=runs/deep8_c1_300_e2/net_0300.pt@64  [473s]
  suite    pairs  score   95% CI (pairs)    Elo  95% CI          as X   as O   | X share  draws |  pairs won/split/lost
  empty        1  100.0%       n/a        n/a                 100.0% 100.0%    50.0%    0.0%      1 /   0 /   0
  orbits      15   53.3%  [ 36.7,  70.0]    +23 [ -95, +147]   66.7%  40.0%    63.3%   26.7%      6 /   4 /   5
  natural    250   54.7%  [ 50.8,  58.7]    +33 [  +6,  +61]   66.4%  43.0%    61.7%   19.8%     93 /  89 /  68
  random     250   54.5%  [ 51.2,  57.9]    +31 [  +8,  +55]   70.2%  38.8%    65.7%   21.8%     85 / 110 /  55
  all        516   54.7%  [ 52.1,  57.2]    +32 [ +14,  +50]   68.3%  41.0%    63.7%   20.9%    185 / 203 / 128
  end reasons: line 66.2%  count 12.9%  equal 20.9%  |  mean length 51.3
wrote runs/deep8_c1_300_e2/paired_sym_vs_plain_64.json
=== canonical @64 vs plain @64 (PLAN6 F1 on e2)
paired suite openings_v1 (516 openings, 1032 games): A=runs/deep8_c1_300_e2/net_0300.pt@64 canon vs B=runs/deep8_c1_300_e2/net_0300.pt@64  [134s]
  suite    pairs  score   95% CI (pairs)    Elo  95% CI          as X   as O   | X share  draws |  pairs won/split/lost
  empty        1   75.0%       n/a        n/a                 100.0%  50.0%    75.0%   50.0%      1 /   0 /   0
  orbits      15   61.7%  [ 45.0,  76.7]    +83 [ -35, +207]   60.0%  63.3%    48.3%   23.3%      8 /   5 /   2
  natural    250   50.9%  [ 47.1,  54.7]     +6 [ -20,  +33]   64.2%  37.6%    63.3%   16.6%     80 /  99 /  71
  random     250   49.1%  [ 45.4,  52.8]     -6 [ -32,  +19]   61.8%  36.4%    62.7%   21.8%     73 /  93 /  84
  all        516   50.4%  [ 47.7,  53.1]     +3 [ -16,  +22]   63.0%  37.8%    62.6%   19.4%    162 / 197 / 157
  end reasons: line 67.1%  count 13.6%  equal 19.4%  |  mean length 51.4
wrote runs/deep8_c1_300_e2/paired_canon_vs_plain_64.json
reverify done at Mon, Sep  7, 2026  1:35:49 PM
