=== gcnn8x16 lr 0.02, 400k x 32 (10:31)
runs/gdata_v1.npz: train 400560, dev 49726 (33616 with no canonical twin in train); arm gcnn8x16
  gcnn8x16 positions 400000 passes 32 seed 0
    pass 1/32: loss_p 1.307 loss_v 0.1530 (53s)
    pass 2/32: loss_p 1.272 loss_v 0.1218 (106s)
    pass 3/32: loss_p 1.180 loss_v 0.1232 (159s)
    pass 4/32: loss_p 1.160 loss_v 0.1242 (213s)
    pass 5/32: loss_p 1.089 loss_v 0.0911 (266s)
    pass 6/32: loss_p 1.082 loss_v 0.1015 (319s)
    pass 7/32: loss_p 1.084 loss_v 0.0972 (372s)
    pass 8/32: loss_p 1.086 loss_v 0.1247 (425s)
    pass 9/32: loss_p 1.041 loss_v 0.1009 (479s)
    pass 10/32: loss_p 1.034 loss_v 0.0887 (532s)
    pass 11/32: loss_p 1.094 loss_v 0.1040 (585s)
    pass 12/32: loss_p 1.025 loss_v 0.0924 (638s)
    pass 13/32: loss_p 0.986 loss_v 0.1016 (691s)
    pass 14/32: loss_p 0.995 loss_v 0.0983 (745s)
    pass 15/32: loss_p 1.001 loss_v 0.1047 (799s)
    pass 16/32: loss_p 1.011 loss_v 0.1045 (852s)
    pass 17/32: loss_p 0.974 loss_v 0.1105 (904s)
    pass 18/32: loss_p 1.013 loss_v 0.0876 (958s)
    pass 19/32: loss_p 0.982 loss_v 0.0841 (1012s)
    pass 20/32: loss_p 1.007 loss_v 0.0911 (1065s)
    pass 21/32: loss_p 0.959 loss_v 0.0893 (1118s)
    pass 22/32: loss_p 0.842 loss_v 0.0819 (1170s)
    pass 23/32: loss_p 0.795 loss_v 0.0835 (1223s)
    pass 24/32: loss_p 0.797 loss_v 0.0837 (1277s)
    pass 25/32: loss_p 0.827 loss_v 0.0816 (1331s)
    pass 26/32: loss_p 0.822 loss_v 0.0846 (1486s)
    pass 27/32: loss_p 0.807 loss_v 0.0927 (1728s)
    pass 28/32: loss_p 0.804 loss_v 0.0840 (1971s)
    pass 29/32: loss_p 0.771 loss_v 0.0857 (2092s)
    pass 30/32: loss_p 0.774 loss_v 0.0853 (2145s)
    pass 31/32: loss_p 0.789 loss_v 0.0783 (2197s)
    pass 32/32: loss_p 0.782 loss_v 0.0774 (2250s)
    -> KL 0.8298 top1 0.629 brier 0.1155 acc3 0.822 | disjoint KL 1.1349 | endgame WDL 66.0 regret 0.151 | D4 JS 0.0000b | 86.06 ms @4096, 0.31 ms @1 (2256s)
wrote runs/plan6/H4_lr2_gcnn8x16_lr0.02_x32.json  [2256s]
=== resnet8 lr 0.02, 400k x 32 (11:08)
runs/gdata_v1.npz: train 400560, dev 49726 (33616 with no canonical twin in train); arm resnet8
  resnet8 positions 400000 passes 32 seed 0
    pass 1/32: loss_p 1.491 loss_v 0.1605 (46s)
    pass 2/32: loss_p 1.428 loss_v 0.1307 (91s)
    pass 3/32: loss_p 1.335 loss_v 0.1401 (135s)
    pass 4/32: loss_p 1.291 loss_v 0.1272 (180s)
    pass 5/32: loss_p 1.239 loss_v 0.0995 (224s)
    pass 6/32: loss_p 1.244 loss_v 0.1175 (268s)
    pass 7/32: loss_p 1.196 loss_v 0.1109 (313s)
    pass 8/32: loss_p 1.222 loss_v 0.1411 (358s)
    pass 9/32: loss_p 1.167 loss_v 0.1098 (403s)
    pass 10/32: loss_p 1.164 loss_v 0.1072 (447s)
    pass 11/32: loss_p 1.201 loss_v 0.1111 (491s)
    pass 12/32: loss_p 1.173 loss_v 0.0959 (535s)
    pass 13/32: loss_p 1.097 loss_v 0.0919 (580s)
    pass 14/32: loss_p 1.108 loss_v 0.0934 (626s)
    pass 15/32: loss_p 1.155 loss_v 0.1049 (670s)
    pass 16/32: loss_p 1.124 loss_v 0.0970 (714s)
    pass 17/32: loss_p 1.126 loss_v 0.0944 (758s)
    pass 18/32: loss_p 1.149 loss_v 0.0997 (803s)
    pass 19/32: loss_p 1.140 loss_v 0.0830 (848s)
    pass 20/32: loss_p 1.116 loss_v 0.0863 (893s)
    pass 21/32: loss_p 1.099 loss_v 0.0784 (937s)
    pass 22/32: loss_p 0.995 loss_v 0.0805 (982s)
    pass 23/32: loss_p 1.013 loss_v 0.0853 (1026s)
    pass 24/32: loss_p 0.992 loss_v 0.0833 (1070s)
    pass 25/32: loss_p 1.023 loss_v 0.0880 (1115s)
    pass 26/32: loss_p 1.026 loss_v 0.0909 (1160s)
    pass 27/32: loss_p 1.012 loss_v 0.0875 (1205s)
    pass 28/32: loss_p 1.021 loss_v 0.0889 (1249s)
    pass 29/32: loss_p 0.968 loss_v 0.0901 (1293s)
    pass 30/32: loss_p 1.036 loss_v 0.0914 (1337s)
    pass 31/32: loss_p 1.033 loss_v 0.0923 (1382s)
    pass 32/32: loss_p 0.997 loss_v 0.0805 (1428s)
    -> KL 0.7630 top1 0.611 brier 0.0964 acc3 0.840 | disjoint KL 0.9306 | endgame WDL 72.6 regret 0.124 | D4 JS 0.0711b | 85.24 ms @4096, 0.34 ms @1 (1434s)
wrote runs/plan6/H4_lr2_resnet8_lr0.02_x32.json  [1434s]
=== gcnn8x16 lr 0.005, 400k x 32 (11:32)
runs/gdata_v1.npz: train 400560, dev 49726 (33616 with no canonical twin in train); arm gcnn8x16
  gcnn8x16 positions 400000 passes 32 seed 0
    pass 1/32: loss_p 1.470 loss_v 0.1839 (53s)
    pass 2/32: loss_p 1.368 loss_v 0.1402 (106s)
    pass 3/32: loss_p 1.277 loss_v 0.1296 (159s)
    pass 4/32: loss_p 1.243 loss_v 0.1290 (212s)
    pass 5/32: loss_p 1.171 loss_v 0.1096 (266s)
    pass 6/32: loss_p 1.155 loss_v 0.1180 (448s)
    pass 7/32: loss_p 1.148 loss_v 0.1138 (691s)
    pass 8/32: loss_p 1.134 loss_v 0.1410 (934s)
    pass 9/32: loss_p 1.103 loss_v 0.0982 (1025s)
    pass 10/32: loss_p 1.111 loss_v 0.1022 (1079s)
    pass 11/32: loss_p 1.150 loss_v 0.1099 (1131s)
    pass 12/32: loss_p 1.086 loss_v 0.0864 (1184s)
    pass 13/32: loss_p 1.063 loss_v 0.1072 (1237s)
    pass 14/32: loss_p 1.046 loss_v 0.1004 (1291s)
    pass 15/32: loss_p 1.100 loss_v 0.1114 (1345s)
    pass 16/32: loss_p 1.072 loss_v 0.1086 (1398s)
    pass 17/32: loss_p 1.071 loss_v 0.1017 (1450s)
    pass 18/32: loss_p 1.101 loss_v 0.0963 (1503s)
    pass 19/32: loss_p 1.059 loss_v 0.0865 (1557s)
    pass 20/32: loss_p 1.041 loss_v 0.1003 (1611s)
    pass 21/32: loss_p 1.053 loss_v 0.0978 (1664s)
    pass 22/32: loss_p 0.941 loss_v 0.0868 (1717s)
    pass 23/32: loss_p 0.923 loss_v 0.0906 (1769s)
    pass 24/32: loss_p 0.907 loss_v 0.0869 (1824s)
    pass 25/32: loss_p 0.921 loss_v 0.0919 (1877s)
    pass 26/32: loss_p 0.917 loss_v 0.0911 (1930s)
    pass 27/32: loss_p 0.936 loss_v 0.0941 (1983s)
    pass 28/32: loss_p 0.895 loss_v 0.0916 (2036s)
    pass 29/32: loss_p 0.874 loss_v 0.0934 (2090s)
    pass 30/32: loss_p 0.907 loss_v 0.0930 (2144s)
    pass 31/32: loss_p 0.909 loss_v 0.0855 (2196s)
    pass 32/32: loss_p 0.934 loss_v 0.0811 (2249s)
    -> KL 0.8447 top1 0.604 brier 0.1313 acc3 0.776 | disjoint KL 1.1189 | endgame WDL 60.9 regret 0.168 | D4 JS 0.0000b | 86.06 ms @4096, 0.31 ms @1 (2255s)
wrote runs/plan6/H4_lr2_gcnn8x16_lr0.005_x32.json  [2255s]
H4 LR sweep 2 DONE (12:10)
