=== gcnn8x16 lr 0.02, 400k x 16 (09:25)
runs/gdata_v1.npz: train 400560, dev 49726 (33616 with no canonical twin in train); arm gcnn8x16
  gcnn8x16 positions 400000 passes 16 seed 0
    pass 1/16: loss_p 1.307 loss_v 0.1530 (53s)
    pass 2/16: loss_p 1.272 loss_v 0.1218 (106s)
    pass 3/16: loss_p 1.180 loss_v 0.1232 (160s)
    pass 4/16: loss_p 1.160 loss_v 0.1242 (214s)
    pass 5/16: loss_p 1.089 loss_v 0.0911 (266s)
    pass 6/16: loss_p 1.082 loss_v 0.1015 (318s)
    pass 7/16: loss_p 1.084 loss_v 0.0972 (371s)
    pass 8/16: loss_p 1.086 loss_v 0.1247 (424s)
    pass 9/16: loss_p 1.041 loss_v 0.1009 (478s)
    pass 10/16: loss_p 1.034 loss_v 0.0887 (531s)
    pass 11/16: loss_p 1.047 loss_v 0.0931 (583s)
    pass 12/16: loss_p 0.925 loss_v 0.0833 (636s)
    pass 13/16: loss_p 0.910 loss_v 0.0801 (689s)
    pass 14/16: loss_p 0.892 loss_v 0.0947 (743s)
    pass 15/16: loss_p 0.903 loss_v 0.0861 (796s)
    pass 16/16: loss_p 0.899 loss_v 0.0797 (848s)
    -> KL 0.7875 top1 0.620 brier 0.1182 acc3 0.818 | disjoint KL 1.0264 | endgame WDL 67.5 regret 0.148 | D4 JS 0.0000b | 86.09 ms @4096, 0.31 ms @1 (854s)
wrote runs/plan6/H4_lr_gcnn8x16_lr0.02.json  [854s]
=== resnet8 lr 0.02, 400k x 16 (09:39)
runs/gdata_v1.npz: train 400560, dev 49726 (33616 with no canonical twin in train); arm resnet8
  resnet8 positions 400000 passes 16 seed 0
    pass 1/16: loss_p 1.491 loss_v 0.1605 (44s)
    pass 2/16: loss_p 1.428 loss_v 0.1307 (89s)
    pass 3/16: loss_p 1.335 loss_v 0.1401 (134s)
    pass 4/16: loss_p 1.291 loss_v 0.1272 (177s)
    pass 5/16: loss_p 1.239 loss_v 0.0995 (221s)
    pass 6/16: loss_p 1.244 loss_v 0.1175 (265s)
    pass 7/16: loss_p 1.196 loss_v 0.1109 (308s)
    pass 8/16: loss_p 1.222 loss_v 0.1411 (353s)
    pass 9/16: loss_p 1.167 loss_v 0.1098 (398s)
    pass 10/16: loss_p 1.164 loss_v 0.1072 (442s)
    pass 11/16: loss_p 1.165 loss_v 0.1032 (486s)
    pass 12/16: loss_p 1.113 loss_v 0.0913 (529s)
    pass 13/16: loss_p 1.058 loss_v 0.0891 (573s)
    pass 14/16: loss_p 1.068 loss_v 0.0914 (617s)
    pass 15/16: loss_p 1.089 loss_v 0.1030 (662s)
    pass 16/16: loss_p 1.083 loss_v 0.0942 (706s)
    -> KL 0.8145 top1 0.582 brier 0.1006 acc3 0.807 | disjoint KL 0.9599 | endgame WDL 69.7 regret 0.132 | D4 JS 0.0602b | 85.30 ms @4096, 0.34 ms @1 (712s)
wrote runs/plan6/H4_lr_resnet8_lr0.02.json  [712s]
=== gcnn8x16 lr 0.005, 400k x 16 (09:51)
runs/gdata_v1.npz: train 400560, dev 49726 (33616 with no canonical twin in train); arm gcnn8x16
  gcnn8x16 positions 400000 passes 16 seed 0
    pass 1/16: loss_p 1.470 loss_v 0.1839 (53s)
    pass 2/16: loss_p 1.368 loss_v 0.1402 (106s)
    pass 3/16: loss_p 1.277 loss_v 0.1296 (159s)
    pass 4/16: loss_p 1.243 loss_v 0.1290 (213s)
    pass 5/16: loss_p 1.171 loss_v 0.1096 (267s)
    pass 6/16: loss_p 1.155 loss_v 0.1180 (319s)
    pass 7/16: loss_p 1.148 loss_v 0.1138 (372s)
    pass 8/16: loss_p 1.134 loss_v 0.1410 (426s)
    pass 9/16: loss_p 1.103 loss_v 0.0982 (480s)
    pass 10/16: loss_p 1.111 loss_v 0.1022 (534s)
    pass 11/16: loss_p 1.122 loss_v 0.1008 (586s)
    pass 12/16: loss_p 1.052 loss_v 0.0859 (639s)
    pass 13/16: loss_p 1.015 loss_v 0.0935 (693s)
    pass 14/16: loss_p 1.004 loss_v 0.0945 (747s)
    pass 15/16: loss_p 1.028 loss_v 0.1037 (800s)
    pass 16/16: loss_p 1.009 loss_v 0.0962 (853s)
    -> KL 0.8460 top1 0.588 brier 0.1332 acc3 0.769 | disjoint KL 1.0728 | endgame WDL 60.6 regret 0.177 | D4 JS 0.0000b | 86.06 ms @4096, 0.31 ms @1 (859s)
wrote runs/plan6/H4_lr_gcnn8x16_lr0.005.json  [859s]
=== resnet8 lr 0.005, 400k x 16 (10:05)
runs/gdata_v1.npz: train 400560, dev 49726 (33616 with no canonical twin in train); arm resnet8
  resnet8 positions 400000 passes 16 seed 0
    pass 1/16: loss_p 1.609 loss_v 0.1697 (45s)
    pass 2/16: loss_p 1.512 loss_v 0.1460 (89s)
    pass 3/16: loss_p 1.428 loss_v 0.1470 (134s)
    pass 4/16: loss_p 1.376 loss_v 0.1351 (180s)
    pass 5/16: loss_p 1.324 loss_v 0.1207 (313s)
    pass 6/16: loss_p 1.303 loss_v 0.1389 (468s)
    pass 7/16: loss_p 1.278 loss_v 0.1293 (647s)
    pass 8/16: loss_p 1.309 loss_v 0.1427 (804s)
    pass 9/16: loss_p 1.223 loss_v 0.1332 (983s)
    pass 10/16: loss_p 1.225 loss_v 0.1196 (1049s)
    pass 11/16: loss_p 1.255 loss_v 0.1249 (1093s)
    pass 12/16: loss_p 1.173 loss_v 0.0983 (1138s)
    pass 13/16: loss_p 1.143 loss_v 0.1026 (1183s)
    pass 14/16: loss_p 1.167 loss_v 0.0990 (1228s)
    pass 15/16: loss_p 1.185 loss_v 0.1142 (1272s)
    pass 16/16: loss_p 1.185 loss_v 0.1169 (1317s)
    -> KL 0.8943 top1 0.551 brier 0.1135 acc3 0.755 | disjoint KL 1.0512 | endgame WDL 63.5 regret 0.191 | D4 JS 0.0636b | 85.50 ms @4096, 0.31 ms @1 (1323s)
wrote runs/plan6/H4_lr_resnet8_lr0.005.json  [1323s]
H4 LR sweep DONE (10:27)
