4000 held-out games from ['games_0280.npz', 'games_0281.npz', 'games_0282.npz', 'games_0283.npz', 'games_0284.npz', 'games_0285.npz', 'games_0286.npz', 'games_0287.npz', 'games_0288.npz', 'games_0289.npz', 'games_0290.npz', 'games_0291.npz', 'games_0292.npz', 'games_0293.npz', 'games_0294.npz', 'games_0295.npz', 'games_0296.npz', 'games_0297.npz', 'games_0298.npz', 'games_0299.npz'] (runs/deep10_c1_300); net runs/deep8_c1_300_e4/net_0300.pt; search 64 sims
result X/O/draw: 0.629/0.245/0.126; mean length 51.9

 ply  alive  WDL logloss  WDL acc  raw sign  srch sign  Q sign  settled raw  settled srch  settled Q
   0   4000        0.909    0.629     0.629      0.629   0.629        0.130         0.034      0.206
   4   4000        0.895    0.629     0.629      0.631   0.630        0.132         0.034      0.211
   8   4000        0.889    0.630     0.630      0.628   0.629        0.134         0.035      0.215
  12   4000        0.889    0.625     0.625      0.627   0.632        0.136         0.035      0.217
  16   4000        0.890    0.631     0.631      0.631   0.630        0.138         0.035      0.221
  20   4000        0.884    0.630     0.631      0.633   0.632        0.144         0.035      0.229
  24   4000        0.879    0.627     0.627      0.629   0.636        0.157         0.045      0.247
  28   4000        0.860    0.636     0.635      0.630   0.645        0.188         0.062      0.300
  32   4000        0.826    0.640     0.638      0.644   0.677        0.250         0.084      0.410
  36   3998        0.739    0.682     0.674      0.682   0.736        0.341         0.126      0.599
  40   3974        0.596    0.754     0.730      0.702   0.800        0.516         0.203      0.773
  44   3785        0.394    0.843     0.785      0.722   0.836        0.705         0.330      0.904
  48   3047        0.219    0.915     0.815      0.745   0.852        0.836         0.484      0.968
  52   1813        0.124    0.956     0.799      0.748   0.842        0.917         0.617      0.988
  56    702        0.057    0.976     0.799      0.742   0.855        0.959         0.708      0.993
  60    163        0.054    0.975     0.840      0.798   0.902        0.957         0.736      1.000
  64     31        0.120    0.935     0.839      0.871   0.935        0.935         0.839      1.000

settling ply (raw value): median 40, quartiles 33-45; as a fraction of game length: median 0.80, p10 0.00, p90 0.91; never settled before the last ply: 0.001
  X wins : median settling ply 37, fraction 0.73 (n=2517)
  O wins : median settling ply 43, fraction 0.85 (n=981)
  draws  : median settling ply 46, fraction 0.85 (n=502)

settling ply (search root value): median 47, quartiles 41-51; as a fraction of game length: median 0.92, p10 0.67, p90 1.00; never settled before the last ply: 0.234
  X wins : median settling ply 45, fraction 0.89 (n=2517)
  O wins : median settling ply 48, fraction 0.95 (n=981)
  draws  : median settling ply 51, fraction 0.97 (n=502)

settling ply (best-child Q): median 34, quartiles 25-40; as a fraction of game length: median 0.68, p10 0.00, p90 0.82; never settled before the last ply: 0.000
  X wins : median settling ply 30, fraction 0.60 (n=2517)
  O wins : median settling ply 39, fraction 0.76 (n=981)
  draws  : median settling ply 39, fraction 0.74 (n=502)
