4000 held-out games from ['games_0148.npz', 'games_0149.npz'] (runs/v2a); net runs/deep8_c1_300_e4/net_0300.pt; search 64 sims
result X/O/draw: 0.611/0.278/0.112; mean length 49.4

 ply  alive  WDL logloss  WDL acc  raw sign  srch sign  Q sign  settled raw  settled srch  settled Q
   0   4000        0.929    0.611     0.611      0.611   0.611        0.194         0.054      0.219
   4   4000        0.926    0.611     0.611      0.610   0.611        0.194         0.054      0.220
   8   4000        0.933    0.610     0.610      0.611   0.611        0.195         0.054      0.220
  12   4000        0.934    0.610     0.610      0.610   0.611        0.195         0.055      0.220
  16   4000        0.935    0.610     0.610      0.611   0.610        0.195         0.055      0.221
  20   4000        0.935    0.611     0.611      0.611   0.611        0.198         0.056      0.222
  24   4000        0.924    0.612     0.612      0.611   0.611        0.203         0.060      0.236
  28   4000        0.915    0.614     0.614      0.614   0.613        0.227         0.071      0.273
  32   4000        0.882    0.623     0.624      0.630   0.639        0.275         0.091      0.364
  36   3999        0.801    0.674     0.667      0.661   0.706        0.387         0.135      0.539
  40   3946        0.586    0.769     0.741      0.688   0.779        0.589         0.226      0.753
  44   3497        0.339    0.869     0.803      0.708   0.833        0.779         0.374      0.895
  48   2293        0.185    0.934     0.818      0.719   0.849        0.888         0.507      0.961
  52    986        0.117    0.958     0.805      0.716   0.863        0.941         0.614      0.980
  56    239        0.062    0.979     0.812      0.728   0.862        0.967         0.644      1.000
  60     47        0.038    0.979     0.723      0.617   0.830        0.979         0.702      1.000

settling ply (raw value): median 39, quartiles 31-43; as a fraction of game length: median 0.81, p10 0.00, p90 0.91; never settled before the last ply: 0.000
  X wins : median settling ply 35, fraction 0.72 (n=2442)
  O wins : median settling ply 41, fraction 0.85 (n=1112)
  draws  : median settling ply 44, fraction 0.86 (n=446)

settling ply (search root value): median 45, quartiles 41-49; as a fraction of game length: median 0.95, p10 0.69, p90 1.00; never settled before the last ply: 0.325
  X wins : median settling ply 43, fraction 0.91 (n=2442)
  O wins : median settling ply 46, fraction 0.96 (n=1112)
  draws  : median settling ply 49, fraction 0.98 (n=446)

settling ply (best-child Q): median 36, quartiles 27-40; as a fraction of game length: median 0.74, p10 0.00, p90 0.86; never settled before the last ply: 0.000
  X wins : median settling ply 32, fraction 0.65 (n=2442)
  O wins : median settling ply 39, fraction 0.79 (n=1112)
  draws  : median settling ply 40, fraction 0.79 (n=446)
