runs/probe_data_deep10late_e4.npz: 60000 positions (50000 train / 10000 test), 47 labels; 17 nets x 10 layers; probe hidden=0
  net_0000 input    free_move 0.976  threats_for 0.571  count_margin 1.000  final_own_4 0.600  best_move_ply2 0.231  exact_value 0.614  (29s)
  net_0000 stem     free_move 0.985  threats_for 0.686  count_margin 0.995  final_own_4 0.616  best_move_ply2 0.371  exact_value 0.618  (58s)
  net_0000 block01  free_move 0.986  threats_for 0.692  count_margin 0.994  final_own_4 0.619  best_move_ply2 0.373  exact_value 0.620  (88s)
  net_0000 block02  free_move 0.985  threats_for 0.695  count_margin 0.993  final_own_4 0.618  best_move_ply2 0.374  exact_value 0.621  (117s)
  net_0000 block03  free_move 0.985  threats_for 0.697  count_margin 0.993  final_own_4 0.622  best_move_ply2 0.379  exact_value 0.636  (145s)
  net_0000 block04  free_move 0.985  threats_for 0.699  count_margin 0.993  final_own_4 0.621  best_move_ply2 0.374  exact_value 0.648  (172s)
  net_0000 block05  free_move 0.985  threats_for 0.701  count_margin 0.992  final_own_4 0.618  best_move_ply2 0.378  exact_value 0.645  (199s)
  net_0000 block06  free_move 0.985  threats_for 0.700  count_margin 0.992  final_own_4 0.617  best_move_ply2 0.380  exact_value 0.650  (227s)
  net_0000 block07  free_move 0.985  threats_for 0.701  count_margin 0.991  final_own_4 0.614  best_move_ply2 0.380  exact_value 0.648  (255s)
  net_0000 block08  free_move 0.984  threats_for 0.702  count_margin 0.991  final_own_4 0.618  best_move_ply2 0.378  exact_value 0.648  (282s)
  net_0010 input    free_move 0.976  threats_for 0.571  count_margin 1.000  final_own_4 0.600  best_move_ply2 0.231  exact_value 0.614  (309s)
  net_0010 stem     free_move 0.987  threats_for 0.707  count_margin 0.995  final_own_4 0.618  best_move_ply2 0.374  exact_value 0.655  (339s)
  net_0010 block01  free_move 0.989  threats_for 0.704  count_margin 0.989  final_own_4 0.617  best_move_ply2 0.399  exact_value 0.650  (369s)
  net_0010 block02  free_move 0.990  threats_for 0.733  count_margin 0.985  final_own_4 0.620  best_move_ply2 0.406  exact_value 0.658  (399s)
  net_0010 block03  free_move 0.994  threats_for 0.763  count_margin 0.981  final_own_4 0.618  best_move_ply2 0.405  exact_value 0.667  (427s)
  net_0010 block04  free_move 0.996  threats_for 0.780  count_margin 0.983  final_own_4 0.625  best_move_ply2 0.403  exact_value 0.707  (454s)
  net_0010 block05  free_move 0.996  threats_for 0.792  count_margin 0.980  final_own_4 0.620  best_move_ply2 0.404  exact_value 0.741  (482s)
  net_0010 block06  free_move 0.996  threats_for 0.796  count_margin 0.979  final_own_4 0.621  best_move_ply2 0.402  exact_value 0.746  (509s)
  net_0010 block07  free_move 0.995  threats_for 0.796  count_margin 0.979  final_own_4 0.621  best_move_ply2 0.398  exact_value 0.762  (537s)
  net_0010 block08  free_move 0.995  threats_for 0.796  count_margin 0.978  final_own_4 0.621  best_move_ply2 0.394  exact_value 0.772  (565s)
  net_0020 input    free_move 0.976  threats_for 0.571  count_margin 1.000  final_own_4 0.600  best_move_ply2 0.231  exact_value 0.614  (588s)
  net_0020 stem     free_move 0.989  threats_for 0.710  count_margin 0.995  final_own_4 0.621  best_move_ply2 0.373  exact_value 0.656  (618s)
  net_0020 block01  free_move 0.990  threats_for 0.711  count_margin 0.989  final_own_4 0.615  best_move_ply2 0.402  exact_value 0.680  (648s)
  net_0020 block02  free_move 0.991  threats_for 0.741  count_margin 0.986  final_own_4 0.612  best_move_ply2 0.411  exact_value 0.687  (678s)
  net_0020 block03  free_move 0.995  threats_for 0.787  count_margin 0.981  final_own_4 0.618  best_move_ply2 0.409  exact_value 0.683  (708s)
  net_0020 block04  free_move 0.995  threats_for 0.812  count_margin 0.984  final_own_4 0.619  best_move_ply2 0.411  exact_value 0.749  (735s)
  net_0020 block05  free_move 0.995  threats_for 0.814  count_margin 0.978  final_own_4 0.624  best_move_ply2 0.410  exact_value 0.775  (763s)
  net_0020 block06  free_move 0.996  threats_for 0.819  count_margin 0.976  final_own_4 0.620  best_move_ply2 0.409  exact_value 0.783  (790s)
  net_0020 block07  free_move 0.996  threats_for 0.820  count_margin 0.977  final_own_4 0.627  best_move_ply2 0.408  exact_value 0.810  (818s)
  net_0020 block08  free_move 0.996  threats_for 0.819  count_margin 0.978  final_own_4 0.630  best_move_ply2 0.407  exact_value 0.811  (846s)
  net_0040 input    free_move 0.976  threats_for 0.571  count_margin 1.000  final_own_4 0.600  best_move_ply2 0.231  exact_value 0.614  (868s)
  net_0040 stem     free_move 0.990  threats_for 0.714  count_margin 0.995  final_own_4 0.623  best_move_ply2 0.376  exact_value 0.655  (897s)
  net_0040 block01  free_move 0.992  threats_for 0.714  count_margin 0.991  final_own_4 0.616  best_move_ply2 0.406  exact_value 0.671  (927s)
  net_0040 block02  free_move 0.995  threats_for 0.750  count_margin 0.987  final_own_4 0.613  best_move_ply2 0.418  exact_value 0.665  (958s)
  net_0040 block03  free_move 0.996  threats_for 0.808  count_margin 0.981  final_own_4 0.613  best_move_ply2 0.418  exact_value 0.715  (988s)
  net_0040 block04  free_move 0.996  threats_for 0.836  count_margin 0.983  final_own_4 0.617  best_move_ply2 0.418  exact_value 0.766  (1016s)
  net_0040 block05  free_move 0.996  threats_for 0.840  count_margin 0.981  final_own_4 0.618  best_move_ply2 0.420  exact_value 0.781  (1043s)
  net_0040 block06  free_move 0.995  threats_for 0.834  count_margin 0.979  final_own_4 0.619  best_move_ply2 0.425  exact_value 0.814  (1221s)
  net_0040 block07  free_move 0.997  threats_for 0.829  count_margin 0.976  final_own_4 0.623  best_move_ply2 0.425  exact_value 0.838  (1420s)
  net_0040 block08  free_move 0.996  threats_for 0.812  count_margin 0.972  final_own_4 0.623  best_move_ply2 0.417  exact_value 0.854  (1619s)
  net_0060 input    free_move 0.976  threats_for 0.571  count_margin 1.000  final_own_4 0.600  best_move_ply2 0.231  exact_value 0.614  (1677s)
  net_0060 stem     free_move 0.991  threats_for 0.720  count_margin 0.995  final_own_4 0.622  best_move_ply2 0.375  exact_value 0.656  (1705s)
  net_0060 block01  free_move 0.993  threats_for 0.717  count_margin 0.989  final_own_4 0.613  best_move_ply2 0.405  exact_value 0.660  (1733s)
  net_0060 block02  free_move 0.995  threats_for 0.753  count_margin 0.990  final_own_4 0.616  best_move_ply2 0.418  exact_value 0.684  (1762s)
  net_0060 block03  free_move 0.996  threats_for 0.803  count_margin 0.983  final_own_4 0.619  best_move_ply2 0.421  exact_value 0.717  (1793s)
  net_0060 block04  free_move 0.996  threats_for 0.838  count_margin 0.986  final_own_4 0.611  best_move_ply2 0.425  exact_value 0.757  (1823s)
  net_0060 block05  free_move 0.995  threats_for 0.841  count_margin 0.979  final_own_4 0.619  best_move_ply2 0.427  exact_value 0.807  (1853s)
  net_0060 block06  free_move 0.995  threats_for 0.839  count_margin 0.976  final_own_4 0.624  best_move_ply2 0.428  exact_value 0.819  (1882s)
  net_0060 block07  free_move 0.997  threats_for 0.834  count_margin 0.977  final_own_4 0.621  best_move_ply2 0.433  exact_value 0.834  (1909s)
  net_0060 block08  free_move 0.995  threats_for 0.819  count_margin 0.968  final_own_4 0.628  best_move_ply2 0.428  exact_value 0.861  (1936s)
  net_0080 input    free_move 0.976  threats_for 0.571  count_margin 1.000  final_own_4 0.600  best_move_ply2 0.231  exact_value 0.614  (1958s)
  net_0080 stem     free_move 0.992  threats_for 0.716  count_margin 0.995  final_own_4 0.624  best_move_ply2 0.374  exact_value 0.679  (1986s)
  net_0080 block01  free_move 0.994  threats_for 0.712  count_margin 0.990  final_own_4 0.616  best_move_ply2 0.407  exact_value 0.665  (2014s)
  net_0080 block02  free_move 0.996  threats_for 0.753  count_margin 0.990  final_own_4 0.620  best_move_ply2 0.419  exact_value 0.670  (2041s)
  net_0080 block03  free_move 0.996  threats_for 0.803  count_margin 0.983  final_own_4 0.620  best_move_ply2 0.419  exact_value 0.707  (2071s)
  net_0080 block04  free_move 0.996  threats_for 0.840  count_margin 0.986  final_own_4 0.616  best_move_ply2 0.426  exact_value 0.754  (2101s)
  net_0080 block05  free_move 0.996  threats_for 0.842  count_margin 0.979  final_own_4 0.615  best_move_ply2 0.426  exact_value 0.799  (2132s)
  net_0080 block06  free_move 0.996  threats_for 0.842  count_margin 0.977  final_own_4 0.616  best_move_ply2 0.433  exact_value 0.821  (2161s)
  net_0080 block07  free_move 0.996  threats_for 0.829  count_margin 0.976  final_own_4 0.616  best_move_ply2 0.438  exact_value 0.837  (2189s)
  net_0080 block08  free_move 0.995  threats_for 0.807  count_margin 0.971  final_own_4 0.621  best_move_ply2 0.436  exact_value 0.870  (2216s)
  net_0100 input    free_move 0.976  threats_for 0.571  count_margin 1.000  final_own_4 0.600  best_move_ply2 0.231  exact_value 0.614  (2238s)
  net_0100 stem     free_move 0.991  threats_for 0.719  count_margin 0.995  final_own_4 0.621  best_move_ply2 0.373  exact_value 0.664  (2266s)
  net_0100 block01  free_move 0.994  threats_for 0.720  count_margin 0.992  final_own_4 0.613  best_move_ply2 0.403  exact_value 0.667  (2294s)
  net_0100 block02  free_move 0.995  threats_for 0.753  count_margin 0.990  final_own_4 0.613  best_move_ply2 0.419  exact_value 0.669  (2321s)
  net_0100 block03  free_move 0.996  threats_for 0.811  count_margin 0.984  final_own_4 0.619  best_move_ply2 0.420  exact_value 0.706  (2350s)
  net_0100 block04  free_move 0.995  threats_for 0.847  count_margin 0.987  final_own_4 0.618  best_move_ply2 0.423  exact_value 0.764  (2380s)
  net_0100 block05  free_move 0.994  threats_for 0.847  count_margin 0.980  final_own_4 0.612  best_move_ply2 0.431  exact_value 0.813  (2411s)
  net_0100 block06  free_move 0.995  threats_for 0.850  count_margin 0.977  final_own_4 0.619  best_move_ply2 0.434  exact_value 0.824  (2440s)
  net_0100 block07  free_move 0.996  threats_for 0.839  count_margin 0.976  final_own_4 0.620  best_move_ply2 0.438  exact_value 0.860  (2469s)
  net_0100 block08  free_move 0.996  threats_for 0.819  count_margin 0.970  final_own_4 0.626  best_move_ply2 0.439  exact_value 0.886  (2496s)
  net_0120 input    free_move 0.976  threats_for 0.571  count_margin 1.000  final_own_4 0.600  best_move_ply2 0.231  exact_value 0.614  (2517s)
  net_0120 stem     free_move 0.992  threats_for 0.719  count_margin 0.995  final_own_4 0.621  best_move_ply2 0.374  exact_value 0.651  (2545s)
  net_0120 block01  free_move 0.994  threats_for 0.719  count_margin 0.992  final_own_4 0.615  best_move_ply2 0.406  exact_value 0.668  (2573s)
  net_0120 block02  free_move 0.996  threats_for 0.751  count_margin 0.990  final_own_4 0.620  best_move_ply2 0.415  exact_value 0.680  (2600s)
  net_0120 block03  free_move 0.997  threats_for 0.804  count_margin 0.985  final_own_4 0.618  best_move_ply2 0.416  exact_value 0.722  (2628s)
  net_0120 block04  free_move 0.996  threats_for 0.856  count_margin 0.986  final_own_4 0.617  best_move_ply2 0.425  exact_value 0.773  (2658s)
  net_0120 block05  free_move 0.995  threats_for 0.849  count_margin 0.981  final_own_4 0.622  best_move_ply2 0.432  exact_value 0.816  (2688s)
  net_0120 block06  free_move 0.994  threats_for 0.857  count_margin 0.979  final_own_4 0.624  best_move_ply2 0.434  exact_value 0.824  (2718s)
  net_0120 block07  free_move 0.995  threats_for 0.843  count_margin 0.976  final_own_4 0.618  best_move_ply2 0.438  exact_value 0.854  (2748s)
  net_0120 block08  free_move 0.995  threats_for 0.829  count_margin 0.970  final_own_4 0.623  best_move_ply2 0.438  exact_value 0.873  (2776s)
  net_0140 input    free_move 0.976  threats_for 0.571  count_margin 1.000  final_own_4 0.600  best_move_ply2 0.231  exact_value 0.614  (2798s)
  net_0140 stem     free_move 0.991  threats_for 0.717  count_margin 0.995  final_own_4 0.622  best_move_ply2 0.375  exact_value 0.664  (2826s)
  net_0140 block01  free_move 0.994  threats_for 0.719  count_margin 0.993  final_own_4 0.618  best_move_ply2 0.402  exact_value 0.669  (2853s)
  net_0140 block02  free_move 0.996  threats_for 0.753  count_margin 0.990  final_own_4 0.612  best_move_ply2 0.420  exact_value 0.681  (2881s)
  net_0140 block03  free_move 0.996  threats_for 0.799  count_margin 0.984  final_own_4 0.622  best_move_ply2 0.420  exact_value 0.713  (2908s)
  net_0140 block04  free_move 0.996  threats_for 0.837  count_margin 0.985  final_own_4 0.620  best_move_ply2 0.427  exact_value 0.787  (2938s)
  net_0140 block05  free_move 0.994  threats_for 0.836  count_margin 0.979  final_own_4 0.620  best_move_ply2 0.433  exact_value 0.821  (2968s)
  net_0140 block06  free_move 0.994  threats_for 0.843  count_margin 0.977  final_own_4 0.616  best_move_ply2 0.434  exact_value 0.835  (2998s)
  net_0140 block07  free_move 0.994  threats_for 0.823  count_margin 0.977  final_own_4 0.619  best_move_ply2 0.444  exact_value 0.867  (3027s)
  net_0140 block08  free_move 0.995  threats_for 0.814  count_margin 0.975  final_own_4 0.627  best_move_ply2 0.443  exact_value 0.900  (3056s)
  net_0160 input    free_move 0.976  threats_for 0.571  count_margin 1.000  final_own_4 0.600  best_move_ply2 0.231  exact_value 0.614  (3078s)
  net_0160 stem     free_move 0.992  threats_for 0.719  count_margin 0.995  final_own_4 0.619  best_move_ply2 0.374  exact_value 0.648  (3106s)
  net_0160 block01  free_move 0.994  threats_for 0.723  count_margin 0.992  final_own_4 0.617  best_move_ply2 0.405  exact_value 0.664  (3134s)
  net_0160 block02  free_move 0.996  threats_for 0.745  count_margin 0.991  final_own_4 0.619  best_move_ply2 0.419  exact_value 0.668  (3162s)
  net_0160 block03  free_move 0.997  threats_for 0.801  count_margin 0.985  final_own_4 0.623  best_move_ply2 0.419  exact_value 0.716  (3189s)
  net_0160 block04  free_move 0.996  threats_for 0.846  count_margin 0.985  final_own_4 0.623  best_move_ply2 0.428  exact_value 0.794  (3216s)
  net_0160 block05  free_move 0.993  threats_for 0.838  count_margin 0.979  final_own_4 0.618  best_move_ply2 0.433  exact_value 0.830  (3247s)
  net_0160 block06  free_move 0.993  threats_for 0.836  count_margin 0.976  final_own_4 0.621  best_move_ply2 0.436  exact_value 0.855  (3277s)
  net_0160 block07  free_move 0.995  threats_for 0.836  count_margin 0.976  final_own_4 0.621  best_move_ply2 0.444  exact_value 0.884  (3307s)
  net_0160 block08  free_move 0.995  threats_for 0.814  count_margin 0.970  final_own_4 0.629  best_move_ply2 0.440  exact_value 0.903  (3337s)
  net_0180 input    free_move 0.976  threats_for 0.571  count_margin 1.000  final_own_4 0.600  best_move_ply2 0.231  exact_value 0.614  (3360s)
  net_0180 stem     free_move 0.992  threats_for 0.717  count_margin 0.996  final_own_4 0.617  best_move_ply2 0.374  exact_value 0.655  (3388s)
  net_0180 block01  free_move 0.994  threats_for 0.727  count_margin 0.994  final_own_4 0.617  best_move_ply2 0.402  exact_value 0.669  (3415s)
  net_0180 block02  free_move 0.996  threats_for 0.748  count_margin 0.990  final_own_4 0.616  best_move_ply2 0.415  exact_value 0.691  (3443s)
  net_0180 block03  free_move 0.997  threats_for 0.811  count_margin 0.985  final_own_4 0.618  best_move_ply2 0.418  exact_value 0.712  (3471s)
  net_0180 block04  free_move 0.994  threats_for 0.856  count_margin 0.986  final_own_4 0.625  best_move_ply2 0.429  exact_value 0.797  (3498s)
  net_0180 block05  free_move 0.992  threats_for 0.853  count_margin 0.980  final_own_4 0.625  best_move_ply2 0.431  exact_value 0.821  (3527s)
  net_0180 block06  free_move 0.992  threats_for 0.862  count_margin 0.980  final_own_4 0.624  best_move_ply2 0.435  exact_value 0.844  (3557s)
  net_0180 block07  free_move 0.993  threats_for 0.842  count_margin 0.978  final_own_4 0.623  best_move_ply2 0.443  exact_value 0.864  (3587s)
  net_0180 block08  free_move 0.996  threats_for 0.826  count_margin 0.975  final_own_4 0.629  best_move_ply2 0.441  exact_value 0.912  (3617s)
  net_0200 input    free_move 0.976  threats_for 0.571  count_margin 1.000  final_own_4 0.600  best_move_ply2 0.231  exact_value 0.614  (3643s)
  net_0200 stem     free_move 0.992  threats_for 0.715  count_margin 0.995  final_own_4 0.621  best_move_ply2 0.374  exact_value 0.663  (3670s)
  net_0200 block01  free_move 0.994  threats_for 0.726  count_margin 0.994  final_own_4 0.619  best_move_ply2 0.401  exact_value 0.670  (3698s)
  net_0200 block02  free_move 0.995  threats_for 0.747  count_margin 0.991  final_own_4 0.615  best_move_ply2 0.419  exact_value 0.686  (3725s)
  net_0200 block03  free_move 0.997  threats_for 0.804  count_margin 0.984  final_own_4 0.618  best_move_ply2 0.420  exact_value 0.718  (3753s)
  net_0200 block04  free_move 0.995  threats_for 0.846  count_margin 0.985  final_own_4 0.623  best_move_ply2 0.429  exact_value 0.790  (3780s)
  net_0200 block05  free_move 0.993  threats_for 0.839  count_margin 0.981  final_own_4 0.616  best_move_ply2 0.432  exact_value 0.832  (3808s)
  net_0200 block06  free_move 0.993  threats_for 0.846  count_margin 0.978  final_own_4 0.616  best_move_ply2 0.441  exact_value 0.853  (3838s)
  net_0200 block07  free_move 0.995  threats_for 0.830  count_margin 0.974  final_own_4 0.621  best_move_ply2 0.448  exact_value 0.884  (3868s)
  net_0200 block08  free_move 0.995  threats_for 0.814  count_margin 0.973  final_own_4 0.628  best_move_ply2 0.446  exact_value 0.901  (3898s)
  net_0220 input    free_move 0.976  threats_for 0.571  count_margin 1.000  final_own_4 0.600  best_move_ply2 0.231  exact_value 0.614  (3925s)
  net_0220 stem     free_move 0.991  threats_for 0.717  count_margin 0.995  final_own_4 0.620  best_move_ply2 0.374  exact_value 0.667  (4026s)
  net_0220 block01  free_move 0.995  threats_for 0.733  count_margin 0.993  final_own_4 0.616  best_move_ply2 0.401  exact_value 0.671  (4221s)
  net_0220 block02  free_move 0.997  threats_for 0.763  count_margin 0.991  final_own_4 0.618  best_move_ply2 0.412  exact_value 0.690  (4420s)
  net_0220 block03  free_move 0.997  threats_for 0.813  count_margin 0.987  final_own_4 0.615  best_move_ply2 0.417  exact_value 0.704  (4571s)
  net_0220 block04  free_move 0.996  threats_for 0.859  count_margin 0.987  final_own_4 0.622  best_move_ply2 0.429  exact_value 0.793  (4599s)
  net_0220 block05  free_move 0.994  threats_for 0.848  count_margin 0.982  final_own_4 0.619  best_move_ply2 0.435  exact_value 0.843  (4626s)
  net_0220 block06  free_move 0.993  threats_for 0.857  count_margin 0.980  final_own_4 0.624  best_move_ply2 0.442  exact_value 0.868  (4654s)
  net_0220 block07  free_move 0.995  threats_for 0.833  count_margin 0.975  final_own_4 0.619  best_move_ply2 0.448  exact_value 0.892  (4683s)
  net_0220 block08  free_move 0.995  threats_for 0.813  count_margin 0.976  final_own_4 0.630  best_move_ply2 0.447  exact_value 0.917  (4713s)
  net_0240 input    free_move 0.976  threats_for 0.571  count_margin 1.000  final_own_4 0.600  best_move_ply2 0.231  exact_value 0.614  (4739s)
  net_0240 stem     free_move 0.991  threats_for 0.717  count_margin 0.995  final_own_4 0.621  best_move_ply2 0.375  exact_value 0.676  (4770s)
  net_0240 block01  free_move 0.995  threats_for 0.732  count_margin 0.993  final_own_4 0.615  best_move_ply2 0.400  exact_value 0.657  (4799s)
  net_0240 block02  free_move 0.997  threats_for 0.760  count_margin 0.991  final_own_4 0.619  best_move_ply2 0.411  exact_value 0.688  (4827s)
  net_0240 block03  free_move 0.998  threats_for 0.814  count_margin 0.987  final_own_4 0.621  best_move_ply2 0.415  exact_value 0.705  (4855s)
  net_0240 block04  free_move 0.996  threats_for 0.855  count_margin 0.987  final_own_4 0.620  best_move_ply2 0.428  exact_value 0.801  (4882s)
  net_0240 block05  free_move 0.995  threats_for 0.848  count_margin 0.983  final_own_4 0.619  best_move_ply2 0.435  exact_value 0.832  (4909s)
  net_0240 block06  free_move 0.993  threats_for 0.856  count_margin 0.982  final_own_4 0.622  best_move_ply2 0.443  exact_value 0.864  (4937s)
  net_0240 block07  free_move 0.994  threats_for 0.833  count_margin 0.980  final_own_4 0.626  best_move_ply2 0.449  exact_value 0.893  (4964s)
  net_0240 block08  free_move 0.996  threats_for 0.816  count_margin 0.971  final_own_4 0.632  best_move_ply2 0.447  exact_value 0.920  (4994s)
  net_0260 input    free_move 0.976  threats_for 0.571  count_margin 1.000  final_own_4 0.600  best_move_ply2 0.231  exact_value 0.614  (5019s)
  net_0260 stem     free_move 0.990  threats_for 0.717  count_margin 0.995  final_own_4 0.618  best_move_ply2 0.373  exact_value 0.669  (5049s)
  net_0260 block01  free_move 0.996  threats_for 0.733  count_margin 0.993  final_own_4 0.619  best_move_ply2 0.400  exact_value 0.654  (5079s)
  net_0260 block02  free_move 0.996  threats_for 0.760  count_margin 0.991  final_own_4 0.618  best_move_ply2 0.412  exact_value 0.690  (5108s)
  net_0260 block03  free_move 0.998  threats_for 0.808  count_margin 0.987  final_own_4 0.621  best_move_ply2 0.420  exact_value 0.701  (5136s)
  net_0260 block04  free_move 0.996  threats_for 0.854  count_margin 0.987  final_own_4 0.620  best_move_ply2 0.427  exact_value 0.806  (5163s)
  net_0260 block05  free_move 0.994  threats_for 0.847  count_margin 0.983  final_own_4 0.619  best_move_ply2 0.434  exact_value 0.847  (5191s)
  net_0260 block06  free_move 0.994  threats_for 0.855  count_margin 0.979  final_own_4 0.622  best_move_ply2 0.440  exact_value 0.868  (5218s)
  net_0260 block07  free_move 0.995  threats_for 0.830  count_margin 0.974  final_own_4 0.623  best_move_ply2 0.448  exact_value 0.893  (5246s)
  net_0260 block08  free_move 0.995  threats_for 0.808  count_margin 0.972  final_own_4 0.628  best_move_ply2 0.448  exact_value 0.922  (5274s)
  net_0280 input    free_move 0.976  threats_for 0.571  count_margin 1.000  final_own_4 0.600  best_move_ply2 0.231  exact_value 0.614  (5300s)
  net_0280 stem     free_move 0.991  threats_for 0.717  count_margin 0.995  final_own_4 0.619  best_move_ply2 0.375  exact_value 0.667  (5330s)
  net_0280 block01  free_move 0.996  threats_for 0.727  count_margin 0.993  final_own_4 0.617  best_move_ply2 0.399  exact_value 0.671  (5360s)
  net_0280 block02  free_move 0.997  threats_for 0.768  count_margin 0.991  final_own_4 0.613  best_move_ply2 0.412  exact_value 0.698  (5390s)
  net_0280 block03  free_move 0.998  threats_for 0.808  count_margin 0.986  final_own_4 0.618  best_move_ply2 0.418  exact_value 0.715  (5417s)
  net_0280 block04  free_move 0.996  threats_for 0.853  count_margin 0.987  final_own_4 0.624  best_move_ply2 0.427  exact_value 0.809  (5445s)
  net_0280 block05  free_move 0.994  threats_for 0.843  count_margin 0.985  final_own_4 0.619  best_move_ply2 0.431  exact_value 0.841  (5473s)
  net_0280 block06  free_move 0.992  threats_for 0.855  count_margin 0.977  final_own_4 0.619  best_move_ply2 0.441  exact_value 0.860  (5500s)
  net_0280 block07  free_move 0.994  threats_for 0.832  count_margin 0.977  final_own_4 0.620  best_move_ply2 0.449  exact_value 0.894  (5527s)
  net_0280 block08  free_move 0.995  threats_for 0.813  count_margin 0.973  final_own_4 0.624  best_move_ply2 0.449  exact_value 0.916  (5555s)
  net_0300 input    free_move 0.976  threats_for 0.571  count_margin 1.000  final_own_4 0.600  best_move_ply2 0.231  exact_value 0.614  (5579s)
  net_0300 stem     free_move 0.992  threats_for 0.717  count_margin 0.995  final_own_4 0.617  best_move_ply2 0.374  exact_value 0.668  (5610s)
  net_0300 block01  free_move 0.995  threats_for 0.727  count_margin 0.993  final_own_4 0.618  best_move_ply2 0.400  exact_value 0.667  (5640s)
  net_0300 block02  free_move 0.997  threats_for 0.773  count_margin 0.992  final_own_4 0.614  best_move_ply2 0.411  exact_value 0.687  (5669s)
  net_0300 block03  free_move 0.998  threats_for 0.810  count_margin 0.986  final_own_4 0.620  best_move_ply2 0.417  exact_value 0.713  (5698s)
  net_0300 block04  free_move 0.996  threats_for 0.855  count_margin 0.987  final_own_4 0.627  best_move_ply2 0.425  exact_value 0.806  (5726s)
  net_0300 block05  free_move 0.994  threats_for 0.847  count_margin 0.983  final_own_4 0.622  best_move_ply2 0.431  exact_value 0.848  (5753s)
  net_0300 block06  free_move 0.994  threats_for 0.858  count_margin 0.978  final_own_4 0.620  best_move_ply2 0.440  exact_value 0.866  (5781s)
  net_0300 block07  free_move 0.994  threats_for 0.832  count_margin 0.974  final_own_4 0.624  best_move_ply2 0.447  exact_value 0.892  (5808s)
  net_0300 block08  free_move 0.995  threats_for 0.812  count_margin 0.972  final_own_4 0.623  best_move_ply2 0.448  exact_value 0.920  (5836s)
wrote runs/deep8_c1_300_e4\probes.json  [5836s]
