7188 positions, 256 sims. Search move != raw argmax in 30.8% of positions; mean |search value - raw value| = 0.191
by ply:  disagreement %   mean|dv|   mean p_raw(search move)
   2- 9:  21.1%        0.037       0.602   (n=660)
  10-19:  26.6%        0.065       0.581   (n=1363)
  20-29:  35.0%        0.130       0.480   (n=1581)
  30-39:  37.8%        0.273       0.465   (n=1616)
  40-49:  29.8%        0.338       0.533   (n=1430)
  50-70:  23.2%        0.239       0.551   (n=538)

### largest value surprises (search much better for the mover than the net thought)
========================================================================
value surprise +1.36   ply 49
to move: O   next board: 3   moves: 49
X O .  X X O  O . X
X O .  . . X  . . O
X . .  . O X  . X O

. . .  O O .  O X O
X . O  . X X  O . X
X . O  . O .  O X .

. . X  . O .  . O .
. . X  O X .  X X O
O . X  X X O  O O X
macro:
X..
..O
X..
raw: value -0.82, top move 34 (board 4 cell 8) p=0.43;   search: value +0.54, move 34 (board 4 cell 8) (raw p=0.427, visits 103/256)
========================================================================
value surprise +1.35   ply 53
to move: O   next board: 7   moves: 53
. O X  X O X  O O X
. . O  X . .  O . O
X O X  X . .  O O .

O X O  . . .  O . X
O . O  X X X  X O X
X O O  O . .  X X O

. O O  . . X  X . X
X . O  X . O  X . X
X . O  . X .  . . O
macro:
.XO
OXO
O..
raw: value -0.75, top move 63 (board 8 cell 1) p=0.35;   search: value +0.59, move 63 (board 8 cell 1) (raw p=0.349, visits 103/256)
========================================================================
value surprise +1.25   ply 55
to move: O   next board: 2   moves: 55
X O .  X X X  O X O
. X O  O X O  . . X
. O O  . . .  . O O

. . .  O O O  X O X
X X X  . X .  O . X
X O .  O X .  . X O

. O .  X X X  . . X
O X .  . O O  O . O
X O .  O X X  X O X
macro:
.X.
XO.
.X.
raw: value -0.61, top move 24 (board 3 cell 7) p=0.56;   search: value +0.64, move 24 (board 3 cell 7) (raw p=0.555, visits 107/256)
========================================================================
value surprise +1.22   ply 46
to move: X   next board: 2   moves: 46
X . O  . X O  X . O
X . .  . . O  . X X
X O O  . . O  O X O

X . .  O . O  O . X
X . O  O X .  O . X
X . .  . . .  O . .

. X X  . O O  O X X
. . X  O . .  . X .
O . O  . X X  . O X
macro:
XO.
X.O
...
raw: value -0.23, top move 21 (board 3 cell 4) p=0.55;   search: value +0.99, move 19 (board 3 cell 2) (raw p=0.451, visits 128/256)
========================================================================
value surprise +1.11   ply 45
to move: O   next board: 6   moves: 45
O . X  . O .  O . X
. . X  X X .  . . .
. . X  . O .  O X O

O X .  . . O  X O .
O . .  . X O  O X O
X X X  . . O  X . .

. . .  . X X  X . .
O . O  O . X  X . .
X O O  . O X  X O O
macro:
X..
XO.
.XX
raw: value -0.56, top move 56 (board 7 cell 3) p=0.40;   search: value +0.55, move 56 (board 7 cell 3) (raw p=0.405, visits 96/256)
========================================================================
value surprise +1.05   ply 44
to move: X   next board: 4   moves: 44
X O .  X X X  . . X
. X .  O . O  O O O
. O X  . . .  . . .

. X X  . . .  O . .
X O X  X X .  O . X
O X O  O O .  . . X

. . O  O O .  O O .
X . .  O . .  O . .
X . O  X X .  . X X
macro:
XXO
...
...
raw: value -0.50, top move 44 (board 5 cell 9) p=0.51;   search: value +0.56, move 41 (board 5 cell 6) (raw p=0.461, visits 103/256)
========================================================================
value surprise +1.05   ply 43
to move: O   next board: 1   moves: 43
X O O  X X .  X X X
. . .  . . .  . . O
O O .  O O .  . . X

. O .  O X O  . . O
O . O  . X .  X . X
. O X  . . .  O O X

X . .  . . O  . . O
X . X  X X X  X . O
. . X  . X .  O . O
macro:
..X
...
.XO
raw: value -0.64, top move 12 (board 2 cell 4) p=0.55;   search: value +0.42, move 12 (board 2 cell 4) (raw p=0.548, visits 103/256)
========================================================================
value surprise +0.91   ply 35
to move: O   next board: 6   moves: 35
X X .  O . .  . . .
X . .  X . X  X X X
O X O  . . O  . . .

O O O  . . O  . . .
. . .  . X O  . . X
. O .  . . .  O O O

X . .  O O O  O X .
. . .  . . .  X . .
X . .  . X X  . X .
macro:
..X
O.O
.O.
raw: value -0.78, top move 62 (board 7 cell 9) p=0.42;   search: value +0.13, move 55 (board 7 cell 2) (raw p=0.414, visits 84/256)
========================================================================
value surprise +0.86   ply 42
to move: X   next board: 8   moves: 42
. X .  O . X  . O X
. . .  O X O  . O .
O X O  O . .  . O .

. . .  X . .  . X .
O . .  . X .  O . .
X X X  O O X  . . .

. O O  X X .  O X X
. . .  X O X  . . .
X X X  . O O  . O O
macro:
.OO
XX.
X..
raw: value -0.34, top move 76 (board 9 cell 5) p=0.34;   search: value +0.52, move 76 (board 9 cell 5) (raw p=0.337, visits 96/256)
========================================================================
value surprise +0.81   ply 39
to move: O   next board: 7   moves: 39
X . .  O O O  . X .
. O O  . . .  O X .
O . .  X X .  . . .

. . O  . . .  X X X
X O .  X X O  . . O
O O .  O O O  . . .

X X .  . . .  . . .
. X .  X X .  X . X
O X .  . O X  . . O
macro:
.O.
OOX
X..
raw: value -0.50, top move 63 (board 8 cell 1) p=0.78;   search: value +0.30, move 63 (board 8 cell 1) (raw p=0.784, visits 103/256)
========================================================================
value surprise +0.80   ply 39
to move: O   next board: 3   moves: 39
X X .  . X .  O . O
O . O  O . O  X . .
. . .  . X .  X . .

O O X  . . .  . O .
X . X  X X .  X O X
. O O  O . .  . O .

. . O  . . X  X . .
O . .  . . X  X . .
X . O  . O X  X . O
macro:
...
..O
.XX
raw: value +0.08, top move 33 (board 4 cell 7) p=0.80;   search: value +0.89, move 31 (board 4 cell 5) (raw p=0.202, visits 128/256)
========================================================================
value surprise +0.77   ply 49
to move: O   next board: 5   moves: 49
O O O  X O .  X . X
O . X  X . .  X . X
. O .  X . .  O . O

X O X  . . O  . . O
O X X  . X X  O . X
O X .  . O .  O O X

. . .  X X .  X . O
O . O  O O O  X . .
X X X  . X .  . . O
macro:
OX.
...
XO.
raw: value -0.97, top move 49 (board 6 cell 5) p=0.44;   search: value -0.20, move 49 (board 6 cell 5) (raw p=0.445, visits 107/256)
========================================================================
value surprise +0.76   ply 51
to move: O   next board: 1   moves: 51
. X .  . O O  O . X
. X O  . X .  O . .
. . O  O X O  O . .

. X X  . X .  . . X
. X O  O O .  O . X
. O X  O O X  . . X

. X .  X X .  X O X
X X .  X . .  O O O
O O X  X O X  X O O
macro:
..O
..X
.XO
raw: value -0.76, top move 12 (board 2 cell 4) p=0.47;   search: value -0.01, move 9 (board 2 cell 1) (raw p=0.336, visits 107/256)
========================================================================
value surprise +0.75   ply 34
to move: X   next board: 2   moves: 34
X O .  . X O  X O O
. . O  X . .  X . X
. . O  . O .  . . .

. X O  O . O  . . .
X . .  . X .  O . X
O O .  . . .  O O .

. . X  . . X  X . .
O X .  . . X  . . .
X . .  . . X  O . .
macro:
...
...
XX.
raw: value -0.27, top move 22 (board 3 cell 5) p=0.57;   search: value +0.48, move 22 (board 3 cell 5) (raw p=0.569, visits 96/256)
========================================================================
value surprise +0.75   ply 45
to move: O   next board: 8   moves: 45
O O O  X X .  X . O
. . .  O . .  O O O
. X .  . . .  X . X

. . .  . . .  X . X
X . .  . X O  X X O
O O O  O X O  . X X

. . X  . O O  . . X
. . X  . . O  X X O
. . X  O X O  . X O
macro:
O.O
O.X
XO.
raw: value +0.08, top move 73 (board 9 cell 2) p=0.55;   search: value +0.83, move 78 (board 9 cell 7) (raw p=0.340, visits 107/256)
========================================================================
value surprise +0.73   ply 38
to move: X   next board: 5   moves: 38
O X O  X O .  . . .
. . .  . . O  O . X
. X .  . X .  . . X

. . .  . . O  . O .
O O O  X X X  X O O
X X .  . . .  . . X

X . X  . X .  O . .
. . .  . . .  X O X
O . X  O O O  . . O
macro:
...
OX.
.OO
raw: value -0.25, top move 45 (board 6 cell 1) p=0.79;   search: value +0.48, move 45 (board 6 cell 1) (raw p=0.788, visits 96/256)
========================================================================
value surprise +0.73   ply 38
to move: X   next board: 1   moves: 38
O . X  . O .  O . X
. . X  X X .  O . .
. . X  . O .  O . O

O X .  . O O  X O .
O . .  . X O  . . .
. X X  . . .  . . .

. . .  . X X  . . X
O X .  . . .  X . .
X X .  O O X  O O O
macro:
X.O
...
..O
raw: value -0.81, top move 15 (board 2 cell 7) p=0.48;   search: value -0.08, move 9 (board 2 cell 1) (raw p=0.152, visits 103/256)
========================================================================
value surprise +0.72   ply 33
to move: O   next board: 2   moves: 33
O . .  O . .  . O X
X X X  O . X  . . X
. . .  O . .  . . .

O . .  . . .  . X O
X . .  . X .  . . O
X O .  . O O  . . O

X X X  . . .  . X O
. . .  O . .  . . .
O . .  . X X  O . X
macro:
XO.
..O
X..
raw: value -0.55, top move 22 (board 3 cell 5) p=0.68;   search: value +0.17, move 22 (board 3 cell 5) (raw p=0.684, visits 86/256)
========================================================================
value surprise +0.69   ply 39
to move: O   next board: 8   moves: 39
X . .  O O .  . . X
O X O  X . O  . . .
. . X  . X .  O . .

X X .  . . O  O X .
O . O  . X O  X . X
. . .  . . O  X O O

. O .  . X .  O . .
. . .  . X X  . . X
X O .  . O X  . O X
macro:
X..
.O.
...
raw: value -0.34, top move 73 (board 9 cell 2) p=0.50;   search: value +0.35, move 73 (board 9 cell 2) (raw p=0.505, visits 103/256)
========================================================================
value surprise +0.68   ply 45
to move: O   next board: 7   moves: 45
X O .  . . X  . . O
. . .  . . X  X . .
X O .  . . X  X X X

X O .  O . .  . O O
X O O  . X .  O . X
. . X  . X X  X O .

O . .  . . O  . . O
O . O  X . X  O O X
O X .  X O X  . O O
macro:
.XX
...
O..
raw: value -0.89, top move 67 (board 8 cell 5) p=0.99;   search: value -0.21, move 67 (board 8 cell 5) (raw p=0.994, visits 107/256)
========================================================================
value surprise +0.60   ply 46
to move: X   next board: 7   moves: 46
X O .  O X .  O X X
X . .  O . .  . X .
X . .  O . .  O X O

. . O  . . O  . . O
. . X  . X X  . . O
O . O  O O .  X X O

O X O  . . X  . . X
X X X  . O O  . . X
X O .  O X .  . O X
macro:
XOX
..O
X.X
raw: value -0.14, top move 64 (board 8 cell 2) p=0.39;   search: value +0.45, move 64 (board 8 cell 2) (raw p=0.387, visits 96/256)
========================================================================
value surprise +0.59   ply 40
to move: X   next board: 6   moves: 40
O X .  O O .  . . X
. X .  . . .  O . X
. X .  . X .  O . X

X . O  . . O  . . O
X . O  . X O  X . X
O . .  O . .  O O O

O . .  O X .  . . X
X X .  O . .  . . X
X . O  X . .  . O X
macro:
X.X
..O
..X
raw: value +0.36, top move 61 (board 7 cell 8) p=0.49;   search: value +0.95, move 61 (board 7 cell 8) (raw p=0.486, visits 96/256)
========================================================================
value surprise +0.58   ply 33
to move: O   next board: 7   moves: 33
X . .  . O X  . . .
O . .  . . .  O O O
. . .  . X O  . X .

. . X  . . .  . X .
. . X  . X .  . . .
. O .  O X .  . X O

. . O  O O X  . X .
. . O  . . .  X . .
X . O  X O O  X X .
macro:
..O
...
O..
raw: value -0.13, top move 68 (board 8 cell 6) p=0.53;   search: value +0.45, move 68 (board 8 cell 6) (raw p=0.525, visits 107/256)
========================================================================
value surprise +0.56   ply 50
to move: X   next board: 1   moves: 50
. X .  . X O  X . O
O O O  . X X  O X X
. . .  O O X  . . .

. . .  X X O  O O .
O . .  . O X  X O O
X X X  X O .  . X O

X O X  . O .  X O X
. O X  . X X  . . .
O . .  X O .  O . O
macro:
O..
X.O
...
raw: value +0.30, top move 12 (board 2 cell 4) p=0.58;   search: value +0.87, move 12 (board 2 cell 4) (raw p=0.579, visits 128/256)
========================================================================
value surprise +0.56   ply 39
to move: O   next board: 0   moves: 39
X . .  . O O  . O X
. . O  . X X  . . .
. . O  . . .  O O O

. . .  O X .  . X X
X . .  . X .  O . O
O O O  . O .  . X .

X . .  X . X  . . X
X . O  X O .  . . X
X . .  O X .  . O X
macro:
..O
O..
X.X
raw: value -0.71, top move 4 (board 1 cell 5) p=0.94;   search: value -0.15, move 4 (board 1 cell 5) (raw p=0.940, visits 86/256)
========================================================================
value surprise +0.56   ply 34
to move: X   next board: 1   moves: 34
. . .  . O X  . . O
. X .  . . X  . . .
. O .  . X O  X X .

. . .  X O .  . . .
. . O  . O .  X . O
. X .  . . .  X X X

. . O  O X .  . O .
. . O  O . O  . . .
. . O  X O O  X X X
macro:
...
..X
O.X
raw: value -0.20, top move 9 (board 2 cell 1) p=0.49;   search: value +0.36, move 12 (board 2 cell 4) (raw p=0.324, visits 96/256)
========================================================================
value surprise +0.56   ply 48
to move: X   next board: 6   moves: 48
X X .  . O O  . X X
. . .  X O O  . . X
O O O  O X X  O . .

O O .  X O O  X X .
. . .  . X .  X . O
O X X  . . .  X O .

. X .  O . O  . X .
O X O  O . X  X . O
X . O  X . .  . X O
macro:
OO.
..X
...
raw: value +0.11, top move 61 (board 7 cell 8) p=0.71;   search: value +0.66, move 61 (board 7 cell 8) (raw p=0.712, visits 107/256)
========================================================================
value surprise +0.54   ply 49
to move: O   next board: 6   moves: 49
O . X  X X .  X O X
. . .  O . .  O X X
O . X  X O .  . X .

. X O  . . O  . O .
X X O  . X O  O . X
. X X  . . O  X O O

. . O  . O O  O . O
X . X  O . X  O . .
O O .  X X .  X . X
macro:
...
XO.
...
raw: value -0.76, top move 62 (board 7 cell 9) p=0.37;   search: value -0.22, move 62 (board 7 cell 9) (raw p=0.370, visits 96/256)
========================================================================
value surprise +0.52   ply 35
to move: O   next board: 0   moves: 35
O . .  . X .  . . .
. X X  . . .  . . .
. . O  O O O  . . .

X . .  O . .  . X .
X . O  O X .  O . X
X . .  O . .  . O O

X . .  X O .  . X .
O X O  . X X  . X .
X . .  O O .  . X .
macro:
.O.
XO.
..X
raw: value -0.02, top move 6 (board 1 cell 7) p=0.82;   search: value +0.51, move 6 (board 1 cell 7) (raw p=0.816, visits 103/256)
========================================================================
value surprise +0.52   ply 37
to move: O   next board: 6   moves: 37
. O .  X X .  . . X
. O .  . . O  O . X
. O X  . O .  . . .

O . .  O . .  . X .
X X .  O X .  . X O
X . .  O X .  . X .

. . O  X O O  X . .
O . .  . . O  . . .
X O .  X X .  X . O
macro:
O..
.OX
...
raw: value -0.84, top move 55 (board 7 cell 2) p=0.48;   search: value -0.32, move 55 (board 7 cell 2) (raw p=0.483, visits 103/256)

### largest negative value surprises (net too optimistic)
========================================================================
value surprise -1.80   ply 43
to move: O   next board: 6   moves: 43
O . .  X X X  . . X
. O .  . . .  O X O
X . O  . O .  . . .

X O .  X O O  . . O
X X X  O X X  O O X
. O .  X . .  X . X

. . .  . O .  X . .
X . O  . . .  O O O
O . O  X X .  . . X
macro:
OX.
X..
..O
raw: value +0.83, top move 56 (board 7 cell 3) p=0.70;   search: value -0.97, move 56 (board 7 cell 3) (raw p=0.700, visits 103/256)
========================================================================
value surprise -1.68   ply 46
to move: X   next board: 0   moves: 46
X . .  . X O  O X X
. . O  X O X  O . O
X . .  O O X  X . .

. X X  O O .  . O X
X . .  . X .  O . X
O O .  X . .  . . X

O O O  . O .  . X O
O X .  . . .  . . O
X O .  X X X  . . O
macro:
.O.
..X
OXO
raw: value +0.69, top move 3 (board 1 cell 4) p=0.65;   search: value -0.99, move 3 (board 1 cell 4) (raw p=0.654, visits 86/256)
========================================================================
value surprise -1.66   ply 47
to move: O   next board: 6   moves: 47
O X O  X O .  X X X
. . .  X X .  . . O
X . .  O O O  . . .

. . .  . . O  O X O
O O O  . X O  X . X
. X .  . O O  X O .

. O .  . X X  . . .
. . X  . . X  X X O
O O X  X O X  X . O
macro:
.OX
OO.
.X.
raw: value +0.67, top move 54 (board 7 cell 1) p=0.62;   search: value -0.99, move 54 (board 7 cell 1) (raw p=0.621, visits 96/256)
========================================================================
value surprise -1.64   ply 55
to move: O   next board: 3   moves: 55
X O .  X X .  O . X
. X .  . . .  X O .
O O O  O O O  X . .

. . .  X . O  . . .
X X O  O X X  X . O
O X O  O X O  X X X

O X O  . X O  . O .
X O O  O . O  . . .
X O X  X X O  X X X
macro:
OO.
..X
#OX
raw: value +0.65, top move 29 (board 4 cell 3) p=0.59;   search: value -0.99, move 28 (board 4 cell 2) (raw p=0.280, visits 107/256)
========================================================================
value surprise -1.63   ply 43
to move: O   next board: 3   moves: 43
X . .  O X .  X . O
O O O  O . .  . X .
. . X  . X .  O . .

X . .  . O X  . . O
X . O  . O .  X X X
O X X  O X X  . . .

. O X  O X .  . . .
X . .  O . .  O O O
X X .  O . O  . . X
macro:
O..
..X
.OO
raw: value +0.75, top move 29 (board 4 cell 3) p=0.76;   search: value -0.87, move 31 (board 4 cell 5) (raw p=0.163, visits 107/256)
========================================================================
value surprise -1.62   ply 39
to move: O   next board: 0   moves: 39
X . .  . X X  . . .
X . .  . O .  . . .
O . .  . X .  O O O

. O .  . . .  O . X
X X X  . X O  O . X
. O .  . O X  . O .

. O .  X O X  . . .
. . .  O . X  O O O
X X X  O X .  . . X
macro:
..O
X..
X.O
raw: value +0.69, top move 7 (board 1 cell 8) p=0.71;   search: value -0.92, move 7 (board 1 cell 8) (raw p=0.706, visits 86/256)
========================================================================
value surprise -1.60   ply 45
to move: O   next board: any   moves: 45
O X X  X O .  . X O
. . X  X O O  . . .
. O X  O . X  X X X

. O .  O . .  . X .
X O X  X X X  O O O
. O .  . . .  . . .

. X .  O . .  X O O
. . .  O . .  . O X
. X O  O X X  . . O
macro:
X.X
OXO
.O.
raw: value +0.62, top move 58 (board 7 cell 5) p=0.91;   search: value -0.99, move 58 (board 7 cell 5) (raw p=0.912, visits 88/256)
========================================================================
value surprise -1.60   ply 52
to move: X   next board: 6   moves: 52
X X .  . X O  . . X
X . X  . . O  O . X
O O .  . O O  . . X

O X O  O . .  O X O
O O X  X X X  X O O
X O .  . . .  O X X

X . .  . O .  . . .
X O X  X . O  O O O
O . .  X X O  . X X
macro:
.OX
.XO
..O
raw: value +0.62, top move 56 (board 7 cell 3) p=0.94;   search: value -0.99, move 56 (board 7 cell 3) (raw p=0.944, visits 96/256)
========================================================================
value surprise -1.60   ply 42
to move: X   next board: 5   moves: 42
X O .  O . .  O . X
O O O  O . .  . . .
. X .  O X .  . . .

X . O  . X .  X . .
X X O  O X O  X . X
O . X  O . O  . . O

X . .  X X .  X . .
X . .  . . .  O X O
X O .  . O O  . . X
macro:
OO.
X..
X.X
raw: value +0.65, top move 49 (board 6 cell 5) p=0.60;   search: value -0.95, move 52 (board 6 cell 8) (raw p=0.062, visits 103/256)
========================================================================
value surprise -1.56   ply 48
to move: X   next board: 7   moves: 48
O . .  . X .  . X X
. . O  O O O  . . O
X O O  . X .  . O .

. X .  . . .  X X O
X . O  X X X  O O X
. X O  O . .  X O X

. . O  X O .  X O X
. . O  O . X  . . X
X . O  . X O  . O X
macro:
.O.
.X#
O.X
raw: value +0.57, top move 65 (board 8 cell 3) p=0.98;   search: value -0.99, move 65 (board 8 cell 3) (raw p=0.979, visits 107/256)
========================================================================
value surprise -1.53   ply 40
to move: X   next board: 8   moves: 40
O O .  X O .  X O O
. . .  X . .  . . X
O X .  X O .  X O .

. . .  . . X  . . X
O . .  . O X  O O O
X X X  . . .  . . .

. X X  X . O  . X O
. . .  . X X  . . .
O O O  . O X  . . O
macro:
.X.
X.O
OX.
raw: value +0.62, top move 72 (board 9 cell 1) p=0.37;   search: value -0.91, move 72 (board 9 cell 1) (raw p=0.369, visits 86/256)
========================================================================
value surprise -1.51   ply 44
to move: X   next board: 8   moves: 44
. O X  X . .  . . .
O O X  . . X  O . .
. O .  X O X  O O O

X X X  O . .  X O .
O X .  O X .  X . O
. . .  X . X  . O .

O O X  . O X  X . .
. . .  . . X  . O O
. . O  . X X  X . O
macro:
O.O
X..
.X.
raw: value +0.53, top move 75 (board 9 cell 4) p=0.79;   search: value -0.97, move 73 (board 9 cell 2) (raw p=0.138, visits 96/256)
========================================================================
value surprise -1.50   ply 48
to move: X   next board: 6   moves: 48
X X O  O X .  . O X
O . O  . O .  O X O
X . .  . X O  O . .

X . X  O . O  . . X
X . O  X X X  O O X
X . .  . . .  X X O

. X .  O O .  . . X
O . O  . . .  . . X
O X .  O X O  . O X
macro:
.O.
XX.
..X
raw: value +0.55, top move 56 (board 7 cell 3) p=0.70;   search: value -0.95, move 56 (board 7 cell 3) (raw p=0.698, visits 96/256)
========================================================================
value surprise -1.45   ply 46
to move: X   next board: 3   moves: 46
X O X  . X X  O . X
X . .  . . X  X O O
. . .  . O X  O . O

O O X  . . .  . O X
O . O  X X X  O X .
X . .  O O .  O . .

. . O  . . .  O O O
O X .  X . .  . . .
X O X  X X O  . . X
macro:
.XO
.X.
..O
raw: value +0.87, top move 34 (board 4 cell 8) p=0.99;   search: value -0.58, move 34 (board 4 cell 8) (raw p=0.994, visits 107/256)
========================================================================
value surprise -1.43   ply 38
to move: X   next board: 6   moves: 38
O . .  X O O  . . X
O . X  . . O  O . X
O . .  . X O  . . .

. X .  . X .  . X .
. . X  . X .  O O O
. X .  . X O  . O .

X . .  . O .  X X O
. . .  . O X  . O .
. . X  . O X  O . X
macro:
OO.
.XO
.OO
raw: value +0.50, top move 60 (board 7 cell 7) p=0.77;   search: value -0.93, move 60 (board 7 cell 7) (raw p=0.771, visits 84/256)
========================================================================
value surprise -1.40   ply 44
to move: X   next board: 8   moves: 44
O . X  O . .  X . O
. X O  . . .  X . .
X O O  O . X  O . .

. . X  O . .  X . .
O X .  O X .  . O X
X . .  O . .  O . X

X X O  . X .  X O .
O . X  . . O  . . .
X X O  . X O  O O X
macro:
X..
XO.
...
raw: value +0.84, top move 76 (board 9 cell 5) p=0.36;   search: value -0.56, move 77 (board 9 cell 6) (raw p=0.307, visits 96/256)
========================================================================
value surprise -1.39   ply 47
to move: O   next board: any   moves: 47
X X X  O O O  O . X
. . X  . . X  O . X
. O .  . X X  O . .

O O O  . . O  O X .
X . .  . X X  X X O
. X X  . . O  . O O

. . .  O . X  X X .
O O O  O . .  X . O
X . .  X . .  X . O
macro:
XOO
O..
O.X
raw: value +0.99, top move 39 (board 5 cell 4) p=0.49;   search: value -0.41, move 68 (board 8 cell 6) (raw p=0.480, visits 73/256)
========================================================================
value surprise -1.38   ply 47
to move: O   next board: any   moves: 47
X O .  . X .  . . O
. O .  O X .  . . .
. X X  . X .  X X X

. . O  O . X  . O X
X . O  X X X  . O X
. . O  O X O  . . O

O . O  X O .  O . X
. O .  X O .  . X O
X . O  . O .  X O X
macro:
.XX
OX.
OOX
raw: value +1.00, top move 5 (board 1 cell 6) p=0.97;   search: value -0.39, move 5 (board 1 cell 6) (raw p=0.973, visits 77/256)
========================================================================
value surprise -1.37   ply 41
to move: O   next board: 5   moves: 41
O O X  X . .  . . X
O X .  . . X  . . .
. O .  O O X  O O .

X X .  . O O  X . .
. . .  . X .  X . O
X O O  . . X  . . .

. . .  X X .  O O .
O O O  X . X  O . .
X X .  X O .  . . X
macro:
...
...
OX.
raw: value +0.52, top move 53 (board 6 cell 9) p=0.49;   search: value -0.85, move 46 (board 6 cell 2) (raw p=0.426, visits 86/256)
========================================================================
value surprise -1.37   ply 36
to move: X   next board: 6   moves: 36
. . .  . X .  . . O
X X X  O O O  X X X
. . .  . . .  . . .

. X O  O X X  . . O
. O X  . O X  O . O
O X .  . . X  X . O

O O .  . . .  O . .
X . .  O . .  . . .
. . .  X . .  O . X
macro:
XOX
OXO
...
raw: value +0.50, top move 62 (board 7 cell 9) p=0.65;   search: value -0.87, move 62 (board 7 cell 9) (raw p=0.652, visits 86/256)
========================================================================
value surprise -1.34   ply 42
to move: X   next board: 1   moves: 42
O . O  . O X  X O O
. O O  X O .  . O .
O X .  . X X  X . X

. O .  X X X  X X X
O . .  . X .  . . .
. X .  . . O  . . .

X O .  X . O  . O .
. . .  . O O  X . O
X O .  O X .  . . .
macro:
O..
.XX
.O.
raw: value +0.50, top move 15 (board 2 cell 7) p=0.48;   search: value -0.84, move 9 (board 2 cell 1) (raw p=0.247, visits 107/256)
========================================================================
value surprise -1.34   ply 38
to move: X   next board: 7   moves: 38
X O .  X X X  . . O
X . .  . . .  X . .
. O .  O O .  X O .

O O O  . . .  . . X
X . X  . X O  O . X
. . .  . . O  O O .

O O .  . X .  . . .
O X .  . . X  . . O
X . .  . X O  X . X
macro:
.X.
O..
...
raw: value +0.64, top move 65 (board 8 cell 3) p=0.63;   search: value -0.70, move 65 (board 8 cell 3) (raw p=0.628, visits 103/256)
========================================================================
value surprise -1.34   ply 49
to move: O   next board: any   moves: 49
X O .  O X O  . X X
. . .  . O .  O O X
X O .  X X O  X . O

O O O  . X X  . . .
X . .  O X .  X X X
. . .  O X .  . O O

. O O  X X X  . . .
. O O  X . .  . . O
X O .  . O O  X X X
macro:
.O.
OXX
OXX
raw: value +1.00, top move 4 (board 1 cell 5) p=1.00;   search: value -0.34, move 4 (board 1 cell 5) (raw p=0.999, visits 84/256)
========================================================================
value surprise -1.34   ply 49
to move: O   next board: any   moves: 49
X X X  O O O  O . X
. . .  . . X  O . X
. O .  . X X  O . .

O O O  . . O  . X O
X . .  . X X  X X O
. X X  . . O  . O O

. . .  O X X  X X .
O O O  O . X  X . O
X . .  X O .  X . O
macro:
XOO
O.O
O.X
raw: value +1.00, top move 43 (board 5 cell 8) p=0.97;   search: value -0.34, move 43 (board 5 cell 8) (raw p=0.971, visits 84/256)
========================================================================
value surprise -1.34   ply 50
to move: X   next board: any   moves: 50
X O .  O X .  O X X
. X .  O . .  . O .
. O X  X X O  X . .

X . .  . . .  . . X
X . O  . X .  O . X
X O .  O O O  O O X

O O O  O X .  . . O
. O X  X X X  . . O
X O .  X O X  . X O
macro:
X..
XOX
OXO
raw: value +1.00, top move 26 (board 3 cell 9) p=1.00;   search: value -0.34, move 26 (board 3 cell 9) (raw p=0.998, visits 84/256)
========================================================================
value surprise -1.34   ply 48
to move: X   next board: any   moves: 48
. . .  X O O  . O X
O O O  X . .  O X .
. . .  O . .  X O X

X . O  . . .  . . .
O . X  . O .  . . X
X X .  X X X  O O O

X . O  O X X  X X .
X O X  O . X  . . .
O X .  . O X  O O O
macro:
O.X
.XO
OXO
raw: value +1.00, top move 13 (board 2 cell 5) p=1.00;   search: value -0.34, move 13 (board 2 cell 5) (raw p=0.998, visits 84/256)
========================================================================
value surprise -1.34   ply 46
to move: X   next board: any   moves: 46
O O X  X X O  O X X
. . X  . . O  O . .
. . X  . O O  O . .

. X .  X . O  X . .
X O X  . X .  X . O
. X O  . . X  X . .

. . .  . O X  O O O
O O O  . . .  O . .
X . .  O X X  X O X
macro:
XOO
.XX
O.O
raw: value +1.00, top move 27 (board 4 cell 1) p=1.00;   search: value -0.34, move 27 (board 4 cell 1) (raw p=0.996, visits 84/256)
========================================================================
value surprise -1.33   ply 48
to move: X   next board: 0   moves: 48
X . .  . X O  . O X
. . .  O X .  . X .
. . O  O X .  X O .

. X O  O . .  O O O
X . O  O X .  X . X
X X .  O . .  . O .

. O O  . X .  . . X
O X .  O X O  . . X
X O X  X X O  O O X
macro:
.XX
.OO
.XX
raw: value +0.99, top move 6 (board 1 cell 7) p=0.89;   search: value -0.34, move 6 (board 1 cell 7) (raw p=0.890, visits 84/256)
========================================================================
value surprise -1.32   ply 42
to move: X   next board: any   moves: 42
O . X  X O .  . . O
X O O  X . .  . . O
X . X  X . .  . X O

. O .  X . .  . . .
X O X  . X O  . . X
O . .  . . X  O O O

. O .  O X X  . . X
. O .  . O .  . . X
X O .  . X O  . O X
macro:
.XO
.XO
OOX
raw: value +1.00, top move 7 (board 1 cell 8) p=1.00;   search: value -0.32, move 7 (board 1 cell 8) (raw p=0.998, visits 86/256)
========================================================================
value surprise -1.32   ply 44
to move: X   next board: 0   moves: 44
X . .  . X .  O . O
. . .  . X O  O X .
X . O  . X .  X X .

. . .  O . O  . O X
X X O  O X O  O X X
. X X  . . O  X . .

. O O  O O .  . . X
. . O  O . .  . . X
X . O  O X .  . O X
macro:
.X.
.OX
OOX
raw: value +1.00, top move 3 (board 1 cell 4) p=1.00;   search: value -0.32, move 3 (board 1 cell 4) (raw p=0.998, visits 86/256)

### largest policy surprises (search chooses a move the net almost never considers)
========================================================================
policy surprise: raw p(search move) = 0.0045   ply 40
to move: X   next board: 6   moves: 40
X . .  . O .  . . .
O . O  . . X  . . .
O . X  . . X  X . .

. . .  X . .  O X .
X X X  . X .  . O X
. O .  O O X  . O O

O . O  X O .  . . .
. . .  O . X  O O O
X X .  . X O  O X X
macro:
...
XXO
..O
raw: value +0.52, top move 62 (board 7 cell 9) p=0.81;   search: value -0.22, move 58 (board 7 cell 5) (raw p=0.005, visits 103/256)
========================================================================
policy surprise: raw p(search move) = 0.0054   ply 43
to move: O   next board: 4   moves: 43
X . O  . X X  . O X
. . .  . X .  . O X
O . .  . O X  . X X

. . X  . O O  O . .
O X .  X X .  O . X
X . O  . . .  O . .

. O .  . . O  X O O
O . X  . . O  X . .
X . X  . X O  O X O
macro:
..X
X.O
.O.
raw: value -0.86, top move 36 (board 5 cell 1) p=0.36;   search: value -0.95, move 43 (board 5 cell 8) (raw p=0.005, visits 103/256)
========================================================================
policy surprise: raw p(search move) = 0.0066   ply 41
to move: O   next board: 2   moves: 41
X O .  . X O  . X X
. O .  O . O  O . .
. . .  O O .  O O X

. X X  O . .  . . X
X . .  . X .  O . X
X O .  . X .  . . X

X X X  . X O  . . O
. . .  O . O  . . O
O . .  . X X  . X O
macro:
...
..X
X.O
raw: value -0.63, top move 18 (board 3 cell 1) p=0.98;   search: value -0.98, move 23 (board 3 cell 6) (raw p=0.007, visits 107/256)
========================================================================
policy surprise: raw p(search move) = 0.0094   ply 40
to move: X   next board: 0   moves: 40
O . X  O X .  O . .
. . O  O X .  O . .
. . X  . X .  X . .

. X .  X O O  . . .
. X .  . X X  . . O
. X .  O . O  X X X

. . X  X O .  . O .
. . X  O . O  . O .
O X O  O . .  . O X
macro:
.X.
X.X
..O
raw: value +0.49, top move 6 (board 1 cell 7) p=0.69;   search: value -0.45, move 3 (board 1 cell 4) (raw p=0.009, visits 103/256)
========================================================================
policy surprise: raw p(search move) = 0.0116   ply 45
to move: O   next board: 6   moves: 45
X X O  O X .  . X X
O . O  . O .  . X .
. O .  . O O  O X O

. . O  . O .  X X X
X X O  X X X  . . O
. X .  O . .  . . .

. . .  O . O  . . O
O . .  O . X  . O .
X X .  X O X  . X X
macro:
.OX
.XX
...
raw: value -1.00, top move 54 (board 7 cell 1) p=0.89;   search: value -1.00, move 58 (board 7 cell 5) (raw p=0.012, visits 86/256)
========================================================================
policy surprise: raw p(search move) = 0.0142   ply 28
to move: X   next board: 2   moves: 28
. . X  O X .  . . O
. . X  O . .  . . O
. . X  . . .  . . .

O X .  . . .  . . X
O . .  . X .  X . O
. X .  . X O  X . .

O O .  . . .  . . .
. . .  X . .  . O O
X . .  O O .  . . X
macro:
X..
...
...
raw: value +0.47, top move 26 (board 3 cell 9) p=0.61;   search: value +0.20, move 21 (board 3 cell 4) (raw p=0.014, visits 84/256)
========================================================================
policy surprise: raw p(search move) = 0.0155   ply 33
to move: O   next board: 7   moves: 33
O . .  X . .  . . .
O . .  X . .  . X .
. . X  X . .  . . .

. O .  . . O  X O .
X . X  . X O  . . .
X O .  . . O  X O .

. O .  . . .  . . .
O . O  O . .  . X X
O X O  X X .  X . O
macro:
.X.
.O.
...
raw: value -0.18, top move 71 (board 8 cell 9) p=0.61;   search: value -0.77, move 65 (board 8 cell 3) (raw p=0.015, visits 86/256)
========================================================================
policy surprise: raw p(search move) = 0.0162   ply 33
to move: O   next board: 4   moves: 33
O . .  X X X  O . X
O . .  . . O  O . .
O X .  . . .  O . .

X . X  . . O  . O .
O . .  . X X  . . X
. X .  . . .  . O O

X O .  . O .  . . .
. . .  X . .  . X X
. . X  X O .  . . O
macro:
OXO
...
...
raw: value -0.28, top move 39 (board 5 cell 4) p=0.93;   search: value -0.95, move 42 (board 5 cell 7) (raw p=0.016, visits 86/256)
========================================================================
policy surprise: raw p(search move) = 0.0162   ply 45
to move: O   next board: 1   moves: 45
O X .  O X .  . . O
X O O  . . O  X X X
. X .  O . X  . . .

O O .  X . O  X X O
X O X  X . X  O O X
. O .  . . .  . X O

. . .  . X X  X . .
O . O  . . O  . . .
X X .  O O .  X . O
macro:
..X
O..
...
raw: value -0.07, top move 16 (board 2 cell 8) p=0.48;   search: value -0.97, move 11 (board 2 cell 3) (raw p=0.016, visits 96/256)
========================================================================
policy surprise: raw p(search move) = 0.0180   ply 38
to move: X   next board: any   moves: 38
X O .  . . .  . . X
. O .  . . .  O . O
X O .  . X O  O . .

X . X  O . .  . . X
X . O  . X X  . . X
X . .  O . .  O X O

X . O  O . .  . X .
O X O  O . .  O . .
X . X  O . .  . X .
macro:
O..
X..
XO.
raw: value +0.68, top move 39 (board 5 cell 4) p=0.84;   search: value -0.49, move 38 (board 5 cell 3) (raw p=0.018, visits 60/256)
========================================================================
policy surprise: raw p(search move) = 0.0193   ply 29
to move: O   next board: 3   moves: 29
X . .  O X .  . . X
. . .  X . X  . . .
. O .  . . O  O . .

. X .  . O O  . . .
O . .  . X .  . . X
. . .  . . .  . O O

. . .  . O .  . O .
. . O  . . .  X X .
X . O  X X X  . O X
macro:
...
...
.X.
raw: value -0.54, top move 32 (board 4 cell 6) p=0.73;   search: value -0.48, move 35 (board 4 cell 9) (raw p=0.019, visits 84/256)
========================================================================
policy surprise: raw p(search move) = 0.0201   ply 37
to move: O   next board: 6   moves: 37
X O .  . X O  O . X
. X O  . . O  O . X
X . O  . . O  . . .

X X X  O . .  O X O
O . X  . O .  O . .
. . .  . X .  X O .

. . .  . . .  X . .
O . X  . X X  X . .
O . .  . O .  X . .
macro:
.O.
X..
..X
raw: value +0.14, top move 54 (board 7 cell 1) p=0.57;   search: value -0.56, move 56 (board 7 cell 3) (raw p=0.020, visits 86/256)
========================================================================
policy surprise: raw p(search move) = 0.0201   ply 43
to move: O   next board: 0   moves: 43
X X .  X O O  . . X
X . .  . . .  . . X
. O .  . X X  O . X

O O O  O O O  . X .
. . .  . X .  X X O
. X X  . O .  . X .

. . .  O . O  . . O
O X O  O X O  X . O
X . .  X X .  . . O
macro:
..X
OOX
..O
raw: value -0.83, top move 6 (board 1 cell 7) p=0.93;   search: value -0.99, move 8 (board 1 cell 9) (raw p=0.020, visits 103/256)
========================================================================
policy surprise: raw p(search move) = 0.0204   ply 25
to move: O   next board: 7   moves: 25
X O .  X X .  . O X
. O .  . . .  . . .
. . .  . O .  . . .

. . .  O . .  . . .
X . .  X X .  O . X
O . O  . . .  . X .

. . O  . . .  . . .
. . .  . . O  . . O
X . .  . X O  . X X
macro:
...
...
...
raw: value -0.47, top move 65 (board 8 cell 3) p=0.63;   search: value -0.59, move 69 (board 8 cell 7) (raw p=0.020, visits 86/256)
========================================================================
policy surprise: raw p(search move) = 0.0206   ply 40
to move: X   next board: 6   moves: 40
X X O  . O X  . X X
. . O  X . O  . . .
. X X  O X O  O . O

O . .  O . .  O X .
O . .  . X .  X . .
O X .  . . .  . X .

X X .  O O .  . O O
. . .  X . O  . . X
X O .  O . .  . . X
macro:
...
O..
...
raw: value -0.74, top move 59 (board 7 cell 6) p=0.70;   search: value -0.87, move 62 (board 7 cell 9) (raw p=0.021, visits 103/256)
========================================================================
policy surprise: raw p(search move) = 0.0207   ply 41
to move: O   next board: any   moves: 41
X O .  . X O  . . X
. O .  . . O  . . .
X . .  . X X  O O O

X . .  O . .  . . .
X . .  O X .  O . X
X O .  O . .  . X X

. X .  O O X  . . X
. X .  O . O  . X O
O X .  O X .  . X O
macro:
..O
XO.
XO.
raw: value -0.51, top move 73 (board 9 cell 2) p=0.54;   search: value -0.99, move 3 (board 1 cell 4) (raw p=0.021, visits 60/256)
========================================================================
policy surprise: raw p(search move) = 0.0224   ply 25
to move: O   next board: 7   moves: 25
X . .  . X .  . O X
. . .  . . .  . . .
. . O  O X .  . . .

. . .  O . .  . . O
X . O  . X .  . . X
X . .  X . .  . . .

. O .  . . .  . . .
O O .  O . .  . . .
X O .  X X .  . O X
macro:
...
...
O..
raw: value -0.55, top move 71 (board 8 cell 9) p=0.48;   search: value -0.62, move 67 (board 8 cell 5) (raw p=0.022, visits 86/256)
========================================================================
policy surprise: raw p(search move) = 0.0226   ply 41
to move: O   next board: 0   moves: 41
. . .  . O X  X O X
. . .  . . X  O . O
. O .  . O X  O X .

. X O  . . .  . X X
O . X  . X X  . X O
. . .  . O O  . O O

. . O  X O X  . . O
X . .  X . O  . O .
X . .  O X .  . X X
macro:
.X.
...
...
raw: value -0.47, top move 2 (board 1 cell 3) p=0.82;   search: value -0.89, move 3 (board 1 cell 4) (raw p=0.023, visits 77/256)
========================================================================
policy surprise: raw p(search move) = 0.0231   ply 29
to move: O   next board: 1   moves: 29
O X .  . O .  . . X
. . .  . . X  . O .
. . O  . . O  . . .

. . .  . . O  . X .
X . O  . X X  . . O
O . .  . . .  . X O

X . .  . . .  X X .
. . .  O . .  X . .
X . O  O X .  . O X
macro:
...
...
...
raw: value -0.46, top move 9 (board 2 cell 1) p=0.60;   search: value -0.49, move 15 (board 2 cell 7) (raw p=0.023, visits 86/256)
========================================================================
policy surprise: raw p(search move) = 0.0231   ply 22
to move: X   next board: 7   moves: 22
X O .  . X X  . . X
. . .  . . .  O . O
. . .  . O .  . . .

. . .  O . .  . O .
O . X  . X .  X . .
X O .  . . .  . . .

. . .  . . .  . . O
X . .  . . .  . . .
O . .  . X O  . . X
macro:
...
...
...
raw: value +0.37, top move 64 (board 8 cell 2) p=0.81;   search: value +0.28, move 67 (board 8 cell 5) (raw p=0.023, visits 84/256)
========================================================================
policy surprise: raw p(search move) = 0.0233   ply 28
to move: X   next board: 3   moves: 28
X . .  . . .  . O X
. . .  . . .  . . X
O O O  . X O  . . .

. . .  . . .  O . .
O . X  . X .  O . X
. . .  O . .  O . .

X . O  X X O  . . .
X . .  . . .  . . O
X . .  . O .  . X X
macro:
O..
..O
X..
raw: value +0.41, top move 28 (board 4 cell 2) p=0.43;   search: value -0.05, move 33 (board 4 cell 7) (raw p=0.023, visits 84/256)
========================================================================
policy surprise: raw p(search move) = 0.0241   ply 41
to move: O   next board: 3   moves: 41
O . .  X O .  . X X
X O .  X . O  . . .
. . O  O . O  O . X

. O .  . X O  X X O
. . O  . X .  X . X
. X X  . X .  . . .

. . .  . . O  X X .
O . .  . . O  O O O
X X .  . X O  . O X
macro:
O..
.X.
.OO
raw: value -0.85, top move 33 (board 4 cell 7) p=0.48;   search: value -1.00, move 27 (board 4 cell 1) (raw p=0.024, visits 103/256)
========================================================================
policy surprise: raw p(search move) = 0.0244   ply 55
to move: O   next board: 0   moves: 55
X O O  X O .  X . X
X . O  X O X  . X O
. . .  . . X  O O .

O O X  O O .  X X O
X . O  . X X  O X X
O . .  X O O  X O O

. . O  . X .  . . X
X . X  . X O  O O O
O . X  . X O  . X X
macro:
...
..#
.XO
raw: value -0.99, top move 6 (board 1 cell 7) p=0.93;   search: value -1.00, move 7 (board 1 cell 8) (raw p=0.024, visits 96/256)
========================================================================
policy surprise: raw p(search move) = 0.0247   ply 46
to move: X   next board: any   moves: 46
O . .  . O .  . . X
X . .  X X X  O O O
. . X  . . .  . . .

O . .  . . O  . O .
O O X  . O X  X X .
X X O  O X .  X O O

X X .  . X .  . O X
. . .  O X O  X O .
O O X  . X O  . O X
macro:
.XO
OO.
.XO
raw: value -0.23, top move 50 (board 6 cell 6) p=0.21;   search: value -0.99, move 59 (board 7 cell 6) (raw p=0.025, visits 76/256)
========================================================================
policy surprise: raw p(search move) = 0.0251   ply 13
to move: O   next board: 2   moves: 13
. . .  . X .  . . .
. . O  . . O  . . .
. X .  . . .  . . .

X . .  O . .  . O X
O . .  . X .  . . X
. . .  . . .  . . .

. . .  . . .  . . .
. . .  X . .  . . .
. . .  . O .  . . .
macro:
...
...
...
raw: value -0.43, top move 20 (board 3 cell 3) p=0.94;   search: value -0.48, move 25 (board 3 cell 8) (raw p=0.025, visits 88/256)
========================================================================
policy surprise: raw p(search move) = 0.0260   ply 42
to move: X   next board: 0   moves: 42
X O X  X X O  O O X
X O .  O . .  . . X
. . .  . O .  O . .

. . X  O . .  O . .
X O X  X X X  O . X
O O .  . . .  O . .

O X O  . X .  . . .
. . .  . X .  O . O
X O X  . X O  . . X
macro:
...
.XO
.X.
raw: value +0.40, top move 6 (board 1 cell 7) p=0.81;   search: value -0.74, move 5 (board 1 cell 6) (raw p=0.026, visits 96/256)
========================================================================
policy surprise: raw p(search move) = 0.0265   ply 24
to move: X   next board: 6   moves: 24
X O .  . X .  . . O
. . .  . . .  . . .
. O .  . O .  X . .

X . .  O . .  . . X
X . O  . X .  O . X
. . .  . . .  . . X

. . .  . . .  . . .
. . .  O . O  . . O
O . .  . X X  . X O
macro:
...
..X
...
raw: value +0.54, top move 54 (board 7 cell 1) p=0.57;   search: value +0.29, move 58 (board 7 cell 5) (raw p=0.026, visits 77/256)
========================================================================
policy surprise: raw p(search move) = 0.0266   ply 26
to move: X   next board: 2   moves: 26
X O .  . X .  O . X
X . .  . . X  . . .
O . .  . O .  . . .

O O O  . . .  . . .
X . .  . X .  O . X
. . .  O . .  O . .

X . O  . . .  . . .
X . .  . . .  . . O
X . .  . X O  . . X
macro:
...
O..
X..
raw: value +0.35, top move 26 (board 3 cell 9) p=0.75;   search: value +0.13, move 25 (board 3 cell 8) (raw p=0.027, visits 84/256)
========================================================================
policy surprise: raw p(search move) = 0.0270   ply 47
to move: O   next board: 8   moves: 47
O . X  . O .  O . X
. . X  X X .  . . .
. . X  X O .  O O O

O X .  . . O  X O .
O . .  . X O  . . .
O X .  . X .  X X X

. O .  O X X  . . X
O O .  X . O  X . O
X X X  O O X  . O O
macro:
X.O
O.X
X..
raw: value -0.88, top move 73 (board 9 cell 2) p=0.88;   search: value -1.00, move 76 (board 9 cell 5) (raw p=0.027, visits 96/256)
========================================================================
policy surprise: raw p(search move) = 0.0272   ply 24
to move: X   next board: 1   moves: 24
. . .  . . .  . . X
. O X  . . O  . . O
. . .  . . O  . . .

O . .  . X .  X X O
X . .  . . X  . . .
. . .  . . .  O O .

. . .  . . .  . O .
O . .  . . X  . . .
X X .  O O X  . X .
macro:
...
...
...
raw: value +0.45, top move 10 (board 2 cell 2) p=0.35;   search: value +0.30, move 13 (board 2 cell 5) (raw p=0.027, visits 84/256)
