runs/deep8_c1_300_e4/probes.json: 16 checkpoints + control x 10 layers; 50000 train / 10000 test positions; probe hidden=0

concept                kind        base ctrl@best  final   gain best layer learned by  gain by layer at the final checkpoint
free_move              binary     0.900     0.985  0.998 +0.013    block03        120  +0.00 +0.01 +0.01 +0.01 +0.01 +0.01 +0.01 +0.01 +0.01 +0.01
target_board           class:10   0.112     0.995  0.998 +0.003    block07          -  +0.00 +0.00 +0.00 +0.00 +0.00 +0.00 +0.00 +0.00 +0.00 +0.00
threats_for            reg        0.000     0.700  0.858 +0.158    block06        100  +0.00 +0.03 +0.04 +0.08 +0.11 +0.16 +0.15 +0.16 +0.13 +0.11
threats_against        reg        0.000     0.732  0.871 +0.138    block06         40  +0.00 +0.03 +0.04 +0.05 +0.12 +0.13 +0.13 +0.14 +0.13 +0.10
threat_for_any         binary     0.867     0.919  0.974 +0.055    block06         80  +0.00 +0.02 +0.01 +0.02 +0.02 +0.04 +0.04 +0.06 +0.05 +0.05
dead_count             reg        0.000    -0.008  0.518 +0.526    block04        140  +0.00 +0.12 +0.12 +0.29 +0.49 +0.53 +0.48 +0.42 +0.31 +0.35
local_win_now          binary     0.737     0.874  0.988 +0.114    block05         10  +0.00 +0.01 +0.01 +0.07 +0.10 +0.11 +0.11 +0.11 +0.11 +0.10
local_threat_against   binary     0.709     0.934  0.987 +0.053    block07         60  +0.00 +0.01 +0.03 +0.03 +0.05 +0.05 +0.05 +0.05 +0.05 +0.05
macro_win_now          binary     0.982     0.929  0.963 +0.034    block08         40  +0.00 +0.01 -0.00 +0.00 +0.00 +0.00 -0.01 +0.00 +0.02 +0.03
count_margin           reg        0.000     1.000  1.000 +0.000      input          -  +0.00 -0.00 -0.00 -0.00 -0.01 -0.01 -0.01 -0.01 -0.02 -0.02
open_count             reg        0.000     0.992  0.993 +0.002    block02          -  +0.00 +0.00 +0.00 +0.00 -0.00 -0.00 -0.00 -0.00 -0.00 -0.01
empties                reg        0.000     0.992  0.994 +0.002    block02          -  +0.00 +0.00 +0.00 +0.00 -0.00 -0.00 -0.00 -0.00 -0.00 -0.01
status_4               class:4    0.825     1.000  1.000 +0.000    block02          -  +0.00 +0.00 +0.00 +0.00 -0.00 -0.00 -0.00 -0.00 -0.00 -0.00
final_own_4            class:3    0.444     0.614  0.624 +0.010    block07          -  +0.00 +0.00 -0.00 -0.00 -0.00 +0.01 +0.00 +0.00 +0.01 +0.01
z                      class:3    0.447     0.629  0.682 +0.053    block08        220  +0.00 +0.01 -0.01 -0.01 +0.01 +0.02 +0.02 +0.04 +0.04 +0.05
best_move_now          class:81   0.025     0.587  0.728 +0.141    block08        160  +0.00 +0.02 +0.03 +0.04 +0.05 +0.07 +0.07 +0.08 +0.12 +0.14
best_move_ply2         class:81   0.029     0.378  0.448 +0.070    block08        140  +0.00 +0.00 +0.03 +0.04 +0.04 +0.05 +0.05 +0.06 +0.07 +0.07
exact_value            class:3    0.447     0.648  0.920 +0.272    block08        140  +0.00 +0.05 +0.05 +0.07 +0.08 +0.16 +0.20 +0.22 +0.24 +0.27
wrote runs/deep8_c1_300_e4/probes.png
