I1 second pass on runs/deep8_c1_300_e4/net_0300.pt started Thu, Sep 10, 2026  2:27:28 AM
=== corpus_stats (claims 24, 25, 27) (02:27)
    -> runs/plan6/I1_A6_corpus_stats.out (0)
=== puzzles (claim 32) (02:28)
    -> runs/plan6/I1_A7_puzzles.out (0)
=== surprise (claim 23) (02:28)
    -> runs/plan6/I1_B4_surprise.out (0)
=== freemove (claims 8, 10, 11, 13, 14) (02:29)
    -> runs/plan6/I1_A4_freemove.out (0)
=== decision on v2a (claims 20-22) (02:34)
    -> runs/plan6/I1_A3a_decision_on_v2a.out (0)
=== decision on deep10 late games (claims 20-22) (02:40)
    -> runs/plan6/I1_A3b_decision_on_deep10late.out (0)
=== atlas (claims 1-5) (02:48)
    -> runs/plan6/I1_A1_atlas.out (0)
=== atlas --report, reply-orbit gaps (claims 4, 5) (03:02)
    -> runs/plan6/I1_A1_atlas_orbits.out (0)
=== probe.py build (dataset for principles / tablebase_grade / value_decomp / probes) (03:02)
    -> runs/plan6/I1_B2_probe_build.out (0)
=== principles (claims 26, 33-35) (03:16)
    -> runs/plan6/I1_C2_principles.out (0)
=== tablebase_grade (claim 31a) (03:17)
    -> runs/plan6/I1_C5_tablebase_grade.out (0)
=== value_decomp (claims 9, 14-19) (03:17)
    -> runs/plan6/I1_B3_value_decomp.out (0)
=== book (claims 7, 7a) (04:58)
    -> runs/plan6/I1_C1_book.out (0)
=== book_stats (claim 7a) (05:45)
    -> runs/plan6/I1_C1_book_stats.out (0)
=== probe.py fit --control, 16 checkpoints (claims 36-39) (05:45)
    -> runs/plan6/I1_B2_probe_fit.out (0)
=== probe_report (claims 36-39) (07:22)
    -> runs/plan6/I1_B2_probe_report.out (0)
=== ownership_grade --control (claim 40) (07:22)
    -> runs/plan6/I1_E9_ownership_grade.out (0)
I1 DONE (07:23)
