=== deep10_c1_300_lr150 final in-run evals (checkpoint: runs/deep10_c1_300_lr150/net_0300.pt)
{'iter': 269, 'vs_v2b_net_0150': 0.777, 'ci_v2b_net_0150': [0.743, 0.809], 'vs_deep8_c1_300_net_0300': 0.484, 'ci_deep8_c1_300_net_0300': [0.436, 0.529], 'vs_deep10_c1_300_net_0300': 0.461, 'ci_deep10_c1_300_net_0300': [0.418, 0.501], 'eg_wdl_acc': 0.833, 'eg_brier': 0.2261, 'eg_regret_raw': 0.0513, 'eg_optimal_raw': 0.955, 'eg_acc3_search': 0.703, 'eg_regret_search': 0.0027, 'eg_optimal_search': 0.9977}
{'iter': 279, 'vs_v2b_net_0150': 0.762, 'ci_v2b_net_0150': [0.727, 0.796], 'vs_deep8_c1_300_net_0300': 0.495, 'ci_deep8_c1_300_net_0300': [0.455, 0.534], 'vs_deep10_c1_300_net_0300': 0.444, 'ci_deep10_c1_300_net_0300': [0.404, 0.486], 'eg_wdl_acc': 0.8353, 'eg_brier': 0.224, 'eg_regret_raw': 0.052, 'eg_optimal_raw': 0.9547, 'eg_acc3_search': 0.7043, 'eg_regret_search': 0.0037, 'eg_optimal_search': 0.9967}
{'iter': 289, 'vs_v2b_net_0150': 0.767, 'ci_v2b_net_0150': [0.731, 0.806], 'vs_deep8_c1_300_net_0300': 0.516, 'ci_deep8_c1_300_net_0300': [0.473, 0.558], 'vs_deep10_c1_300_net_0300': 0.432, 'ci_deep10_c1_300_net_0300': [0.389, 0.473], 'eg_wdl_acc': 0.8347, 'eg_brier': 0.2247, 'eg_regret_raw': 0.051, 'eg_optimal_raw': 0.955, 'eg_acc3_search': 0.7067, 'eg_regret_search': 0.002, 'eg_optimal_search': 0.998}
{'iter': 299, 'vs_v2b_net_0150': 0.74, 'ci_v2b_net_0150': [0.706, 0.777], 'vs_deep8_c1_300_net_0300': 0.488, 'ci_deep8_c1_300_net_0300': [0.449, 0.53], 'vs_deep10_c1_300_net_0300': 0.476, 'ci_deep10_c1_300_net_0300': [0.431, 0.522], 'eg_wdl_acc': 0.8333, 'eg_brier': 0.2245, 'eg_regret_raw': 0.051, 'eg_optimal_raw': 0.9553, 'eg_acc3_search': 0.704, 'eg_regret_search': 0.0023, 'eg_optimal_search': 0.9977}
wall-clock (h): 17.05
=== paired matches
paired suite openings_v1 (516 openings, 1032 games): A=runs/deep10_c1_300_lr150/net_0300.pt@64 vs B=runs/v2b/net_0150.pt@64  [64s]
  suite    pairs  score   95% CI (pairs)    Elo  95% CI          as X   as O   | X share  draws |  pairs won/split/lost
  empty        1   50.0%       n/a        n/a                 100.0%   0.0%   100.0%    0.0%      0 /   1 /   0
  orbits      15   75.0%  [ 60.0,  88.3]   +191 [ +70, +352]   73.3%  76.7%    48.3%   10.0%      9 /   4 /   2
  natural    250   74.7%  [ 71.2,  78.0]   +188 [+157, +220]   83.4%  66.0%    58.7%   12.2%    155 /  79 /  16
  random     250   75.8%  [ 72.5,  79.1]   +198 [+168, +231]   84.6%  67.0%    58.8%   11.6%    160 /  77 /  13
  all        516   75.2%  [ 72.9,  77.4]   +193 [+172, +214]   83.7%  66.7%    58.5%   11.8%    324 / 161 /  31
  end reasons: line 77.5%  count 10.7%  equal 11.8%  |  mean length 49.0
wrote runs/deep10_c1_300_lr150/paired_vs_v2b_64.json
paired suite openings_v1 (516 openings, 1032 games): A=runs/deep10_c1_300_lr150/net_0300.pt@64 vs B=runs/wide128_c1/net_0150.pt@64  [74s]
  suite    pairs  score   95% CI (pairs)    Elo  95% CI          as X   as O   | X share  draws |  pairs won/split/lost
  empty        1   50.0%       n/a        n/a                 100.0%   0.0%   100.0%    0.0%      0 /   1 /   0
  orbits      15   63.3%  [ 45.0,  80.0]    +95 [ -35, +241]   73.3%  53.3%    60.0%   13.3%      7 /   4 /   4
  natural    250   69.3%  [ 65.6,  72.9]   +141 [+112, +172]   76.8%  61.8%    57.5%   10.6%    133 /  91 /  26
  random     250   67.6%  [ 63.9,  71.3]   +128 [ +99, +158]   76.0%  59.2%    58.4%   17.2%    136 /  81 /  33
  all        516   68.3%  [ 65.7,  70.7]   +133 [+113, +153]   76.4%  60.2%    58.1%   13.9%    276 / 177 /  63
  end reasons: line 75.1%  count 11.0%  equal 13.9%  |  mean length 49.7
wrote runs/deep10_c1_300_lr150/paired_vs_wide128c1_64.json
paired suite openings_v1 (516 openings, 1032 games): A=runs/deep10_c1_300_lr150/net_0300.pt@64 vs B=runs/deep8_c1/net_0150.pt@64  [79s]
  suite    pairs  score   95% CI (pairs)    Elo  95% CI          as X   as O   | X share  draws |  pairs won/split/lost
  empty        1   50.0%       n/a        n/a                 100.0%   0.0%   100.0%    0.0%      0 /   1 /   0
  orbits      15   56.7%  [ 40.0,  73.3]    +47 [ -70, +176]   66.7%  46.7%    60.0%   20.0%      6 /   5 /   4
  natural    250   64.8%  [ 61.1,  68.4]   +106 [ +78, +134]   77.2%  52.4%    62.4%   12.8%    118 /  97 /  35
  random     250   64.7%  [ 60.9,  68.5]   +105 [ +77, +135]   73.4%  56.0%    58.7%   13.4%    120 /  92 /  38
  all        516   64.5%  [ 61.9,  67.1]   +104 [ +84, +123]   75.1%  53.9%    60.6%   13.3%    244 / 195 /  77
  end reasons: line 76.1%  count 10.7%  equal 13.3%  |  mean length 49.7
wrote runs/deep10_c1_300_lr150/paired_vs_deep8c1_64.json
paired suite openings_v1 (516 openings, 1032 games): A=runs/deep10_c1_300_lr150/net_0300.pt@64 vs B=runs/deep8_c1_300/net_0300.pt@64  [82s]
  suite    pairs  score   95% CI (pairs)    Elo  95% CI          as X   as O   | X share  draws |  pairs won/split/lost
  empty        1   50.0%       n/a        n/a                 100.0%   0.0%   100.0%    0.0%      0 /   1 /   0
  orbits      15   53.3%  [ 41.7,  65.0]    +23 [ -58, +108]   70.0%  36.7%    66.7%   20.0%      4 /   9 /   2
  natural    250   50.3%  [ 46.5,  53.9]     +2 [ -24,  +27]   62.4%  38.2%    62.1%   17.0%     73 / 108 /  69
  random     250   48.1%  [ 44.3,  51.9]    -13 [ -40,  +13]   56.6%  39.6%    58.5%   16.2%     65 / 103 /  82
  all        516   49.3%  [ 46.7,  51.9]     -5 [ -23,  +13]   59.9%  38.8%    60.6%   16.7%    142 / 221 / 153
  end reasons: line 71.3%  count 12.0%  equal 16.7%  |  mean length 50.7
wrote runs/deep10_c1_300_lr150/paired_vs_deep8c1_300_64.json
paired suite openings_v1 (516 openings, 1032 games): A=runs/deep10_c1_300_lr150/net_0300.pt@64 vs B=runs/deep10_c1_300/net_0300.pt@64  [84s]
  suite    pairs  score   95% CI (pairs)    Elo  95% CI          as X   as O   | X share  draws |  pairs won/split/lost
  empty        1   25.0%       n/a        n/a                  50.0%   0.0%    75.0%   50.0%      0 /   0 /   1
  orbits      15   45.0%  [ 33.3,  56.7]    -35 [-120,  +47]   43.3%  46.7%    48.3%   23.3%      3 /   8 /   4
  natural    250   45.4%  [ 41.8,  49.1]    -32 [ -58,   -6]   56.4%  34.4%    61.0%   16.0%     60 / 101 /  89
  random     250   45.6%  [ 41.9,  49.3]    -31 [ -57,   -5]   55.4%  35.8%    59.8%   20.4%     61 /  95 /  94
  all        516   45.4%  [ 42.8,  48.0]    -32 [ -50,  -14]   55.5%  35.4%    60.1%   18.4%    124 / 204 / 188
  end reasons: line 66.9%  count 14.7%  equal 18.4%  |  mean length 50.3
wrote runs/deep10_c1_300_lr150/paired_vs_deep10c1_300_64.json
paired suite openings_v1 (516 openings, 1032 games): A=runs/deep10_c1_300_lr150/net_0300.pt@64 vs B=runs/deep10_c1_300_s1/net_0300.pt@64  [83s]
  suite    pairs  score   95% CI (pairs)    Elo  95% CI          as X   as O   | X share  draws |  pairs won/split/lost
  empty        1   50.0%       n/a        n/a                 100.0%   0.0%   100.0%    0.0%      0 /   1 /   0
  orbits      15   36.7%  [ 20.0,  53.3]    -95 [-241,  +23]   33.3%  40.0%    46.7%   26.7%      4 /   3 /   8
  natural    250   49.7%  [ 45.8,  53.6]     -2 [ -29,  +25]   62.8%  36.6%    63.1%   15.8%     73 / 100 /  77
  random     250   48.0%  [ 44.3,  51.7]    -14 [ -40,  +12]   57.2%  38.8%    59.2%   21.6%     75 /  93 /  82
  all        516   48.5%  [ 45.8,  51.3]    -10 [ -29,   +9]   59.3%  37.7%    60.8%   18.9%    152 / 197 / 167
  end reasons: line 68.2%  count 12.9%  equal 18.9%  |  mean length 50.7
wrote runs/deep10_c1_300_lr150/paired_vs_deep10c1_300s1_64.json
paired suite openings_v1 (516 openings, 1032 games): A=runs/deep10_c1_300_lr150/net_0300.pt@64 vs B=runs/dev1/net_0200.pt@64  [63s]
  suite    pairs  score   95% CI (pairs)    Elo  95% CI          as X   as O   | X share  draws |  pairs won/split/lost
  empty        1   75.0%       n/a        n/a                 100.0%  50.0%    75.0%   50.0%      1 /   0 /   0
  orbits      15   93.3%  [ 85.0, 100.0]   +458 [+301, +1200]  90.0%  96.7%    46.7%    6.7%     14 /   1 /   0
  natural    250   82.6%  [ 79.7,  85.5]   +271 [+238, +308]   88.0%  77.2%    55.4%   10.8%    191 /  52 /   7
  random     250   86.2%  [ 83.6,  88.8]   +318 [+283, +360]   89.4%  83.0%    53.2%    8.0%    202 /  45 /   3
  all        516   84.6%  [ 82.7,  86.5]   +296 [+272, +322]   88.8%  80.5%    54.1%    9.4%    408 /  98 /  10
  end reasons: line 78.7%  count 11.9%  equal 9.4%  |  mean length 49.2
wrote runs/deep10_c1_300_lr150/paired_vs_dev1_64.json
=== endgame set
suites/endgame_v1.npz: 3000 positions, 2870 source games, W/D/L 0.333/0.333/0.333; free-move positions 0.441

runs/deep10_c1_300_lr150/net_0300.pt on endgame_v1  [28s]
evaluator                                       WDL acc %    Brier  logloss            3-way %  |err|             regret          optimal %
raw net (value head + policy argmax)     83.3 [81.9,84.8]    0.225    0.378   81.8 [80.4,83.4]  0.212 0.051 [0.042,0.060]   95.5 [94.8,96.3]
raw net, symmetry-averaged WDL           83.9 [82.5,85.2]    0.215    0.361   83.1 [81.7,84.5]  0.209                                      
search 32 sims                                                                67.2 [65.5,68.8]  0.350 0.006 [0.003,0.009]   99.4 [99.2,99.7]
search 64 sims                                                                70.4 [68.7,72.1]  0.321 0.002 [0.001,0.004]   99.8 [99.6,99.9]
search 256 sims                                                               69.7 [68.1,71.3]  0.333 0.001 [0.000,0.002]  99.9 [99.8,100.0]

WDL accuracy % by stratum: raw net (value head + policy argmax) | raw net, symmetry-averaged WDL
  empties 6-9      (n= 750):  93.1   93.2
  empties 10-12    (n= 750):  87.1   87.1
  empties 13-14    (n= 750):  79.9   81.2
  empties 15-16    (n= 750):  73.3   74.0
  mover wins       (n=1000):  91.1   91.4
  draw             (n=1000):  66.2   67.0
  mover loses      (n=1000):  92.7   93.2
  X to move        (n=1500):  83.6   84.0
  O to move        (n=1500):  83.1   83.7
  free move        (n=1324):  86.2   86.9
  sent to a board  (n=1676):  81.1   81.5

action regret by stratum: raw net (value head + policy argmax) | search 256 sims
  empties 6-9      (n= 750): 0.025  0.000
  empties 10-12    (n= 750): 0.039  0.000
  empties 13-14    (n= 750): 0.061  0.000
  empties 15-16    (n= 750): 0.079  0.003
  mover wins       (n=1000): 0.052  0.002
  draw             (n=1000): 0.101  0.000
  mover loses      (n=1000): 0.000  0.000
  X to move        (n=1500): 0.047  0.001
  O to move        (n=1500): 0.055  0.001
  free move        (n=1324): 0.069  0.000
  sent to a board  (n=1676): 0.036  0.001

optimal-move % by stratum: raw net (value head + policy argmax) | search 256 sims
  empties 6-9      (n= 750):  97.9  100.0
  empties 10-12    (n= 750):  96.4  100.0
  empties 13-14    (n= 750):  94.7  100.0
  empties 15-16    (n= 750):  93.2   99.7
  mover wins       (n=1000):  96.7   99.8
  draw             (n=1000):  89.9  100.0
  mover loses      (n=1000): 100.0  100.0
  X to move        (n=1500):  95.8   99.9
  O to move        (n=1500):  95.3   99.9
  free move        (n=1324):  94.0  100.0
  sent to a board  (n=1676):  96.7   99.9
