=== wide128_c1 final in-run evals
{'iter': 119, 'vs_dev1_net_0200': 0.69, 'ci_dev1_net_0200': [0.65, 0.725], 'vs_v2b_net_0150': 0.551, 'ci_v2b_net_0150': [0.508, 0.594], 'eg_wdl_acc': 0.7537, 'eg_brier': 0.3333, 'eg_regret_raw': 0.072, 'eg_optimal_raw': 0.941, 'eg_acc3_search': 0.703, 'eg_regret_search': 0.0083, 'eg_optimal_search': 0.992}
{'iter': 129, 'vs_dev1_net_0200': 0.694, 'ci_dev1_net_0200': [0.656, 0.731], 'vs_v2b_net_0150': 0.593, 'ci_v2b_net_0150': [0.556, 0.632], 'eg_wdl_acc': 0.7587, 'eg_brier': 0.3261, 'eg_regret_raw': 0.0687, 'eg_optimal_raw': 0.943, 'eg_acc3_search': 0.7043, 'eg_regret_search': 0.008, 'eg_optimal_search': 0.9923}
{'iter': 139, 'vs_dev1_net_0200': 0.728, 'ci_dev1_net_0200': [0.689, 0.767], 'vs_v2b_net_0150': 0.596, 'ci_v2b_net_0150': [0.558, 0.637], 'eg_wdl_acc': 0.7547, 'eg_brier': 0.3355, 'eg_regret_raw': 0.0707, 'eg_optimal_raw': 0.941, 'eg_acc3_search': 0.7027, 'eg_regret_search': 0.0077, 'eg_optimal_search': 0.9927}
{'iter': 149, 'vs_dev1_net_0200': 0.737, 'ci_dev1_net_0200': [0.699, 0.774], 'vs_v2b_net_0150': 0.564, 'ci_v2b_net_0150': [0.523, 0.608], 'eg_wdl_acc': 0.763, 'eg_brier': 0.3195, 'eg_regret_raw': 0.0673, 'eg_optimal_raw': 0.944, 'eg_acc3_search': 0.7087, 'eg_regret_search': 0.009, 'eg_optimal_search': 0.9917}
wall-clock (h): 4.52
=== paired matches
paired suite openings_v1 (516 openings, 1032 games): A=runs/wide128_c1/net_0150.pt@64 vs B=runs/v2b/net_0150.pt@64  [52s]
  suite    pairs  score   95% CI (pairs)    Elo  95% CI          as X   as O   | X share  draws |  pairs won/split/lost
  empty        1    0.0%       n/a        n/a                   0.0%   0.0%    50.0%    0.0%      0 /   0 /   1
  orbits      15   60.0%  [ 46.7,  73.3]    +70 [ -23, +176]   63.3%  56.7%    53.3%   13.3%      6 /   7 /   2
  natural    250   60.4%  [ 56.5,  64.2]    +73 [ +45, +101]   67.0%  53.8%    56.6%   13.6%    106 / 102 /  42
  random     250   61.6%  [ 57.7,  65.4]    +82 [ +54, +111]   71.0%  52.2%    59.4%   14.8%    114 /  93 /  43
  all        516   60.9%  [ 58.2,  63.5]    +77 [ +57,  +96]   68.7%  53.0%    57.8%   14.1%    226 / 202 /  88
  end reasons: line 75.2%  count 10.7%  equal 14.1%  |  mean length 49.0
wrote runs/wide128_c1/paired_vs_v2b_64.json
paired suite openings_v1 (516 openings, 1032 games): A=runs/wide128_c1/net_0150.pt@64 vs B=runs/dev1/net_0200.pt@64  [53s]
  suite    pairs  score   95% CI (pairs)    Elo  95% CI          as X   as O   | X share  draws |  pairs won/split/lost
  empty        1  100.0%       n/a        n/a                 100.0% 100.0%    50.0%    0.0%      1 /   0 /   0
  orbits      15   63.3%  [ 48.3,  78.3]    +95 [ -12, +223]   63.3%  63.3%    50.0%   13.3%      7 /   5 /   3
  natural    250   73.7%  [ 70.1,  77.1]   +179 [+148, +211]   82.0%  65.4%    58.3%   10.6%    154 /  77 /  19
  random     250   76.3%  [ 72.8,  79.8]   +203 [+171, +239]   83.6%  69.0%    57.3%   10.2%    159 /  75 /  16
  all        516   74.7%  [ 72.1,  77.1]   +188 [+165, +211]   82.3%  67.2%    57.6%   10.5%    321 / 157 /  38
  end reasons: line 75.7%  count 13.9%  equal 10.5%  |  mean length 49.3
wrote runs/wide128_c1/paired_vs_dev1_64.json
=== endgame set
suites/endgame_v1.npz: 3000 positions, 2870 source games, W/D/L 0.333/0.333/0.333; free-move positions 0.441

runs/wide128_c1/net_0150.pt on endgame_v1  [22s]
evaluator                                       WDL acc %    Brier  logloss            3-way %  |err|             regret          optimal %
raw net (value head + policy argmax)     76.3 [74.8,77.8]    0.319    0.538   75.0 [73.3,76.5]  0.317 0.067 [0.056,0.078]   94.4 [93.6,95.3]
raw net, symmetry-averaged WDL           77.5 [75.9,79.0]    0.305    0.514   75.9 [74.3,77.4]  0.310                                      
search 32 sims                                                                66.9 [65.2,68.5]  0.362 0.013 [0.009,0.018]   98.8 [98.4,99.2]
search 64 sims                                                                70.9 [69.2,72.5]  0.328 0.009 [0.006,0.013]   99.2 [98.8,99.5]
search 256 sims                                                               70.0 [68.4,71.6]  0.333 0.002 [0.001,0.004]   99.8 [99.6,99.9]

WDL accuracy % by stratum: raw net (value head + policy argmax) | raw net, symmetry-averaged WDL
  empties 6-9      (n= 750):  88.1   89.2
  empties 10-12    (n= 750):  80.1   81.9
  empties 13-14    (n= 750):  71.7   72.3
  empties 15-16    (n= 750):  65.2   66.7
  mover wins       (n=1000):  85.8   86.9
  draw             (n=1000):  54.4   55.9
  mover loses      (n=1000):  88.7   89.7
  X to move        (n=1500):  75.5   77.1
  O to move        (n=1500):  77.1   77.9
  free move        (n=1324):  79.5   81.0
  sent to a board  (n=1676):  73.8   74.8

action regret by stratum: raw net (value head + policy argmax) | search 256 sims
  empties 6-9      (n= 750): 0.040  0.000
  empties 10-12    (n= 750): 0.051  0.001
  empties 13-14    (n= 750): 0.084  0.003
  empties 15-16    (n= 750): 0.095  0.004
  mover wins       (n=1000): 0.086  0.000
  draw             (n=1000): 0.116  0.006
  mover loses      (n=1000): 0.000  0.000
  X to move        (n=1500): 0.063  0.004
  O to move        (n=1500): 0.072  0.000
  free move        (n=1324): 0.098  0.002
  sent to a board  (n=1676): 0.043  0.002

optimal-move % by stratum: raw net (value head + policy argmax) | search 256 sims
  empties 6-9      (n= 750):  96.5  100.0
  empties 10-12    (n= 750):  95.3   99.9
  empties 13-14    (n= 750):  93.1   99.7
  empties 15-16    (n= 750):  92.7   99.6
  mover wins       (n=1000):  94.8  100.0
  draw             (n=1000):  88.4   99.4
  mover loses      (n=1000): 100.0  100.0
  X to move        (n=1500):  94.7   99.6
  O to move        (n=1500):  94.1  100.0
  free move        (n=1324):  91.8   99.8
  sent to a board  (n=1676):  96.5   99.8
