=== opening analysis v2a net_0150
raw net value of the empty board for X: +0.308

raw policy at the empty board (%):
  0.1   0.1   0.0    0.0   0.0   0.0    0.0   0.1   0.1
  0.1   0.1   0.1    0.0   0.0   0.0    0.1   0.1   0.1
  0.0   0.1   0.1    0.0   0.0   0.0    0.1   0.1   0.0

  0.0   0.0   0.0    0.2   0.4   0.2    0.0   0.0   0.0
  0.0   0.0   0.0    0.4  94.9   0.4    0.0   0.0   0.0
  0.0   0.0   0.0    0.2   0.4   0.2    0.0   0.0   0.0

  0.0   0.1   0.1    0.0   0.0   0.0    0.1   0.1   0.0
  0.1   0.1   0.1    0.0   0.0   0.0    0.1   0.1   0.1
  0.1   0.1   0.0    0.0   0.0   0.0    0.0   0.1   0.1 

raw net value after each first move (X's perspective):
 0.154  0.044  0.045   0.006  0.090  0.006   0.045  0.044  0.154
 0.044  0.078  0.061   0.024 -0.008  0.024   0.061  0.078  0.044
 0.045  0.061  0.048   0.000  0.006  0.000   0.048  0.061  0.045

 0.006  0.024  0.000   0.114  0.099  0.114   0.000  0.024  0.006
 0.090 -0.008  0.006   0.099  0.219  0.099   0.006 -0.008  0.090
 0.006  0.024  0.000   0.114  0.099  0.114   0.000  0.024  0.006

 0.045  0.061  0.048   0.000  0.006  0.000   0.048  0.061  0.045
 0.044  0.078  0.061   0.024 -0.008  0.024   0.061  0.078  0.044
 0.154  0.044  0.045   0.006  0.090  0.006   0.045  0.044  0.154 

puct search, 8192 sims, root prior floor 0.25: root value +0.324; visits per first move:
     2      1      1       1      1      1       1      1      2
     1      1      1       1      1      1       1      1      1
     1      1      1       1      1      1       1      1      1

     1      1      1       2      2      2       1      1      1
     1      1      1       2   8100      2       1      1      1
     1      1      1       2      2      2       1      1      1

     1      1      1       1      1      1       1      1      1
     1      1      1       1      1      1       1      1      1
     2      1      1       1      1      1       1      1      2 

search Q per first move (X's perspective, unvisited = 0):
 0.151  0.045  0.045   0.006  0.090  0.006   0.045  0.045  0.151
 0.045  0.078  0.061   0.024 -0.008  0.024   0.061  0.078  0.045
 0.045  0.061  0.048   0.000  0.006  0.000   0.048  0.061  0.045

 0.006  0.024  0.000   0.092  0.114  0.092   0.000  0.024  0.006
 0.090 -0.008  0.006   0.114  0.327  0.114   0.006 -0.008  0.090
 0.006  0.024  0.000   0.092  0.114  0.092   0.000  0.024  0.006

 0.045  0.061  0.048   0.000  0.006  0.000   0.048  0.061  0.045
 0.045  0.078  0.061   0.024 -0.008  0.024   0.061  0.078  0.045
 0.151  0.045  0.045   0.006  0.090  0.006   0.045  0.045  0.151 

orbit table (15 symmetry classes): members | raw policy % | raw value | root-search visits/Q | deep value (4096 sims after the move)
  [40]                                     p= 94.9  v=+0.219  N=  8100  Q=+0.327  deep=+0.326
  [0, 20, 60, 80]                          p=  0.6  v=+0.154  N=     8  Q=+0.151  deep=+0.200
  [36, 38, 42, 44]                         p=  0.7  v=+0.114  N=     8  Q=+0.092  deep=+0.185
  [10, 30, 50, 70]                         p=  0.0  v=+0.090  N=     4  Q=+0.090  deep=+0.131
  [37, 39, 41, 43]                         p=  1.5  v=+0.099  N=     8  Q=+0.114  deep=+0.127
  [2, 6, 18, 26, 54, 62, 74, 78]           p=  0.2  v=+0.045  N=     8  Q=+0.045  deep=+0.127
  [5, 7, 21, 25, 55, 59, 73, 75]           p=  0.7  v=+0.061  N=     8  Q=+0.061  deep=+0.116
  [8, 24, 56, 72]                          p=  0.3  v=+0.048  N=     4  Q=+0.048  deep=+0.108
  [1, 3, 19, 23, 57, 61, 77, 79]           p=  0.5  v=+0.044  N=     8  Q=+0.045  deep=+0.105
  [12, 14, 28, 34, 46, 52, 66, 68]         p=  0.1  v=+0.024  N=     8  Q=+0.024  deep=+0.078
  [9, 11, 27, 33, 47, 53, 69, 71]          p=  0.0  v=+0.006  N=     8  Q=+0.006  deep=+0.071
  [4, 22, 58, 76]                          p=  0.4  v=+0.078  N=     4  Q=+0.078  deep=+0.069
  [16, 32, 48, 64]                         p=  0.0  v=+0.006  N=     4  Q=+0.006  deep=+0.053
  [15, 17, 29, 35, 45, 51, 63, 65]         p=  0.0  v=+0.000  N=     8  Q=+0.000  deep=+0.035
  [13, 31, 49, 67]                         p=  0.0  v=-0.008  N=     4  Q=-0.008  deep=-0.068
=== matches
A=runs/v2a/net_0150.pt@64 vs B=runs/dev1/net_0200.pt@64: A scores +544 =142 -338 (60.1%)  [48s]
  X wins 48.0%  O wins 38.1%  draws 13.9%  | ended by line 72.8%  by count 13.4%  drawn 13.9%  | mean length 49.7
A=runs/v2a/net_0150.pt@256 vs B=runs/dev1/net_0200.pt@256: A scores +283 =50 -179 (60.2%)  [134s]
  X wins 56.1%  O wins 34.2%  draws 9.8%  | ended by line 74.4%  by count 15.8%  drawn 9.8%  | mean length 50.3
A=runs/v2a/net_0150.pt@256 vs B=runs/v2a/net_0150.pt@64: A scores +381 =58 -73 (80.1%)  [84s]
  X wins 50.8%  O wins 37.9%  draws 11.3%  | ended by line 71.3%  by count 17.4%  drawn 11.3%  | mean length 49.4
A=runs/v2a/net_0150.pt@256 vs B=runs/v2a/net_0150.pt@256: A scores +430 =161 -433 (49.9%)  [163s]
  X wins 53.0%  O wins 31.2%  draws 15.7%  | ended by line 65.8%  by count 18.5%  drawn 15.7%  | mean length 50.8
A=runs/v2a/net_0150.pt@256 vs B=runs/v2a/net_0150.pt@256: A scores +1 =0 -1 (50.0%)  [82s]
  X wins 100.0%  O wins 0.0%  draws 0.0%  | ended by line 100.0%  by count 0.0%  drawn 0.0%  | mean length 51.0
