=== last 30 iterations
159241 games from 30 files
X wins 60.0%  O wins 28.7%  draws 11.3%
ended by line 74.3%  by count 14.4%  equal count 11.3%
length: mean 49.4  median 49  p10 43  p90 55  max 72

first move by symmetry orbit: games, X score (win=1, draw=0.5)
  [40]                                     n=150862  X score 66.1%
  [5, 7, 21, 25, 55, 59, 73, 75]           n=  1073  X score 62.3%
  [37, 39, 41, 43]                         n=   998  X score 56.7%
  [1, 3, 19, 23, 57, 61, 77, 79]           n=   969  X score 58.0%
  [36, 38, 42, 44]                         n=   808  X score 63.7%
  [0, 20, 60, 80]                          n=   753  X score 60.4%
  [2, 6, 18, 26, 54, 62, 74, 78]           n=   642  X score 57.4%
  [4, 22, 58, 76]                          n=   572  X score 55.9%
  [8, 24, 56, 72]                          n=   529  X score 58.0%
  [12, 14, 28, 34, 46, 52, 66, 68]         n=   456  X score 51.3%
  [15, 17, 29, 35, 45, 51, 63, 65]         n=   452  X score 56.3%
  [9, 11, 27, 33, 47, 53, 69, 71]          n=   421  X score 52.9%
  [10, 30, 50, 70]                         n=   274  X score 59.5%
  [16, 32, 48, 64]                         n=   224  X score 52.5%
  [13, 31, 49, 67]                         n=   208  X score 48.8%

mean root value from X's perspective by ply (X wins | O wins | draws):
  ply  0: +0.12 | +0.12 | +0.12   (games alive 159241)
  ply  6: +0.27 | +0.27 | +0.27   (games alive 159241)
  ply 12: +0.29 | +0.28 | +0.28   (games alive 159241)
  ply 18: +0.28 | +0.27 | +0.27   (games alive 159241)
  ply 24: +0.26 | +0.24 | +0.25   (games alive 159241)
  ply 30: +0.23 | +0.16 | +0.18   (games alive 159241)
  ply 36: +0.23 | -0.08 | +0.05   (games alive 159174)
  ply 42: +0.32 | -0.54 | -0.13   (games alive 150867)
  ply 48: +0.50 | -0.84 | -0.18   (games alive 91747)
  ply 54: +0.66 | -0.94 | -0.16   (games alive 21738)
  ply 60: +0.76 | -0.98 | -0.13   (games alive 1497)
  ply 66: +0.80 | -0.97 | -0.11   (games alive 27)

free moves per game (replayed 30000): mean 3.94; games with >=1 free move 95.5%
  O had more free moves   : n= 11136  X score 43.1%
  equal                   : n=  7239  X score 68.6%
  X had more free moves   : n= 11625  X score 83.8%
closed boards at game end: mean 7.65

=== all iterations
788880 games from 150 files
X wins 57.7%  O wins 32.0%  draws 10.3%
ended by line 75.1%  by count 14.6%  equal count 10.3%
length: mean 49.6  median 49  p10 43  p90 56  max 74

first move by symmetry orbit: games, X score (win=1, draw=0.5)
  [40]                                     n=634190  X score 64.7%
  [36, 38, 42, 44]                         n= 19276  X score 58.3%
  [2, 6, 18, 26, 54, 62, 74, 78]           n= 17066  X score 54.0%
  [5, 7, 21, 25, 55, 59, 73, 75]           n= 15956  X score 56.5%
  [1, 3, 19, 23, 57, 61, 77, 79]           n= 13477  X score 54.5%
  [37, 39, 41, 43]                         n= 12497  X score 56.9%
  [8, 24, 56, 72]                          n= 12237  X score 55.7%
  [15, 17, 29, 35, 45, 51, 63, 65]         n= 12090  X score 53.1%
  [12, 14, 28, 34, 46, 52, 66, 68]         n= 10056  X score 52.1%
  [0, 20, 60, 80]                          n=  9556  X score 57.9%
  [9, 11, 27, 33, 47, 53, 69, 71]          n=  9361  X score 51.4%
  [4, 22, 58, 76]                          n=  8859  X score 54.2%
  [16, 32, 48, 64]                         n=  5591  X score 52.5%
  [10, 30, 50, 70]                         n=  5199  X score 54.8%
  [13, 31, 49, 67]                         n=  3469  X score 51.7%

mean root value from X's perspective by ply (X wins | O wins | draws):
  ply  0: +0.10 | +0.10 | +0.11   (games alive 788880)
  ply  6: +0.22 | +0.20 | +0.22   (games alive 788880)
  ply 12: +0.23 | +0.21 | +0.23   (games alive 788880)
  ply 18: +0.22 | +0.20 | +0.22   (games alive 788879)
  ply 24: +0.21 | +0.17 | +0.20   (games alive 788857)
  ply 30: +0.19 | +0.09 | +0.15   (games alive 788527)
  ply 36: +0.20 | -0.10 | +0.04   (games alive 786079)
  ply 42: +0.29 | -0.47 | -0.11   (games alive 740198)
  ply 48: +0.45 | -0.74 | -0.16   (games alive 464796)
  ply 54: +0.59 | -0.84 | -0.15   (games alive 124809)
  ply 60: +0.66 | -0.85 | -0.14   (games alive 12518)
  ply 66: +0.71 | -0.89 | -0.14   (games alive 565)
  ply 72: +0.82 | -0.95 |   n/a   (games alive 9)

free moves per game (replayed 2000): mean 5.99; games with >=1 free move 100.0%
  O had more free moves   : n=   786  X score 47.5%
  equal                   : n=   421  X score 54.6%
  X had more free moves   : n=   793  X score 61.1%
closed boards at game end: mean 5.76
