=== wide128_c1_s96 final in-run evals (checkpoint: runs/wide128_c1_s96/net_0150.pt)
{'iter': 119, 'vs_dev1_net_0200': 0.707, 'ci_dev1_net_0200': [0.667, 0.748], 'vs_v2b_net_0150': 0.627, 'ci_v2b_net_0150': [0.584, 0.669], 'vs_wide128_c1_net_0150': 0.514, 'ci_wide128_c1_net_0150': [0.472, 0.554], 'eg_wdl_acc': 0.7683, 'eg_brier': 0.3173, 'eg_regret_raw': 0.072, 'eg_optimal_raw': 0.9407, 'eg_acc3_search': 0.7107, 'eg_regret_search': 0.005, 'eg_optimal_search': 0.995}
{'iter': 129, 'vs_dev1_net_0200': 0.752, 'ci_dev1_net_0200': [0.712, 0.792], 'vs_v2b_net_0150': 0.586, 'ci_v2b_net_0150': [0.544, 0.624], 'vs_wide128_c1_net_0150': 0.477, 'ci_wide128_c1_net_0150': [0.433, 0.52], 'eg_wdl_acc': 0.7647, 'eg_brier': 0.3188, 'eg_regret_raw': 0.0707, 'eg_optimal_raw': 0.9413, 'eg_acc3_search': 0.7073, 'eg_regret_search': 0.0057, 'eg_optimal_search': 0.9943}
{'iter': 139, 'vs_dev1_net_0200': 0.719, 'ci_dev1_net_0200': [0.678, 0.763], 'vs_v2b_net_0150': 0.626, 'ci_v2b_net_0150': [0.589, 0.668], 'vs_wide128_c1_net_0150': 0.448, 'ci_wide128_c1_net_0150': [0.406, 0.491], 'eg_wdl_acc': 0.7597, 'eg_brier': 0.3198, 'eg_regret_raw': 0.0747, 'eg_optimal_raw': 0.938, 'eg_acc3_search': 0.7093, 'eg_regret_search': 0.0067, 'eg_optimal_search': 0.9933}
{'iter': 149, 'vs_dev1_net_0200': 0.722, 'ci_dev1_net_0200': [0.685, 0.758], 'vs_v2b_net_0150': 0.574, 'ci_v2b_net_0150': [0.536, 0.615], 'vs_wide128_c1_net_0150': 0.505, 'ci_wide128_c1_net_0150': [0.459, 0.55], 'eg_wdl_acc': 0.762, 'eg_brier': 0.319, 'eg_regret_raw': 0.0733, 'eg_optimal_raw': 0.9397, 'eg_acc3_search': 0.71, 'eg_regret_search': 0.0047, 'eg_optimal_search': 0.9953}
wall-clock (h): 5.55
=== paired matches
paired suite openings_v1 (516 openings, 1032 games): A=runs/wide128_c1_s96/net_0150.pt@64 vs B=runs/v2b/net_0150.pt@64  [53s]
  suite    pairs  score   95% CI (pairs)    Elo  95% CI          as X   as O   | X share  draws |  pairs won/split/lost
  empty        1   50.0%       n/a        n/a                 100.0%   0.0%   100.0%    0.0%      0 /   1 /   0
  orbits      15   51.7%  [ 33.3,  68.3]    +12 [-120, +134]   60.0%  43.3%    58.3%   16.7%      5 /   6 /   4
  natural    250   58.0%  [ 54.4,  61.6]    +56 [ +31,  +82]   70.2%  45.8%    62.2%   14.4%     91 / 110 /  49
  random     250   62.3%  [ 58.6,  66.0]    +87 [ +60, +115]   68.6%  56.0%    56.3%   15.8%    111 /  98 /  41
  all        516   59.9%  [ 57.3,  62.5]    +70 [ +51,  +88]   69.2%  50.6%    59.3%   15.1%    207 / 215 /  94
  end reasons: line 71.0%  count 13.9%  equal 15.1%  |  mean length 49.1
wrote runs/wide128_c1_s96/paired_vs_v2b_64.json
paired suite openings_v1 (516 openings, 1032 games): A=runs/wide128_c1_s96/net_0150.pt@64 vs B=runs/wide128_c1/net_0150.pt@64  [64s]
  suite    pairs  score   95% CI (pairs)    Elo  95% CI          as X   as O   | X share  draws |  pairs won/split/lost
  empty        1   50.0%       n/a        n/a                 100.0%   0.0%   100.0%    0.0%      0 /   1 /   0
  orbits      15   61.7%  [ 48.3,  75.0]    +83 [ -12, +191]   66.7%  56.7%    55.0%   10.0%      6 /   8 /   1
  natural    250   51.0%  [ 46.9,  55.1]     +7 [ -22,  +36]   60.6%  41.4%    59.6%   16.4%     84 /  91 /  75
  random     250   48.7%  [ 44.8,  52.8]     -9 [ -36,  +19]   55.4%  42.0%    56.7%   17.0%     71 /  95 /  84
  all        516   50.2%  [ 47.4,  53.0]     +1 [ -18,  +21]   58.3%  42.1%    58.1%   16.5%    161 / 195 / 160
  end reasons: line 72.4%  count 11.1%  equal 16.5%  |  mean length 49.6
wrote runs/wide128_c1_s96/paired_vs_wide128c1_64.json
paired suite openings_v1 (516 openings, 1032 games): A=runs/wide128_c1_s96/net_0150.pt@64 vs B=runs/dev1/net_0200.pt@64  [52s]
  suite    pairs  score   95% CI (pairs)    Elo  95% CI          as X   as O   | X share  draws |  pairs won/split/lost
  empty        1   50.0%       n/a        n/a                 100.0%   0.0%   100.0%    0.0%      0 /   1 /   0
  orbits      15   78.3%  [ 66.7,  90.0]   +223 [+120, +382]   83.3%  73.3%    55.0%   10.0%      9 /   6 /   0
  natural    250   69.6%  [ 66.1,  73.0]   +144 [+116, +173]   78.4%  60.8%    58.8%   11.2%    132 /  95 /  23
  random     250   73.8%  [ 70.4,  77.3]   +180 [+151, +213]   82.2%  65.4%    58.4%    6.8%    144 /  91 /  15
  all        516   71.9%  [ 69.4,  74.2]   +163 [+142, +184]   80.4%  63.3%    58.6%    9.0%    285 / 193 /  38
  end reasons: line 77.6%  count 13.4%  equal 9.0%  |  mean length 49.2
wrote runs/wide128_c1_s96/paired_vs_dev1_64.json
=== endgame set
suites/endgame_v1.npz: 3000 positions, 2870 source games, W/D/L 0.333/0.333/0.333; free-move positions 0.441

runs/wide128_c1_s96/net_0150.pt on endgame_v1  [23s]
evaluator                                       WDL acc %    Brier  logloss            3-way %  |err|             regret          optimal %
raw net (value head + policy argmax)     76.2 [74.7,77.7]    0.319    0.536   75.3 [73.7,76.9]  0.316 0.073 [0.062,0.085]   94.0 [93.1,94.9]
raw net, symmetry-averaged WDL           77.6 [76.0,79.1]    0.306    0.515   76.2 [74.6,77.8]  0.311                                      
search 32 sims                                                                66.7 [65.0,68.3]  0.361 0.011 [0.008,0.015]   98.9 [98.6,99.3]
search 64 sims                                                                71.0 [69.4,72.6]  0.327 0.005 [0.002,0.007]   99.5 [99.3,99.8]
search 256 sims                                                               70.2 [68.6,71.9]  0.332 0.003 [0.001,0.006]   99.7 [99.4,99.9]

WDL accuracy % by stratum: raw net (value head + policy argmax) | raw net, symmetry-averaged WDL
  empties 6-9      (n= 750):  87.5   90.3
  empties 10-12    (n= 750):  79.9   80.0
  empties 13-14    (n= 750):  71.9   74.0
  empties 15-16    (n= 750):  65.6   66.3
  mover wins       (n=1000):  86.9   87.3
  draw             (n=1000):  54.0   56.1
  mover loses      (n=1000):  87.7   89.5
  X to move        (n=1500):  74.9   76.8
  O to move        (n=1500):  77.5   78.5
  free move        (n=1324):  79.9   81.3
  sent to a board  (n=1676):  73.3   74.8

action regret by stratum: raw net (value head + policy argmax) | search 256 sims
  empties 6-9      (n= 750): 0.040  0.000
  empties 10-12    (n= 750): 0.060  0.003
  empties 13-14    (n= 750): 0.097  0.004
  empties 15-16    (n= 750): 0.096  0.007
  mover wins       (n=1000): 0.097  0.000
  draw             (n=1000): 0.123  0.010
  mover loses      (n=1000): 0.000  0.000
  X to move        (n=1500): 0.065  0.003
  O to move        (n=1500): 0.081  0.003
  free move        (n=1324): 0.115  0.002
  sent to a board  (n=1676): 0.041  0.004

optimal-move % by stratum: raw net (value head + policy argmax) | search 256 sims
  empties 6-9      (n= 750):  96.7  100.0
  empties 10-12    (n= 750):  94.8   99.7
  empties 13-14    (n= 750):  92.1   99.6
  empties 15-16    (n= 750):  92.3   99.3
  mover wins       (n=1000):  94.2  100.0
  draw             (n=1000):  87.7   99.0
  mover loses      (n=1000): 100.0  100.0
  X to move        (n=1500):  94.5   99.7
  O to move        (n=1500):  93.5   99.7
  free move        (n=1324):  90.9   99.8
  sent to a board  (n=1676):  96.4   99.6
